Directory "build/jt-work-singletest" not found: creating
--------------------------------------------------
TEST: test/testsuite/ouroboros/arrayboundary_test/RT0008-rt-arrayboundary-ABCOemptyString/ABCOemptyString.java
TEST RESULT: Passed. Execution successful
--------------------------------------------------
TEST: test/testsuite/ouroboros/clinit_test/RT0012-rt-clinit-clinit_seq_004/ClinitSeq004.java
TEST RESULT: Passed. Execution successful
--------------------------------------------------
TEST: test/testsuite/ouroboros/compact_test/RT0014-rt-compact-ReflectiondesiredAssertionStatus/ReflectionDesiredAssertionStatus.java
TEST RESULT: Passed. Execution successful
--------------------------------------------------
TEST: samples/polymorphismtest/InterfaceTest.java
TEST RESULT: Passed. Execution successful
--------------------------------------------------
TEST: test/testsuite/ouroboros/compact_test/RT0010-rt-compact-Reflectioncast1/ReflectionCast1.java
TEST RESULT: Passed. Execution successful
--------------------------------------------------
TEST: test/testsuite/ouroboros/arrayboundary_test/RT0022-rt-arrayboundary-ABCOindexSwitch/ABCOindexSwitch.java
TEST RESULT: Passed. Execution successful
--------------------------------------------------
TEST: test/testsuite/ouroboros/arrayboundary_test/RT0030-rt-arrayboundary-ABCOparam/ABCOparam.java
TEST RESULT: Passed. Execution successful
--------------------------------------------------
TEST: test/testsuite/ouroboros/arrayboundary_test/RT0025-rt-arrayboundary-ABCOlocalArray/ABCOlocalArray.java
TEST RESULT: Passed. Execution successful
--------------------------------------------------
TEST: test/testsuite/ouroboros/arrayboundary_test/RT0028-rt-arrayboundary-ABCOnormal/ABCOnormal.java
TEST RESULT: Passed. Execution successful
--------------------------------------------------
TEST: test/testsuite/ouroboros/arrayboundary_test/RT0016-rt-arrayboundary-ABCOindexDoWhile/ABCOindexDoWhile.java
TEST RESULT: Passed. Execution successful
--------------------------------------------------
TEST: test/testsuite/ouroboros/clinit_test/RT0010-rt-clinit-clinit_seq_002/ClinitSeq002.java
TEST RESULT: Passed. Execution successful
--------------------------------------------------
TEST: test/testsuite/ouroboros/arrayboundary_test/RT0017-rt-arrayboundary-ABCOindexFor/ABCOindexFor.java
TEST RESULT: Passed. Execution successful
--------------------------------------------------
TEST: test/testsuite/ouroboros/clinit_test/RT0013-rt-clinit-clinit_seq_005/ClinitSeq005.java
TEST RESULT: Passed. Execution successful
--------------------------------------------------
TEST: test/testsuite/ouroboros/arrayboundary_test/RT0019-rt-arrayboundary-ABCOindexIf/ABCOindexIf.java
TEST RESULT: Passed. Execution successful
--------------------------------------------------
TEST: test/testsuite/ouroboros/arrayboundary_test/RT0023-rt-arrayboundary-ABCOlength/ABCOlength.java
TEST RESULT: Passed. Execution successful
--------------------------------------------------
TEST: test/testsuite/ouroboros/compact_test/RT0004-rt-compact-ReflectingetDeclaredConstructor1/ReflectingGetDeclaredConstructor1.java
TEST RESULT: Passed. Execution successful
--------------------------------------------------
TEST: test/testsuite/ouroboros/compact_test/RT0018-rt-compact-ReflectiongetAnnotation1/ReflectionGetAnnotation1.java
TEST RESULT: Passed. Execution successful
--------------------------------------------------
TEST: test/testsuite/ouroboros/arrayboundary_test/RT0007-rt-arrayboundary-ABCOemptyArray/ABCOemptyArray.java
TEST RESULT: Passed. Execution successful
--------------------------------------------------
TEST: test/testsuite/ouroboros/arrayboundary_test/RT0018-rt-arrayboundary-ABCOindexFromArrayFromParam/ABCOindexFromArrayFromParam.java
TEST RESULT: Passed. Execution successful
--------------------------------------------------
TEST: test/testsuite/ouroboros/clinit_test/RT0011-rt-clinit-clinit_seq_003/ClinitSeq003.java
TEST RESULT: Passed. Execution successful
--------------------------------------------------
TEST: test/testsuite/ouroboros/arrayboundary_test/RT0032-rt-arrayboundary-ABCOreturnArray/ABCOreturnArray.java
TEST RESULT: Passed. Execution successful
--------------------------------------------------
TEST: samples/threadtest/ThreadTest.java
TEST RESULT: Passed. Execution successful
--------------------------------------------------
TEST: test/testsuite/ouroboros/compact_test/RT0013-rt-compact-Reflectioncast4/ReflectionCast4.java
TEST RESULT: Passed. Execution successful
--------------------------------------------------
TEST: samples/iteratorandtemplate/IteratorAndTemplateTest.java
TEST RESULT: Passed. Execution successful
--------------------------------------------------
TEST: test/testsuite/ouroboros/compact_test/RT0022-rt-compact-ReflectiongetAnnotation5/ReflectionGetAnnotation5.java
TEST RESULT: Passed. Execution successful
--------------------------------------------------
TEST: test/testsuite/ouroboros/arrayboundary_test/RT0043-rt-arrayboundary-ABCOstringSwitch/ABCOstringSwitch.java
TEST RESULT: Passed. Execution successful
--------------------------------------------------
TEST: samples/helloworld/HelloWorld.java
TEST RESULT: Passed. Execution successful
--------------------------------------------------
TEST: samples/rccycletest/RCCycleTest.java
TEST RESULT: Passed. Execution successful
--------------------------------------------------
TEST: test/testsuite/ouroboros/arrayboundary_test/RT0034-rt-arrayboundary-ABCOreturnString/ABCOreturnString.java
TEST RESULT: Passed. Execution successful
--------------------------------------------------
TEST: test/testsuite/ouroboros/arrayboundary_test/RT0045-rt-arrayboundary-ABCOtryExtEh/ABCOtryExtEh.java
TEST RESULT: Passed. Execution successful
--------------------------------------------------
TEST: test/testsuite/ouroboros/clinit_test/RT0002-rt-clinit-clinit_base_002/ClinitBase002.java
TEST RESULT: Passed. Execution successful
--------------------------------------------------
TEST: test/testsuite/ouroboros/compact_test/RT0028-rt-compact-ReflectiongetCanonicalName/ReflectionGetCanonicalName.java
TEST RESULT: Passed. Execution successful
--------------------------------------------------
TEST: test/testsuite/ouroboros/clinit_test/RT0001-rt-clinit-clinit_base_001/ClinitBase001.java
TEST RESULT: Passed. Execution successful
--------------------------------------------------
TEST: test/testsuite/ouroboros/compact_test/RT0015-rt-compact-ReflectionforName1/ReflectionForName1.java
TEST RESULT: Passed. Execution successful
--------------------------------------------------
TEST: test/testsuite/ouroboros/clinit_test/RT0006-rt-clinit-clinit_base_006/ClinitBase006.java
TEST RESULT: Passed. Execution successful
--------------------------------------------------
TEST: test/testsuite/ouroboros/arrayboundary_test/RT0044-rt-arrayboundary-ABCOswitch/ABCOswitch.java
TEST RESULT: Passed. Execution successful
--------------------------------------------------
TEST: test/testsuite/ouroboros/compact_test/RT0012-rt-compact-Reflectioncast3/ReflectionCast3.java
TEST RESULT: Passed. Execution successful
--------------------------------------------------
TEST: test/testsuite/ouroboros/arrayboundary_test/RT0027-rt-arrayboundary-ABCOnewArraySize/ABCOnewArraySize.java
TEST RESULT: Passed. Execution successful
--------------------------------------------------
TEST: test/testsuite/ouroboros/arrayboundary_test/RT0013-rt-arrayboundary-ABCOif/ABCOif.java
TEST RESULT: Passed. Execution successful
--------------------------------------------------
TEST: test/testsuite/ouroboros/clinit_test/RT0008-rt-clinit-clinit_base_008/ClinitBase008.java
TEST RESULT: Passed. Execution successful
--------------------------------------------------
TEST: test/testsuite/ouroboros/arrayboundary_test/RT0041-rt-arrayboundary-ABCOStringMaxValue/ABCOStringMaxValue.java
TEST RESULT: Passed. Execution successful
--------------------------------------------------
TEST: test/testsuite/ouroboros/compact_test/RT0011-rt-compact-Reflectioncast2/ReflectionCast2.java
TEST RESULT: Passed. Execution successful
--------------------------------------------------
TEST: test/testsuite/ouroboros/clinit_test/RT0004-rt-clinit-clinit_base_004/ClinitBase004.java
TEST RESULT: Passed. Execution successful
--------------------------------------------------
TEST: test/testsuite/ouroboros/compact_test/RT0035-rt-compact-ReflectiongetDeclaredField1/ReflectionGetDeclaredField1.java
TEST RESULT: Passed. Execution successful
--------------------------------------------------
TEST: test/testsuite/ouroboros/clinit_test/RT0005-rt-clinit-clinit_base_005/ClinitBase005.java
TEST RESULT: Passed. Execution successful
--------------------------------------------------
TEST: test/testsuite/ouroboros/arrayboundary_test/RT0006-rt-arrayboundary-ABCOdoWhile/ABCOdoWhile.java
TEST RESULT: Passed. Execution successful
--------------------------------------------------
TEST: test/testsuite/ouroboros/arrayboundary_test/RT0021-rt-arrayboundary-ABCOindexNesting/ABCOindexNesting.java
TEST RESULT: Passed. Execution successful
--------------------------------------------------
TEST: test/testsuite/ouroboros/compact_test/RT0008-rt-compact-ReflectionasSubclass2/ReflectionAsSubclass2.java
TEST RESULT: Passed. Execution successful
--------------------------------------------------
TEST: test/testsuite/ouroboros/arrayboundary_test/RT0046-rt-arrayboundary-ABCOmaxValue/ABCOmaxValue.java
TEST RESULT: Passed. Execution successful
--------------------------------------------------
TEST: test/testsuite/ouroboros/arrayboundary_test/RT0047-rt-arrayboundary-ABCOwhile/ABCOwhile.java
TEST RESULT: Passed. Execution successful
--------------------------------------------------
TEST: test/testsuite/ouroboros/arrayboundary_test/RT0029-rt-arrayboundary-ABCOparamIndex/ABCOparamIndex.java
TEST RESULT: Passed. Execution successful
--------------------------------------------------
TEST: test/testsuite/ouroboros/arrayboundary_test/RT0035-rt-arrayboundary-ABCOStringBuilderCatchEx/ABCOStringBuilderCatchEx.java
TEST RESULT: Passed. Execution successful
--------------------------------------------------
TEST: test/testsuite/ouroboros/arrayboundary_test/RT0015-rt-arrayboundary-ABCOindexAssociation/ABCOindexAssociation.java
TEST RESULT: Passed. Execution successful
--------------------------------------------------
TEST: test/testsuite/ouroboros/arrayboundary_test/RT0024-rt-arrayboundary-ABCOlistToArray/ABCOlistToArray.java
TEST RESULT: Passed. Execution successful
--------------------------------------------------
TEST: test/testsuite/ouroboros/compact_test/RT0020-rt-compact-ReflectiongetAnnotation3/ReflectionGetAnnotation3.java
TEST RESULT: Passed. Execution successful
--------------------------------------------------
TEST: test/testsuite/ouroboros/compact_test/RT0009-rt-compact-ReflectionasSubclass3/ReflectionAsSubclass3.java
TEST RESULT: Passed. Execution successful
--------------------------------------------------
TEST: test/testsuite/ouroboros/compact_test/RT0017-rt-compact-ReflectionforName5/ReflectionForName5.java
TEST RESULT: Passed. Execution successful
--------------------------------------------------
TEST: test/testsuite/ouroboros/arrayboundary_test/RT0031-rt-arrayboundary-ABCOreflectArray/ABCOreflectArray.java
TEST RESULT: Passed. Execution successful
--------------------------------------------------
TEST: test/testsuite/ouroboros/arrayboundary_test/RT0005-rt-arrayboundary-ABCOcustomClass/ABCOcustomClass.java
TEST RESULT: Passed. Execution successful
--------------------------------------------------
TEST: test/testsuite/ouroboros/arrayboundary_test/RT0037-rt-arrayboundary-ABCOstringDoWhile/ABCOstringDoWhile.java
TEST RESULT: Passed. Execution successful
--------------------------------------------------
TEST: test/testsuite/ouroboros/arrayboundary_test/RT0010-rt-arrayboundary-ABCOglobalArray/ABCOglobalArray.java
TEST RESULT: Passed. Execution successful
--------------------------------------------------
TEST: test/testsuite/ouroboros/compact_test/RT0034-rt-compact-ReflectiongetDeclaredClasses/ReflectionGetDeclaredClasses.java
TEST RESULT: Passed. Execution successful
--------------------------------------------------
TEST: test/testsuite/ouroboros/compact_test/RT0032-rt-compact-ReflectiongetDeclaredAnnotationsByType1/ReflectionGetDeclaredAnnotationsByType1.java
TEST RESULT: Passed. Execution successful
--------------------------------------------------
TEST: test/testsuite/ouroboros/compact_test/RT0023-rt-compact-ReflectiongetAnnotation6/ReflectionGetAnnotation6.java
TEST RESULT: Passed. Execution successful
--------------------------------------------------
TEST: test/testsuite/ouroboros/compact_test/RT0025-rt-compact-ReflectiongetAnnotationsByType1/ReflectionGetAnnotationsByType1.java
TEST RESULT: Passed. Execution successful
--------------------------------------------------
TEST: test/testsuite/ouroboros/arrayboundary_test/RT0048-rt-arrayboundary-ABCOwhileString/ABCOwhileString.java
TEST RESULT: Passed. Execution successful
--------------------------------------------------
TEST: test/testsuite/ouroboros/arrayboundary_test/RT0011-rt-arrayboundary-ABCOglobalIndex/ABCOglobalIndex.java
TEST RESULT: Passed. Execution successful
--------------------------------------------------
TEST: test/testsuite/ouroboros/compact_test/RT0001-rt-compact-ReflectingetConstructor1/ReflectingGetConstructor1.java
TEST RESULT: Passed. Execution successful
--------------------------------------------------
TEST: test/testsuite/ouroboros/compact_test/RT0003-rt-compact-ReflectingetConstructors/ReflectingGetConstructors.java
TEST RESULT: Passed. Execution successful
--------------------------------------------------
TEST: test/testsuite/ouroboros/compact_test/RT0002-rt-compact-ReflectingetConstructor2/ReflectingGetConstructor2.java
TEST RESULT: Passed. Execution successful
--------------------------------------------------
TEST: test/testsuite/ouroboros/clinit_test/RT0009-rt-clinit-clinit_seq_001/ClinitSeq001.java
TEST RESULT: Passed. Execution successful
--------------------------------------------------
TEST: test/testsuite/ouroboros/compact_test/RT0026-rt-compact-ReflectiongetAnnotationsByType2/ReflectionGetAnnotationsByType2.java
TEST RESULT: Passed. Execution successful
--------------------------------------------------
TEST: test/testsuite/ouroboros/compact_test/RT0005-rt-compact-ReflectingetDeclaredConstructor2/ReflectingGetDeclaredConstructor2.java
TEST RESULT: Passed. Execution successful
--------------------------------------------------
TEST: test/testsuite/ouroboros/clinit_test/RT0003-rt-clinit-clinit_base_003/ClinitBase003.java
TEST RESULT: Passed. Execution successful
--------------------------------------------------
TEST: test/testsuite/ouroboros/arrayboundary_test/RT0042-rt-arrayboundary-ABCOstringMutiLoop/ABCOstringMutiLoop.java
TEST RESULT: Passed. Execution successful
--------------------------------------------------
TEST: test/testsuite/ouroboros/compact_test/RT0006-rt-compact-ReflectingetDeclaredConstructors/ReflectingGetDeclaredConstructors.java
TEST RESULT: Passed. Execution successful
--------------------------------------------------
TEST: test/testsuite/ouroboros/arrayboundary_test/RT0001-rt-arrayboundary-ABCOcatchArrayIndexOutOfBoundsException/ABCOcatchArrayIndexOutOfBoundsException.java
TEST RESULT: Passed. Execution successful
--------------------------------------------------
TEST: test/testsuite/ouroboros/compact_test/RT0033-rt-compact-ReflectionGetDeclaredAnnotationsByTypeNullPointerException/ReflectionGetDeclaredAnnotationsByTypeNullPointerException.java
TEST RESULT: Passed. Execution successful
--------------------------------------------------
TEST: test/testsuite/ouroboros/arrayboundary_test/RT0004-rt-arrayboundary-ABCOconstOperation/ABCOconstOperation.java
TEST RESULT: Passed. Execution successful
--------------------------------------------------
TEST: samples/exceptiontest/Arith.java
TEST RESULT: Passed. Execution successful
--------------------------------------------------
TEST: test/testsuite/ouroboros/compact_test/RT0016-rt-compact-ReflectionforName4/ReflectionForName4.java
TEST RESULT: Passed. Execution successful
--------------------------------------------------
TEST: test/testsuite/ouroboros/compact_test/RT0029-rt-compact-ReflectiongetComponentType/ReflectionGetComponentType.java
TEST RESULT: Passed. Execution successful
--------------------------------------------------
TEST: test/testsuite/ouroboros/arrayboundary_test/RT0040-rt-arrayboundary-ABCOstringIndexNesting/ABCOstringIndexNesting.java
TEST RESULT: Passed. Execution successful
--------------------------------------------------
TEST: test/testsuite/ouroboros/compact_test/RT0030-rt-compact-ReflectiongetDeclaredAnnotations1/ReflectionGetDeclaredAnnotations1.java
TEST RESULT: Passed. Execution successful
--------------------------------------------------
TEST: test/testsuite/ouroboros/arrayboundary_test/RT0012-rt-arrayboundary-ABCOglobalString/ABCOglobalString.java
TEST RESULT: Passed. Execution successful
--------------------------------------------------
TEST: test/testsuite/ouroboros/compact_test/RT0007-rt-compact-ReflectionasSubclass1/ReflectionAsSubclass1.java
TEST RESULT: Passed. Execution successful
--------------------------------------------------
TEST: test/testsuite/ouroboros/compact_test/RT0019-rt-compact-ReflectiongetAnnotation2/ReflectionGetAnnotation2.java
TEST RESULT: Passed. Execution successful
--------------------------------------------------
TEST: test/testsuite/ouroboros/arrayboundary_test/RT0020-rt-arrayboundary-ABCOindexMutiLoop/ABCOindexMutiLoop.java
TEST RESULT: Passed. Execution successful
--------------------------------------------------
TEST: test/testsuite/ouroboros/arrayboundary_test/RT0002-rt-arrayboundary-ABCOcatchIndexOutOfBoundsException/ABCOcatchIndexOutOfBoundsException.java
TEST RESULT: Passed. Execution successful
--------------------------------------------------
TEST: test/testsuite/ouroboros/compact_test/RT0031-rt-compact-ReflectiongetDeclaredAnnotations2/ReflectionGetDeclaredAnnotations2.java
TEST RESULT: Passed. Execution successful
--------------------------------------------------
TEST: test/testsuite/ouroboros/compact_test/RT0027-rt-compact-ReflectiongetAnnotationsByType3/ReflectionGetAnnotationsByType3.java
TEST RESULT: Passed. Execution successful
--------------------------------------------------
TEST: test/testsuite/ouroboros/compact_test/RT0021-rt-compact-ReflectiongetAnnotation4/ReflectionGetAnnotation4.java
TEST RESULT: Passed. Execution successful
--------------------------------------------------
TEST: test/testsuite/ouroboros/arrayboundary_test/RT0033-rt-arrayboundary-ABCOreturnIndex/ABCOreturnIndex.java
TEST RESULT: Passed. Execution successful
--------------------------------------------------
TEST: test/testsuite/ouroboros/arrayboundary_test/RT0039-rt-arrayboundary-ABCOstringIf/ABCOstringIf.java
TEST RESULT: Passed. Execution successful
--------------------------------------------------
TEST: test/testsuite/ouroboros/arrayboundary_test/RT0009-rt-arrayboundary-ABCOfor/ABCOfor.java
TEST RESULT: Passed. Execution successful
--------------------------------------------------
TEST: test/testsuite/ouroboros/arrayboundary_test/RT0036-rt-arrayboundary-ABCOStringConstOperation/ABCOStringConstOperation.java
TEST RESULT: Passed. Execution successful
--------------------------------------------------
TEST: test/testsuite/ouroboros/arrayboundary_test/RT0014-rt-arrayboundary-ABCOincreaseArray/ABCOincreaseArray.java
TEST RESULT: Passed. Execution successful
--------------------------------------------------
TEST: test/testsuite/ouroboros/arrayboundary_test/RT0038-rt-arrayboundary-ABCOstringFor/ABCOstringFor.java
TEST RESULT: Passed. Execution successful
--------------------------------------------------
TEST: test/testsuite/ouroboros/arrayboundary_test/RT0003-rt-arrayboundary-ABCOcatchStringIndexOutOfBoundsException/ABCOcatchStringIndexOutOfBoundsException.java
TEST RESULT: Passed. Execution successful
--------------------------------------------------
TEST: test/testsuite/ouroboros/compact_test/RT0024-rt-compact-ReflectiongetAnnotation7/ReflectionGetAnnotation7.java
TEST RESULT: Passed. Execution successful
--------------------------------------------------
TEST: test/testsuite/ouroboros/arrayboundary_test/RT0026-rt-arrayboundary-ABCOlocalIndex/ABCOlocalIndex.java
TEST RESULT: Passed. Execution successful
--------------------------------------------------
TEST: test/testsuite/ouroboros/compact_test/RT0043-rt-compact-ReflectiongetDeclaredMethods2/ReflectionGetDeclaredMethods2.java
TEST RESULT: Passed. Execution successful
--------------------------------------------------
TEST: test/testsuite/ouroboros/compact_test/RT0037-rt-compact-ReflectiongetDeclaredFields1/ReflectionGetDeclaredFields1.java
TEST RESULT: Passed. Execution successful
--------------------------------------------------
TEST: test/testsuite/ouroboros/compact_test/RT0041-rt-compact-ReflectiongetDeclaredMethod3/ReflectionGetDeclaredMethod3.java
TEST RESULT: Passed. Execution successful
--------------------------------------------------
TEST: test/testsuite/ouroboros/compact_test/RT0036-rt-compact-ReflectionGetDeclaredFieldNullPointerException/ReflectionGetDeclaredFieldNullPointerException.java
TEST RESULT: Passed. Execution successful
--------------------------------------------------
TEST: test/testsuite/ouroboros/compact_test/RT0038-rt-compact-ReflectiongetDeclaredFields2/ReflectionGetDeclaredFields.java
TEST RESULT: Passed. Execution successful
--------------------------------------------------
TEST: test/testsuite/ouroboros/compact_test/RT0044-rt-compact-ReflectiongetDeclaringClass/ReflectionGetDeclaringClass.java
TEST RESULT: Passed. Execution successful
--------------------------------------------------
TEST: test/testsuite/ouroboros/compact_test/RT0040-rt-compact-ReflectiongetDeclaredMethod2/ReflectionGetDeclaredMethod2.java
TEST RESULT: Passed. Execution successful
--------------------------------------------------
TEST: test/testsuite/ouroboros/compact_test/RT0046-rt-compact-ReflectiongetEnclosingClass2/ReflectionGetEnclosingClass2.java
TEST RESULT: Passed. Execution successful
--------------------------------------------------
TEST: test/testsuite/ouroboros/compact_test/RT0042-rt-compact-ReflectiongetDeclaredMethods1/ReflectionGetDeclaredMethods1.java
TEST RESULT: Passed. Execution successful
--------------------------------------------------
TEST: test/testsuite/ouroboros/compact_test/RT0039-rt-compact-ReflectiongetDeclaredMethod1/ReflectionGetDeclaredMethod1.java
TEST RESULT: Passed. Execution successful
--------------------------------------------------
TEST: test/testsuite/ouroboros/compact_test/RT0052-rt-compact-ReflectiongetMethod2/ReflectionGetMethod2.java
TEST RESULT: Passed. Execution successful
--------------------------------------------------
TEST: test/testsuite/ouroboros/compact_test/RT0048-rt-compact-ReflectiongetField1/ReflectionGetField1.java
TEST RESULT: Passed. Execution successful
--------------------------------------------------
TEST: test/testsuite/ouroboros/compact_test/RT0053-rt-compact-ReflectiongetSigners/ReflectionGetSigners.java
TEST RESULT: Passed. Execution successful
--------------------------------------------------
TEST: test/testsuite/ouroboros/compact_test/RT0045-rt-compact-ReflectiongetEnclosingClass1/ReflectionGetEnclosingClass1.java
TEST RESULT: Passed. Execution successful
--------------------------------------------------
TEST: test/testsuite/ouroboros/compact_test/RT0049-rt-compact-ReflectiongetField2/ReflectionGetField2.java
TEST RESULT: Passed. Execution successful
--------------------------------------------------
TEST: test/testsuite/ouroboros/compact_test/RT0050-rt-compact-ReflectiongetFields/ReflectionGetFields.java
TEST RESULT: Passed. Execution successful
--------------------------------------------------
TEST: test/testsuite/ouroboros/compact_test/RT0051-rt-compact-ReflectiongetMethod1/ReflectionGetMethod1.java
TEST RESULT: Passed. Execution successful
--------------------------------------------------
TEST: test/testsuite/ouroboros/compact_test/RT0054-rt-compact-ReflectiongetSimpleName/ReflectionGetSimpleName.java
TEST RESULT: Passed. Execution successful
--------------------------------------------------
TEST: test/testsuite/ouroboros/compact_test/RT0059-rt-compact-ReflectionisLocalClass/ReflectionIsLocalClass.java
TEST RESULT: Passed. Execution successful
--------------------------------------------------
TEST: test/testsuite/ouroboros/compact_test/RT0070-rt-compact-RTConstructorgetDeclaredAnnotations2/RTConstructorGetDeclaredAnnotations2.java
TEST RESULT: Passed. Execution successful
--------------------------------------------------
TEST: test/testsuite/ouroboros/compact_test/RT0047-rt-compact-ReflectiongetEnumConstants/ReflectionGetEnumConstants.java
TEST RESULT: Passed. Execution successful
--------------------------------------------------
TEST: test/testsuite/ouroboros/compact_test/RT0085-rt-compact-RTFieldset2/RTFieldSet2.java
TEST RESULT: Passed. Execution successful
--------------------------------------------------
TEST: test/testsuite/ouroboros/compact_test/RT0065-rt-compact-ReflectiontoGenericString/ReflectionToGenericString.java
TEST RESULT: Passed. Execution successful
--------------------------------------------------
TEST: test/testsuite/ouroboros/compact_test/RT0087-rt-compact-RTFieldset4/RTFieldSet4.java
TEST RESULT: Passed. Execution successful
--------------------------------------------------
TEST: test/testsuite/ouroboros/compact_test/RT0058-rt-compact-ReflectionisAssignableFrom2/ReflectionIsAssignableFromNullPointerException.java
TEST RESULT: Passed. Execution successful
--------------------------------------------------
TEST: test/testsuite/ouroboros/compact_test/RT0062-rt-compact-ReflectionisSynthetic/ReflectionIsSynthetic.java
TEST RESULT: Passed. Execution successful
--------------------------------------------------
TEST: test/testsuite/ouroboros/compact_test/RT0060-rt-compact-ReflectionisMemberClass/ReflectionIsMemberClass.java
TEST RESULT: Passed. Execution successful
--------------------------------------------------
TEST: test/testsuite/ouroboros/compact_test/RT0093-rt-compact-RTMethodgetDeclaredAnnotations2/RTMethodGetDeclaredAnnotations2.java
TEST RESULT: Passed. Execution successful
--------------------------------------------------
TEST: test/testsuite/ouroboros/compact_test/RT0094-rt-compact-RTMethodgetDefaultValue1/RTMethodGetDefaultValue1.java
TEST RESULT: Passed. Execution successful
--------------------------------------------------
TEST: test/testsuite/ouroboros/compact_test/RT0061-rt-compact-ReflectionisPrimitive/ReflectionIsPrimitive.java
TEST RESULT: Passed. Execution successful
--------------------------------------------------
TEST: test/testsuite/ouroboros/compact_test/RT0071-rt-compact-RTConstructorgetExceptionTypes/RTConstructorGetExceptionTypes.java
TEST RESULT: Passed. Execution successful
--------------------------------------------------
TEST: test/testsuite/ouroboros/compact_test/RT0082-rt-compact-RTFieldgetName/RTFieldGetName.java
TEST RESULT: Passed. Execution successful
--------------------------------------------------
TEST: test/testsuite/ouroboros/compact_test/RT0076-rt-compact-RTFieldget3/RTFieldGet3.java
TEST RESULT: Passed. Execution successful
--------------------------------------------------
TEST: test/testsuite/ouroboros/compact_test/RT0072-rt-compact-RTConstructorgetTypeParameters/RTConstructorGetTypeParameters.java
TEST RESULT: Passed. Execution successful
--------------------------------------------------
TEST: test/testsuite/ouroboros/compact_test/RT0064-rt-compact-ReflectionnewInstance2/ReflectionNewInstanceInstantiationExceptionIllegalAccessException.java
TEST RESULT: Passed. Execution successful
--------------------------------------------------
TEST: test/testsuite/ouroboros/compact_test/RT0056-rt-compact-ReflectionisArray/ReflectionIsArray.java
TEST RESULT: Passed. Execution successful
--------------------------------------------------
TEST: test/testsuite/ouroboros/compact_test/RT0096-rt-compact-RTMethodgetTypeParameters/RTMethodGetTypeParameters.java
TEST RESULT: Passed. Execution successful
--------------------------------------------------
TEST: test/testsuite/ouroboros/compact_test/RT0057-rt-compact-ReflectionisAssignableFrom1/ReflectionIsAssignableFrom1.java
TEST RESULT: Passed. Execution successful
--------------------------------------------------
TEST: test/testsuite/ouroboros/compact_test/RT0075-rt-compact-RTFieldget2/RTFieldGet2.java
TEST RESULT: Passed. Execution successful
--------------------------------------------------
TEST: test/testsuite/ouroboros/compact_test/RT0069-rt-compact-RTConstructorgetDeclaredAnnotations1/RTConstructorGetDeclaredAnnotations1.java
TEST RESULT: Passed. Execution successful
--------------------------------------------------
TEST: test/testsuite/ouroboros/compact_test/RT0066-rt-compact-ReflectiontoString/ReflectionToString.java
TEST RESULT: Passed. Execution successful
--------------------------------------------------
TEST: test/testsuite/ouroboros/compact_test/RT0074-rt-compact-RTFieldget1/RTFieldGet1.java
TEST RESULT: Passed. Execution successful
--------------------------------------------------
TEST: test/testsuite/ouroboros/compact_test/RT0083-rt-compact-RTFieldgetType/RTFieldGetType.java
TEST RESULT: Passed. Execution successful
--------------------------------------------------
TEST: test/testsuite/ouroboros/compact_test/RT0097-rt-compact-RTMethonisDefault/RTMethodIsDefault.java
TEST RESULT: Passed. Execution successful
--------------------------------------------------
TEST: test/testsuite/ouroboros/compact_test/RT0111-rt-compact-reflectClasssetisAssignableFrom/ClassIsAssignableFromNPE.java
TEST RESULT: Passed. Execution successful
--------------------------------------------------
TEST: test/testsuite/ouroboros/compact_test/RT0088-rt-compact-RTFieldtoGenericString/RTFieldToGenericString.java
TEST RESULT: Passed. Execution successful
--------------------------------------------------
TEST: test/testsuite/ouroboros/compact_test/RT0099-rt-compact-RTModifierparameterModifiers/RTModifierParameterModifiers.java
TEST RESULT: Passed. Execution successful
--------------------------------------------------
TEST: test/testsuite/ouroboros/compact_test/RT0095-rt-compact-RTMethodgetParameterCount/RTMethodGetParameterCount.java
TEST RESULT: Passed. Execution successful
--------------------------------------------------
TEST: test/testsuite/ouroboros/compact_test/RT0078-rt-compact-RTFieldgetDeclaredAnnotations1/RTFieldGetDeclaredAnnotations1.java
TEST RESULT: Passed. Execution successful
--------------------------------------------------
TEST: test/testsuite/ouroboros/compact_test/RT0086-rt-compact-RTFieldset3/RTFieldSet3.java
TEST RESULT: Passed. Execution successful
--------------------------------------------------
TEST: test/testsuite/ouroboros/compact_test/RT0080-rt-compact-RTFieldgetDeclaringClass/RTFieldGetDeclaringClass.java
TEST RESULT: Passed. Execution successful
--------------------------------------------------
TEST: test/testsuite/ouroboros/compact_test/RT0081-rt-compact-RTFieldgetModifiers/RTFieldGetModifiers.java
TEST RESULT: Passed. Execution successful
--------------------------------------------------
TEST: test/testsuite/ouroboros/compact_test/RT0068-rt-compact-RTConstructorgetAnnotation2/RTConstructorGetAnnotation2.java
TEST RESULT: Passed. Execution successful
--------------------------------------------------
TEST: test/testsuite/ouroboros/compact_test/RT0067-rt-compact-RTConstructorgetAnnotation1/RTConstructorGetAnnotation1.java
TEST RESULT: Passed. Execution successful
--------------------------------------------------
TEST: test/testsuite/ouroboros/compact_test/RT0073-rt-compact-RTConstructortoGenericString/RTConstructorToGenericString1.java
TEST RESULT: Passed. Execution successful
--------------------------------------------------
TEST: test/testsuite/ouroboros/compact_test/RT0110-rt-compact-ClassgetDeclaredAnnotationNPE/ClassGetDeclaredAnnotationNPE.java
TEST RESULT: Passed. Execution successful
--------------------------------------------------
TEST: test/testsuite/ouroboros/compact_test/RT0079-rt-compact-RTFieldgetDeclaredAnnotations2/RTFieldGetDeclaredAnnotations2.java
TEST RESULT: Passed. Execution successful
--------------------------------------------------
TEST: test/testsuite/ouroboros/compact_test/RT0091-rt-compact-RTMethodgetAnnotation2/RTMethodGetAnnotation2.java
TEST RESULT: Passed. Execution successful
--------------------------------------------------
TEST: test/testsuite/ouroboros/compact_test/RT0063-rt-compact-ReflectionnewInstance1/ReflectionNewInstance1.java
TEST RESULT: Passed. Execution successful
--------------------------------------------------
TEST: test/testsuite/ouroboros/compact_test/RT0084-rt-compact-RTFieldset1/RTFieldSet1.java
TEST RESULT: Passed. Execution successful
--------------------------------------------------
TEST: test/testsuite/ouroboros/compact_test/RT0108-rt-compact-RTParametergetDeclaredAnnotationsByType1/RTParameterGetDeclaredAnnotationsByType1.java
TEST RESULT: Passed. Execution successful
--------------------------------------------------
TEST: test/testsuite/ouroboros/compact_test/RT0098-rt-compact-RTMethontoGenericString/RTMethodToGenericString.java
TEST RESULT: Passed. Execution successful
--------------------------------------------------
TEST: test/testsuite/ouroboros/compact_test/RT0109-rt-compact-RTProxygetProxyClass1/RTProxyGetProxyClass1.java
TEST RESULT: Passed. Execution successful
--------------------------------------------------
TEST: test/testsuite/ouroboros/compact_test/RT0092-rt-compact-RTMethodgetDeclaredAnnotations1/RTMethodGetDeclaredAnnotations1.java
TEST RESULT: Passed. Execution successful
--------------------------------------------------
TEST: test/testsuite/ouroboros/compact_test/RT0118-rt-compact-ClassToGenericString/ClassToGenericString.java
TEST RESULT: Passed. Execution successful
--------------------------------------------------
TEST: test/testsuite/ouroboros/compact_test/RT0106-rt-compact-RTParametergetDeclaredAnnotations1/RTParameterGetDeclaredAnnotations1.java
TEST RESULT: Passed. Execution successful
--------------------------------------------------
TEST: test/testsuite/ouroboros/compact_test/RT0119-rt-compact-ConstructorGetAnnotation/ConstructorGetAnnotation.java
TEST RESULT: Passed. Execution successful
--------------------------------------------------
TEST: test/testsuite/ouroboros/compact_test/RT0107-rt-compact-RTParametergetDeclaredAnnotations2/RTParameterGetDeclaredAnnotations2.java
TEST RESULT: Passed. Execution successful
--------------------------------------------------
TEST: test/testsuite/ouroboros/compact_test/RT0124-rt-compact-FieldGetAnnotation/FieldGetAnnotation.java
TEST RESULT: Passed. Execution successful
--------------------------------------------------
TEST: test/testsuite/ouroboros/compact_test/RT0129-rt-compact-MethodGetAnnotation/MethodGetAnnotation.java
TEST RESULT: Passed. Execution successful
--------------------------------------------------
TEST: test/testsuite/ouroboros/compact_test/RT0120-rt-compact-ConstructorGetDeclaredAnnotations/ConstructorGetDeclaredAnnotations.java
TEST RESULT: Passed. Execution successful
--------------------------------------------------
TEST: test/testsuite/ouroboros/compact_test/RT0127-rt-compact-FieldIsAnnotationPresent/FieldIsAnnotationPresent.java
TEST RESULT: Passed. Execution successful
--------------------------------------------------
TEST: test/testsuite/ouroboros/compact_test/RT0077-rt-compact-RTFieldgetAnnotation/RTFieldGetAnnotation1.java
TEST RESULT: Passed. Execution successful
--------------------------------------------------
TEST: test/testsuite/ouroboros/compact_test/RT0089-rt-compact-RTFieldtoString/RTFieldToString.java
TEST RESULT: Passed. Execution successful
--------------------------------------------------
TEST: test/testsuite/ouroboros/compact_test/RT0115-rt-compact-ClassGetEnumConstants/ClassGetEnumConstants.java
TEST RESULT: Passed. Execution successful
--------------------------------------------------
TEST: test/testsuite/ouroboros/compact_test/RT0101-rt-compact-RTParametergetAnnotation2/RTParameterGetAnnotation2.java
TEST RESULT: Passed. Execution successful
--------------------------------------------------
TEST: test/testsuite/ouroboros/compact_test/RT0123-rt-compact-ConstructorToGenericString/ConstructorToGenericString.java
TEST RESULT: Passed. Execution successful
--------------------------------------------------
TEST: test/testsuite/ouroboros/compact_test/RT0102-rt-compact-RTParametergetAnnotations1/RTParameterGetAnnotations1.java
TEST RESULT: Passed. Execution successful
--------------------------------------------------
TEST: test/testsuite/ouroboros/compact_test/RT0104-rt-compact-RTParametergetAnnotationsByType2/RTParameterGetAnnotationsByType2.java
TEST RESULT: Passed. Execution successful
--------------------------------------------------
TEST: test/testsuite/ouroboros/compact_test/RT0133-rt-compact-MethodGetTypeParameters/MethodGetTypeParameters.java
TEST RESULT: Passed. Execution successful
--------------------------------------------------
TEST: test/testsuite/ouroboros/compact_test/RT0103-rt-compact-RTParametergetAnnotationsByType1/RTParameterGetAnnotationsByType1.java
TEST RESULT: Passed. Execution successful
--------------------------------------------------
TEST: test/testsuite/ouroboros/compact_test/RT0117-rt-compact-ClassGetTypeParameters/ClassGetTypeParameters.java
TEST RESULT: Passed. Execution successful
--------------------------------------------------
TEST: test/testsuite/ouroboros/compact_test/RT0090-rt-compact-RTMethodgetAnnotation1/RTMethodGetAnnotation1.java
TEST RESULT: Passed. Execution successful
--------------------------------------------------
TEST: test/testsuite/ouroboros/compact_test/RT0114-rt-compact-ClassGetEnclosingClass/ClassGetEnclosingClass.java
TEST RESULT: Passed. Execution successful
--------------------------------------------------
TEST: test/testsuite/ouroboros/compact_test/RT0128-rt-compact-FieldToGenericString/FieldToGenericString.java
TEST RESULT: Passed. Execution successful
--------------------------------------------------
TEST: test/testsuite/ouroboros/compact_test/RT0100-rt-compact-RTParametergetAnnotation1/RTParameterGetAnnotation1.java
TEST RESULT: Passed. Execution successful
--------------------------------------------------
TEST: test/testsuite/ouroboros/compact_test/RT0055-rt-compact-ReflectiongetTypeParameters/ReflectionGetTypeParameters.java
TEST RESULT: Passed. Execution successful
--------------------------------------------------
TEST: test/testsuite/ouroboros/compact_test/RT0112-rt-compact-ClassGetAnnotationsByType/ClassGetAnnotationsByType.java
TEST RESULT: Passed. Execution successful
--------------------------------------------------
TEST: test/testsuite/ouroboros/compact_test/RT0121-rt-compact-ConstructorGetExceptionTypes/ConstructorGetExceptionTypes.java
TEST RESULT: Passed. Execution successful
--------------------------------------------------
TEST: test/testsuite/ouroboros/compact_test/RT0125-rt-compact-FieldGetAnnotationsByType/FieldGetAnnotationsByType.java
TEST RESULT: Passed. Execution successful
--------------------------------------------------
TEST: test/testsuite/ouroboros/compact_test/RT0116-rt-compact-ClassGetSimpleName/ClassGetSimpleName.java
TEST RESULT: Passed. Execution successful
--------------------------------------------------
TEST: test/testsuite/ouroboros/compact_test/RT0113-rt-compact-ClassGetCanonicalName/ClassGetCanonicalName.java
TEST RESULT: Passed. Execution successful
--------------------------------------------------
TEST: test/testsuite/ouroboros/compact_test/RT0141-rt-compact-ParameterGetDeclaredAnnotationsByType/ParameterGetDeclaredAnnotationsByType.java
TEST RESULT: Passed. Execution successful
--------------------------------------------------
TEST: test/testsuite/ouroboros/compact_test/RT0131-rt-compact-MethodgetDefaultValue/MethodGetDefaultValue.java
TEST RESULT: Passed. Execution successful
--------------------------------------------------
TEST: test/testsuite/ouroboros/compact_test/RT0135-rt-compact-MethodToGenericString/MethodToGenericString.java
TEST RESULT: Passed. Execution successful
--------------------------------------------------
TEST: test/testsuite/ouroboros/compact_test/RT0138-rt-compact-ParameterGetAnnotationsByType/ParameterGetAnnotationsByType.java
TEST RESULT: Passed. Execution successful
--------------------------------------------------
TEST: test/testsuite/ouroboros/compact_test/RT0137-rt-compact-ParameterGetAnnotations/ParameterGetAnnotations.java
TEST RESULT: Passed. Execution successful
--------------------------------------------------
TEST: test/testsuite/ouroboros/compact_test/RT0144-rt-compact-ClinitConstructorNewInstance/ClassInitConstructorNewInstance.java
TEST RESULT: Passed. Execution successful
--------------------------------------------------
TEST: test/testsuite/ouroboros/compact_test/RT0105-rt-compact-RTParametergetDeclaredAnnotation1/RTParameterGetDeclaredAnnotation1.java
TEST RESULT: Passed. Execution successful
--------------------------------------------------
TEST: test/testsuite/ouroboros/compact_test/RT0132-rt-compact-MethodGetParameterCount/MethodGetParameterCount.java
TEST RESULT: Passed. Execution successful
--------------------------------------------------
TEST: test/testsuite/ouroboros/compact_test/RT0134-rt-compact-MethodIsDefault/MethodIsDefault.java
TEST RESULT: Passed. Execution successful
--------------------------------------------------
TEST: test/testsuite/ouroboros/compact_test/RT0143-rt-compact-ClinitClassNewInstance/ClassInitClassNewInstance.java
TEST RESULT: Passed. Execution successful
--------------------------------------------------
TEST: test/testsuite/ouroboros/compact_test/RT0122-rt-compact-ConstructorGetTypeParameters/ConstructorGetTypeParameters.java
TEST RESULT: Passed. Execution successful
--------------------------------------------------
TEST: test/testsuite/ouroboros/compact_test/RT0140-rt-compact-ParameterGetDeclaredAnnotations/ParameterGetDeclaredAnnotations.java
TEST RESULT: Passed. Execution successful
--------------------------------------------------
TEST: test/testsuite/ouroboros/compact_test/RT0142-rt-compact-ReflectionAnnotationGetClass/ReflectionAnnotationGetClass.java
TEST RESULT: Passed. Execution successful
--------------------------------------------------
TEST: test/testsuite/ouroboros/compact_test/RT0136-rt-compact-ParameterGetAnnotation/ParameterGetAnnotation.java
TEST RESULT: Passed. Execution successful
--------------------------------------------------
TEST: test/testsuite/ouroboros/compact_test/RT0126-rt-compact-FieldGetDeclaredAnnotations/FieldGetDeclaredAnnotations.java
TEST RESULT: Passed. Execution successful
--------------------------------------------------
TEST: test/testsuite/ouroboros/compact_test/RT0130-rt-compact-MethodGetDeclaredAnnotations/MethodGetDeclaredAnnotations.java
TEST RESULT: Passed. Execution successful
--------------------------------------------------
TEST: test/testsuite/ouroboros/compact_test/RT0145-rt-compact-ClinitFieldGetBooleanStatic/ClassInitFieldGetBooleanStatic.java
TEST RESULT: Passed. Execution successful
--------------------------------------------------
TEST: test/testsuite/ouroboros/compact_test/RT0139-rt-compact-ParameterGetDeclaredAnnotation/ParameterGetDeclaredAnnotation.java
TEST RESULT: Passed. Execution successful
--------------------------------------------------
TEST: test/testsuite/ouroboros/compact_test/RT0147-rt-compact-ClinitFieldGetCharStatic/ClassInitFieldGetCharStatic.java
TEST RESULT: Passed. Execution successful
--------------------------------------------------
TEST: test/testsuite/ouroboros/compact_test/RT0150-rt-compact-ClinitFieldGetIntStatic/ClassInitFieldGetIntStatic.java
TEST RESULT: Passed. Execution successful
--------------------------------------------------
TEST: test/testsuite/ouroboros/compact_test/RT0148-rt-compact-ClinitFieldGetDoubleStatic/ClassInitFieldGetDoubleStatic.java
TEST RESULT: Passed. Execution successful
--------------------------------------------------
TEST: test/testsuite/ouroboros/compact_test/RT0146-rt-compact-ClinitFieldGetByteStatic/ClassInitFieldGetByteStatic.java
TEST RESULT: Passed. Execution successful
--------------------------------------------------
TEST: test/testsuite/ouroboros/compact_test/RT0151-rt-compact-ClinitFieldGetLongStatic/ClassInitFieldGetLongStatic.java
TEST RESULT: Passed. Execution successful
--------------------------------------------------
TEST: test/testsuite/ouroboros/compact_test/RT0149-rt-compact-ClinitFieldGetFloatStatic/ClassInitFieldGetFloatStatic.java
TEST RESULT: Passed. Execution successful
--------------------------------------------------
TEST: test/testsuite/ouroboros/compact_test/RT0152-rt-compact-ClinitFieldGetShortStatic/ClassInitFieldGetShortStatic.java
TEST RESULT: Passed. Execution successful
--------------------------------------------------
TEST: test/testsuite/ouroboros/compact_test/RT0157-rt-compact-ClinitFieldSetCharStatic/ClassInitFieldSetCharStatic.java
TEST RESULT: Passed. Execution successful
--------------------------------------------------
TEST: test/testsuite/ouroboros/compact_test/RT0163-rt-compact-ClinitFieldSetStatic/ClassInitFieldSetStatic.java
TEST RESULT: Passed. Execution successful
--------------------------------------------------
TEST: test/testsuite/ouroboros/compact_test/RT0156-rt-compact-ClinitFieldSetByteStatic/ClassInitFieldSetByteStatic.java
TEST RESULT: Passed. Execution successful
--------------------------------------------------
TEST: test/testsuite/ouroboros/compact_test/RT0154-rt-compact-ClinitFieldOtherMethod/ClassInitFieldOtherMethod.java
TEST RESULT: Passed. Execution successful
--------------------------------------------------
TEST: test/testsuite/ouroboros/compact_test/RT0162-rt-compact-ClinitFieldSetShortStatic/ClassInitFieldSetShortStatic.java
TEST RESULT: Passed. Execution successful
--------------------------------------------------
TEST: test/testsuite/ouroboros/compact_test/RT0153-rt-compact-ClinitFieldGetStatic/ClassInitFieldGetStatic.java
TEST RESULT: Passed. Execution successful
--------------------------------------------------
TEST: test/testsuite/ouroboros/compact_test/RT0159-rt-compact-ClinitFieldSetFloatStatic/ClassInitFieldSetFloatStatic.java
TEST RESULT: Passed. Execution successful
--------------------------------------------------
TEST: test/testsuite/ouroboros/compact_test/RT0168-rt-compact-ClinitFieldGetDoubleInterface/ClassInitFieldGetDoubleInterface.java
TEST RESULT: Passed. Execution successful
--------------------------------------------------
TEST: test/testsuite/ouroboros/compact_test/RT0167-rt-compact-ClinitFieldGetCharInterface/ClassInitFieldGetCharInterface.java
TEST RESULT: Passed. Execution successful
--------------------------------------------------
TEST: test/testsuite/ouroboros/compact_test/RT0166-rt-compact-ClinitFieldGetByteInterface/ClassInitFieldGetByteInterface.java
TEST RESULT: Passed. Execution successful
--------------------------------------------------
TEST: test/testsuite/ouroboros/compact_test/RT0158-rt-compact-ClinitFieldSetDoubleStatic/ClassInitFieldSetDoubleStatic.java
TEST RESULT: Passed. Execution successful
--------------------------------------------------
TEST: test/testsuite/ouroboros/compact_test/RT0161-rt-compact-ClinitFieldSetLongStatic/ClassInitFieldSetLongStatic.java
TEST RESULT: Passed. Execution successful
--------------------------------------------------
TEST: test/testsuite/ouroboros/compact_test/RT0160-rt-compact-ClinitFieldSetIntStatic/ClassInitFieldSetIntStatic.java
TEST RESULT: Passed. Execution successful
--------------------------------------------------
TEST: test/testsuite/ouroboros/compact_test/RT0155-rt-compact-ClinitFieldSetBooleanStatic/ClassInitFieldSetBooleanStatic.java
TEST RESULT: Passed. Execution successful
--------------------------------------------------
TEST: test/testsuite/ouroboros/compact_test/RT0169-rt-compact-ClinitFieldGetFloatInterface/ClassInitFieldGetFloatInterface.java
TEST RESULT: Passed. Execution successful
--------------------------------------------------
TEST: test/testsuite/ouroboros/compact_test/RT0165-rt-compact-ClinitFieldGetBooleanInterface/ClassInitFieldGetBooleanInterface.java
TEST RESULT: Passed. Execution successful
--------------------------------------------------
TEST: test/testsuite/ouroboros/compact_test/RT0171-rt-compact-ClinitFieldGetIntInterface/ClassInitFieldGetIntInterface.java
TEST RESULT: Passed. Execution successful
--------------------------------------------------
TEST: test/testsuite/ouroboros/compact_test/RT0172-rt-compact-ClinitFieldGetLongInterface/ClassInitFieldGetLongInterface.java
TEST RESULT: Passed. Execution successful
--------------------------------------------------
TEST: test/testsuite/ouroboros/compact_test/RT0179-rt-compact-ClinitFieldSetIntInterface/ClassInitFieldSetIntInterface.java
TEST RESULT: Passed. Execution successful
--------------------------------------------------
TEST: test/testsuite/ouroboros/compact_test/RT0178-rt-compact-ClinitFieldSetInterface/ClassInitFieldSetInterface.java
TEST RESULT: Passed. Execution successful
--------------------------------------------------
TEST: test/testsuite/ouroboros/compact_test/RT0170-rt-compact-ClinitFieldGetInterface/ClassInitFieldGetInterface.java
TEST RESULT: Passed. Execution successful
--------------------------------------------------
TEST: test/testsuite/ouroboros/compact_test/RT0173-rt-compact-ClinitFieldGetShortInterface/ClassInitFieldGetShortInterface.java
TEST RESULT: Passed. Execution successful
--------------------------------------------------
TEST: test/testsuite/ouroboros/eh_test/RT0037-rt-eh-TryMultiCatchFinallyExceptionTest/TryMultiCatchFinallyExceptionTest.java
TEST RESULT: Passed. Execution successful
--------------------------------------------------
TEST: test/testsuite/ouroboros/eh_test/RT0032-rt-eh-TryFinallyExceptionTest/TryFinallyExceptionTest.java
TEST RESULT: Passed. Execution successful
--------------------------------------------------
TEST: test/testsuite/ouroboros/compact_test/RT0177-rt-compact-ClinitFieldSetFloatInterface/ClassInitFieldSetFloatInterface.java
TEST RESULT: Passed. Execution successful
--------------------------------------------------
TEST: test/testsuite/ouroboros/compact_test/RT0181-rt-compact-ClinitFieldSetShortInterface/ClassInitFieldSetShortInterface.java
TEST RESULT: Passed. Execution successful
--------------------------------------------------
TEST: test/testsuite/ouroboros/compact_test/RT0176-rt-compact-ClinitFieldSetByteInterface/ClassInitFieldSetByteInterface.java
TEST RESULT: Passed. Execution successful
--------------------------------------------------
TEST: test/testsuite/ouroboros/compact_test/RT0182-rt-compact-ClinitMethodInvokeInterface/ClassInitMethodInvokeInterface.java
TEST RESULT: Passed. Execution successful
--------------------------------------------------
TEST: test/testsuite/ouroboros/compact_test/RT0200-rt-compact-AnnotationTypeParameterSetTest/AnnotationTypeParameterSetTest.java
TEST RESULT: Passed. Execution successful
--------------------------------------------------
TEST: test/testsuite/ouroboros/eh_test/issue-RT0065-rt-eh-UninitializedExNullPointerExceptionTest/UninitializedExNullPointerExceptionTest.java
TEST RESULT: Passed. Execution successful
--------------------------------------------------
TEST: test/testsuite/ouroboros/compact_test/RT0175-rt-compact-ClinitFieldSetBooleanInterface/ClassInitFieldSetBooleanInterface.java
TEST RESULT: Passed. Execution successful
--------------------------------------------------
TEST: test/testsuite/ouroboros/compact_test/RT0164-rt-compact-ClinitMethodInvokeStatic/ClassInitMethodInvokeStatic.java
TEST RESULT: Passed. Execution successful
--------------------------------------------------
TEST: test/testsuite/ouroboros/compact_test/RT0174-rt-compact-ClinitFieldOtherMethodInterface/ClassInitFieldOtherMethodInterface.java
TEST RESULT: Passed. Execution successful
--------------------------------------------------
TEST: test/testsuite/ouroboros/eh_test/RT0039-rt-eh-TryCatchThrowExceptionTest/TryCatchThrowExceptionTest.java
TEST RESULT: Passed. Execution successful
--------------------------------------------------
TEST: test/testsuite/ouroboros/eh_test/RT0034-rt-eh-TryMultiCatchExceptionTest/TryMultiCatchExceptionTest.java
TEST RESULT: Passed. Execution successful
--------------------------------------------------
TEST: test/testsuite/ouroboros/eh_test/RT0047-rt-eh-CatchThrowNewExceptionTest/CatchThrowNewExceptionTest.java
TEST RESULT: Passed. Execution successful
--------------------------------------------------
TEST: test/testsuite/ouroboros/compact_test/RT0193-rt-compact-AnnotationFieldSetTest/AnnotationFieldSetTest.java
TEST RESULT: Passed. Execution successful
--------------------------------------------------
TEST: test/testsuite/ouroboros/eh_test/RT0042-rt-eh-TryTryCatchExceptionTest/TryTryCatchExceptionTest.java
TEST RESULT: Passed. Execution successful
--------------------------------------------------
TEST: test/testsuite/ouroboros/compact_test/RT0201-rt-compact-AnnotationTypeUseSetTest/AnnotationTypeUseSetTest.java
TEST RESULT: Passed. Execution successful
--------------------------------------------------
TEST: test/testsuite/ouroboros/eh_test/RT0033-rt-eh-TryCatchExceptionTest/TryCatchExceptionTest.java
TEST RESULT: Passed. Execution successful
--------------------------------------------------
TEST: test/testsuite/ouroboros/eh_test/RT0077-rt-eh-ExcpReturn04140/ExcpReturn04140.java
TEST RESULT: Passed. Execution successful
--------------------------------------------------
TEST: test/testsuite/ouroboros/eh_test/RT0079-rt-eh-ExcpReturn04160/ExcpReturn04160.java
TEST RESULT: Passed. Execution successful
--------------------------------------------------
TEST: test/testsuite/ouroboros/eh_test/RT0050-rt-eh-FinallyThrowExceptionTest/FinallyThrowExceptionTest.java
TEST RESULT: Passed. Execution successful
--------------------------------------------------
TEST: test/testsuite/ouroboros/eh_test/RT0046-rt-eh-TryCatchTryCatchExceptionFinallyTest/TryCatchTryCatchExceptionFinallyTest.java
TEST RESULT: Passed. Execution successful
--------------------------------------------------
TEST: test/testsuite/ouroboros/eh_test/RT0044-rt-eh-DoubleTryCatchFinallyExceptionTest/DoubleTryCatchFinallyExceptionTest.java
TEST RESULT: Passed. Execution successful
--------------------------------------------------
TEST: test/testsuite/ouroboros/eh_test/RT0052-rt-eh-FinallyTryThrowExceptionTest/FinallyTryThrowExceptionTest.java
TEST RESULT: Passed. Execution successful
--------------------------------------------------
TEST: test/testsuite/ouroboros/eh_test/RT0066-rt-eh-JvmArrayIndexOutOfBoundsExceptionTest/JvmArrayIndexOutOfBoundsExceptionTest.java
TEST RESULT: Passed. Execution successful
--------------------------------------------------
TEST: test/testsuite/ouroboros/compact_test/RT0190-rt-compact-AnnotationTypeSetTest/AnnotationTypeSetTest.java
TEST RESULT: Passed. Execution successful
--------------------------------------------------
TEST: test/testsuite/ouroboros/compact_test/RT0180-rt-compact-ClinitFieldSetLongInterface/ClassInitFieldSetLongInterface.java
TEST RESULT: Passed. Execution successful
--------------------------------------------------
TEST: test/testsuite/ouroboros/eh_test/RT0049-rt-eh-CatchTryThrowNewExceptionTest/CatchTryThrowNewExceptionTest.java
TEST RESULT: Passed. Execution successful
--------------------------------------------------
TEST: test/testsuite/ouroboros/compact_test/RT0192-rt-compact-AnnotationTypeEnumSetTest/AnnotationTypeEnumSetTest.java
TEST RESULT: Passed. Execution successful
--------------------------------------------------
TEST: test/testsuite/ouroboros/eh_test/RT0051-rt-eh-FinallyTryCatchExceptionTest/FinallyTryCatchExceptionTest.java
TEST RESULT: Passed. Execution successful
--------------------------------------------------
TEST: test/testsuite/ouroboros/eh_test/RT0038-rt-eh-TryCatchResourceExceptionTest/TryCatchResourceExceptionTest.java
TEST RESULT: Passed. Execution successful
--------------------------------------------------
TEST: test/testsuite/ouroboros/compact_test/RT0183-rt-compact-FieldMultiThreadTest/FieldMultiThreadTest.java
TEST RESULT: Passed. Execution successful
--------------------------------------------------
TEST: test/testsuite/ouroboros/eh_test/RT0076-rt-eh-TryCatchReturnValueExceptionTest/TryCatchReturnValueExceptionTest.java
TEST RESULT: Passed. Execution successful
--------------------------------------------------
TEST: test/testsuite/ouroboros/eh_test/RT0036-rt-eh-TryCatchPipelineExceptionTest/TryCatchPipelineExceptionTest.java
TEST RESULT: Passed. Execution successful
--------------------------------------------------
TEST: test/testsuite/ouroboros/compact_test/RT0197-rt-compact-AnnotationConstructorSetTest/AnnotationConstructorSetTest.java
TEST RESULT: Passed. Execution successful
--------------------------------------------------
TEST: test/testsuite/ouroboros/compact_test/RT0198-rt-compact-AnnotationAnnotationTypeSetTest/AnnotationAnnotationTypeSetTest.java
TEST RESULT: Passed. Execution successful
--------------------------------------------------
TEST: test/testsuite/ouroboros/eh_test/RT0516-rt-eh-AccessibleObjectGetAnnotationsByTypeNullPointerExceptionTest/AccessibleObjectGetAnnotationsByTypeNullPointerExceptionTest.java
TEST RESULT: Passed. Execution successful
--------------------------------------------------
TEST: test/testsuite/ouroboros/eh_test/RT0520-rt-eh-CharactercodePointCountNullPointerException/CharactercodePointCountNullPointerException.java
TEST RESULT: Passed. Execution successful
--------------------------------------------------
TEST: test/testsuite/ouroboros/eh_test/RT0048-rt-eh-CatchTryCatchNewExceptionTest/CatchTryCatchNewExceptionTest.java
TEST RESULT: Passed. Execution successful
--------------------------------------------------
TEST: test/testsuite/ouroboros/eh_test/RT0041-rt-eh-TryTryThrowExceptionTest/TryTryThrowExceptionTest.java
TEST RESULT: Passed. Execution successful
--------------------------------------------------
TEST: test/testsuite/ouroboros/compact_test/RT0203-rt-compact-ReflectSpecialClassNameTest/ReflectClassNameTest.java
TEST RESULT: Passed. Execution successful
--------------------------------------------------
TEST: test/testsuite/ouroboros/compact_test/RT0187-rt-compact-ConstructorMultiThreadTest/ConstructorMultiThreadTest.java
TEST RESULT: Passed. Execution successful
--------------------------------------------------
TEST: test/testsuite/ouroboros/eh_test/RT0078-rt-eh-ExcpReturn04150/ExcpReturn04150.java
TEST RESULT: Passed. Execution successful
--------------------------------------------------
TEST: test/testsuite/ouroboros/compact_test/RT0191-rt-compact-AnnotationTypeInterfaceSetTest/AnnotationTypeInterfaceSetTest.java
TEST RESULT: Passed. Execution successful
--------------------------------------------------
TEST: test/testsuite/ouroboros/eh_test/RT0053-rt-eh-TryResourceStartThrowExceptionTest/TryResourceStartThrowExceptionTest.java
TEST RESULT: Passed. Execution successful
--------------------------------------------------
TEST: test/testsuite/ouroboros/eh_test/RT0035-rt-eh-TryMultiCatchMatchFirstExceptionTest/TryMultiCatchMatchFirstExceptionTest.java
TEST RESULT: Passed. Execution successful
--------------------------------------------------
TEST: test/testsuite/ouroboros/compact_test/RT0185-rt-compact-MethodMultiThreadTest/MethodMultiThreadTest.java
TEST RESULT: Passed. Execution successful
--------------------------------------------------
TEST: test/testsuite/ouroboros/eh_test/RT0517-rt-eh-AccessibleObjectGetDeclaredAnnotationExceptionTest/AccessibleObjectGetDeclaredAnnotationExceptionTest.java
TEST RESULT: Passed. Execution successful
--------------------------------------------------
TEST: test/testsuite/ouroboros/eh_test/RT0067-rt-eh-JvmStaticExceptionInInitializerErrorTest/JvmStaticExceptionInInitializerErrorTest.java
TEST RESULT: Passed. Execution successful
--------------------------------------------------
TEST: test/testsuite/ouroboros/eh_test/RT0043-rt-eh-TryCatchTryExceptionTest/TryCatchTryExceptionTest.java
TEST RESULT: Passed. Execution successful
--------------------------------------------------
TEST: test/testsuite/ouroboros/eh_test/RT0074-rt-eh-TryCatchReturnExceptionTest/TryCatchReturnExceptionTest.java
TEST RESULT: Passed. Execution successful
--------------------------------------------------
TEST: test/testsuite/ouroboros/eh_test/RT0519-rt-eh-CharacterCodePointCountIndexOutOfBoundsExceptionTest/CharacterCodePointCountIndexOutOfBoundsExceptionTest.java
TEST RESULT: Passed. Execution successful
--------------------------------------------------
TEST: test/testsuite/ouroboros/eh_test/RT0073-rt-eh-MultiTryNoExceptionTest/MultiTryNoExceptionTest.java
TEST RESULT: Passed. Execution successful
--------------------------------------------------
TEST: test/testsuite/ouroboros/compact_test/RT0204-rt-compact-AnnotationSpecialCharacter/AnnotationNotAscii.java
TEST RESULT: Passed. Execution successful
--------------------------------------------------
TEST: test/testsuite/ouroboros/compact_test/RT0194-rt-compact-AnnotationStaticFieldSetTest/AnnotationStaticFieldSetTest.java
TEST RESULT: Passed. Execution successful
--------------------------------------------------
TEST: test/testsuite/ouroboros/compact_test/RT0195-rt-compact-AnnotationMethodSetTest/AnnotationMethodSetTest.java
TEST RESULT: Passed. Execution successful
--------------------------------------------------
TEST: test/testsuite/ouroboros/eh_test/RT0040-rt-eh-TryExceptionFinallyExceptionTest/TryExceptionFinallyExceptionTest.java
TEST RESULT: Passed. Execution successful
--------------------------------------------------
TEST: test/testsuite/ouroboros/eh_test/RT0055-rt-eh-TryResourceStartAndCloseExceptionTest/TryResourceStartAndCloseExceptionTest.java
TEST RESULT: Passed. Execution successful
--------------------------------------------------
TEST: test/testsuite/ouroboros/eh_test/RT0521-rt-eh-CharacteroffsetByCodePointsIndexOutOfBoundsException/CharacteroffsetByCodePointsIndexOutOfBoundsException.java
TEST RESULT: Passed. Execution successful
--------------------------------------------------
TEST: test/testsuite/ouroboros/eh_test/RT0518-rt-eh-AccessibleObjectGetDeclaredAnnotationsByTypeExceptionTest/AccessibleObjectGetDeclaredAnnotationsByTypeExceptionTest.java
TEST RESULT: Passed. Execution successful
--------------------------------------------------
TEST: test/testsuite/ouroboros/eh_test/RT0075-rt-eh-TryReturnValueExceptionTest/TryReturnValueExceptionTest.java
TEST RESULT: Passed. Execution successful
--------------------------------------------------
TEST: test/testsuite/ouroboros/compact_test/RT0188-rt-compact-MethodHandleReflectCombineTest/MethodHandleReflectCombineTest.java
TEST RESULT: Passed. Execution successful
--------------------------------------------------
TEST: test/testsuite/ouroboros/compact_test/RT0196-rt-compact-AnnotationParameterSetTest/AnnotationParameterSetTest.java
TEST RESULT: Passed. Execution successful
--------------------------------------------------
TEST: test/testsuite/ouroboros/compact_test/RT0206-rt-compact-AnnotationTypeInnerClassSet/AnnotationTypeInnerClassSet.java
TEST RESULT: Passed. Execution successful
--------------------------------------------------
TEST: test/testsuite/ouroboros/compact_test/RT0207-rt-compact-AnnotationTypeLocalClassSet/AnnotationTypeLocalClassSet.java
TEST RESULT: Passed. Execution successful
--------------------------------------------------
TEST: test/testsuite/ouroboros/eh_test/RT0054-rt-eh-TryResourceCloseThrowExceptionTest/TryResourceCloseThrowExceptionTest.java
TEST RESULT: Passed. Execution successful
--------------------------------------------------
TEST: test/testsuite/ouroboros/eh_test/RT0045-rt-eh-TryCatchTryCatchFinallyExceptionTest/TryCatchTryCatchFinallyExceptionTest.java
TEST RESULT: Passed. Execution successful
--------------------------------------------------
TEST: test/testsuite/ouroboros/eh_test/RT0522-rt-eh-CharacteroffsetByCodePointsNullPointerException/CharacteroffsetByCodePointsNullPointerException.java
TEST RESULT: Passed. Execution successful
--------------------------------------------------
TEST: test/testsuite/ouroboros/compact_test/RT0199-rt-compact-AnnotationPackageSetTest/com/huawei/AnnotationPackageSetTest.java
TEST RESULT: Passed. Execution successful
--------------------------------------------------
TEST: test/testsuite/ouroboros/compact_test/RT0186-rt-compact-ConstructorTest/ConstructorTest.java
TEST RESULT: Passed. Execution successful
--------------------------------------------------
TEST: test/testsuite/ouroboros/eh_test/RT0524-rt-eh-ClasscastClassCastException/ClasscastClassCastException.java
TEST RESULT: Passed. Execution successful
--------------------------------------------------
TEST: test/testsuite/ouroboros/compact_test/RT0202-rt-compact-AnnotationMultiThread/AnnotationMultiThread.java
TEST RESULT: Passed. Execution successful
--------------------------------------------------
TEST: test/testsuite/ouroboros/eh_test/RT0525-rt-eh-ClassforName1ParExceptionInInitializerError/ClassforName1ParExceptionInInitializerError.java
TEST RESULT: Passed. Execution successful
--------------------------------------------------
TEST: test/testsuite/ouroboros/eh_test/RT0526-rt-eh-ClassforNameExceptionInInitializerError/ClassforNameExceptionInInitializerError.java
TEST RESULT: Passed. Execution successful
--------------------------------------------------
TEST: test/testsuite/ouroboros/eh_test/RT0523-rt-eh-ClassasSubclassClassCastException/ClassasSubclassClassCastException.java
TEST RESULT: Passed. Execution successful
--------------------------------------------------
TEST: test/testsuite/ouroboros/compact_test/RT0189-rt-compact-FieldTest/FieldTest.java
TEST RESULT: Passed. Execution successful
--------------------------------------------------
TEST: test/testsuite/ouroboros/compact_test/RT0205-rt-compact-AnnotationRepeatable/AnnotationRepeatable.java
TEST RESULT: Passed. Execution successful
--------------------------------------------------
TEST: test/testsuite/ouroboros/eh_test/RT0527-rt-eh-ClassgAnnotationsByTypeNullPointerException/ClassgAnnotationsByTypeNullPointerException.java
TEST RESULT: Passed. Execution successful
--------------------------------------------------
TEST: test/testsuite/ouroboros/compact_test/RT0184-rt-compact-MethodTest/MethodTest.java
TEST RESULT: Passed. Execution successful
--------------------------------------------------
TEST: test/testsuite/ouroboros/eh_test/RT0528-rt-eh-ClassgetDeclaredAnnotationNullPointerException/ClassgetDeclaredAnnotationNullPointerException.java
TEST RESULT: Passed. Execution successful
--------------------------------------------------
TEST: test/testsuite/ouroboros/eh_test/RT0537-rt-eh-FieldgetDoubleExceptionInInitializerError/FieldgetDoubleExceptionInInitializerError.java
TEST RESULT: Passed. Execution successful
--------------------------------------------------
TEST: test/testsuite/ouroboros/eh_test/RT0542-rt-eh-FieldGetLongExceptionInInitializerErrorTest/FieldGetLongExceptionInInitializerErrorTest.java
TEST RESULT: Passed. Execution successful
--------------------------------------------------
TEST: test/testsuite/ouroboros/eh_test/RT0536-rt-eh-FieldgetCharExceptionInInitializerError/FieldgetCharExceptionInInitializerError.java
TEST RESULT: Passed. Execution successful
--------------------------------------------------
TEST: test/testsuite/ouroboros/eh_test/RT0539-rt-eh-FieldgetFloatExceptionInInitializerError/FieldgetFloatExceptionInInitializerError.java
TEST RESULT: Passed. Execution successful
--------------------------------------------------
TEST: test/testsuite/ouroboros/eh_test/RT0530-rt-eh-ClassgetDeclaredFieldNullPointerException/ClassgetDeclaredFieldNullPointerException.java
TEST RESULT: Passed. Execution successful
--------------------------------------------------
TEST: test/testsuite/ouroboros/eh_test/RT0531-rt-eh-ConstructorgAnnotationNullPointerException/ConstructorgAnnotationNullPointerException.java
TEST RESULT: Passed. Execution successful
--------------------------------------------------
TEST: test/testsuite/ouroboros/eh_test/RT0533-rt-eh-FieldgetAnnotationNullPointerException/FieldgetAnnotationNullPointerException.java
TEST RESULT: Passed. Execution successful
--------------------------------------------------
TEST: test/testsuite/ouroboros/eh_test/RT0535-rt-eh-FieldgetByteExceptionInInitializerError/FieldgetByteExceptionInInitializerError.java
TEST RESULT: Passed. Execution successful
--------------------------------------------------
TEST: test/testsuite/ouroboros/eh_test/RT0529-rt-eh-ClassgetDeclaredFieldNoSuchFieldException/ClassgetDeclaredFieldNoSuchFieldException.java
TEST RESULT: Passed. Execution successful
--------------------------------------------------
TEST: test/testsuite/ouroboros/eh_test/RT0538-rt-eh-FieldgetExceptionInInitializerError/FieldgetExceptionInInitializerError.java
TEST RESULT: Passed. Execution successful
--------------------------------------------------
TEST: test/testsuite/ouroboros/eh_test/RT0532-rt-eh-ConstructornewInstanceExceptionInInitializerError/ConstructornewInstanceExceptionInInitializerError.java
TEST RESULT: Passed. Execution successful
--------------------------------------------------
TEST: test/testsuite/ouroboros/eh_test/RT0541-rt-eh-FieldGetIntExceptionInInitializerErrorTest/FieldGetIntExceptionInInitializerErrorTest.java
TEST RESULT: Passed. Execution successful
--------------------------------------------------
TEST: test/testsuite/ouroboros/eh_test/RT0534-rt-eh-FieldgetAnnotationsByTypeNullPointerException/FieldgetAnnotationsByTypeNullPointerException.java
TEST RESULT: Passed. Execution successful
--------------------------------------------------
TEST: test/testsuite/ouroboros/eh_test/RT0545-rt-eh-FieldSetByteExceptionInInitializerErrorTest/FieldSetByteExceptionInInitializerErrorTest.java
TEST RESULT: Passed. Execution successful
--------------------------------------------------
TEST: test/testsuite/ouroboros/eh_test/RT0544-rt-eh-FieldSetBooleanExceptionInInitializerErrorTest/FieldSetBooleanExceptionInInitializerErrorTest.java
TEST RESULT: Passed. Execution successful
--------------------------------------------------
TEST: test/testsuite/ouroboros/eh_test/RT0543-rt-eh-FieldGetShortExceptionInInitializerErrorTest/FieldGetShortExceptionInInitializerErrorTest.java
TEST RESULT: Passed. Execution successful
--------------------------------------------------
TEST: test/testsuite/ouroboros/eh_test/RT0548-rt-eh-FieldsetExceptionInInitializerErrorTest/FieldSetExceptionInInitializerErrorTest.java
TEST RESULT: Passed. Execution successful
--------------------------------------------------
TEST: test/testsuite/ouroboros/eh_test/RT0547-rt-eh-FieldSetDoubleExceptionInInitializerErrorTest/FieldSetDoubleExceptionInInitializerErrorTest.java
TEST RESULT: Passed. Execution successful
--------------------------------------------------
TEST: test/testsuite/ouroboros/eh_test/RT0550-rt-eh-FieldSetIntExceptionTest/FieldSetIntExceptionTest.java
TEST RESULT: Passed. Execution successful
--------------------------------------------------
TEST: test/testsuite/ouroboros/eh_test/RT0546-rt-eh-FieldSetCharExceptionInInitializerErrorTest/FieldSetCharExceptionInInitializerErrorTest.java
TEST RESULT: Passed. Execution successful
--------------------------------------------------
TEST: test/testsuite/ouroboros/eh_test/RT0560-rt-eh-ThrowableAddSuppressedExceptionTest/ThrowableAddSuppressedExceptionTest.java
TEST RESULT: Passed. Execution successful
--------------------------------------------------
TEST: test/testsuite/ouroboros/eh_test/RT0552-rt-eh-FieldSetShortExceptionTest/FieldSetShortExceptionTest.java
TEST RESULT: Passed. Execution successful
--------------------------------------------------
TEST: test/testsuite/ouroboros/eh_test/RT0549-rt-eh-FieldSetFloatExceptionInInitializerErrorTest/FieldSetFloatExceptionInInitializerErrorTest.java
TEST RESULT: Passed. Execution successful
--------------------------------------------------
TEST: test/testsuite/ouroboros/eh_test/RT0551-rt-eh-FieldSetLongExceptionTest/FieldSetLongExceptionTest.java
TEST RESULT: Passed. Execution successful
--------------------------------------------------
TEST: test/testsuite/ouroboros/eh_test/RT0561-rt-eh-ThrowableAddSuppressedNullPointerExceptionTest/ThrowableAddSuppressedNullPointerExceptionTest.java
TEST RESULT: Passed. Execution successful
--------------------------------------------------
TEST: test/testsuite/ouroboros/eh_test/RT0555-rt-eh-MethodInvokeExceptionInInitializerErrorTest/MethodInvokeExceptionInInitializerErrorTest.java
TEST RESULT: Passed. Execution successful
--------------------------------------------------
TEST: test/testsuite/ouroboros/eh_test/RT0557-rt-eh-ParameterGetAnnotationsByTypeNullPointerExceptionTest/ParameterGetAnnotationsByTypeNullPointerExceptionTest.java
TEST RESULT: Passed. Execution successful
--------------------------------------------------
TEST: test/testsuite/ouroboros/eh_test/RT0559-rt-eh-ParameterGetDeclaredAnnotationsByTypeExceptionTest/ParameterGetDeclaredAnnotationsByTypeExceptionTest.java
TEST RESULT: Passed. Execution successful
--------------------------------------------------
TEST: test/testsuite/ouroboros/fuzzapi_test/issue-RT0901-rt-fuzzapi-Message61004-subStringOOM/Message61004.java
TEST RESULT: Passed. Execution successful
--------------------------------------------------
TEST: test/testsuite/ouroboros/eh_test/RT0558-rt-eh-ParameterGetDeclaredAnnotationNullPointerExceptionTest/ParameterGetDeclaredAnnotationNullPointerExceptionTest.java
TEST RESULT: Passed. Execution successful
--------------------------------------------------
TEST: test/testsuite/ouroboros/eh_test/RT1075-rt-EH-MethodInvokeInvocationTargetExceptionTest/MethodInvokeInvocationTargetExceptionTest.java
TEST RESULT: Passed. Execution successful
--------------------------------------------------
TEST: test/testsuite/ouroboros/eh_test/RT0553-rt-eh-MethodGetAnnotationExceptionTest/MethodGetAnnotationExceptionTest.java
TEST RESULT: Passed. Execution successful
--------------------------------------------------
TEST: test/testsuite/ouroboros/eh_test/RT0556-rt-eh-ParameterGetAnnotationNullPointerExceptionTest/ParameterGetAnnotationNullPointerExceptionTest.java
TEST RESULT: Passed. Execution successful
--------------------------------------------------
TEST: test/testsuite/ouroboros/memory_management/BindingMethod/RC0468-rc-BindingMethod-ArrayCloneTest/ArrayCloneTest.java
TEST RESULT: Passed. Execution successful
--------------------------------------------------
TEST: test/testsuite/ouroboros/eh_test/RT0817-rt-mrtUT-MethodInvokeExceptionTest/MethodInvokeExceptionTest.java
TEST RESULT: Passed. Execution successful
--------------------------------------------------
TEST: test/testsuite/ouroboros/memory_management/Function/RC0015-rc-function-Cycle_a_00320/Cycle_a_00320.java
TEST RESULT: Passed. Execution successful
--------------------------------------------------
TEST: test/testsuite/ouroboros/fuzzapi_test/RT0001-rt-fuzzapi-PipedReaderEH/Message125004.java
TEST RESULT: Passed. Execution successful
--------------------------------------------------
TEST: test/testsuite/ouroboros/memory_management/DTS/RC0406-rc-DTS-stringIntern/stringIntern.java
TEST RESULT: Passed. Execution successful
--------------------------------------------------
TEST: test/testsuite/ouroboros/memory_management/Function/RC0003-rc-function-Cycle_a_00200/Cycle_a_00200.java
TEST RESULT: Passed. Execution successful
--------------------------------------------------
TEST: test/testsuite/ouroboros/memory_management/Function/RC0021-rc-function-Cycle_a_00380/Cycle_a_00380.java
TEST RESULT: Passed. Execution successful
--------------------------------------------------
TEST: test/testsuite/ouroboros/fuzzapi_test/RT0004-rt-fuzzapi-stackframeless/Message021404.java
TEST RESULT: Passed. Execution successful
--------------------------------------------------
TEST: test/testsuite/ouroboros/memory_management/Function/RC0008-rc-function-Cycle_a_00250/Cycle_a_00250.java
TEST RESULT: Passed. Execution successful
--------------------------------------------------
TEST: test/testsuite/ouroboros/memory_management/Function/RC0009-rc-function-Cycle_a_00260/Cycle_a_00260.java
TEST RESULT: Passed. Execution successful
--------------------------------------------------
TEST: test/testsuite/ouroboros/memory_management/BindingMethod/RC0469-rc-BindingMethod-ArrayCloneTest02/ArrayCloneTest02.java
TEST RESULT: Passed. Execution successful
--------------------------------------------------
TEST: test/testsuite/ouroboros/memory_management/BindingMethod/RC0470-rc-BindingMethod-ArrayCopyTest/ArrayCopyTest.java
TEST RESULT: Passed. Execution successful
--------------------------------------------------
TEST: test/testsuite/ouroboros/memory_management/Function/RC0001-rc-function-Cycle_a_00180/Cycle_a_00180.java
TEST RESULT: Passed. Execution successful
--------------------------------------------------
TEST: test/testsuite/ouroboros/memory_management/BindingMethod/RC0476-rc-BindingMethod-UnsafeTest06/UnsafeTest06.java
TEST RESULT: Passed. Execution successful
--------------------------------------------------
TEST: test/testsuite/ouroboros/memory_management/Function/RC0036-rc-function-Cycle_B_1_00010/Cycle_B_1_00010.java
TEST RESULT: Passed. Execution successful
--------------------------------------------------
TEST: test/testsuite/ouroboros/memory_management/Function/RC0027-rc-function-Cycle_a_00440/Cycle_a_00440.java
TEST RESULT: Passed. Execution successful
--------------------------------------------------
TEST: test/testsuite/ouroboros/memory_management/Function/RC0028-rc-function-Cycle_a_00450/Cycle_a_00450.java
TEST RESULT: Passed. Execution successful
--------------------------------------------------
TEST: test/testsuite/ouroboros/memory_management/BindingMethod/RC0473-rc-BindingMethod-UnsafeTest03/UnsafeTest03.java
TEST RESULT: Passed. Execution successful
--------------------------------------------------
TEST: test/testsuite/ouroboros/memory_management/Function/RC0023-rc-function-Cycle_a_00400/Cycle_a_00400.java
TEST RESULT: Passed. Execution successful
--------------------------------------------------
TEST: test/testsuite/ouroboros/memory_management/Function/RC0018-rc-function-Cycle_a_00350/Cycle_a_00350.java
TEST RESULT: Passed. Execution successful
--------------------------------------------------
TEST: test/testsuite/ouroboros/memory_management/Function/RC0025-rc-function-Cycle_a_00420/Cycle_a_00420.java
TEST RESULT: Passed. Execution successful
--------------------------------------------------
TEST: test/testsuite/ouroboros/memory_management/BindingMethod/RC0472-rc-BindingMethod-UnsafeTest02/UnsafeTest02.java
TEST RESULT: Passed. Execution successful
--------------------------------------------------
TEST: test/testsuite/ouroboros/memory_management/Function/RC0022-rc-function-Cycle_a_00390/Cycle_a_00390.java
TEST RESULT: Passed. Execution successful
--------------------------------------------------
TEST: test/testsuite/ouroboros/memory_management/Function/RC0006-rc-function-Cycle_a_00230/Cycle_a_00230.java
TEST RESULT: Passed. Execution successful
--------------------------------------------------
TEST: test/testsuite/ouroboros/memory_management/Function/RC0007-rc-function-Cycle_a_00240/Cycle_a_00240.java
TEST RESULT: Passed. Execution successful
--------------------------------------------------
TEST: test/testsuite/ouroboros/memory_management/BindingMethod/RC0471-rc-BindingMethod-UnsafeTest01/UnsafeTest01.java
TEST RESULT: Passed. Execution successful
--------------------------------------------------
TEST: test/testsuite/ouroboros/memory_management/Function/RC0016-rc-function-Cycle_a_00330/Cycle_a_00330.java
TEST RESULT: Passed. Execution successful
--------------------------------------------------
TEST: test/testsuite/ouroboros/memory_management/Function/RC0010-rc-function-Cycle_a_00270/Cycle_a_00270.java
TEST RESULT: Passed. Execution successful
--------------------------------------------------
TEST: test/testsuite/ouroboros/memory_management/ArrayOptimization/RC0366-rc-ArrayOptimization-RC_Array_01/RC_Array_01.java
TEST RESULT: Passed. Execution successful
--------------------------------------------------
TEST: test/testsuite/ouroboros/memory_management/Function/RC0002-rc-function-Cycle_a_00190/Cycle_a_00190.java
TEST RESULT: Passed. Execution successful
--------------------------------------------------
TEST: test/testsuite/ouroboros/memory_management/Function/RC0004-rc-function-Cycle_a_00210/Cycle_a_00210.java
TEST RESULT: Passed. Execution successful
--------------------------------------------------
TEST: test/testsuite/ouroboros/memory_management/Function/RC0005-rc-function-Cycle_a_00220/Cycle_a_00220.java
TEST RESULT: Passed. Execution successful
--------------------------------------------------
TEST: test/testsuite/ouroboros/memory_management/Function/RC0026-rc-function-Cycle_a_00430/Cycle_a_00430.java
TEST RESULT: Passed. Execution successful
--------------------------------------------------
TEST: test/testsuite/ouroboros/memory_management/Function/RC0014-rc-function-Cycle_a_00310/Cycle_a_00310.java
TEST RESULT: Passed. Execution successful
--------------------------------------------------
TEST: test/testsuite/ouroboros/memory_management/DTS/RC0407-rc-DTS-stackAllocField/stackAllocField.java
TEST RESULT: Passed. Execution successful
--------------------------------------------------
TEST: test/testsuite/ouroboros/memory_management/Function/RC0039-rc-function-Cycle_B_1_00040/Cycle_B_1_00040.java
TEST RESULT: Passed. Execution successful
--------------------------------------------------
TEST: test/testsuite/ouroboros/memory_management/ArrayOptimization/RC0371-rc-ArrayOptimization-RC_Array_06/RC_Array_06.java
TEST RESULT: Passed. Execution successful
--------------------------------------------------
TEST: test/testsuite/ouroboros/memory_management/Function/RC0038-rc-function-Cycle_B_1_00030/Cycle_B_1_00030.java
TEST RESULT: Passed. Execution successful
--------------------------------------------------
TEST: test/testsuite/ouroboros/memory_management/ArrayOptimization/RC0369-rc-ArrayOptimization-RC_Array_04/RC_Array_04.java
TEST RESULT: Passed. Execution successful
--------------------------------------------------
TEST: test/testsuite/ouroboros/memory_management/ArrayOptimization/RC0373-rc-ArrayOptimization-RC_Array_08/RC_Array_08.java
TEST RESULT: Passed. Execution successful
--------------------------------------------------
TEST: test/testsuite/ouroboros/memory_management/Function/RC0024-rc-function-Cycle_a_00410/Cycle_a_00410.java
TEST RESULT: Passed. Execution successful
--------------------------------------------------
TEST: test/testsuite/ouroboros/memory_management/Function/RC0019-rc-function-Cycle_a_00360/Cycle_a_00360.java
TEST RESULT: Passed. Execution successful
--------------------------------------------------
TEST: test/testsuite/ouroboros/memory_management/ArrayOptimization/RC0370-rc-ArrayOptimization-RC_Array_05/RC_Array_05.java
TEST RESULT: Passed. Execution successful
--------------------------------------------------
TEST: test/testsuite/ouroboros/memory_management/Function/RC0044-rc-function-Cycle_B_1_00090/Cycle_B_1_00090.java
TEST RESULT: Passed. Execution successful
--------------------------------------------------
TEST: test/testsuite/ouroboros/memory_management/Function/RC0032-rc-function-Cycle_a_00490/Cycle_a_00490.java
TEST RESULT: Passed. Execution successful
--------------------------------------------------
TEST: test/testsuite/ouroboros/memory_management/DTS/RC0408-rc-DTS-OOMtest/OOMtest.java
TEST RESULT: Passed. Execution successful
--------------------------------------------------
TEST: test/testsuite/ouroboros/memory_management/BindingMethod/RC0475-rc-BindingMethod-UnsafeTest05/UnsafeTest05.java
TEST RESULT: Passed. Execution successful
--------------------------------------------------
TEST: test/testsuite/ouroboros/memory_management/Function/RC0043-rc-function-Cycle_B_1_00080/Cycle_B_1_00080.java
TEST RESULT: Passed. Execution successful
--------------------------------------------------
TEST: test/testsuite/ouroboros/memory_management/BindingMethod/RC0474-rc-BindingMethod-UnsafeTest04/UnsafeTest04.java
TEST RESULT: Passed. Execution successful
--------------------------------------------------
TEST: test/testsuite/ouroboros/memory_management/Function/RC0046-rc-function-Cycle_B_1_00110/Cycle_B_1_00110.java
TEST RESULT: Passed. Execution successful
--------------------------------------------------
TEST: test/testsuite/ouroboros/memory_management/DTS/RC0409-rc-DTS-Ex_eight_arguments/Ex_eight_arguments.java
TEST RESULT: Passed. Execution successful
--------------------------------------------------
TEST: test/testsuite/ouroboros/memory_management/Function/RC0030-rc-function-Cycle_a_00470/Cycle_a_00470.java
TEST RESULT: Passed. Execution successful
--------------------------------------------------
TEST: test/testsuite/ouroboros/memory_management/Function/RC0047-rc-function-Cycle_B_1_00120/Cycle_B_1_00120.java
TEST RESULT: Passed. Execution successful
--------------------------------------------------
TEST: test/testsuite/ouroboros/memory_management/Function/RC0042-rc-function-Cycle_B_1_00070/Cycle_B_1_00070.java
TEST RESULT: Passed. Execution successful
--------------------------------------------------
TEST: test/testsuite/ouroboros/memory_management/Function/RC0011-rc-function-Cycle_a_00280/Cycle_a_00280.java
TEST RESULT: Passed. Execution successful
--------------------------------------------------
TEST: test/testsuite/ouroboros/memory_management/Function/RC0049-rc-function-Cycle_B_1_00140/Cycle_B_1_00140.java
TEST RESULT: Passed. Execution successful
--------------------------------------------------
TEST: test/testsuite/ouroboros/memory_management/Function/RC0017-rc-function-Cycle_a_00340/Cycle_a_00340.java
TEST RESULT: Passed. Execution successful
--------------------------------------------------
TEST: test/testsuite/ouroboros/memory_management/Function/RC0031-rc-function-Cycle_a_00480/Cycle_a_00480.java
TEST RESULT: Passed. Execution successful
--------------------------------------------------
TEST: test/testsuite/ouroboros/memory_management/Function/RC0040-rc-function-Cycle_B_1_00050/Cycle_B_1_00050.java
TEST RESULT: Passed. Execution successful
--------------------------------------------------
TEST: test/testsuite/ouroboros/memory_management/Function/RC0020-rc-function-Cycle_a_00370/Cycle_a_00370.java
TEST RESULT: Passed. Execution successful
--------------------------------------------------
TEST: test/testsuite/ouroboros/memory_management/Function/RC0048-rc-function-Cycle_B_1_00130/Cycle_B_1_00130.java
TEST RESULT: Passed. Execution successful
--------------------------------------------------
TEST: test/testsuite/ouroboros/memory_management/Function/RC0058-rc-function-Cycle_B_2_00010/Cycle_B_2_00010.java
TEST RESULT: Passed. Execution successful
--------------------------------------------------
TEST: test/testsuite/ouroboros/memory_management/Function/RC0033-rc-function-Cycle_a_00500/Cycle_a_00500.java
TEST RESULT: Passed. Execution successful
--------------------------------------------------
TEST: test/testsuite/ouroboros/memory_management/ArrayOptimization/RC0374-rc-ArrayOptimization-RC_Array_09/RC_Array_09.java
TEST RESULT: Passed. Execution successful
--------------------------------------------------
TEST: test/testsuite/ouroboros/memory_management/ArrayOptimization/RC0367-rc-ArrayOptimization-RC_Array_02/RC_Array_02.java
TEST RESULT: Passed. Execution successful
--------------------------------------------------
TEST: test/testsuite/ouroboros/memory_management/Function/RC0012-rc-function-Cycle_a_00290/Cycle_a_00290.java
TEST RESULT: Passed. Execution successful
--------------------------------------------------
TEST: test/testsuite/ouroboros/memory_management/ArrayOptimization/RC0368-rc-ArrayOptimization-RC_Array_03/RC_Array_03.java
TEST RESULT: Passed. Execution successful
--------------------------------------------------
TEST: test/testsuite/ouroboros/memory_management/Function/RC0045-rc-function-Cycle_B_1_00100/Cycle_B_1_00100.java
TEST RESULT: Passed. Execution successful
--------------------------------------------------
TEST: test/testsuite/ouroboros/memory_management/Function/RC0054-rc-function-Cycle_B_1_00190/Cycle_B_1_00190.java
TEST RESULT: Passed. Execution successful
--------------------------------------------------
TEST: test/testsuite/ouroboros/memory_management/Function/RC0050-rc-function-Cycle_B_1_00150/Cycle_B_1_00150.java
TEST RESULT: Passed. Execution successful
--------------------------------------------------
TEST: test/testsuite/ouroboros/memory_management/Function/RC0061-rc-function-Cycle_B_2_00040/Cycle_B_2_00040.java
TEST RESULT: Passed. Execution successful
--------------------------------------------------
TEST: test/testsuite/ouroboros/memory_management/Function/RC0035-rc-function-Cycle_a_10020/Cycle_a_10020.java
TEST RESULT: Passed. Execution successful
--------------------------------------------------
TEST: test/testsuite/ouroboros/memory_management/Function/RC0059-rc-function-Cycle_B_2_00020/Cycle_B_2_00020.java
TEST RESULT: Passed. Execution successful
--------------------------------------------------
TEST: test/testsuite/ouroboros/memory_management/Function/RC0041-rc-function-Cycle_B_1_00060/Cycle_B_1_00060.java
TEST RESULT: Passed. Execution successful
--------------------------------------------------
TEST: test/testsuite/ouroboros/memory_management/Function/RC0034-rc-function-Cycle_a_10010/Cycle_a_10010.java
TEST RESULT: Passed. Execution successful
--------------------------------------------------
TEST: test/testsuite/ouroboros/memory_management/Function/RC0013-rc-function-Cycle_a_00300/Cycle_a_00300.java
TEST RESULT: Passed. Execution successful
--------------------------------------------------
TEST: test/testsuite/ouroboros/memory_management/ArrayOptimization/RC0372-rc-ArrayOptimization-RC_Array_07/RC_Array_07.java
TEST RESULT: Passed. Execution successful
--------------------------------------------------
TEST: test/testsuite/ouroboros/memory_management/Function/RC0051-rc-function-Cycle_B_1_00160/Cycle_B_1_00160.java
TEST RESULT: Passed. Execution successful
--------------------------------------------------
TEST: test/testsuite/ouroboros/memory_management/Function/RC0052-rc-function-Cycle_B_1_00170/Cycle_B_1_00170.java
TEST RESULT: Passed. Execution successful
--------------------------------------------------
TEST: test/testsuite/ouroboros/memory_management/Function/RC0029-rc-function-Cycle_a_00460/Cycle_a_00460.java
TEST RESULT: Passed. Execution successful
--------------------------------------------------
TEST: test/testsuite/ouroboros/memory_management/Function/RC0057-rc-function-Cycle_B_1_10020/Cycle_B_1_10020.java
TEST RESULT: Passed. Execution successful
--------------------------------------------------
TEST: test/testsuite/ouroboros/eh_test/RT0904-rt-fuzzapi-MethodInvokeObjectObjectsTest/MethodInvokeObjectObjectsTest.java
TEST RESULT: Passed. Execution successful
--------------------------------------------------
TEST: test/testsuite/ouroboros/memory_management/Function/RC0055-rc-function-Cycle_B_1_00200/Cycle_B_1_00200.java
TEST RESULT: Passed. Execution successful
--------------------------------------------------
TEST: test/testsuite/ouroboros/memory_management/Function/RC0037-rc-function-Cycle_B_1_00020/Cycle_B_1_00020.java
TEST RESULT: Passed. Execution successful
--------------------------------------------------
TEST: test/testsuite/ouroboros/memory_management/Function/RC0053-rc-function-Cycle_B_1_00180/Cycle_B_1_00180.java
TEST RESULT: Passed. Execution successful
--------------------------------------------------
TEST: test/testsuite/ouroboros/fuzzapi_test/RT0002-rt-fuzzapi-EHOrder/Message011706.java
TEST RESULT: Passed. Execution successful
--------------------------------------------------
TEST: test/testsuite/ouroboros/memory_management/Function/RC0065-rc-function-Cycle_B_2_00080/Cycle_B_2_00080.java
TEST RESULT: Passed. Execution successful
--------------------------------------------------
TEST: test/testsuite/ouroboros/memory_management/Function/RC0060-rc-function-Cycle_B_2_00030/Cycle_B_2_00030.java
TEST RESULT: Passed. Execution successful
--------------------------------------------------
TEST: test/testsuite/ouroboros/memory_management/Function/RC0056-rc-function-Cycle_B_1_10010/Cycle_B_1_10010.java
TEST RESULT: Passed. Execution successful
--------------------------------------------------
TEST: test/testsuite/ouroboros/memory_management/Function/RC0062-rc-function-Cycle_B_2_00050/Cycle_B_2_00050.java
TEST RESULT: Passed. Execution successful
--------------------------------------------------
TEST: test/testsuite/ouroboros/memory_management/Function/RC0063-rc-function-Cycle_B_2_00060/Cycle_B_2_00060.java
TEST RESULT: Passed. Execution successful
--------------------------------------------------
TEST: test/testsuite/ouroboros/memory_management/Function/RC0066-rc-function-Cycle_B_2_00090/Cycle_B_2_00090.java
TEST RESULT: Passed. Execution successful
--------------------------------------------------
TEST: test/testsuite/ouroboros/memory_management/Function/RC0064-rc-function-Cycle_B_2_00070/Cycle_B_2_00070.java
TEST RESULT: Passed. Execution successful
--------------------------------------------------
TEST: test/testsuite/ouroboros/memory_management/Function/RC0071-rc-function-Cycle_B_2_00140/Cycle_B_2_00140.java
TEST RESULT: Passed. Execution successful
--------------------------------------------------
TEST: test/testsuite/ouroboros/memory_management/Function/RC0072-rc-function-Cycle_B_2_00150/Cycle_B_2_00150.java
TEST RESULT: Passed. Execution successful
--------------------------------------------------
TEST: test/testsuite/ouroboros/memory_management/Function/RC0068-rc-function-Cycle_B_2_00110/Cycle_B_2_00110.java
TEST RESULT: Passed. Execution successful
--------------------------------------------------
TEST: test/testsuite/ouroboros/memory_management/Function/RC0070-rc-function-Cycle_B_2_00130/Cycle_B_2_00130.java
TEST RESULT: Passed. Execution successful
--------------------------------------------------
TEST: test/testsuite/ouroboros/memory_management/Function/RC0067-rc-function-Cycle_B_2_00100/Cycle_B_2_00100.java
TEST RESULT: Passed. Execution successful
--------------------------------------------------
TEST: test/testsuite/ouroboros/memory_management/Function/RC0075-rc-function-Cycle_B_2_00180/Cycle_B_2_00180.java
TEST RESULT: Passed. Execution successful
--------------------------------------------------
TEST: test/testsuite/ouroboros/memory_management/Function/RC0073-rc-function-Cycle_B_2_00160/Cycle_B_2_00160.java
TEST RESULT: Passed. Execution successful
--------------------------------------------------
TEST: test/testsuite/ouroboros/memory_management/Function/RC0080-rc-function-Cycle_B_2_00230/Cycle_B_2_00230.java
TEST RESULT: Passed. Execution successful
--------------------------------------------------
TEST: test/testsuite/ouroboros/memory_management/Function/RC0069-rc-function-Cycle_B_2_00120/Cycle_B_2_00120.java
TEST RESULT: Passed. Execution successful
--------------------------------------------------
TEST: test/testsuite/ouroboros/memory_management/Function/RC0074-rc-function-Cycle_B_2_00170/Cycle_B_2_00170.java
TEST RESULT: Passed. Execution successful
--------------------------------------------------
TEST: test/testsuite/ouroboros/memory_management/Function/RC0090-rc-function-Nocycle_a_00090/Nocycle_a_00090.java
TEST RESULT: Passed. Execution successful
--------------------------------------------------
TEST: test/testsuite/ouroboros/memory_management/Function/RC0083-rc-function-Nocycle_a_00020/Nocycle_a_00020.java
TEST RESULT: Passed. Execution successful
--------------------------------------------------
TEST: test/testsuite/ouroboros/memory_management/Function/RC0095-rc-function-Nocycle_a_00140/Nocycle_a_00140.java
TEST RESULT: Passed. Execution successful
--------------------------------------------------
TEST: test/testsuite/ouroboros/memory_management/Function/RC0079-rc-function-Cycle_B_2_00220/Cycle_B_2_00220.java
TEST RESULT: Passed. Execution successful
--------------------------------------------------
TEST: test/testsuite/ouroboros/memory_management/Function/RC0076-rc-function-Cycle_B_2_00190/Cycle_B_2_00190.java
TEST RESULT: Passed. Execution successful
--------------------------------------------------
TEST: test/testsuite/ouroboros/memory_management/Function/RC0093-rc-function-Nocycle_a_00120/Nocycle_a_00120.java
TEST RESULT: Passed. Execution successful
--------------------------------------------------
TEST: test/testsuite/ouroboros/memory_management/Function/RC0084-rc-function-Nocycle_a_00030/Nocycle_a_00030.java
TEST RESULT: Passed. Execution successful
--------------------------------------------------
TEST: test/testsuite/ouroboros/memory_management/Function/RC0097-rc-function-Nocycle_a_00160/Nocycle_a_00160.java
TEST RESULT: Passed. Execution successful
--------------------------------------------------
TEST: test/testsuite/ouroboros/memory_management/Function/RC0085-rc-function-Nocycle_a_00040/Nocycle_a_00040.java
TEST RESULT: Passed. Execution successful
--------------------------------------------------
TEST: test/testsuite/ouroboros/memory_management/Function/RC0100-rc-function-Nocycle_a_2_00010/Nocycle_a_2_00010.java
TEST RESULT: Passed. Execution successful
--------------------------------------------------
TEST: test/testsuite/ouroboros/memory_management/Function/RC0089-rc-function-Nocycle_a_00080/Nocycle_a_00080.java
TEST RESULT: Passed. Execution successful
--------------------------------------------------
TEST: test/testsuite/ouroboros/memory_management/Function/RC0094-rc-function-Nocycle_a_00130/Nocycle_a_00130.java
TEST RESULT: Passed. Execution successful
--------------------------------------------------
TEST: test/testsuite/ouroboros/memory_management/Function/RC0078-rc-function-Cycle_B_2_00210/Cycle_B_2_00210.java
TEST RESULT: Passed. Execution successful
--------------------------------------------------
TEST: test/testsuite/ouroboros/memory_management/Function/RC0088-rc-function-Nocycle_a_00070/Nocycle_a_00070.java
TEST RESULT: Passed. Execution successful
--------------------------------------------------
TEST: test/testsuite/ouroboros/memory_management/Function/RC0081-rc-function-Cycle_B_2_00240/Cycle_B_2_00240.java
TEST RESULT: Passed. Execution successful
--------------------------------------------------
TEST: test/testsuite/ouroboros/memory_management/Function/RC0103-rc-function-RC_eh_01/RC_eh_01.java
TEST RESULT: Passed. Execution successful
--------------------------------------------------
TEST: test/testsuite/ouroboros/memory_management/Function/RC0087-rc-function-Nocycle_a_00060/Nocycle_a_00060.java
TEST RESULT: Passed. Execution successful
--------------------------------------------------
TEST: test/testsuite/ouroboros/memory_management/Function/RC0086-rc-function-Nocycle_a_00050/Nocycle_a_00050.java
TEST RESULT: Passed. Execution successful
--------------------------------------------------
TEST: test/testsuite/ouroboros/memory_management/Function/RC0091-rc-function-Nocycle_a_00100/Nocycle_a_00100.java
TEST RESULT: Passed. Execution successful
--------------------------------------------------
TEST: test/testsuite/ouroboros/memory_management/Function/RC0101-rc-function-Nocycle_a_2_00020/Nocycle_a_2_00020.java
TEST RESULT: Passed. Execution successful
--------------------------------------------------
TEST: test/testsuite/ouroboros/memory_management/Function/RC0102-rc-function-RC_basic/RC_basic.java
TEST RESULT: Passed. Execution successful
--------------------------------------------------
TEST: test/testsuite/ouroboros/memory_management/Function/RC0077-rc-function-Cycle_B_2_00200/Cycle_B_2_00200.java
TEST RESULT: Passed. Execution successful
--------------------------------------------------
TEST: test/testsuite/ouroboros/memory_management/Function/RC0082-rc-function-Nocycle_a_00010/Nocycle_a_00010.java
TEST RESULT: Passed. Execution successful
--------------------------------------------------
TEST: test/testsuite/ouroboros/memory_management/Function/RC0105-rc-function-RC_flow/RC_flow.java
TEST RESULT: Passed. Execution successful
--------------------------------------------------
TEST: test/testsuite/ouroboros/memory_management/Function/RC0099-rc-function-Nocycle_a_00180/Nocycle_a_00180.java
TEST RESULT: Passed. Execution successful
--------------------------------------------------
TEST: test/testsuite/ouroboros/memory_management/Function/RC0098-rc-function-Nocycle_a_00170/Nocycle_a_00170.java
TEST RESULT: Passed. Execution successful
--------------------------------------------------
TEST: test/testsuite/ouroboros/memory_management/Function/RC0096-rc-function-Nocycle_a_00150/Nocycle_a_00150.java
TEST RESULT: Passed. Execution successful
--------------------------------------------------
TEST: test/testsuite/ouroboros/memory_management/Function/RC0109-rc-function-RC_Dec-Cycle_BDec_00010/Cycle_BDec_00010.java
TEST RESULT: Passed. Execution successful
--------------------------------------------------
TEST: test/testsuite/ouroboros/memory_management/Function/RC0107-rc-function-RC_Dec-Cycle_aDec_00010/Cycle_aDec_00010.java
TEST RESULT: Passed. Execution successful
--------------------------------------------------
TEST: test/testsuite/ouroboros/memory_management/Function/RC0110-rc-function-RC_Dec-Cycle_BDec_00020/Cycle_BDec_00020.java
TEST RESULT: Passed. Execution successful
--------------------------------------------------
TEST: test/testsuite/ouroboros/memory_management/Function/RC0108-rc-function-RC_Dec-Cycle_aDec_00020/Cycle_aDec_00020.java
TEST RESULT: Passed. Execution successful
--------------------------------------------------
TEST: test/testsuite/ouroboros/memory_management/Function/RC0113-rc-function-RC_Dec-Cycle_BDec_00050/Cycle_BDec_00050.java
TEST RESULT: Passed. Execution successful
--------------------------------------------------
TEST: test/testsuite/ouroboros/memory_management/Function/RC0092-rc-function-Nocycle_a_00110/Nocycle_a_00110.java
TEST RESULT: Passed. Execution successful
--------------------------------------------------
TEST: test/testsuite/ouroboros/memory_management/Function/RC0112-rc-function-RC_Dec-Cycle_BDec_00040/Cycle_BDec_00040.java
TEST RESULT: Passed. Execution successful
--------------------------------------------------
TEST: test/testsuite/ouroboros/eh_test/issue-RT0068-rt-eh-JvmInitializeOutOfMemoryErrorTest/JvmInitializeOutOfMemoryErrorTest.java
TEST RESULT: Passed. Execution successful
--------------------------------------------------
TEST: test/testsuite/ouroboros/memory_management/Function/RC0116-rc-function-RC_Dec-Nocycle_aDec_00030/Nocycle_aDec_00030.java
TEST RESULT: Passed. Execution successful
--------------------------------------------------
TEST: test/testsuite/ouroboros/memory_management/Function/RC0122-rc-function-RC_Thread01-Cycle_am_00200/Cycle_am_00200.java
TEST RESULT: Passed. Execution successful
--------------------------------------------------
TEST: test/testsuite/ouroboros/memory_management/Function/RC0157-rc-function-RC_Thread01-Cycle_Bm_1_00010/Cycle_Bm_1_00010.java
TEST RESULT: Passed. Execution successful
--------------------------------------------------
TEST: test/testsuite/ouroboros/memory_management/Function/RC0130-rc-function-RC_Thread01-Cycle_am_00280/Cycle_am_00280.java
TEST RESULT: Passed. Execution successful
--------------------------------------------------
TEST: test/testsuite/ouroboros/memory_management/Function/RC0127-rc-function-RC_Thread01-Cycle_am_00250/Cycle_am_00250.java
TEST RESULT: Passed. Execution successful
--------------------------------------------------
TEST: test/testsuite/ouroboros/memory_management/Function/RC0106-rc-function-RC_multest/RC_multest.java
TEST RESULT: Passed. Execution successful
--------------------------------------------------
TEST: test/testsuite/ouroboros/memory_management/Function/RC0136-rc-function-RC_Thread01-Cycle_am_00340/Cycle_am_00340.java
TEST RESULT: Passed. Execution successful
--------------------------------------------------
TEST: test/testsuite/ouroboros/memory_management/Function/RC0125-rc-function-RC_Thread01-Cycle_am_00230/Cycle_am_00230.java
TEST RESULT: Passed. Execution successful
--------------------------------------------------
TEST: test/testsuite/ouroboros/memory_management/Function/RC0158-rc-function-RC_Thread01-Cycle_Bm_1_00020/Cycle_Bm_1_00020.java
TEST RESULT: Passed. Execution successful
--------------------------------------------------
TEST: test/testsuite/ouroboros/memory_management/Function/RC0114-rc-function-RC_Dec-Nocycle_aDec_00010/Nocycle_aDec_00010.java
TEST RESULT: Passed. Execution successful
--------------------------------------------------
TEST: test/testsuite/ouroboros/memory_management/Function/RC0141-rc-function-RC_Thread01-Cycle_am_00390/Cycle_am_00390.java
TEST RESULT: Passed. Execution successful
--------------------------------------------------
TEST: test/testsuite/ouroboros/memory_management/Function/RC0142-rc-function-RC_Thread01-Cycle_am_00400/Cycle_am_00400.java
TEST RESULT: Passed. Execution successful
--------------------------------------------------
TEST: test/testsuite/ouroboros/memory_management/Function/RC0140-rc-function-RC_Thread01-Cycle_am_00380/Cycle_am_00380.java
TEST RESULT: Passed. Execution successful
--------------------------------------------------
TEST: test/testsuite/ouroboros/memory_management/Function/RC0149-rc-function-RC_Thread01-Cycle_am_00470/Cycle_am_00470.java
TEST RESULT: Passed. Execution successful
--------------------------------------------------
TEST: test/testsuite/ouroboros/memory_management/Function/RC0115-rc-function-RC_Dec-Nocycle_aDec_00020/Nocycle_aDec_00020.java
TEST RESULT: Passed. Execution successful
--------------------------------------------------
TEST: test/testsuite/ouroboros/memory_management/Function/RC0117-rc-function-RC_Dec-Nocycle_aDec_00040/Nocycle_aDec_00040.java
TEST RESULT: Passed. Execution successful
--------------------------------------------------
TEST: test/testsuite/ouroboros/memory_management/Function/RC0132-rc-function-RC_Thread01-Cycle_am_00300/Cycle_am_00300.java
TEST RESULT: Passed. Execution successful
--------------------------------------------------
TEST: test/testsuite/ouroboros/memory_management/Function/RC0146-rc-function-RC_Thread01-Cycle_am_00440/Cycle_am_00440.java
TEST RESULT: Passed. Execution successful
--------------------------------------------------
TEST: test/testsuite/ouroboros/memory_management/Function/RC0148-rc-function-RC_Thread01-Cycle_am_00460/Cycle_am_00460.java
TEST RESULT: Passed. Execution successful
--------------------------------------------------
TEST: test/testsuite/ouroboros/memory_management/Function/RC0123-rc-function-RC_Thread01-Cycle_am_00210/Cycle_am_00210.java
TEST RESULT: Passed. Execution successful
--------------------------------------------------
TEST: test/testsuite/ouroboros/memory_management/Function/RC0143-rc-function-RC_Thread01-Cycle_am_00410/Cycle_am_00410.java
TEST RESULT: Passed. Execution successful
--------------------------------------------------
TEST: test/testsuite/ouroboros/memory_management/Function/RC0111-rc-function-RC_Dec-Cycle_BDec_00030/Cycle_BDec_00030.java
TEST RESULT: Passed. Execution successful
--------------------------------------------------
TEST: test/testsuite/ouroboros/memory_management/Function/RC0128-rc-function-RC_Thread01-Cycle_am_00260/Cycle_am_00260.java
TEST RESULT: Passed. Execution successful
--------------------------------------------------
TEST: test/testsuite/ouroboros/memory_management/Function/RC0120-rc-function-RC_Thread01-Cycle_am_00180/Cycle_am_00180.java
TEST RESULT: Passed. Execution successful
--------------------------------------------------
TEST: test/testsuite/ouroboros/memory_management/Function/RC0147-rc-function-RC_Thread01-Cycle_am_00450/Cycle_am_00450.java
TEST RESULT: Passed. Execution successful
--------------------------------------------------
TEST: test/testsuite/ouroboros/memory_management/Function/RC0129-rc-function-RC_Thread01-Cycle_am_00270/Cycle_am_00270.java
TEST RESULT: Passed. Execution successful
--------------------------------------------------
TEST: test/testsuite/ouroboros/memory_management/Function/RC0124-rc-function-RC_Thread01-Cycle_am_00220/Cycle_am_00220.java
TEST RESULT: Passed. Execution successful
--------------------------------------------------
TEST: test/testsuite/ouroboros/memory_management/Function/RC0145-rc-function-RC_Thread01-Cycle_am_00430/Cycle_am_00430.java
TEST RESULT: Passed. Execution successful
--------------------------------------------------
TEST: test/testsuite/ouroboros/memory_management/Function/RC0118-rc-function-RC_Dec-Nocycle_aDec_00050/Nocycle_aDec_00050.java
TEST RESULT: Passed. Execution successful
--------------------------------------------------
TEST: test/testsuite/ouroboros/memory_management/Function/RC0138-rc-function-RC_Thread01-Cycle_am_00360/Cycle_am_00360.java
TEST RESULT: Passed. Execution successful
--------------------------------------------------
TEST: test/testsuite/ouroboros/memory_management/Function/RC0137-rc-function-RC_Thread01-Cycle_am_00350/Cycle_am_00350.java
TEST RESULT: Passed. Execution successful
--------------------------------------------------
TEST: test/testsuite/ouroboros/memory_management/Function/RC0133-rc-function-RC_Thread01-Cycle_am_00310/Cycle_am_00310.java
TEST RESULT: Passed. Execution successful
--------------------------------------------------
TEST: test/testsuite/ouroboros/memory_management/Function/RC0144-rc-function-RC_Thread01-Cycle_am_00420/Cycle_am_00420.java
TEST RESULT: Passed. Execution successful
--------------------------------------------------
TEST: test/testsuite/ouroboros/memory_management/Function/RC0135-rc-function-RC_Thread01-Cycle_am_00330/Cycle_am_00330.java
TEST RESULT: Passed. Execution successful
--------------------------------------------------
TEST: test/testsuite/ouroboros/memory_management/Function/RC0160-rc-function-RC_Thread01-Cycle_Bm_1_00040/Cycle_Bm_1_00040.java
TEST RESULT: Passed. Execution successful
--------------------------------------------------
TEST: test/testsuite/ouroboros/memory_management/Function/RC0162-rc-function-RC_Thread01-Cycle_Bm_1_00060/Cycle_Bm_1_00060.java
TEST RESULT: Passed. Execution successful
--------------------------------------------------
TEST: test/testsuite/ouroboros/memory_management/Function/RC0131-rc-function-RC_Thread01-Cycle_am_00290/Cycle_am_00290.java
TEST RESULT: Passed. Execution successful
--------------------------------------------------
TEST: test/testsuite/ouroboros/memory_management/Function/RC0119-rc-function-RC_Dec-Nocycle_aDec_00060/Nocycle_aDec_00060.java
TEST RESULT: Passed. Execution successful
--------------------------------------------------
TEST: test/testsuite/ouroboros/memory_management/Function/RC0163-rc-function-RC_Thread01-Cycle_Bm_1_00070/Cycle_Bm_1_00070.java
TEST RESULT: Passed. Execution successful
--------------------------------------------------
TEST: test/testsuite/ouroboros/memory_management/Function/RC0121-rc-function-RC_Thread01-Cycle_am_00190/Cycle_am_00190.java
TEST RESULT: Passed. Execution successful
--------------------------------------------------
TEST: test/testsuite/ouroboros/memory_management/Function/RC0152-rc-function-RC_Thread01-Cycle_am_00500/Cycle_am_00500.java
TEST RESULT: Passed. Execution successful
--------------------------------------------------
TEST: test/testsuite/ouroboros/memory_management/Function/RC0126-rc-function-RC_Thread01-Cycle_am_00240/Cycle_am_00240.java
TEST RESULT: Passed. Execution successful
--------------------------------------------------
TEST: test/testsuite/ouroboros/memory_management/Function/RC0134-rc-function-RC_Thread01-Cycle_am_00320/Cycle_am_00320.java
TEST RESULT: Passed. Execution successful
--------------------------------------------------
TEST: test/testsuite/ouroboros/memory_management/Function/RC0161-rc-function-RC_Thread01-Cycle_Bm_1_00050/Cycle_Bm_1_00050.java
TEST RESULT: Passed. Execution successful
--------------------------------------------------
TEST: test/testsuite/ouroboros/memory_management/Function/RC0154-rc-function-RC_Thread01-Cycle_am_10010/Cycle_am_10010.java
TEST RESULT: Passed. Execution successful
--------------------------------------------------
TEST: test/testsuite/ouroboros/memory_management/Function/RC0172-rc-function-RC_Thread01-Cycle_Bm_1_00160/Cycle_Bm_1_00160.java
TEST RESULT: Passed. Execution successful
--------------------------------------------------
TEST: test/testsuite/ouroboros/memory_management/Function/RC0167-rc-function-RC_Thread01-Cycle_Bm_1_00110/Cycle_Bm_1_00110.java
TEST RESULT: Passed. Execution successful
--------------------------------------------------
TEST: test/testsuite/ouroboros/memory_management/Function/RC0151-rc-function-RC_Thread01-Cycle_am_00490/Cycle_am_00490.java
TEST RESULT: Passed. Execution successful
--------------------------------------------------
TEST: test/testsuite/ouroboros/memory_management/Function/RC0159-rc-function-RC_Thread01-Cycle_Bm_1_00030/Cycle_Bm_1_00030.java
TEST RESULT: Passed. Execution successful
--------------------------------------------------
TEST: test/testsuite/ouroboros/memory_management/Function/RC0170-rc-function-RC_Thread01-Cycle_Bm_1_00140/Cycle_Bm_1_00140.java
TEST RESULT: Passed. Execution successful
--------------------------------------------------
TEST: test/testsuite/ouroboros/memory_management/Function/RC0156-rc-function-RC_Thread01-Cycle_am_10030/Cycle_am_10030.java
TEST RESULT: Passed. Execution successful
--------------------------------------------------
TEST: test/testsuite/ouroboros/memory_management/Function/RC0169-rc-function-RC_Thread01-Cycle_Bm_1_00130/Cycle_Bm_1_00130.java
TEST RESULT: Passed. Execution successful
--------------------------------------------------
TEST: test/testsuite/ouroboros/memory_management/Function/RC0164-rc-function-RC_Thread01-Cycle_Bm_1_00080/Cycle_Bm_1_00080.java
TEST RESULT: Passed. Execution successful
--------------------------------------------------
TEST: test/testsuite/ouroboros/memory_management/Function/RC0155-rc-function-RC_Thread01-Cycle_am_10020/Cycle_am_10020.java
TEST RESULT: Passed. Execution successful
--------------------------------------------------
TEST: test/testsuite/ouroboros/memory_management/Function/RC0150-rc-function-RC_Thread01-Cycle_am_00480/Cycle_am_00480.java
TEST RESULT: Passed. Execution successful
--------------------------------------------------
TEST: test/testsuite/ouroboros/memory_management/Function/RC0171-rc-function-RC_Thread01-Cycle_Bm_1_00150/Cycle_Bm_1_00150.java
TEST RESULT: Passed. Execution successful
--------------------------------------------------
TEST: test/testsuite/ouroboros/memory_management/Function/RC0165-rc-function-RC_Thread01-Cycle_Bm_1_00090/Cycle_Bm_1_00090.java
TEST RESULT: Passed. Execution successful
--------------------------------------------------
TEST: test/testsuite/ouroboros/memory_management/Function/RC0166-rc-function-RC_Thread01-Cycle_Bm_1_00100/Cycle_Bm_1_00100.java
TEST RESULT: Passed. Execution successful
--------------------------------------------------
TEST: test/testsuite/ouroboros/memory_management/Function/RC0139-rc-function-RC_Thread01-Cycle_am_00370/Cycle_am_00370.java
TEST RESULT: Passed. Execution successful
--------------------------------------------------
TEST: test/testsuite/ouroboros/memory_management/Function/RC0168-rc-function-RC_Thread01-Cycle_Bm_1_00120/Cycle_Bm_1_00120.java
TEST RESULT: Passed. Execution successful
--------------------------------------------------
TEST: test/testsuite/ouroboros/memory_management/Function/RC0176-rc-function-RC_Thread01-Cycle_Bm_1_00200/Cycle_Bm_1_00200.java
TEST RESULT: Passed. Execution successful
--------------------------------------------------
TEST: test/testsuite/ouroboros/memory_management/Function/RC0175-rc-function-RC_Thread01-Cycle_Bm_1_00190/Cycle_Bm_1_00190.java
TEST RESULT: Passed. Execution successful
--------------------------------------------------
TEST: test/testsuite/ouroboros/memory_management/Function/RC0174-rc-function-RC_Thread01-Cycle_Bm_1_00180/Cycle_Bm_1_00180.java
TEST RESULT: Passed. Execution successful
--------------------------------------------------
TEST: test/testsuite/ouroboros/memory_management/Function/RC0183-rc-function-RC_Thread01-Cycle_Bm_2_00030/Cycle_Bm_2_00030.java
TEST RESULT: Passed. Execution successful
--------------------------------------------------
TEST: test/testsuite/ouroboros/memory_management/Function/RC0178-rc-function-RC_Thread01-Cycle_Bm_1_10010/Cycle_Bm_1_10010.java
TEST RESULT: Passed. Execution successful
--------------------------------------------------
TEST: test/testsuite/ouroboros/memory_management/Function/RC0173-rc-function-RC_Thread01-Cycle_Bm_1_00170/Cycle_Bm_1_00170.java
TEST RESULT: Passed. Execution successful
--------------------------------------------------
TEST: test/testsuite/ouroboros/memory_management/Function/RC0181-rc-function-RC_Thread01-Cycle_Bm_2_00010/Cycle_Bm_2_00010.java
TEST RESULT: Passed. Execution successful
--------------------------------------------------
TEST: test/testsuite/ouroboros/memory_management/Function/RC0194-rc-function-RC_Thread01-Cycle_Bm_2_00140/Cycle_Bm_2_00140.java
TEST RESULT: Passed. Execution successful
--------------------------------------------------
TEST: test/testsuite/ouroboros/memory_management/Function/RC0182-rc-function-RC_Thread01-Cycle_Bm_2_00020/Cycle_Bm_2_00020.java
TEST RESULT: Passed. Execution successful
--------------------------------------------------
TEST: test/testsuite/ouroboros/memory_management/Function/RC0189-rc-function-RC_Thread01-Cycle_Bm_2_00090/Cycle_Bm_2_00090.java
TEST RESULT: Passed. Execution successful
--------------------------------------------------
TEST: test/testsuite/ouroboros/memory_management/Function/RC0187-rc-function-RC_Thread01-Cycle_Bm_2_00070/Cycle_Bm_2_00070.java
TEST RESULT: Passed. Execution successful
--------------------------------------------------
TEST: test/testsuite/ouroboros/memory_management/Function/RC0186-rc-function-RC_Thread01-Cycle_Bm_2_00060/Cycle_Bm_2_00060.java
TEST RESULT: Passed. Execution successful
--------------------------------------------------
TEST: test/testsuite/ouroboros/memory_management/Function/RC0190-rc-function-RC_Thread01-Cycle_Bm_2_00100/Cycle_Bm_2_00100.java
TEST RESULT: Passed. Execution successful
--------------------------------------------------
TEST: test/testsuite/ouroboros/memory_management/Function/RC0184-rc-function-RC_Thread01-Cycle_Bm_2_00040/Cycle_Bm_2_00040.java
TEST RESULT: Passed. Execution successful
--------------------------------------------------
TEST: test/testsuite/ouroboros/memory_management/Function/RC0188-rc-function-RC_Thread01-Cycle_Bm_2_00080/Cycle_Bm_2_00080.java
TEST RESULT: Passed. Execution successful
--------------------------------------------------
TEST: test/testsuite/ouroboros/memory_management/Function/RC0193-rc-function-RC_Thread01-Cycle_Bm_2_00130/Cycle_Bm_2_00130.java
TEST RESULT: Passed. Execution successful
--------------------------------------------------
TEST: test/testsuite/ouroboros/memory_management/Function/RC0195-rc-function-RC_Thread01-Cycle_Bm_2_00150/Cycle_Bm_2_00150.java
TEST RESULT: Passed. Execution successful
--------------------------------------------------
TEST: test/testsuite/ouroboros/memory_management/Function/RC0179-rc-function-RC_Thread01-Cycle_Bm_1_10020/Cycle_Bm_1_10020.java
TEST RESULT: Passed. Execution successful
--------------------------------------------------
TEST: test/testsuite/ouroboros/memory_management/Function/RC0192-rc-function-RC_Thread01-Cycle_Bm_2_00120/Cycle_Bm_2_00120.java
TEST RESULT: Passed. Execution successful
--------------------------------------------------
TEST: test/testsuite/ouroboros/memory_management/Function/RC0185-rc-function-RC_Thread01-Cycle_Bm_2_00050/Cycle_Bm_2_00050.java
TEST RESULT: Passed. Execution successful
--------------------------------------------------
TEST: test/testsuite/ouroboros/memory_management/Function/RC0180-rc-function-RC_Thread01-Cycle_Bm_1_10030/Cycle_Bm_1_10030.java
TEST RESULT: Passed. Execution successful
--------------------------------------------------
TEST: test/testsuite/ouroboros/memory_management/Function/RC0200-rc-function-RC_Thread01-Cycle_Bm_2_00200/Cycle_Bm_2_00200.java
TEST RESULT: Passed. Execution successful
--------------------------------------------------
TEST: test/testsuite/ouroboros/memory_management/Function/RC0196-rc-function-RC_Thread01-Cycle_Bm_2_00160/Cycle_Bm_2_00160.java
TEST RESULT: Passed. Execution successful
--------------------------------------------------
TEST: test/testsuite/ouroboros/memory_management/Function/RC0198-rc-function-RC_Thread01-Cycle_Bm_2_00180/Cycle_Bm_2_00180.java
TEST RESULT: Passed. Execution successful
--------------------------------------------------
TEST: test/testsuite/ouroboros/memory_management/Function/RC0191-rc-function-RC_Thread01-Cycle_Bm_2_00110/Cycle_Bm_2_00110.java
TEST RESULT: Passed. Execution successful
--------------------------------------------------
TEST: test/testsuite/ouroboros/memory_management/Function/RC0199-rc-function-RC_Thread01-Cycle_Bm_2_00190/Cycle_Bm_2_00190.java
TEST RESULT: Passed. Execution successful
--------------------------------------------------
TEST: test/testsuite/ouroboros/memory_management/Function/RC0201-rc-function-RC_Thread01-Cycle_Bm_2_00210/Cycle_Bm_2_00210.java
TEST RESULT: Passed. Execution successful
--------------------------------------------------
TEST: test/testsuite/ouroboros/memory_management/Function/RC0197-rc-function-RC_Thread01-Cycle_Bm_2_00170/Cycle_Bm_2_00170.java
TEST RESULT: Passed. Execution successful
--------------------------------------------------
TEST: test/testsuite/ouroboros/memory_management/Function/RC0202-rc-function-RC_Thread01-Cycle_Bm_2_00220/Cycle_Bm_2_00220.java
TEST RESULT: Passed. Execution successful
--------------------------------------------------
TEST: test/testsuite/ouroboros/memory_management/Function/RC0213-rc-function-RC_Thread01-Nocycle_am_00080/Nocycle_am_00080.java
TEST RESULT: Passed. Execution successful
--------------------------------------------------
TEST: test/testsuite/ouroboros/memory_management/Function/RC0208-rc-function-RC_Thread01-Nocycle_am_00030/Nocycle_am_00030.java
TEST RESULT: Passed. Execution successful
--------------------------------------------------
TEST: test/testsuite/ouroboros/memory_management/Function/RC0207-rc-function-RC_Thread01-Nocycle_am_00020/Nocycle_am_00020.java
TEST RESULT: Passed. Execution successful
--------------------------------------------------
TEST: test/testsuite/ouroboros/memory_management/Function/RC0203-rc-function-RC_Thread01-Cycle_Bm_2_00230/Cycle_Bm_2_00230.java
TEST RESULT: Passed. Execution successful
--------------------------------------------------
TEST: test/testsuite/ouroboros/memory_management/Function/RC0211-rc-function-RC_Thread01-Nocycle_am_00060/Nocycle_am_00060.java
TEST RESULT: Passed. Execution successful
--------------------------------------------------
TEST: test/testsuite/ouroboros/memory_management/Function/RC0214-rc-function-RC_Thread01-Nocycle_am_00090/Nocycle_am_00090.java
TEST RESULT: Passed. Execution successful
--------------------------------------------------
TEST: test/testsuite/ouroboros/memory_management/Function/RC0205-rc-function-RC_Thread01-Cycle_Bm_2_10240/Cycle_Bm_2_10240.java
TEST RESULT: Passed. Execution successful
--------------------------------------------------
TEST: test/testsuite/ouroboros/memory_management/Function/RC0210-rc-function-RC_Thread01-Nocycle_am_00050/Nocycle_am_00050.java
TEST RESULT: Passed. Execution successful
--------------------------------------------------
TEST: test/testsuite/ouroboros/memory_management/Function/RC0306-rc-function-SubsumeRC02/SubsumeRC02.java
TEST RESULT: Passed. Execution successful
--------------------------------------------------
TEST: test/testsuite/ouroboros/memory_management/Function/RC0212-rc-function-RC_Thread01-Nocycle_am_00070/Nocycle_am_00070.java
TEST RESULT: Passed. Execution successful
--------------------------------------------------
TEST: test/testsuite/ouroboros/memory_management/Function/RC0225-rc-function-RC_Thread01-Nocycle_am_2_00010/Nocycle_am_2_00010.java
TEST RESULT: Passed. Execution successful
--------------------------------------------------
TEST: test/testsuite/ouroboros/memory_management/Function/RC0219-rc-function-RC_Thread01-Nocycle_am_00140/Nocycle_am_00140.java
TEST RESULT: Passed. Execution successful
--------------------------------------------------
TEST: test/testsuite/ouroboros/memory_management/Function/RC0307-rc-function-SubsumeRC03/SubsumeRC03.java
TEST RESULT: Passed. Execution successful
--------------------------------------------------
TEST: test/testsuite/ouroboros/memory_management/Function/RC0258-rc-function-ROSAlloc-Alloc_31_35x8B/Alloc_31_35x8B.java
TEST RESULT: Passed. Execution successful
--------------------------------------------------
TEST: test/testsuite/ouroboros/memory_management/Function/RC0215-rc-function-RC_Thread01-Nocycle_am_00100/Nocycle_am_00100.java
TEST RESULT: Passed. Execution successful
--------------------------------------------------
TEST: test/testsuite/ouroboros/memory_management/Function/RC0254-rc-function-ROSAlloc-Alloc_21_25x8B/Alloc_21_25x8B.java
TEST RESULT: Passed. Execution successful
--------------------------------------------------
TEST: test/testsuite/ouroboros/memory_management/Function/RC0259-rc-function-ROSAlloc-Alloc_36_40x8B/Alloc_36_40x8B.java
TEST RESULT: Passed. Execution successful
--------------------------------------------------
TEST: test/testsuite/ouroboros/memory_management/Function/RC0222-rc-function-RC_Thread01-Nocycle_am_00170/Nocycle_am_00170.java
TEST RESULT: Passed. Execution successful
--------------------------------------------------
TEST: test/testsuite/ouroboros/memory_management/Function/RC0229-rc-function-RC_Thread02-RC_Thread_02/RC_Thread_02.java
TEST RESULT: Passed. Execution successful
--------------------------------------------------
TEST: test/testsuite/ouroboros/memory_management/Function/RC0305-rc-function-SubsumeRC01/SubsumeRC01.java
TEST RESULT: Passed. Execution successful
--------------------------------------------------
TEST: test/testsuite/ouroboros/memory_management/Function/RC0239-rc-function-RC_Thread02-RC_Thread_12/RC_Thread_12.java
TEST RESULT: Passed. Execution successful
--------------------------------------------------
TEST: test/testsuite/ouroboros/memory_management/Function/RC0293-rc-function-ROSAlloc-Alloc_Threadm_192x8B/Alloc_Threadm_192x8B.java
TEST RESULT: Passed. Execution successful
--------------------------------------------------
TEST: test/testsuite/ouroboros/memory_management/Function/RC0221-rc-function-RC_Thread01-Nocycle_am_00160/Nocycle_am_00160.java
TEST RESULT: Passed. Execution successful
--------------------------------------------------
TEST: test/testsuite/ouroboros/memory_management/Function/RC0242-rc-function-RC_Thread02-RC_Thread_15/RC_Thread_15.java
TEST RESULT: Passed. Execution successful
--------------------------------------------------
TEST: test/testsuite/ouroboros/memory_management/Function/RC0231-rc-function-RC_Thread02-RC_Thread_04/RC_Thread_04.java
TEST RESULT: Passed. Execution successful
--------------------------------------------------
TEST: test/testsuite/ouroboros/memory_management/Function/RC0233-rc-function-RC_Thread02-RC_Thread_06/RC_Thread_06.java
TEST RESULT: Passed. Execution successful
--------------------------------------------------
TEST: test/testsuite/ouroboros/memory_management/Function/RC0263-rc-function-ROSAlloc-Alloc_56_60x8B/Alloc_56_60x8B.java
TEST RESULT: Passed. Execution successful
--------------------------------------------------
TEST: test/testsuite/ouroboros/memory_management/Function/RC0256-rc-function-ROSAlloc-Alloc_26_30x8B/Alloc_26_30x8B.java
TEST RESULT: Passed. Execution successful
--------------------------------------------------
TEST: test/testsuite/ouroboros/memory_management/Function/RC0218-rc-function-RC_Thread01-Nocycle_am_00130/Nocycle_am_00130.java
TEST RESULT: Passed. Execution successful
--------------------------------------------------
TEST: test/testsuite/ouroboros/memory_management/Function/RC0255-rc-function-ROSAlloc-Alloc_256x8B/Alloc_256x8B.java
TEST RESULT: Passed. Execution successful
--------------------------------------------------
TEST: test/testsuite/ouroboros/memory_management/Function/RC0308-rc-function-CondBasedRC01/CondBasedRC01.java
TEST RESULT: Passed. Execution successful
--------------------------------------------------
TEST: test/testsuite/ouroboros/memory_management/Function/RC0261-rc-function-ROSAlloc-Alloc_46_50x8B/Alloc_46_50x8B.java
TEST RESULT: Passed. Execution successful
--------------------------------------------------
TEST: test/testsuite/ouroboros/memory_management/Function/RC0217-rc-function-RC_Thread01-Nocycle_am_00120/Nocycle_am_00120.java
TEST RESULT: Passed. Execution successful
--------------------------------------------------
TEST: test/testsuite/ouroboros/memory_management/Function/RC0209-rc-function-RC_Thread01-Nocycle_am_00040/Nocycle_am_00040.java
TEST RESULT: Passed. Execution successful
--------------------------------------------------
TEST: test/testsuite/ouroboros/memory_management/Function/RC0262-rc-function-ROSAlloc-Alloc_51_55x8B/Alloc_51_55x8B.java
TEST RESULT: Passed. Execution successful
--------------------------------------------------
TEST: test/testsuite/ouroboros/memory_management/Function/RC0295-rc-function-ROSAlloc-Alloc_Threadm_256x8B/Alloc_Threadm_256x8B.java
TEST RESULT: Passed. Execution successful
--------------------------------------------------
TEST: test/testsuite/ouroboros/memory_management/Function/RC0177-rc-function-RC_Thread01-Cycle_Bm_1_00210/Cycle_Bm_1_00210.java
TEST RESULT: Passed. Execution successful
--------------------------------------------------
TEST: test/testsuite/ouroboros/memory_management/Function/RC0240-rc-function-RC_Thread02-RC_Thread_13/RC_Thread_13.java
TEST RESULT: Passed. Execution successful
--------------------------------------------------
TEST: test/testsuite/ouroboros/memory_management/Function/RC0314-rc-function-Optimization-RC_staticInput_02/RC_staticInput_02.java
TEST RESULT: Passed. Execution successful
--------------------------------------------------
TEST: test/testsuite/ouroboros/memory_management/Function/RC0223-rc-function-RC_Thread01-Nocycle_am_00180/Nocycle_am_00180.java
TEST RESULT: Passed. Execution successful
--------------------------------------------------
TEST: test/testsuite/ouroboros/memory_management/Function/RC0247-rc-function-RC_Thread02-RC_Thread_20/RC_Thread_20.java
TEST RESULT: Passed. Execution successful
--------------------------------------------------
TEST: test/testsuite/ouroboros/memory_management/Function/RC0220-rc-function-RC_Thread01-Nocycle_am_00150/Nocycle_am_00150.java
TEST RESULT: Passed. Execution successful
--------------------------------------------------
TEST: test/testsuite/ouroboros/memory_management/Function/RC0251-rc-function-ROSAlloc-Alloc_128x8B/Alloc_128x8B.java
TEST RESULT: Passed. Execution successful
--------------------------------------------------
TEST: test/testsuite/ouroboros/memory_management/Function/RC0260-rc-function-ROSAlloc-Alloc_41_45x8B/Alloc_41_45x8B.java
TEST RESULT: Passed. Execution successful
--------------------------------------------------
TEST: test/testsuite/ouroboros/memory_management/Function/RC0250-rc-function-ROSAlloc-Alloc_11_15x8B/Alloc_11_15x8B.java
TEST RESULT: Passed. Execution successful
--------------------------------------------------
TEST: test/testsuite/ouroboros/memory_management/Function/RC0246-rc-function-RC_Thread02-RC_Thread_19/RC_Thread_19.java
TEST RESULT: Passed. Execution successful
--------------------------------------------------
TEST: test/testsuite/ouroboros/memory_management/Function/RC0230-rc-function-RC_Thread02-RC_Thread_03/RC_Thread_03.java
TEST RESULT: Passed. Execution successful
--------------------------------------------------
TEST: test/testsuite/ouroboros/memory_management/Function/RC0252-rc-function-ROSAlloc-Alloc_16_20x8B/Alloc_16_20x8B.java
TEST RESULT: Passed. Execution successful
--------------------------------------------------
TEST: test/testsuite/ouroboros/memory_management/Function/RC0232-rc-function-RC_Thread02-RC_Thread_05/RC_Thread_05.java
TEST RESULT: Passed. Execution successful
--------------------------------------------------
TEST: test/testsuite/ouroboros/memory_management/Function/RC0257-rc-function-ROSAlloc-Alloc_3_10x8B/Alloc_3_10x8B.java
TEST RESULT: Passed. Execution successful
--------------------------------------------------
TEST: test/testsuite/ouroboros/memory_management/Function/RC0244-rc-function-RC_Thread02-RC_Thread_17/RC_Thread_17.java
TEST RESULT: Passed. Execution successful
--------------------------------------------------
TEST: test/testsuite/ouroboros/memory_management/Function/RC0245-rc-function-RC_Thread02-RC_Thread_18/RC_Thread_18.java
TEST RESULT: Passed. Execution successful
--------------------------------------------------
TEST: test/testsuite/ouroboros/memory_management/Function/RC0235-rc-function-RC_Thread02-RC_Thread_08/RC_Thread_08.java
TEST RESULT: Passed. Execution successful
--------------------------------------------------
TEST: test/testsuite/ouroboros/memory_management/Function/RC0281-rc-function-ROSAlloc-Alloc_Thread2_64x8B/Alloc_Thread2_64x8B.java
TEST RESULT: Passed. Execution successful
--------------------------------------------------
TEST: test/testsuite/ouroboros/memory_management/Function/RC0264-rc-function-ROSAlloc-Alloc_61_64x8B/Alloc_61_64x8B.java
TEST RESULT: Passed. Execution successful
--------------------------------------------------
TEST: test/testsuite/ouroboros/memory_management/Function/RC0237-rc-function-RC_Thread02-RC_Thread_10/RC_Thread_10.java
TEST RESULT: Passed. Execution successful
--------------------------------------------------
TEST: test/testsuite/ouroboros/memory_management/Function/RC0311-rc-function-Optimization-RC_newObjectToField/RC_newObjectToField.java
TEST RESULT: Passed. Execution successful
--------------------------------------------------
TEST: test/testsuite/ouroboros/memory_management/Function/RC0234-rc-function-RC_Thread02-RC_Thread_07/RC_Thread_07.java
TEST RESULT: Passed. Execution successful
--------------------------------------------------
TEST: test/testsuite/ouroboros/memory_management/Function/RC0313-rc-function-Optimization-RC_staticInput/RC_staticInput.java
TEST RESULT: Passed. Execution successful
--------------------------------------------------
TEST: test/testsuite/ouroboros/memory_management/Function/RC0228-rc-function-RC_Thread02-RC_Thread_01/RC_Thread_01.java
TEST RESULT: Passed. Execution successful
--------------------------------------------------
TEST: test/testsuite/ouroboros/memory_management/Function/RC0310-rc-function-Optimization-RC_newObjectIassign_02/RC_newObjectIassign_02.java
TEST RESULT: Passed. Execution successful
--------------------------------------------------
TEST: test/testsuite/ouroboros/memory_management/Function/RC0309-rc-function-Optimization-RC_newObjectIassign_01/RC_newObjectIassign_01.java
TEST RESULT: Passed. Execution successful
--------------------------------------------------
TEST: test/testsuite/ouroboros/memory_management/Function/RC0241-rc-function-RC_Thread02-RC_Thread_14/RC_Thread_14.java
TEST RESULT: Passed. Execution successful
--------------------------------------------------
TEST: test/testsuite/ouroboros/memory_management/Function/RC0238-rc-function-RC_Thread02-RC_Thread_11/RC_Thread_11.java
TEST RESULT: Passed. Execution successful
--------------------------------------------------
TEST: test/testsuite/ouroboros/memory_management/Function/RC0216-rc-function-RC_Thread01-Nocycle_am_00110/Nocycle_am_00110.java
TEST RESULT: Passed. Execution successful
--------------------------------------------------
TEST: test/testsuite/ouroboros/memory_management/SoftRef/RC0431-rc-SoftRef-SoftRefTest/SoftRefTest.java
TEST RESULT: Passed. Execution successful
--------------------------------------------------
TEST: test/testsuite/ouroboros/memory_management/Function/RC0243-rc-function-RC_Thread02-RC_Thread_16/RC_Thread_16.java
TEST RESULT: Passed. Execution successful
--------------------------------------------------
TEST: test/testsuite/ouroboros/memory_management/Function/RC0153-rc-function-RC_Thread01-Cycle_am_00510/Cycle_am_00510.java
TEST RESULT: Passed. Execution successful
--------------------------------------------------
TEST: test/testsuite/ouroboros/memory_management/Function/RC0312-rc-function-Optimization-RC_newObjectToField_02/RC_newObjectToField_02.java
TEST RESULT: Passed. Execution successful
--------------------------------------------------
TEST: test/testsuite/ouroboros/memory_management/SoftRef/RC0432-rc-SoftRef-SoftRefTest02/SoftRefTest02.java
TEST RESULT: Passed. Execution successful
--------------------------------------------------
TEST: test/testsuite/ouroboros/memory_management/Function/RC0226-rc-function-RC_Thread01-Nocycle_am_2_00020/Nocycle_am_2_00020.java
TEST RESULT: Passed. Execution successful
--------------------------------------------------
TEST: test/testsuite/ouroboros/memory_management/RP/RC0355-rc-rp-simpleweakref_08/NotIsCleanerNotInDeadCycleNotSetWCBFailAtomic.java
TEST RESULT: Passed. Execution successful
--------------------------------------------------
TEST: test/testsuite/ouroboros/memory_management/Function/RC0236-rc-function-RC_Thread02-RC_Thread_09/RC_Thread_09.java
TEST RESULT: Passed. Execution successful
--------------------------------------------------
TEST: test/testsuite/ouroboros/memory_management/Function/RC0294-rc-function-ROSAlloc-Alloc_Threadm_256x8B_2/Alloc_Threadm_256x8B_2.java
TEST RESULT: Passed. Execution successful
--------------------------------------------------
TEST: test/testsuite/ouroboros/memory_management/StackScan/RC0479-rc-StackScan-CB_03/CB_03.java
TEST RESULT: Passed. Execution successful
--------------------------------------------------
TEST: test/testsuite/ouroboros/memory_management/Function/RC0204-rc-function-RC_Thread01-Cycle_Bm_2_00240/Cycle_Bm_2_00240.java
TEST RESULT: Passed. Execution successful
--------------------------------------------------
TEST: test/testsuite/ouroboros/memory_management/StackScan/RC0488-rc-StackScan-CP_Thread_03/CP_Thread_03.java
TEST RESULT: Passed. Execution successful
--------------------------------------------------
TEST: test/testsuite/ouroboros/memory_management/StackScan/RC0477-rc-StackScan-CB_01/CB_01.java
TEST RESULT: Passed. Execution successful
--------------------------------------------------
TEST: test/testsuite/ouroboros/memory_management/StackScan/RC0490-rc-StackScan-CP_Thread_05/CP_Thread_05.java
TEST RESULT: Passed. Execution successful
--------------------------------------------------
TEST: test/testsuite/ouroboros/memory_management/Function/RC0253-rc-function-ROSAlloc-Alloc_192x8B/Alloc_192x8B.java
TEST RESULT: Passed. Execution successful
--------------------------------------------------
TEST: test/testsuite/ouroboros/memory_management/StackScan/RC0481-rc-StackScan-CB_05/CB_05.java
TEST RESULT: Passed. Execution successful
--------------------------------------------------
TEST: test/testsuite/ouroboros/memory_management/StackScan/RC0491-rc-StackScan-CP_Thread_06/CP_Thread_06.java
TEST RESULT: Passed. Execution successful
--------------------------------------------------
TEST: test/testsuite/ouroboros/memory_management/StackScan/RC0478-rc-StackScan-CB_02/CB_02.java
TEST RESULT: Passed. Execution successful
--------------------------------------------------
TEST: test/testsuite/ouroboros/memory_management/StackScan/RC0485-rc-StackScan-CB_09/CB_09.java
TEST RESULT: Passed. Execution successful
--------------------------------------------------
TEST: test/testsuite/ouroboros/memory_management/Function/RC0227-rc-function-RC_Thread01-Nocycle_am_2_00030/Nocycle_am_2_00030.java
TEST RESULT: Passed. Execution successful
--------------------------------------------------
TEST: test/testsuite/ouroboros/memory_management/StackScan/RC0480-rc-StackScan-CB_04/CB_04.java
TEST RESULT: Passed. Execution successful
--------------------------------------------------
TEST: test/testsuite/ouroboros/memory_management/StackScan/RC0489-rc-StackScan-CP_Thread_04/CP_Thread_04.java
TEST RESULT: Passed. Execution successful
--------------------------------------------------
TEST: test/testsuite/ouroboros/memory_management/StackScan/RC0482-rc-StackScan-CB_06/CB_06.java
TEST RESULT: Passed. Execution successful
--------------------------------------------------
TEST: test/testsuite/ouroboros/memory_management/StackScan/RC0483-rc-StackScan-CB_07/CB_07.java
TEST RESULT: Passed. Execution successful
--------------------------------------------------
TEST: test/testsuite/ouroboros/memory_management/StackScan/RC0493-rc-StackScan-CP_Thread_08/CP_Thread_08.java
TEST RESULT: Passed. Execution successful
--------------------------------------------------
TEST: test/testsuite/ouroboros/other_test/RT0002-rt-other-ClassNativeUncover/ClassNativeUncover.java
TEST RESULT: Passed. Execution successful
--------------------------------------------------
TEST: test/testsuite/ouroboros/other_test/issue-RT0630-rt-other-ArrayNativeUncover/ArrayNativeUncover.java
TEST RESULT: Passed. Execution successful
--------------------------------------------------
TEST: test/testsuite/ouroboros/memory_management/StackScan/RC0494-rc-StackScan-CP_Thread_09/CP_Thread_09.java
TEST RESULT: Passed. Execution successful
--------------------------------------------------
TEST: test/testsuite/ouroboros/memory_management/StackScan/RC0492-rc-StackScan-CP_Thread_07/CP_Thread_07.java
TEST RESULT: Passed. Execution successful
--------------------------------------------------
TEST: test/testsuite/ouroboros/other_test/RT0006-rt-other-ThreadNativeUncover/ThreadNativeUncover.java
TEST RESULT: Passed. Execution successful
--------------------------------------------------
TEST: test/testsuite/ouroboros/other_test/RT0005-rt-other-MethodNativeUncover/MethodNativeUncover.java
TEST RESULT: Passed. Execution successful
--------------------------------------------------
TEST: test/testsuite/ouroboros/other_test/RT0001-rt-other-CharacterNativeUncover/CharacterNativeUncover.java
TEST RESULT: Passed. Execution successful
--------------------------------------------------
TEST: test/testsuite/ouroboros/parent_test/RT0013-rt-parent-CharacterExObjectgetClass/CharacterExObjectgetClass.java
TEST RESULT: Passed. Execution successful
--------------------------------------------------
TEST: test/testsuite/ouroboros/other_test/RT0007-rt-other-ThrowableNativeUncover/ThrowableNativeUncover.java
TEST RESULT: Passed. Execution successful
--------------------------------------------------
TEST: test/testsuite/ouroboros/memory_management/StackScan/RC0484-rc-StackScan-CB_08/CB_08.java
TEST RESULT: Passed. Execution successful
--------------------------------------------------
TEST: test/testsuite/ouroboros/parent_test/RT0007-rt-parent-ArrayExObjecthashCode/ArrayExObjecthashCode.java
TEST RESULT: Passed. Execution successful
--------------------------------------------------
TEST: test/testsuite/ouroboros/other_test/RT0003-rt-other-ConstructorNativeUncover/ConstructorNativeUncover.java
TEST RESULT: Passed. Execution successful
--------------------------------------------------
TEST: test/testsuite/ouroboros/parent_test/RT0005-rt-parent-AccessibleObjectExObjecttoString/AccessibleObjectExObjecttoString.java
TEST RESULT: Passed. Execution successful
--------------------------------------------------
TEST: test/testsuite/ouroboros/parent_test/RT0022-rt-parent-CharacterSubsetExObjectwaitIllegalMonitorStateException/CharacterSubsetExObjectwaitIllegalMonitorStateException.java
TEST RESULT: Passed. Execution successful
--------------------------------------------------
TEST: test/testsuite/ouroboros/parent_test/RT0001-rt-parent-AccessibleObjectExObjectequals/AccessibleObjectExObjectequals.java
TEST RESULT: Passed. Execution successful
--------------------------------------------------
TEST: test/testsuite/ouroboros/memory_management/Function/RC0224-rc-function-RC_Thread01-Nocycle_am_00190/Nocycle_am_00190.java
TEST RESULT: Passed. Execution successful
--------------------------------------------------
TEST: test/testsuite/ouroboros/parent_test/RT0002-rt-parent-AccessibleObjectExObjecthashCode/AccessibleObjectExObjecthashCode.java
TEST RESULT: Passed. Execution successful
--------------------------------------------------
TEST: test/testsuite/ouroboros/parent_test/RT0033-rt-parent-ClassLoaderExObjectwaitIllegalMonitorStateException/ClassLoaderExObjectwaitIllegalMonitorStateException.java
TEST RESULT: Passed. Execution successful
--------------------------------------------------
TEST: test/testsuite/ouroboros/parent_test/RT0015-rt-parent-CharacterExObjectwaitIllegalMonitorStateException/CharacterExObjectwaitIllegalMonitorStateException.java
TEST RESULT: Passed. Execution successful
--------------------------------------------------
TEST: test/testsuite/ouroboros/parent_test/RT0024-rt-parent-ClassExObjectHashcode/ClassExObjectHashcode.java
TEST RESULT: Passed. Execution successful
--------------------------------------------------
TEST: test/testsuite/ouroboros/parent_test/RT0010-rt-parent-ArrayExObjectwaitIllegalMonitorStateException/ArrayExObjectwaitIllegalMonitorStateException.java
TEST RESULT: Passed. Execution successful
--------------------------------------------------
TEST: test/testsuite/ouroboros/parent_test/RT0006-rt-parent-AccessibleObjectExObjectwaitIllegalMonitorStateException/AccessibleObjectExObjectwaitIllegalMonitorStateException.java
TEST RESULT: Passed. Execution successful
--------------------------------------------------
TEST: test/testsuite/ouroboros/parent_test/RT0018-rt-parent-CharacterSubsetExObjectgetClass/CharacterSubsetExObjectgetClass.java
TEST RESULT: Passed. Execution successful
--------------------------------------------------
TEST: test/testsuite/ouroboros/parent_test/RT0042-rt-parent-ConstructorExAccessibleObjectisAccessible/ConstructorExAccessibleObjectisAccessible.java
TEST RESULT: Passed. Execution successful
--------------------------------------------------
TEST: test/testsuite/ouroboros/parent_test/RT0048-rt-parent-ConstructorExExecutablegetExceptionTypes/ConstructorExExecutablegetExceptionTypes.java
TEST RESULT: Passed. Execution successful
--------------------------------------------------
TEST: test/testsuite/ouroboros/parent_test/RT0008-rt-parent-ArrayExObjectnotifyAllIllegalMonitorStateException/ArrayExObjectnotifyAllIllegalMonitorStateException.java
TEST RESULT: Passed. Execution successful
--------------------------------------------------
TEST: test/testsuite/ouroboros/parent_test/RT0063-rt-parent-FieldExAccessibleObjectsetAccessibleSecurityException/FieldExAccessibleObjectsetAccessibleSecurityException.java
TEST RESULT: Passed. Execution successful
--------------------------------------------------
TEST: test/testsuite/ouroboros/parent_test/RT0044-rt-parent-ConstructorExAccessibleObjectsetAccessibleSecurityException/ConstructorExAccessibleObjectsetAccessibleSecurityException.java
TEST RESULT: Passed. Execution successful
--------------------------------------------------
TEST: test/testsuite/ouroboros/parent_test/RT0049-rt-parent-ConstructorExExecutablegetGenericParameterTypes/ConstructorExExecutablegetGenericParameterTypes.java
TEST RESULT: Passed. Execution successful
--------------------------------------------------
TEST: test/testsuite/ouroboros/parent_test/RT0075-rt-parent-MethodExAccessibleObjectisAccessible/MethodExAccessibleObjectisAccessible.java
TEST RESULT: Passed. Execution successful
--------------------------------------------------
TEST: test/testsuite/ouroboros/parent_test/RT0076-rt-parent-MethodExAccessibleObjectisAnnotationPresentNullPointerException/MethodExAccessibleObjectisAnnotationPresentNullPointerException.java
TEST RESULT: Passed. Execution successful
--------------------------------------------------
TEST: test/testsuite/ouroboros/parent_test/RT0009-rt-parent-ArrayExObjectnotifyIllegalMonitorStateException/ArrayExObjectnotifyIllegalMonitorStateException.java
TEST RESULT: Passed. Execution successful
--------------------------------------------------
TEST: test/testsuite/ouroboros/parent_test/issue-RT0654-rt-parent-CharacterExObjectnotifyAllIllegalMonitorStateException/CharacterExObjectnotifyAllIllegalMonitorStateException.java
TEST RESULT: Passed. Execution successful
--------------------------------------------------
TEST: test/testsuite/ouroboros/parent_test/RT0053-rt-parent-ConstructorExObjectwaitIllegalMonitorStateException/ConstructorExObjectwaitIllegalMonitorStateException.java
TEST RESULT: Passed. Execution successful
--------------------------------------------------
TEST: test/testsuite/ouroboros/parent_test/RT0068-rt-parent-FieldExObjectwaitIllegalMonitorStateException/FieldExObjectwaitIllegalMonitorStateException.java
TEST RESULT: Passed. Execution successful
--------------------------------------------------
TEST: test/testsuite/ouroboros/parent_test/RT0064-rt-parent-FieldExObjectgetClass/FieldExObjectgetClass.java
TEST RESULT: Passed. Execution successful
--------------------------------------------------
TEST: test/testsuite/ouroboros/parent_test/RT0085-rt-parent-MethodExObjectwaitIllegalMonitorStateException/MethodExObjectwaitIllegalMonitorStateException.java
TEST RESULT: Passed. Execution successful
--------------------------------------------------
TEST: test/testsuite/ouroboros/parent_test/RT0061-rt-parent-FieldExAccessibleObjectisAccessible/FieldExAccessibleObjectisAccessible.java
TEST RESULT: Passed. Execution successful
--------------------------------------------------
TEST: test/testsuite/ouroboros/parent_test/RT0079-rt-parent-MethodExExecutablegetAnnotationsByTypeNullPointerException/MethodExExecutablegetAnnotationsByTypeNullPointerException.java
TEST RESULT: Passed. Execution successful
--------------------------------------------------
TEST: test/testsuite/ouroboros/parent_test/RT0077-rt-parent-MethodExAccessibleObjectSetAccessible/MethodExAccessibleObjectSetAccessible.java
TEST RESULT: Passed. Execution successful
--------------------------------------------------
TEST: test/testsuite/ouroboros/parent_test/RT0014-rt-parent-CharacterExObjectnotifyIllegalMonitorStateException/CharacterExObjectnotifyIllegalMonitorStateException.java
TEST RESULT: Passed. Execution successful
--------------------------------------------------
TEST: test/testsuite/ouroboros/parent_test/RT0081-rt-parent-MethodExExecutablegetGenericParameterTypesExceptions/MethodExExecutablegetGenericParameterTypesExceptions.java
TEST RESULT: Passed. Execution successful
--------------------------------------------------
TEST: test/testsuite/ouroboros/parent_test/RT0094-rt-parent-ParameterExObjectgetClass/ParameterExObjectgetClass.java
TEST RESULT: Passed. Execution successful
--------------------------------------------------
TEST: test/testsuite/ouroboros/parent_test/RT0105-rt-parent-ReflectPermissionExBasicPermissionimplies/ReflectPermissionExBasicPermissionimplies.java
TEST RESULT: Passed. Execution successful
--------------------------------------------------
TEST: test/testsuite/ouroboros/parent_test/RT0098-rt-parent-ProxyExObjecthashCode/ProxyExObjecthashCode.java
TEST RESULT: Passed. Execution successful
--------------------------------------------------
TEST: test/testsuite/ouroboros/parent_test/RT0102-rt-parent-ProxyExObjectwaitIllegalMonitorStateException/ProxyExObjectwaitIllegalMonitorStateException.java
TEST RESULT: Passed. Execution successful
--------------------------------------------------
TEST: test/testsuite/ouroboros/parent_test/RT0028-rt-parent-ClassExObjectwaitInterruptedException/ClassExObjectwaitInterruptedException.java
TEST RESULT: Passed. Execution successful
--------------------------------------------------
TEST: test/testsuite/ouroboros/parent_test/RT0106-rt-parent-ReflectPermissionExObjectgetClass/ReflectPermissionExObjectgetClass.java
TEST RESULT: Passed. Execution successful
--------------------------------------------------
TEST: test/testsuite/ouroboros/parent_test/issue-RT0646-rt-parent-AccessibleObjectExObjectwaitInterruptedException/AccessibleObjectExObjectwaitInterruptedException.java
TEST RESULT: Passed. Execution successful
--------------------------------------------------
TEST: test/testsuite/ouroboros/parent_test/RT0109-rt-parent-ReflectPermissionExObjecttoString/ReflectPermissionExObjecttoString.java
TEST RESULT: Passed. Execution successful
--------------------------------------------------
TEST: test/testsuite/ouroboros/parent_test/RT0017-rt-parent-CharacterExObjectwait/CharacterExObjectwait.java
TEST RESULT: Passed. Execution successful
--------------------------------------------------
TEST: test/testsuite/ouroboros/parent_test/RT0110-rt-parent-ReflectPermissionExObjectwaitIllegalMonitorStateException/ReflectPermissionExObjectwaitIllegalMonitorStateException.java
TEST RESULT: Passed. Execution successful
--------------------------------------------------
TEST: test/testsuite/ouroboros/parent_test/RT0029-rt-parent-ClassExObjectwait/ClassExObjectwait.java
TEST RESULT: Passed. Execution successful
--------------------------------------------------
TEST: test/testsuite/ouroboros/parent_test/RT0115-rt-parent-StringBufferExObjecthashCode/StringBufferExObjecthashCode.java
TEST RESULT: Passed. Execution successful
--------------------------------------------------
TEST: test/testsuite/ouroboros/memory_management/Function/RC0302-rc-function-Ref-PhantomRefTest/PhantomRefTest.java
TEST RESULT: Passed. Execution successful
--------------------------------------------------
TEST: test/testsuite/ouroboros/parent_test/RT0128-rt-parent-StringExObjectgetClass/StringExObjectgetClass.java
TEST RESULT: Passed. Execution successful
--------------------------------------------------
TEST: test/testsuite/ouroboros/parent_test/RT0114-rt-parent-StringBufferExObjectgetClass/StringBufferExObjectgetClass.java
TEST RESULT: Passed. Execution successful
--------------------------------------------------
TEST: test/testsuite/ouroboros/parent_test/RT0113-rt-parent-ReflectPermissionExPermissioncheckGuard/ReflectPermissionExPermissioncheckGuard.java
TEST RESULT: Passed. Execution successful
--------------------------------------------------
TEST: test/testsuite/ouroboros/parent_test/RT0126-rt-parent-StringBuilderExObjectwaitIllegalMonitorStateException/StringBuilderExObjectwaitIllegalMonitorStateException.java
TEST RESULT: Passed. Execution successful
--------------------------------------------------
TEST: test/testsuite/ouroboros/parent_test/RT0121-rt-parent-StringBuilderExObjectgetClass/StringBuilderExObjectgetClass.java
TEST RESULT: Passed. Execution successful
--------------------------------------------------
TEST: test/testsuite/ouroboros/parent_test/RT0122-rt-parent-StringBuilderExObjecthashCode/StringBuilderExObjecthashCode.java
TEST RESULT: Passed. Execution successful
--------------------------------------------------
TEST: test/testsuite/ouroboros/parent_test/RT0023-rt-parent-CharacterSubsetExObjectwaitInterruptedException/CharacterSubsetExObjectwaitInterruptedException.java
TEST RESULT: Passed. Execution successful
--------------------------------------------------
TEST: test/testsuite/ouroboros/parent_test/RT0011-rt-parent-ArrayExObjectwaitInterruptedException/ArrayExObjectwaitInterruptedException.java
TEST RESULT: Passed. Execution successful
--------------------------------------------------
TEST: test/testsuite/ouroboros/parent_test/RT0132-rt-parent-StringExObjectwaitIllegalMonitorStateException/StringExObjectwaitIllegalMonitorStateException.java
TEST RESULT: Passed. Execution successful
--------------------------------------------------
TEST: test/testsuite/ouroboros/parent_test/RT0016-rt-parent-CharacterExObjectwaitInterruptedException/CharacterExObjectwaitInterruptedException.java
TEST RESULT: Passed. Execution successful
--------------------------------------------------
TEST: test/testsuite/ouroboros/parent_test/RT0119-rt-parent-StringBufferExObjectwaitIllegalMonitorStateException/StringBufferExObjectwaitIllegalMonitorStateException.java
TEST RESULT: Passed. Execution successful
--------------------------------------------------
TEST: test/testsuite/ouroboros/parent_test/RT0097-rt-parent-ParameterExObjectwait/ParameterExObjectwait.java
TEST RESULT: Passed. Execution successful
--------------------------------------------------
TEST: test/testsuite/ouroboros/parent_test/RT0003-rt-parent-AccessibleObjectExObjectnotifyAllIllegalMonitorStateException/AccessibleObjectExObjectnotifyAllIllegalMonitorStateException.java
TEST RESULT: Passed. Execution successful
--------------------------------------------------
TEST: test/testsuite/ouroboros/parent_test/RT0140-rt-parent-ThreadGroupExObjectequals/ThreadGroupExObjectequals.java
TEST RESULT: Passed. Execution successful
--------------------------------------------------
TEST: test/testsuite/ouroboros/parent_test/RT0030-rt-parent-ClassLoaderExObjectnotifyAllIllegalMonitorStateException/ClassLoaderExObjectnotifyAllIllegalMonitorStateException.java
TEST RESULT: Passed. Execution successful
--------------------------------------------------
TEST: test/testsuite/ouroboros/memory_management/RP/RC0348-rc-rp-simpleweakref_01/DeadReferenceTest.java
TEST RESULT: Passed. Execution successful
--------------------------------------------------
TEST: test/testsuite/ouroboros/parent_test/RT0141-rt-parent-ThreadGroupExObjectgetClass/ThreadGroupExObjectgetClass.java
TEST RESULT: Passed. Execution successful
--------------------------------------------------
TEST: test/testsuite/ouroboros/parent_test/RT0104-rt-parent-ProxyExObjectwait/ProxyExObjectwait.java
TEST RESULT: Passed. Execution successful
--------------------------------------------------
TEST: test/testsuite/ouroboros/parent_test/RT0147-rt-parent-ThreadGroupExObjectwaitIllegalMonitorStateException/ThreadGroupExObjectwaitIllegalMonitorStateException.java
TEST RESULT: Passed. Execution successful
--------------------------------------------------
TEST: test/testsuite/ouroboros/parent_test/RT0032-rt-parent-ClassLoaderExObjectwaitIllegalArgumentException/ClassLoaderExObjectwaitIllegalArgumentException.java
TEST RESULT: Passed. Execution successful
--------------------------------------------------
TEST: test/testsuite/ouroboros/parent_test/RT0145-rt-parent-ThreadGroupExObjecttoString/ThreadGroupExObjecttoString.java
TEST RESULT: Passed. Execution successful
--------------------------------------------------
TEST: test/testsuite/ouroboros/parent_test/RT0050-rt-parent-ConstructorExObjectnotifyAllIllegalMonitorStateException/ConstructorExObjectnotifyAllIllegalMonitorStateException.java
TEST RESULT: Passed. Execution successful
--------------------------------------------------
TEST: test/testsuite/ouroboros/parent_test/RT0031-rt-parent-ClassLoaderExObjectnotifyIllegalMonitorStateException/ClassLoaderExObjectnotifyIllegalMonitorStateException.java
TEST RESULT: Passed. Execution successful
--------------------------------------------------
TEST: test/testsuite/ouroboros/parent_test/RT0020-rt-parent-CharacterSubsetExObjectnotifyIllegalMonitorStateException/CharacterSubsetExObjectnotifyIllegalMonitorStateException.java
TEST RESULT: Passed. Execution successful
--------------------------------------------------
TEST: test/testsuite/ouroboros/parent_test/RT0021-rt-parent-CharacterSubsetExObjectwaitIllegalArgumentException/CharacterSubsetExObjectwaitIllegalArgumentException.java
TEST RESULT: Passed. Execution successful
--------------------------------------------------
TEST: test/testsuite/ouroboros/parent_test/RT0142-rt-parent-ThreadGroupExObjecthashCode/ThreadGroupExObjecthashCode.java
TEST RESULT: Passed. Execution successful
--------------------------------------------------
TEST: test/testsuite/ouroboros/parent_test/RT0025-rt-parent-ClassExObjectnotifyAllIllegalMonitorStateException/ClassExObjectnotifyAllIllegalMonitorStateException.java
TEST RESULT: Passed. Execution successful
--------------------------------------------------
TEST: test/testsuite/ouroboros/parent_test/RT0004-rt-parent-AccessibleObjectExObjectnotifyIllegalMonitorStateException/AccessibleObjectExObjectnotifyIllegalMonitorStateException.java
TEST RESULT: Passed. Execution successful
--------------------------------------------------
TEST: test/testsuite/ouroboros/parent_test/RT0019-rt-parent-CharacterSubsetExObjectnotifyAllIllegalMonitorStateException/CharacterSubsetExObjectnotifyAllIllegalMonitorStateException.java
TEST RESULT: Passed. Execution successful
--------------------------------------------------
TEST: test/testsuite/ouroboros/parent_test/RT0066-rt-parent-FieldExObjectnotifyIllegalMonitorStateException/FieldExObjectnotifyIllegalMonitorStateException.java
TEST RESULT: Passed. Execution successful
--------------------------------------------------
TEST: test/testsuite/ouroboros/parent_test/RT0150-rt-parent-ThreadLocalExObjecthashCode/ThreadLocalExObjecthashCode.java
TEST RESULT: Passed. Execution successful
--------------------------------------------------
TEST: test/testsuite/ouroboros/parent_test/RT0026-rt-parent-ClassExObjectnotifyIllegalMonitorStateException/ClassExObjectnotifyIllegalMonitorStateException.java
TEST RESULT: Passed. Execution successful
--------------------------------------------------
TEST: test/testsuite/ouroboros/parent_test/RT0027-rt-parent-ClassExObjectwaitIllegalArgumentException/ClassExObjectwaitIllegalArgumentException.java
TEST RESULT: Passed. Execution successful
--------------------------------------------------
TEST: test/testsuite/ouroboros/parent_test/RT0134-rt-parent-ThreadExObjecthashCode/ThreadExObjecthashCode.java
TEST RESULT: Passed. Execution successful
--------------------------------------------------
TEST: test/testsuite/ouroboros/parent_test/RT0149-rt-parent-ThreadLocalExObjectgetClass/ThreadLocalExObjectgetClass.java
TEST RESULT: Passed. Execution successful
--------------------------------------------------
TEST: test/testsuite/ouroboros/parent_test/RT0051-rt-parent-ConstructorExObjectnotifyIllegalMonitorStateException/ConstructorExObjectnotifyIllegalMonitorStateException.java
TEST RESULT: Passed. Execution successful
--------------------------------------------------
TEST: test/testsuite/ouroboros/parent_test/RT0138-rt-parent-ThreadExObjectwaitIllegalMonitorStateException/ThreadExObjectwaitIllegalMonitorStateException.java
TEST RESULT: Passed. Execution successful
--------------------------------------------------
TEST: test/testsuite/ouroboros/parent_test/RT0067-rt-parent-FieldExObjectwaitIllegalArgumentException/FieldExObjectwaitIllegalArgumentException.java
TEST RESULT: Passed. Execution successful
--------------------------------------------------
TEST: test/testsuite/ouroboros/parent_test/RT0153-rt-parent-ThreadLocalExObjecttoString/ThreadLocalExObjecttoString.java
TEST RESULT: Passed. Execution successful
--------------------------------------------------
TEST: test/testsuite/ouroboros/parent_test/RT0157-rt-parent-ThrowableExObjecthashCode/ThrowableExObjecthashCode.java
TEST RESULT: Passed. Execution successful
--------------------------------------------------
TEST: test/testsuite/ouroboros/parent_test/RT0127-rt-parent-StringBuilderExObjectwait/StringBuilderExObjectwait.java
TEST RESULT: Passed. Execution successful
--------------------------------------------------
TEST: test/testsuite/ouroboros/parent_test/RT0111-rt-parent-ReflectPermissionExObjectwaitInterruptedException/ReflectPermissionExObjectwaitInterruptedException.java
TEST RESULT: Passed. Execution successful
--------------------------------------------------
TEST: test/testsuite/ouroboros/parent_test/RT0084-rt-parent-MethodExObjectwaitIllegalArgumentException/MethodExObjectwaitIllegalArgumentException.java
TEST RESULT: Passed. Execution successful
--------------------------------------------------
TEST: test/testsuite/ouroboros/parent_test/RT0155-rt-parent-ThreadLocalExObjectwaitIllegalMonitorStateException/ThreadLocalExObjectwaitIllegalMonitorStateException.java
TEST RESULT: Passed. Execution successful
--------------------------------------------------
TEST: test/testsuite/ouroboros/parent_test/RT0065-rt-parent-FieldExObjectnotifyAllIllegalMonitorStateException/FieldExObjectnotifyAllIllegalMonitorStateException.java
TEST RESULT: Passed. Execution successful
--------------------------------------------------
TEST: test/testsuite/ouroboros/parent_test/RT0083-rt-parent-MethodExObjectnotifyIllegalMonitorStateException/MethodExObjectnotifyIllegalMonitorStateException.java
TEST RESULT: Passed. Execution successful
--------------------------------------------------
TEST: test/testsuite/ouroboros/parent_test/RT0161-rt-parent-ThrowableExObjectwaitIllegalMonitorStateException/ThrowableExObjectwaitIllegalMonitorStateException.java
TEST RESULT: Passed. Execution successful
--------------------------------------------------
TEST: test/testsuite/ouroboros/parent_test/RT0096-rt-parent-ParameterExObjectnotifyIllegalMonitorStateException/ParameterExObjectnotifyIllegalMonitorStateException.java
TEST RESULT: Passed. Execution successful
--------------------------------------------------
TEST: test/testsuite/ouroboros/parent_test/RT0082-rt-parent-MethodExObjectnotifyAllIllegalMonitorStateException/MethodExObjectnotifyAllIllegalMonitorStateException.java
TEST RESULT: Passed. Execution successful
--------------------------------------------------
TEST: test/testsuite/ouroboros/parent_test/RT0164-rt-parent-UnicodeBlockExObjectgetClass/UnicodeBlockExObjectgetClass.java
TEST RESULT: Passed. Execution successful
--------------------------------------------------
TEST: test/testsuite/ouroboros/memory_management/Function/RC0104-rc-function-RC_Finalize_01/RC_Finalize_01.java
TEST RESULT: Passed. Execution successful
--------------------------------------------------
TEST: test/testsuite/ouroboros/parent_test/RT0095-rt-parent-ParameterExObjectnotifyAllIllegalMonitorStateException/ParameterExObjectnotifyAllIllegalMonitorStateException.java
TEST RESULT: Passed. Execution successful
--------------------------------------------------
TEST: test/testsuite/ouroboros/rc_test/common_test/RC0306-rc-function-SubsumeRC02/SubsumeRC02.java
TEST RESULT: Passed. Execution successful
--------------------------------------------------
TEST: test/testsuite/ouroboros/rc_test/common_test/RC0305-rc-function-SubsumeRC01/SubsumeRC01.java
TEST RESULT: Passed. Execution successful
--------------------------------------------------
TEST: test/testsuite/ouroboros/parent_test/RT0101-rt-parent-ProxyExObjectwaitIllegalArgumentException/ProxyExObjectwaitIllegalArgumentException.java
TEST RESULT: Passed. Execution successful
--------------------------------------------------
TEST: test/testsuite/ouroboros/parent_test/RT0100-rt-parent-ProxyExObjectnotifyIllegalMonitorStateException/ProxyExObjectnotifyIllegalMonitorStateException.java
TEST RESULT: Passed. Execution successful
--------------------------------------------------
TEST: test/testsuite/ouroboros/parent_test/RT0168-rt-parent-UnicodeBlockExObjecttoString/UnicodeBlockExObjecttoString.java
TEST RESULT: Passed. Execution successful
--------------------------------------------------
TEST: test/testsuite/ouroboros/parent_test/RT0099-rt-parent-ProxyExObjectnotifyAllIllegalMonitorStateException/ProxyExObjectnotifyAllIllegalMonitorStateException.java
TEST RESULT: Passed. Execution successful
--------------------------------------------------
TEST: test/testsuite/ouroboros/rc_test/common_test/RC0307-rc-function-SubsumeRC03/SubsumeRC03.java
TEST RESULT: Passed. Execution successful
--------------------------------------------------
TEST: test/testsuite/ouroboros/parent_test/RT0169-rt-parent-UnicodeBlockExObjectwaitIllegalMonitorStateException/UnicodeBlockExObjectwaitIllegalMonitorStateException.java
TEST RESULT: Passed. Execution successful
--------------------------------------------------
TEST: test/testsuite/ouroboros/parent_test/RT0165-rt-parent-UnicodeBlockExObjecthashCode/UnicodeBlockExObjecthashCode.java
TEST RESULT: Passed. Execution successful
--------------------------------------------------
TEST: test/testsuite/ouroboros/rc_test/common_test/RC0308-rc-function-CondBasedRC01/CondBasedRC01.java
TEST RESULT: Passed. Execution successful
--------------------------------------------------
TEST: test/testsuite/ouroboros/memory_management/Function/RC0303-rc-function-Ref-SoftRefTest/SoftRefTest.java
TEST RESULT: Passed. Execution successful
--------------------------------------------------
TEST: test/testsuite/ouroboros/parent_test/RT0108-rt-parent-ReflectPermissionExObjectnotifyIllegalMonitorStateException/ReflectPermissionExObjectnotifyIllegalMonitorStateException.java
TEST RESULT: Passed. Execution successful
--------------------------------------------------
TEST: test/testsuite/ouroboros/parent_test/RT0118-rt-parent-StringBufferExObjectwaitIllegalArgumentException/StringBufferExObjectwaitIllegalArgumentException.java
TEST RESULT: Passed. Execution successful
--------------------------------------------------
TEST: test/testsuite/ouroboros/parent_test/RT0107-rt-parent-ReflectPermissionExObjectnotifyAllIllegalMonitorStateException/ReflectPermissionExObjectnotifyAllIllegalMonitorStateException.java
TEST RESULT: Passed. Execution successful
--------------------------------------------------
TEST: test/testsuite/ouroboros/rc_test/common_test/RC0436-rc-SoftRef-SoftRefTest06/SoftRefTest06.java
TEST RESULT: Passed. Execution successful
--------------------------------------------------
TEST: test/testsuite/ouroboros/parent_test/RT0116-rt-parent-StringBufferExObjectnotifyAllIllegalMonitorStateException/StringBufferExObjectnotifyAllIllegalMonitorStateException.java
TEST RESULT: Passed. Execution successful
--------------------------------------------------
TEST: test/testsuite/ouroboros/rc_test/common_test/RC0471-rc-BindingMethod-UnsafeTest01/UnsafeTest01.java
TEST RESULT: Passed. Execution successful
--------------------------------------------------
TEST: test/testsuite/ouroboros/rc_test/common_test/RC0445-rc-PlacementRC-PlacementRCTest03/PlacementRCTest03.java
TEST RESULT: Passed. Execution successful
--------------------------------------------------
TEST: test/testsuite/ouroboros/rc_test/common_test/RC0473-rc-BindingMethod-UnsafeTest03/UnsafeTest03.java
TEST RESULT: Passed. Execution successful
--------------------------------------------------
TEST: test/testsuite/ouroboros/parent_test/RT0117-rt-parent-StringBufferExObjectnotifyIllegalMonitorStateException/StringBufferExObjectnotifyIllegalMonitorStateException.java
TEST RESULT: Passed. Execution successful
--------------------------------------------------
TEST: test/testsuite/ouroboros/parent_test/RT0130-rt-parent-StringExObjectnotifyIllegalMonitorStateException/StringExObjectnotifyIllegalMonitorStateException.java
TEST RESULT: Passed. Execution successful
--------------------------------------------------
TEST: test/testsuite/ouroboros/parent_test/RT0124-rt-parent-StringBuilderExObjectnotifyIllegalMonitorStateException/StringBuilderExObjectnotifyIllegalMonitorStateException.java
TEST RESULT: Passed. Execution successful
--------------------------------------------------
TEST: test/testsuite/ouroboros/rc_test/RC0001-rc-function-Cycle_a_00180/Cycle_a_00180.java
TEST RESULT: Passed. Execution successful
--------------------------------------------------
TEST: test/testsuite/ouroboros/rc_test/common_test/RC0472-rc-BindingMethod-UnsafeTest02/UnsafeTest02.java
TEST RESULT: Passed. Execution successful
--------------------------------------------------
TEST: test/testsuite/ouroboros/parent_test/RT0123-rt-parent-StringBuilderExObjectnotifyAllIllegalMonitorStateException/StringBuilderExObjectnotifyAllIllegalMonitorStateException.java
TEST RESULT: Passed. Execution successful
--------------------------------------------------
TEST: test/testsuite/ouroboros/rc_test/common_test/RC0474-rc-BindingMethod-UnsafeTest04/UnsafeTest04.java
TEST RESULT: Passed. Execution successful
--------------------------------------------------
TEST: test/testsuite/ouroboros/rc_test/RC0008-rc-function-Cycle_a_00250/Cycle_a_00250.java
TEST RESULT: Passed. Execution successful
--------------------------------------------------
TEST: test/testsuite/ouroboros/rc_test/RC0006-rc-function-Cycle_a_00230/Cycle_a_00230.java
TEST RESULT: Passed. Execution successful
--------------------------------------------------
TEST: test/testsuite/ouroboros/rc_test/RC0012-rc-function-Cycle_a_00290/Cycle_a_00290.java
TEST RESULT: Passed. Execution successful
--------------------------------------------------
TEST: test/testsuite/ouroboros/rc_test/RC0003-rc-function-Cycle_a_00200/Cycle_a_00200.java
TEST RESULT: Passed. Execution successful
--------------------------------------------------
TEST: test/testsuite/ouroboros/rc_test/common_test/RC0475-rc-BindingMethod-UnsafeTest05/UnsafeTest05.java
TEST RESULT: Passed. Execution successful
--------------------------------------------------
TEST: test/testsuite/ouroboros/rc_test/RC0002-rc-function-Cycle_a_00190/Cycle_a_00190.java
TEST RESULT: Passed. Execution successful
--------------------------------------------------
TEST: test/testsuite/ouroboros/rc_test/common_test/RC0476-rc-BindingMethod-UnsafeTest06/UnsafeTest06.java
TEST RESULT: Passed. Execution successful
--------------------------------------------------
TEST: test/testsuite/ouroboros/rc_test/RC0009-rc-function-Cycle_a_00260/Cycle_a_00260.java
TEST RESULT: Passed. Execution successful
--------------------------------------------------
TEST: test/testsuite/ouroboros/rc_test/RC0010-rc-function-Cycle_a_00270/Cycle_a_00270.java
TEST RESULT: Passed. Execution successful
--------------------------------------------------
TEST: test/testsuite/ouroboros/rc_test/RC0005-rc-function-Cycle_a_00220/Cycle_a_00220.java
TEST RESULT: Passed. Execution successful
--------------------------------------------------
TEST: test/testsuite/ouroboros/rc_test/RC0004-rc-function-Cycle_a_00210/Cycle_a_00210.java
TEST RESULT: Passed. Execution successful
--------------------------------------------------
TEST: test/testsuite/ouroboros/parent_test/RT0129-rt-parent-StringExObjectnotifyAllIllegalMonitorStateException/StringExObjectnotifyAllIllegalMonitorStateException.java
TEST RESULT: Passed. Execution successful
--------------------------------------------------
TEST: test/testsuite/ouroboros/parent_test/RT0125-rt-parent-StringBuilderExObjectwaitIllegalArgumentException/StringBuilderExObjectwaitIllegalArgumentException.java
TEST RESULT: Passed. Execution successful
--------------------------------------------------
TEST: test/testsuite/ouroboros/rc_test/RC0007-rc-function-Cycle_a_00240/Cycle_a_00240.java
TEST RESULT: Passed. Execution successful
--------------------------------------------------
TEST: test/testsuite/ouroboros/parent_test/RT0137-rt-parent-ThreadExObjectwaitIllegalArgumentException/ThreadExObjectwaitIllegalArgumentException.java
TEST RESULT: Passed. Execution successful
--------------------------------------------------
TEST: test/testsuite/ouroboros/parent_test/RT0143-rt-parent-ThreadGroupExObjectnotifyAllIllegalMonitorStateException/ThreadGroupExObjectnotifyAllIllegalMonitorStateException.java
TEST RESULT: Passed. Execution successful
--------------------------------------------------
TEST: test/testsuite/ouroboros/rc_test/RC0017-rc-function-Cycle_a_00340/Cycle_a_00340.java
TEST RESULT: Passed. Execution successful
--------------------------------------------------
TEST: test/testsuite/ouroboros/parent_test/RT0131-rt-parent-StringExObjectwaitIllegalArgumentException/StringExObjectwaitIllegalArgumentException.java
TEST RESULT: Passed. Execution successful
--------------------------------------------------
TEST: test/testsuite/ouroboros/rc_test/RC0011-rc-function-Cycle_a_00280/Cycle_a_00280.java
TEST RESULT: Passed. Execution successful
--------------------------------------------------
TEST: test/testsuite/ouroboros/rc_test/RC0013-rc-function-Cycle_a_00300/Cycle_a_00300.java
TEST RESULT: Passed. Execution successful
--------------------------------------------------
TEST: test/testsuite/ouroboros/rc_test/RC0015-rc-function-Cycle_a_00320/Cycle_a_00320.java
TEST RESULT: Passed. Execution successful
--------------------------------------------------
TEST: test/testsuite/ouroboros/parent_test/RT0156-rt-parent-ThreadLocalExObjectwaitInterruptedException/ThreadLocalExObjectwaitInterruptedException.java
TEST RESULT: Passed. Execution successful
--------------------------------------------------
TEST: test/testsuite/ouroboros/rc_test/RC0014-rc-function-Cycle_a_00310/Cycle_a_00310.java
TEST RESULT: Passed. Execution successful
--------------------------------------------------
TEST: test/testsuite/ouroboros/rc_test/RC0018-rc-function-Cycle_a_00350/Cycle_a_00350.java
TEST RESULT: Passed. Execution successful
--------------------------------------------------
TEST: test/testsuite/ouroboros/parent_test/RT0136-rt-parent-ThreadExObjectnotifyIllegalMonitorStateException/ThreadExObjectnotifyIllegalMonitorStateException.java
TEST RESULT: Passed. Execution successful
--------------------------------------------------
TEST: test/testsuite/ouroboros/parent_test/RT0135-rt-parent-ThreadExObjectnotifyAllIllegalMonitorStateException/ThreadExObjectnotifyAllIllegalMonitorStateException.java
TEST RESULT: Passed. Execution successful
--------------------------------------------------
TEST: test/testsuite/ouroboros/rc_test/RC0022-rc-function-Cycle_a_00390/Cycle_a_00390.java
TEST RESULT: Passed. Execution successful
--------------------------------------------------
TEST: test/testsuite/ouroboros/parent_test/RT0144-rt-parent-ThreadGroupExObjectnotifyIllegalMonitorStateException/ThreadGroupExObjectnotifyIllegalMonitorStateException.java
TEST RESULT: Passed. Execution successful
--------------------------------------------------
TEST: test/testsuite/ouroboros/memory_management/MemoryTest/RC0364-rc-Memory-leaktestsupplycase-05/RaceInLoadAndWriteWeakRef.java
TEST RESULT: Passed. Execution successful
--------------------------------------------------
TEST: test/testsuite/ouroboros/rc_test/RC0023-rc-function-Cycle_a_00400/Cycle_a_00400.java
TEST RESULT: Passed. Execution successful
--------------------------------------------------
TEST: test/testsuite/ouroboros/rc_test/RC0020-rc-function-Cycle_a_00370/Cycle_a_00370.java
TEST RESULT: Passed. Execution successful
--------------------------------------------------
TEST: test/testsuite/ouroboros/parent_test/RT0146-rt-parent-ThreadGroupExObjectwaitIllegalArgumentException/ThreadGroupExObjectwaitIllegalArgumentException.java
TEST RESULT: Passed. Execution successful
--------------------------------------------------
TEST: test/testsuite/ouroboros/rc_test/RC0024-rc-function-Cycle_a_00410/Cycle_a_00410.java
TEST RESULT: Passed. Execution successful
--------------------------------------------------
TEST: test/testsuite/ouroboros/rc_test/RC0016-rc-function-Cycle_a_00330/Cycle_a_00330.java
TEST RESULT: Passed. Execution successful
--------------------------------------------------
TEST: test/testsuite/ouroboros/rc_test/RC0019-rc-function-Cycle_a_00360/Cycle_a_00360.java
TEST RESULT: Passed. Execution successful
--------------------------------------------------
TEST: test/testsuite/ouroboros/rc_test/common_test/RC0434-rc-SoftRef-SoftRefTest04/SoftRefTest04.java
TEST RESULT: Passed. Execution successful
--------------------------------------------------
TEST: test/testsuite/ouroboros/parent_test/RT0151-rt-parent-ThreadLocalExObjectnotifyAllIllegalMonitorStateException/ThreadLocalExObjectnotifyAllIllegalMonitorStateException.java
TEST RESULT: Passed. Execution successful
--------------------------------------------------
TEST: test/testsuite/ouroboros/parent_test/RT0152-rt-parent-ThreadLocalExObjectnotifyIllegalMonitorStateException/ThreadLocalExObjectnotifyIllegalMonitorStateException.java
TEST RESULT: Passed. Execution successful
--------------------------------------------------
TEST: test/testsuite/ouroboros/rc_test/RC0021-rc-function-Cycle_a_00380/Cycle_a_00380.java
TEST RESULT: Passed. Execution successful
--------------------------------------------------
TEST: test/testsuite/ouroboros/parent_test/RT0162-rt-parent-ThrowableExObjectwaitInterruptedException/ThrowableExObjectwaitInterruptedException.java
TEST RESULT: Passed. Execution successful
--------------------------------------------------
TEST: test/testsuite/ouroboros/rc_test/RC0027-rc-function-Cycle_a_00440/Cycle_a_00440.java
TEST RESULT: Passed. Execution successful
--------------------------------------------------
TEST: test/testsuite/ouroboros/rc_test/RC0026-rc-function-Cycle_a_00430/Cycle_a_00430.java
TEST RESULT: Passed. Execution successful
--------------------------------------------------
TEST: test/testsuite/ouroboros/rc_test/RC0025-rc-function-Cycle_a_00420/Cycle_a_00420.java
TEST RESULT: Passed. Execution successful
--------------------------------------------------
TEST: test/testsuite/ouroboros/rc_test/RC0029-rc-function-Cycle_a_00460/Cycle_a_00460.java
TEST RESULT: Passed. Execution successful
--------------------------------------------------
TEST: test/testsuite/ouroboros/parent_test/RT0158-rt-parent-ThrowableExObjectnotifyAllIllegalMonitorStateException/ThrowableExObjectnotifyAllIllegalMonitorStateException.java
TEST RESULT: Passed. Execution successful
--------------------------------------------------
TEST: test/testsuite/ouroboros/rc_test/RC0036-rc-function-Cycle_B_1_00010/Cycle_B_1_00010.java
TEST RESULT: Passed. Execution successful
--------------------------------------------------
TEST: test/testsuite/ouroboros/rc_test/RC0028-rc-function-Cycle_a_00450/Cycle_a_00450.java
TEST RESULT: Passed. Execution successful
--------------------------------------------------
TEST: test/testsuite/ouroboros/rc_test/RC0031-rc-function-Cycle_a_00480/Cycle_a_00480.java
TEST RESULT: Passed. Execution successful
--------------------------------------------------
TEST: test/testsuite/ouroboros/parent_test/RT0159-rt-parent-ThrowableExObjectnotifyIllegalMonitorStateException/ThrowableExObjectnotifyIllegalMonitorStateException.java
TEST RESULT: Passed. Execution successful
--------------------------------------------------
TEST: test/testsuite/ouroboros/parent_test/RT0154-rt-parent-ThreadLocalExObjectwaitIllegalArgumentException/ThreadLocalExObjectwaitIllegalArgumentException.java
TEST RESULT: Passed. Execution successful
--------------------------------------------------
TEST: test/testsuite/ouroboros/rc_test/RC0038-rc-function-Cycle_B_1_00030/Cycle_B_1_00030.java
TEST RESULT: Passed. Execution successful
--------------------------------------------------
TEST: test/testsuite/ouroboros/rc_test/RC0041-rc-function-Cycle_B_1_00060/Cycle_B_1_00060.java
TEST RESULT: Passed. Execution successful
--------------------------------------------------
TEST: test/testsuite/ouroboros/rc_test/RC0040-rc-function-Cycle_B_1_00050/Cycle_B_1_00050.java
TEST RESULT: Passed. Execution successful
--------------------------------------------------
TEST: test/testsuite/ouroboros/rc_test/RC0030-rc-function-Cycle_a_00470/Cycle_a_00470.java
TEST RESULT: Passed. Execution successful
--------------------------------------------------
TEST: test/testsuite/ouroboros/rc_test/RC0033-rc-function-Cycle_a_00500/Cycle_a_00500.java
TEST RESULT: Passed. Execution successful
--------------------------------------------------
TEST: test/testsuite/ouroboros/rc_test/RC0035-rc-function-Cycle_a_10020/Cycle_a_10020.java
TEST RESULT: Passed. Execution successful
--------------------------------------------------
TEST: test/testsuite/ouroboros/rc_test/RC0032-rc-function-Cycle_a_00490/Cycle_a_00490.java
TEST RESULT: Passed. Execution successful
--------------------------------------------------
TEST: test/testsuite/ouroboros/parent_test/RT0160-rt-parent-ThrowableExObjectwaitIllegalArgumentException/ThrowableExObjectwaitIllegalArgumentException.java
TEST RESULT: Passed. Execution successful
--------------------------------------------------
TEST: test/testsuite/ouroboros/rc_test/RC0034-rc-function-Cycle_a_10010/Cycle_a_10010.java
TEST RESULT: Passed. Execution successful
--------------------------------------------------
TEST: test/testsuite/ouroboros/rc_test/RC0037-rc-function-Cycle_B_1_00020/Cycle_B_1_00020.java
TEST RESULT: Passed. Execution successful
--------------------------------------------------
TEST: test/testsuite/ouroboros/rc_test/RC0039-rc-function-Cycle_B_1_00040/Cycle_B_1_00040.java
TEST RESULT: Passed. Execution successful
--------------------------------------------------
TEST: test/testsuite/ouroboros/parent_test/RT0166-rt-parent-UnicodeBlockExObjectnotifyAllIllegalMonitorStateException/UnicodeBlockExObjectnotifyAllIllegalMonitorStateException.java
TEST RESULT: Passed. Execution successful
--------------------------------------------------
TEST: test/testsuite/ouroboros/rc_test/RC0042-rc-function-Cycle_B_1_00070/Cycle_B_1_00070.java
TEST RESULT: Passed. Execution successful
--------------------------------------------------
TEST: test/testsuite/ouroboros/rc_test/RC0044-rc-function-Cycle_B_1_00090/Cycle_B_1_00090.java
TEST RESULT: Passed. Execution successful
--------------------------------------------------
TEST: test/testsuite/ouroboros/rc_test/RC0043-rc-function-Cycle_B_1_00080/Cycle_B_1_00080.java
TEST RESULT: Passed. Execution successful
--------------------------------------------------
TEST: test/testsuite/ouroboros/parent_test/RT0167-rt-parent-UnicodeBlockExObjectnotifyIllegalMonitorStateException/UnicodeBlockExObjectnotifyIllegalMonitorStateException.java
TEST RESULT: Passed. Execution successful
--------------------------------------------------
TEST: test/testsuite/ouroboros/rc_test/RC0046-rc-function-Cycle_B_1_00110/Cycle_B_1_00110.java
TEST RESULT: Passed. Execution successful
--------------------------------------------------
TEST: test/testsuite/ouroboros/rc_test/RC0051-rc-function-Cycle_B_1_00160/Cycle_B_1_00160.java
TEST RESULT: Passed. Execution successful
--------------------------------------------------
TEST: test/testsuite/ouroboros/rc_test/RC0049-rc-function-Cycle_B_1_00140/Cycle_B_1_00140.java
TEST RESULT: Passed. Execution successful
--------------------------------------------------
TEST: test/testsuite/ouroboros/rc_test/RC0045-rc-function-Cycle_B_1_00100/Cycle_B_1_00100.java
TEST RESULT: Passed. Execution successful
--------------------------------------------------
TEST: test/testsuite/ouroboros/rc_test/RC0047-rc-function-Cycle_B_1_00120/Cycle_B_1_00120.java
TEST RESULT: Passed. Execution successful
--------------------------------------------------
TEST: test/testsuite/ouroboros/rc_test/RC0059-rc-function-Cycle_B_2_00020/Cycle_B_2_00020.java
TEST RESULT: Passed. Execution successful
--------------------------------------------------
TEST: test/testsuite/ouroboros/rc_test/RC0052-rc-function-Cycle_B_1_00170/Cycle_B_1_00170.java
TEST RESULT: Passed. Execution successful
--------------------------------------------------
TEST: test/testsuite/ouroboros/rc_test/RC0053-rc-function-Cycle_B_1_00180/Cycle_B_1_00180.java
TEST RESULT: Passed. Execution successful
--------------------------------------------------
TEST: test/testsuite/ouroboros/rc_test/RC0054-rc-function-Cycle_B_1_00190/Cycle_B_1_00190.java
TEST RESULT: Passed. Execution successful
--------------------------------------------------
TEST: test/testsuite/ouroboros/rc_test/RC0061-rc-function-Cycle_B_2_00040/Cycle_B_2_00040.java
TEST RESULT: Passed. Execution successful
--------------------------------------------------
TEST: test/testsuite/ouroboros/rc_test/RC0048-rc-function-Cycle_B_1_00130/Cycle_B_1_00130.java
TEST RESULT: Passed. Execution successful
--------------------------------------------------
TEST: test/testsuite/ouroboros/rc_test/RC0064-rc-function-Cycle_B_2_00070/Cycle_B_2_00070.java
TEST RESULT: Passed. Execution successful
--------------------------------------------------
TEST: test/testsuite/ouroboros/rc_test/RC0058-rc-function-Cycle_B_2_00010/Cycle_B_2_00010.java
TEST RESULT: Passed. Execution successful
--------------------------------------------------
TEST: test/testsuite/ouroboros/rc_test/RC0050-rc-function-Cycle_B_1_00150/Cycle_B_1_00150.java
TEST RESULT: Passed. Execution successful
--------------------------------------------------
TEST: test/testsuite/ouroboros/rc_test/RC0055-rc-function-Cycle_B_1_00200/Cycle_B_1_00200.java
TEST RESULT: Passed. Execution successful
--------------------------------------------------
TEST: test/testsuite/ouroboros/rc_test/RC0063-rc-function-Cycle_B_2_00060/Cycle_B_2_00060.java
TEST RESULT: Passed. Execution successful
--------------------------------------------------
TEST: test/testsuite/ouroboros/rc_test/RC0056-rc-function-Cycle_B_1_10010/Cycle_B_1_10010.java
TEST RESULT: Passed. Execution successful
--------------------------------------------------
TEST: test/testsuite/ouroboros/rc_test/RC0068-rc-function-Cycle_B_2_00110/Cycle_B_2_00110.java
TEST RESULT: Passed. Execution successful
--------------------------------------------------
TEST: test/testsuite/ouroboros/rc_test/RC0062-rc-function-Cycle_B_2_00050/Cycle_B_2_00050.java
TEST RESULT: Passed. Execution successful
--------------------------------------------------
TEST: test/testsuite/ouroboros/rc_test/RC0057-rc-function-Cycle_B_1_10020/Cycle_B_1_10020.java
TEST RESULT: Passed. Execution successful
--------------------------------------------------
TEST: test/testsuite/ouroboros/rc_test/RC0060-rc-function-Cycle_B_2_00030/Cycle_B_2_00030.java
TEST RESULT: Passed. Execution successful
--------------------------------------------------
TEST: test/testsuite/ouroboros/rc_test/RC0067-rc-function-Cycle_B_2_00100/Cycle_B_2_00100.java
TEST RESULT: Passed. Execution successful
--------------------------------------------------
TEST: test/testsuite/ouroboros/rc_test/RC0066-rc-function-Cycle_B_2_00090/Cycle_B_2_00090.java
TEST RESULT: Passed. Execution successful
--------------------------------------------------
TEST: test/testsuite/ouroboros/rc_test/RC0065-rc-function-Cycle_B_2_00080/Cycle_B_2_00080.java
TEST RESULT: Passed. Execution successful
--------------------------------------------------
TEST: test/testsuite/ouroboros/rc_test/RC0071-rc-function-Cycle_B_2_00140/Cycle_B_2_00140.java
TEST RESULT: Passed. Execution successful
--------------------------------------------------
TEST: test/testsuite/ouroboros/parent_test/RT0012-rt-parent-ArrayExObjectwait/ArrayExObjectwait.java
TEST RESULT: Passed. Execution successful
--------------------------------------------------
TEST: test/testsuite/ouroboros/rc_test/RC0072-rc-function-Cycle_B_2_00150/Cycle_B_2_00150.java
TEST RESULT: Passed. Execution successful
--------------------------------------------------
TEST: test/testsuite/ouroboros/rc_test/RC0077-rc-function-Cycle_B_2_00200/Cycle_B_2_00200.java
TEST RESULT: Passed. Execution successful
--------------------------------------------------
TEST: test/testsuite/ouroboros/rc_test/RC0069-rc-function-Cycle_B_2_00120/Cycle_B_2_00120.java
TEST RESULT: Passed. Execution successful
--------------------------------------------------
TEST: test/testsuite/ouroboros/rc_test/RC0070-rc-function-Cycle_B_2_00130/Cycle_B_2_00130.java
TEST RESULT: Passed. Execution successful
--------------------------------------------------
TEST: test/testsuite/ouroboros/rc_test/RC0074-rc-function-Cycle_B_2_00170/Cycle_B_2_00170.java
TEST RESULT: Passed. Execution successful
--------------------------------------------------
TEST: test/testsuite/ouroboros/parent_test/RT0035-rt-parent-ClassLoaderExObjectwait/ClassLoaderExObjectwait.java
TEST RESULT: Passed. Execution successful
--------------------------------------------------
TEST: test/testsuite/ouroboros/rc_test/RC0078-rc-function-Cycle_B_2_00210/Cycle_B_2_00210.java
TEST RESULT: Passed. Execution successful
--------------------------------------------------
TEST: test/testsuite/ouroboros/rc_test/RC0075-rc-function-Cycle_B_2_00180/Cycle_B_2_00180.java
TEST RESULT: Passed. Execution successful
--------------------------------------------------
TEST: test/testsuite/ouroboros/rc_test/RC0083-rc-function-Nocycle_a_00020/Nocycle_a_00020.java
TEST RESULT: Passed. Execution successful
--------------------------------------------------
TEST: test/testsuite/ouroboros/rc_test/RC0093-rc-function-Nocycle_a_00120/Nocycle_a_00120.java
TEST RESULT: Passed. Execution successful
--------------------------------------------------
TEST: test/testsuite/ouroboros/rc_test/RC0073-rc-function-Cycle_B_2_00160/Cycle_B_2_00160.java
TEST RESULT: Passed. Execution successful
--------------------------------------------------
TEST: test/testsuite/ouroboros/parent_test/RT0034-rt-parent-ClassLoaderExObjectwaitInterruptedException/ClassLoaderExObjectwaitInterruptedException.java
TEST RESULT: Passed. Execution successful
--------------------------------------------------
TEST: test/testsuite/ouroboros/rc_test/RC0089-rc-function-Nocycle_a_00080/Nocycle_a_00080.java
TEST RESULT: Passed. Execution successful
--------------------------------------------------
TEST: test/testsuite/ouroboros/rc_test/RC0076-rc-function-Cycle_B_2_00190/Cycle_B_2_00190.java
TEST RESULT: Passed. Execution successful
--------------------------------------------------
TEST: test/testsuite/ouroboros/parent_test/RT0055-rt-parent-ConstructorExObjectwait/ConstructorExObjectwait.java
TEST RESULT: Passed. Execution successful
--------------------------------------------------
TEST: test/testsuite/ouroboros/rc_test/RC0090-rc-function-Nocycle_a_00090/Nocycle_a_00090.java
TEST RESULT: Passed. Execution successful
--------------------------------------------------
TEST: test/testsuite/ouroboros/rc_test/RC0084-rc-function-Nocycle_a_00030/Nocycle_a_00030.java
TEST RESULT: Passed. Execution successful
--------------------------------------------------
TEST: test/testsuite/ouroboros/rc_test/RC0079-rc-function-Cycle_B_2_00220/Cycle_B_2_00220.java
TEST RESULT: Passed. Execution successful
--------------------------------------------------
TEST: test/testsuite/ouroboros/rc_test/RC0087-rc-function-Nocycle_a_00060/Nocycle_a_00060.java
TEST RESULT: Passed. Execution successful
--------------------------------------------------
TEST: test/testsuite/ouroboros/rc_test/RC0092-rc-function-Nocycle_a_00110/Nocycle_a_00110.java
TEST RESULT: Passed. Execution successful
--------------------------------------------------
TEST: test/testsuite/ouroboros/rc_test/RC0082-rc-function-Nocycle_a_00010/Nocycle_a_00010.java
TEST RESULT: Passed. Execution successful
--------------------------------------------------
TEST: test/testsuite/ouroboros/rc_test/RC0080-rc-function-Cycle_B_2_00230/Cycle_B_2_00230.java
TEST RESULT: Passed. Execution successful
--------------------------------------------------
TEST: test/testsuite/ouroboros/rc_test/RC0081-rc-function-Cycle_B_2_00240/Cycle_B_2_00240.java
TEST RESULT: Passed. Execution successful
--------------------------------------------------
TEST: test/testsuite/ouroboros/parent_test/RT0069-rt-parent-FieldExObjectwaitInterruptedException/FieldExObjectwaitInterruptedException.java
TEST RESULT: Passed. Execution successful
--------------------------------------------------
TEST: test/testsuite/ouroboros/rc_test/RC0085-rc-function-Nocycle_a_00040/Nocycle_a_00040.java
TEST RESULT: Passed. Execution successful
--------------------------------------------------
TEST: test/testsuite/ouroboros/rc_test/RC0102-rc-function-RC_basic/RC_basic.java
TEST RESULT: Passed. Execution successful
--------------------------------------------------
TEST: test/testsuite/ouroboros/rc_test/RC0105-rc-function-RC_flow/RC_flow.java
TEST RESULT: Passed. Execution successful
--------------------------------------------------
TEST: test/testsuite/ouroboros/rc_test/RC0097-rc-function-Nocycle_a_00160/Nocycle_a_00160.java
TEST RESULT: Passed. Execution successful
--------------------------------------------------
TEST: test/testsuite/ouroboros/rc_test/RC0100-rc-function-Nocycle_a_2_00010/Nocycle_a_2_00010.java
TEST RESULT: Passed. Execution successful
--------------------------------------------------
TEST: test/testsuite/ouroboros/rc_test/RC0096-rc-function-Nocycle_a_00150/Nocycle_a_00150.java
TEST RESULT: Passed. Execution successful
--------------------------------------------------
TEST: test/testsuite/ouroboros/rc_test/RC0109-rc-function-RC_Dec-Cycle_BDec_00010/Cycle_BDec_00010.java
TEST RESULT: Passed. Execution successful
--------------------------------------------------
TEST: test/testsuite/ouroboros/rc_test/RC0095-rc-function-Nocycle_a_00140/Nocycle_a_00140.java
TEST RESULT: Passed. Execution successful
--------------------------------------------------
TEST: test/testsuite/ouroboros/rc_test/RC0111-rc-function-RC_Dec-Cycle_BDec_00030/Cycle_BDec_00030.java
TEST RESULT: Passed. Execution successful
--------------------------------------------------
TEST: test/testsuite/ouroboros/parent_test/RT0086-rt-parent-MethodExObjectwaitInterruptedException/MethodExObjectwaitInterruptedException.java
TEST RESULT: Passed. Execution successful
--------------------------------------------------
TEST: test/testsuite/ouroboros/rc_test/RC0091-rc-function-Nocycle_a_00100/Nocycle_a_00100.java
TEST RESULT: Passed. Execution successful
--------------------------------------------------
TEST: test/testsuite/ouroboros/rc_test/RC0086-rc-function-Nocycle_a_00050/Nocycle_a_00050.java
TEST RESULT: Passed. Execution successful
--------------------------------------------------
TEST: test/testsuite/ouroboros/rc_test/RC0107-rc-function-RC_Dec-Cycle_aDec_00010/Cycle_aDec_00010.java
TEST RESULT: Passed. Execution successful
--------------------------------------------------
TEST: test/testsuite/ouroboros/parent_test/RT0070-rt-parent-FieldExObjectwait/FieldExObjectwait.java
TEST RESULT: Passed. Execution successful
--------------------------------------------------
TEST: test/testsuite/ouroboros/rc_test/RC0094-rc-function-Nocycle_a_00130/Nocycle_a_00130.java
TEST RESULT: Passed. Execution successful
--------------------------------------------------
TEST: test/testsuite/ouroboros/rc_test/RC0108-rc-function-RC_Dec-Cycle_aDec_00020/Cycle_aDec_00020.java
TEST RESULT: Passed. Execution successful
--------------------------------------------------
TEST: test/testsuite/ouroboros/rc_test/RC0098-rc-function-Nocycle_a_00170/Nocycle_a_00170.java
TEST RESULT: Passed. Execution successful
--------------------------------------------------
TEST: test/testsuite/ouroboros/rc_test/RC0112-rc-function-RC_Dec-Cycle_BDec_00040/Cycle_BDec_00040.java
TEST RESULT: Passed. Execution successful
--------------------------------------------------
TEST: test/testsuite/ouroboros/rc_test/RC0088-rc-function-Nocycle_a_00070/Nocycle_a_00070.java
TEST RESULT: Passed. Execution successful
--------------------------------------------------
TEST: test/testsuite/ouroboros/rc_test/RC0106-rc-function-RC_multest/RC_multest.java
TEST RESULT: Passed. Execution successful
--------------------------------------------------
TEST: test/testsuite/ouroboros/rc_test/RC0110-rc-function-RC_Dec-Cycle_BDec_00020/Cycle_BDec_00020.java
TEST RESULT: Passed. Execution successful
--------------------------------------------------
TEST: test/testsuite/ouroboros/rc_test/RC0115-rc-function-RC_Dec-Nocycle_aDec_00020/Nocycle_aDec_00020.java
TEST RESULT: Passed. Execution successful
--------------------------------------------------
TEST: test/testsuite/ouroboros/rc_test/RC0099-rc-function-Nocycle_a_00180/Nocycle_a_00180.java
TEST RESULT: Passed. Execution successful
--------------------------------------------------
TEST: test/testsuite/ouroboros/rc_test/RC0103-rc-function-RC_eh_01/RC_eh_01.java
TEST RESULT: Passed. Execution successful
--------------------------------------------------
TEST: test/testsuite/ouroboros/parent_test/RT0087-rt-parent-MethodExObjectwait/MethodExObjectwait.java
TEST RESULT: Passed. Execution successful
--------------------------------------------------
TEST: test/testsuite/ouroboros/rc_test/RC0101-rc-function-Nocycle_a_2_00020/Nocycle_a_2_00020.java
TEST RESULT: Passed. Execution successful
--------------------------------------------------
TEST: test/testsuite/ouroboros/rc_test/RC0116-rc-function-RC_Dec-Nocycle_aDec_00030/Nocycle_aDec_00030.java
TEST RESULT: Passed. Execution successful
--------------------------------------------------
TEST: test/testsuite/ouroboros/rc_test/RC0113-rc-function-RC_Dec-Cycle_BDec_00050/Cycle_BDec_00050.java
TEST RESULT: Passed. Execution successful
--------------------------------------------------
TEST: test/testsuite/ouroboros/rc_test/RC0118-rc-function-RC_Dec-Nocycle_aDec_00050/Nocycle_aDec_00050.java
TEST RESULT: Passed. Execution successful
--------------------------------------------------
TEST: test/testsuite/ouroboros/rc_test/RC0119-rc-function-RC_Dec-Nocycle_aDec_00060/Nocycle_aDec_00060.java
TEST RESULT: Passed. Execution successful
--------------------------------------------------
TEST: test/testsuite/ouroboros/rc_test/RC0114-rc-function-RC_Dec-Nocycle_aDec_00010/Nocycle_aDec_00010.java
TEST RESULT: Passed. Execution successful
--------------------------------------------------
TEST: test/testsuite/ouroboros/rc_test/RC0123-rc-function-RC_Thread01-Cycle_am_00210/Cycle_am_00210.java
TEST RESULT: Passed. Execution successful
--------------------------------------------------
TEST: test/testsuite/ouroboros/parent_test/RT0120-rt-parent-StringBufferExObjectwait/StringBufferExObjectwait.java
TEST RESULT: Passed. Execution successful
--------------------------------------------------
TEST: test/testsuite/ouroboros/rc_test/RC0117-rc-function-RC_Dec-Nocycle_aDec_00040/Nocycle_aDec_00040.java
TEST RESULT: Passed. Execution successful
--------------------------------------------------
TEST: test/testsuite/ouroboros/parent_test/RT0112-rt-parent-ReflectPermissionExObjectwait/ReflectPermissionExObjectwait.java
TEST RESULT: Passed. Execution successful
--------------------------------------------------
TEST: test/testsuite/ouroboros/rc_test/RC0126-rc-function-RC_Thread01-Cycle_am_00240/Cycle_am_00240.java
TEST RESULT: Passed. Execution successful
--------------------------------------------------
TEST: test/testsuite/ouroboros/rc_test/RC0121-rc-function-RC_Thread01-Cycle_am_00190/Cycle_am_00190.java
TEST RESULT: Passed. Execution successful
--------------------------------------------------
TEST: test/testsuite/ouroboros/rc_test/RC0122-rc-function-RC_Thread01-Cycle_am_00200/Cycle_am_00200.java
TEST RESULT: Passed. Execution successful
--------------------------------------------------
TEST: test/testsuite/ouroboros/rc_test/RC0132-rc-function-RC_Thread01-Cycle_am_00300/Cycle_am_00300.java
TEST RESULT: Passed. Execution successful
--------------------------------------------------
TEST: test/testsuite/ouroboros/rc_test/RC0129-rc-function-RC_Thread01-Cycle_am_00270/Cycle_am_00270.java
TEST RESULT: Passed. Execution successful
--------------------------------------------------
TEST: test/testsuite/ouroboros/rc_test/RC0128-rc-function-RC_Thread01-Cycle_am_00260/Cycle_am_00260.java
TEST RESULT: Passed. Execution successful
--------------------------------------------------
TEST: test/testsuite/ouroboros/rc_test/RC0127-rc-function-RC_Thread01-Cycle_am_00250/Cycle_am_00250.java
TEST RESULT: Passed. Execution successful
--------------------------------------------------
TEST: test/testsuite/ouroboros/rc_test/RC0131-rc-function-RC_Thread01-Cycle_am_00290/Cycle_am_00290.java
TEST RESULT: Passed. Execution successful
--------------------------------------------------
TEST: test/testsuite/ouroboros/rc_test/RC0120-rc-function-RC_Thread01-Cycle_am_00180/Cycle_am_00180.java
TEST RESULT: Passed. Execution successful
--------------------------------------------------
TEST: test/testsuite/ouroboros/rc_test/RC0124-rc-function-RC_Thread01-Cycle_am_00220/Cycle_am_00220.java
TEST RESULT: Passed. Execution successful
--------------------------------------------------
TEST: test/testsuite/ouroboros/rc_test/RC0125-rc-function-RC_Thread01-Cycle_am_00230/Cycle_am_00230.java
TEST RESULT: Passed. Execution successful
--------------------------------------------------
TEST: test/testsuite/ouroboros/rc_test/RC0133-rc-function-RC_Thread01-Cycle_am_00310/Cycle_am_00310.java
TEST RESULT: Passed. Execution successful
--------------------------------------------------
TEST: test/testsuite/ouroboros/rc_test/RC0141-rc-function-RC_Thread01-Cycle_am_00390/Cycle_am_00390.java
TEST RESULT: Passed. Execution successful
--------------------------------------------------
TEST: test/testsuite/ouroboros/rc_test/RC0142-rc-function-RC_Thread01-Cycle_am_00400/Cycle_am_00400.java
TEST RESULT: Passed. Execution successful
--------------------------------------------------
TEST: test/testsuite/ouroboros/rc_test/RC0134-rc-function-RC_Thread01-Cycle_am_00320/Cycle_am_00320.java
TEST RESULT: Passed. Execution successful
--------------------------------------------------
TEST: test/testsuite/ouroboros/parent_test/RT0133-rt-parent-StringExObjectwait/StringExObjectwait.java
TEST RESULT: Passed. Execution successful
--------------------------------------------------
TEST: test/testsuite/ouroboros/rc_test/RC0140-rc-function-RC_Thread01-Cycle_am_00380/Cycle_am_00380.java
TEST RESULT: Passed. Execution successful
--------------------------------------------------
TEST: test/testsuite/ouroboros/parent_test/RT0139-rt-parent-ThreadExObjectwait/ThreadExObjectwait.java
TEST RESULT: Passed. Execution successful
--------------------------------------------------
TEST: test/testsuite/ouroboros/rc_test/RC0130-rc-function-RC_Thread01-Cycle_am_00280/Cycle_am_00280.java
TEST RESULT: Passed. Execution successful
--------------------------------------------------
TEST: test/testsuite/ouroboros/rc_test/RC0149-rc-function-RC_Thread01-Cycle_am_00470/Cycle_am_00470.java
TEST RESULT: Passed. Execution successful
--------------------------------------------------
TEST: test/testsuite/ouroboros/rc_test/RC0135-rc-function-RC_Thread01-Cycle_am_00330/Cycle_am_00330.java
TEST RESULT: Passed. Execution successful
--------------------------------------------------
TEST: test/testsuite/ouroboros/rc_test/RC0144-rc-function-RC_Thread01-Cycle_am_00420/Cycle_am_00420.java
TEST RESULT: Passed. Execution successful
--------------------------------------------------
TEST: test/testsuite/ouroboros/rc_test/RC0157-rc-function-RC_Thread01-Cycle_Bm_1_00010/Cycle_Bm_1_00010.java
TEST RESULT: Passed. Execution successful
--------------------------------------------------
TEST: test/testsuite/ouroboros/rc_test/RC0136-rc-function-RC_Thread01-Cycle_am_00340/Cycle_am_00340.java
TEST RESULT: Passed. Execution successful
--------------------------------------------------
TEST: test/testsuite/ouroboros/rc_test/RC0146-rc-function-RC_Thread01-Cycle_am_00440/Cycle_am_00440.java
TEST RESULT: Passed. Execution successful
--------------------------------------------------
TEST: test/testsuite/ouroboros/rc_test/RC0137-rc-function-RC_Thread01-Cycle_am_00350/Cycle_am_00350.java
TEST RESULT: Passed. Execution successful
--------------------------------------------------
TEST: test/testsuite/ouroboros/rc_test/RC0138-rc-function-RC_Thread01-Cycle_am_00360/Cycle_am_00360.java
TEST RESULT: Passed. Execution successful
--------------------------------------------------
TEST: test/testsuite/ouroboros/rc_test/RC0145-rc-function-RC_Thread01-Cycle_am_00430/Cycle_am_00430.java
TEST RESULT: Passed. Execution successful
--------------------------------------------------
TEST: test/testsuite/ouroboros/rc_test/RC0143-rc-function-RC_Thread01-Cycle_am_00410/Cycle_am_00410.java
TEST RESULT: Passed. Execution successful
--------------------------------------------------
TEST: test/testsuite/ouroboros/rc_test/RC0160-rc-function-RC_Thread01-Cycle_Bm_1_00040/Cycle_Bm_1_00040.java
TEST RESULT: Passed. Execution successful
--------------------------------------------------
TEST: test/testsuite/ouroboros/rc_test/RC0139-rc-function-RC_Thread01-Cycle_am_00370/Cycle_am_00370.java
TEST RESULT: Passed. Execution successful
--------------------------------------------------
TEST: test/testsuite/ouroboros/rc_test/RC0150-rc-function-RC_Thread01-Cycle_am_00480/Cycle_am_00480.java
TEST RESULT: Passed. Execution successful
--------------------------------------------------
TEST: test/testsuite/ouroboros/rc_test/RC0163-rc-function-RC_Thread01-Cycle_Bm_1_00070/Cycle_Bm_1_00070.java
TEST RESULT: Passed. Execution successful
--------------------------------------------------
TEST: test/testsuite/ouroboros/rc_test/RC0148-rc-function-RC_Thread01-Cycle_am_00460/Cycle_am_00460.java
TEST RESULT: Passed. Execution successful
--------------------------------------------------
TEST: test/testsuite/ouroboros/rc_test/RC0147-rc-function-RC_Thread01-Cycle_am_00450/Cycle_am_00450.java
TEST RESULT: Passed. Execution successful
--------------------------------------------------
TEST: test/testsuite/ouroboros/rc_test/RC0165-rc-function-RC_Thread01-Cycle_Bm_1_00090/Cycle_Bm_1_00090.java
TEST RESULT: Passed. Execution successful
--------------------------------------------------
TEST: test/testsuite/ouroboros/rc_test/RC0158-rc-function-RC_Thread01-Cycle_Bm_1_00020/Cycle_Bm_1_00020.java
TEST RESULT: Passed. Execution successful
--------------------------------------------------
TEST: test/testsuite/ouroboros/rc_test/RC0172-rc-function-RC_Thread01-Cycle_Bm_1_00160/Cycle_Bm_1_00160.java
TEST RESULT: Passed. Execution successful
--------------------------------------------------
TEST: test/testsuite/ouroboros/rc_test/RC0161-rc-function-RC_Thread01-Cycle_Bm_1_00050/Cycle_Bm_1_00050.java
TEST RESULT: Passed. Execution successful
--------------------------------------------------
TEST: test/testsuite/ouroboros/rc_test/RC0152-rc-function-RC_Thread01-Cycle_am_00500/Cycle_am_00500.java
TEST RESULT: Passed. Execution successful
--------------------------------------------------
TEST: test/testsuite/ouroboros/rc_test/RC0162-rc-function-RC_Thread01-Cycle_Bm_1_00060/Cycle_Bm_1_00060.java
TEST RESULT: Passed. Execution successful
--------------------------------------------------
TEST: test/testsuite/ouroboros/rc_test/RC0175-rc-function-RC_Thread01-Cycle_Bm_1_00190/Cycle_Bm_1_00190.java
TEST RESULT: Passed. Execution successful
--------------------------------------------------
TEST: test/testsuite/ouroboros/rc_test/RC0159-rc-function-RC_Thread01-Cycle_Bm_1_00030/Cycle_Bm_1_00030.java
TEST RESULT: Passed. Execution successful
--------------------------------------------------
TEST: test/testsuite/ouroboros/rc_test/RC0164-rc-function-RC_Thread01-Cycle_Bm_1_00080/Cycle_Bm_1_00080.java
TEST RESULT: Passed. Execution successful
--------------------------------------------------
TEST: test/testsuite/ouroboros/rc_test/RC0167-rc-function-RC_Thread01-Cycle_Bm_1_00110/Cycle_Bm_1_00110.java
TEST RESULT: Passed. Execution successful
--------------------------------------------------
TEST: test/testsuite/ouroboros/rc_test/RC0173-rc-function-RC_Thread01-Cycle_Bm_1_00170/Cycle_Bm_1_00170.java
TEST RESULT: Passed. Execution successful
--------------------------------------------------
TEST: test/testsuite/ouroboros/rc_test/RC0151-rc-function-RC_Thread01-Cycle_am_00490/Cycle_am_00490.java
TEST RESULT: Passed. Execution successful
--------------------------------------------------
TEST: test/testsuite/ouroboros/rc_test/RC0170-rc-function-RC_Thread01-Cycle_Bm_1_00140/Cycle_Bm_1_00140.java
TEST RESULT: Passed. Execution successful
--------------------------------------------------
TEST: test/testsuite/ouroboros/rc_test/RC0188-rc-function-RC_Thread01-Cycle_Bm_2_00080/Cycle_Bm_2_00080.java
TEST RESULT: Passed. Execution successful
--------------------------------------------------
TEST: test/testsuite/ouroboros/parent_test/RT0163-rt-parent-ThrowableExObjectwait/ThrowableExObjectwait.java
TEST RESULT: Passed. Execution successful
--------------------------------------------------
TEST: test/testsuite/ouroboros/rc_test/RC0179-rc-function-RC_Thread01-Cycle_Bm_1_10020/Cycle_Bm_1_10020.java
TEST RESULT: Passed. Execution successful
--------------------------------------------------
TEST: test/testsuite/ouroboros/rc_test/RC0166-rc-function-RC_Thread01-Cycle_Bm_1_00100/Cycle_Bm_1_00100.java
TEST RESULT: Passed. Execution successful
--------------------------------------------------
TEST: test/testsuite/ouroboros/rc_test/RC0168-rc-function-RC_Thread01-Cycle_Bm_1_00120/Cycle_Bm_1_00120.java
TEST RESULT: Passed. Execution successful
--------------------------------------------------
TEST: test/testsuite/ouroboros/rc_test/RC0185-rc-function-RC_Thread01-Cycle_Bm_2_00050/Cycle_Bm_2_00050.java
TEST RESULT: Passed. Execution successful
--------------------------------------------------
TEST: test/testsuite/ouroboros/rc_test/RC0181-rc-function-RC_Thread01-Cycle_Bm_2_00010/Cycle_Bm_2_00010.java
TEST RESULT: Passed. Execution successful
--------------------------------------------------
TEST: test/testsuite/ouroboros/rc_test/RC0193-rc-function-RC_Thread01-Cycle_Bm_2_00130/Cycle_Bm_2_00130.java
TEST RESULT: Passed. Execution successful
--------------------------------------------------
TEST: test/testsuite/ouroboros/rc_test/RC0155-rc-function-RC_Thread01-Cycle_am_10020/Cycle_am_10020.java
TEST RESULT: Passed. Execution successful
--------------------------------------------------
TEST: test/testsuite/ouroboros/rc_test/RC0189-rc-function-RC_Thread01-Cycle_Bm_2_00090/Cycle_Bm_2_00090.java
TEST RESULT: Passed. Execution successful
--------------------------------------------------
TEST: test/testsuite/ouroboros/rc_test/RC0171-rc-function-RC_Thread01-Cycle_Bm_1_00150/Cycle_Bm_1_00150.java
TEST RESULT: Passed. Execution successful
--------------------------------------------------
TEST: test/testsuite/ouroboros/rc_test/RC0176-rc-function-RC_Thread01-Cycle_Bm_1_00200/Cycle_Bm_1_00200.java
TEST RESULT: Passed. Execution successful
--------------------------------------------------
TEST: test/testsuite/ouroboros/rc_test/RC0184-rc-function-RC_Thread01-Cycle_Bm_2_00040/Cycle_Bm_2_00040.java
TEST RESULT: Passed. Execution successful
--------------------------------------------------
TEST: test/testsuite/ouroboros/rc_test/RC0156-rc-function-RC_Thread01-Cycle_am_10030/Cycle_am_10030.java
TEST RESULT: Passed. Execution successful
--------------------------------------------------
TEST: test/testsuite/ouroboros/rc_test/RC0174-rc-function-RC_Thread01-Cycle_Bm_1_00180/Cycle_Bm_1_00180.java
TEST RESULT: Passed. Execution successful
--------------------------------------------------
TEST: test/testsuite/ouroboros/rc_test/RC0169-rc-function-RC_Thread01-Cycle_Bm_1_00130/Cycle_Bm_1_00130.java
TEST RESULT: Passed. Execution successful
--------------------------------------------------
TEST: test/testsuite/ouroboros/rc_test/RC0182-rc-function-RC_Thread01-Cycle_Bm_2_00020/Cycle_Bm_2_00020.java
TEST RESULT: Passed. Execution successful
--------------------------------------------------
TEST: test/testsuite/ouroboros/rc_test/RC0195-rc-function-RC_Thread01-Cycle_Bm_2_00150/Cycle_Bm_2_00150.java
TEST RESULT: Passed. Execution successful
--------------------------------------------------
TEST: test/testsuite/ouroboros/rc_test/RC0183-rc-function-RC_Thread01-Cycle_Bm_2_00030/Cycle_Bm_2_00030.java
TEST RESULT: Passed. Execution successful
--------------------------------------------------
TEST: test/testsuite/ouroboros/rc_test/RC0194-rc-function-RC_Thread01-Cycle_Bm_2_00140/Cycle_Bm_2_00140.java
TEST RESULT: Passed. Execution successful
--------------------------------------------------
TEST: test/testsuite/ouroboros/rc_test/RC0187-rc-function-RC_Thread01-Cycle_Bm_2_00070/Cycle_Bm_2_00070.java
TEST RESULT: Passed. Execution successful
--------------------------------------------------
TEST: test/testsuite/ouroboros/rc_test/RC0191-rc-function-RC_Thread01-Cycle_Bm_2_00110/Cycle_Bm_2_00110.java
TEST RESULT: Passed. Execution successful
--------------------------------------------------
TEST: test/testsuite/ouroboros/rc_test/RC0197-rc-function-RC_Thread01-Cycle_Bm_2_00170/Cycle_Bm_2_00170.java
TEST RESULT: Passed. Execution successful
--------------------------------------------------
TEST: test/testsuite/ouroboros/rc_test/RC0178-rc-function-RC_Thread01-Cycle_Bm_1_10010/Cycle_Bm_1_10010.java
TEST RESULT: Passed. Execution successful
--------------------------------------------------
TEST: test/testsuite/ouroboros/rc_test/RC0154-rc-function-RC_Thread01-Cycle_am_10010/Cycle_am_10010.java
TEST RESULT: Passed. Execution successful
--------------------------------------------------
TEST: test/testsuite/ouroboros/rc_test/RC0180-rc-function-RC_Thread01-Cycle_Bm_1_10030/Cycle_Bm_1_10030.java
TEST RESULT: Passed. Execution successful
--------------------------------------------------
TEST: test/testsuite/ouroboros/rc_test/RC0198-rc-function-RC_Thread01-Cycle_Bm_2_00180/Cycle_Bm_2_00180.java
TEST RESULT: Passed. Execution successful
--------------------------------------------------
TEST: test/testsuite/ouroboros/rc_test/RC0192-rc-function-RC_Thread01-Cycle_Bm_2_00120/Cycle_Bm_2_00120.java
TEST RESULT: Passed. Execution successful
--------------------------------------------------
TEST: test/testsuite/ouroboros/rc_test/RC0196-rc-function-RC_Thread01-Cycle_Bm_2_00160/Cycle_Bm_2_00160.java
TEST RESULT: Passed. Execution successful
--------------------------------------------------
TEST: test/testsuite/ouroboros/rc_test/RC0186-rc-function-RC_Thread01-Cycle_Bm_2_00060/Cycle_Bm_2_00060.java
TEST RESULT: Passed. Execution successful
--------------------------------------------------
TEST: test/testsuite/ouroboros/rc_test/RC0190-rc-function-RC_Thread01-Cycle_Bm_2_00100/Cycle_Bm_2_00100.java
TEST RESULT: Passed. Execution successful
--------------------------------------------------
TEST: test/testsuite/ouroboros/rc_test/RC0199-rc-function-RC_Thread01-Cycle_Bm_2_00190/Cycle_Bm_2_00190.java
TEST RESULT: Passed. Execution successful
--------------------------------------------------
TEST: test/testsuite/ouroboros/rc_test/RC0202-rc-function-RC_Thread01-Cycle_Bm_2_00220/Cycle_Bm_2_00220.java
TEST RESULT: Passed. Execution successful
--------------------------------------------------
TEST: test/testsuite/ouroboros/rc_test/RC0208-rc-function-RC_Thread01-Nocycle_am_00030/Nocycle_am_00030.java
TEST RESULT: Passed. Execution successful
--------------------------------------------------
TEST: test/testsuite/ouroboros/rc_test/RC0200-rc-function-RC_Thread01-Cycle_Bm_2_00200/Cycle_Bm_2_00200.java
TEST RESULT: Passed. Execution successful
--------------------------------------------------
TEST: test/testsuite/ouroboros/rc_test/RC0201-rc-function-RC_Thread01-Cycle_Bm_2_00210/Cycle_Bm_2_00210.java
TEST RESULT: Passed. Execution successful
--------------------------------------------------
TEST: test/testsuite/ouroboros/rc_test/RC0207-rc-function-RC_Thread01-Nocycle_am_00020/Nocycle_am_00020.java
TEST RESULT: Passed. Execution successful
--------------------------------------------------
TEST: test/testsuite/ouroboros/rc_test/RC0203-rc-function-RC_Thread01-Cycle_Bm_2_00230/Cycle_Bm_2_00230.java
TEST RESULT: Passed. Execution successful
--------------------------------------------------
TEST: test/testsuite/ouroboros/rc_test/RC0206-rc-function-RC_Thread01-Nocycle_am_00010/Nocycle_am_00010.java
TEST RESULT: Passed. Execution successful
--------------------------------------------------
TEST: test/testsuite/ouroboros/rc_test/RC0205-rc-function-RC_Thread01-Cycle_Bm_2_10240/Cycle_Bm_2_10240.java
TEST RESULT: Passed. Execution successful
--------------------------------------------------
TEST: test/testsuite/ouroboros/rc_test/RC0210-rc-function-RC_Thread01-Nocycle_am_00050/Nocycle_am_00050.java
TEST RESULT: Passed. Execution successful
--------------------------------------------------
TEST: test/testsuite/ouroboros/rc_test/RC0209-rc-function-RC_Thread01-Nocycle_am_00040/Nocycle_am_00040.java
TEST RESULT: Passed. Execution successful
--------------------------------------------------
TEST: test/testsuite/ouroboros/rc_test/RC0225-rc-function-RC_Thread01-Nocycle_am_2_00010/Nocycle_am_2_00010.java
TEST RESULT: Passed. Execution successful
--------------------------------------------------
TEST: test/testsuite/ouroboros/rc_test/RC0213-rc-function-RC_Thread01-Nocycle_am_00080/Nocycle_am_00080.java
TEST RESULT: Passed. Execution successful
--------------------------------------------------
TEST: test/testsuite/ouroboros/rc_test/RC0219-rc-function-RC_Thread01-Nocycle_am_00140/Nocycle_am_00140.java
TEST RESULT: Passed. Execution successful
--------------------------------------------------
TEST: test/testsuite/ouroboros/rc_test/RC0214-rc-function-RC_Thread01-Nocycle_am_00090/Nocycle_am_00090.java
TEST RESULT: Passed. Execution successful
--------------------------------------------------
TEST: test/testsuite/ouroboros/rc_test/RC0212-rc-function-RC_Thread01-Nocycle_am_00070/Nocycle_am_00070.java
TEST RESULT: Passed. Execution successful
--------------------------------------------------
TEST: test/testsuite/ouroboros/rc_test/RC0211-rc-function-RC_Thread01-Nocycle_am_00060/Nocycle_am_00060.java
TEST RESULT: Passed. Execution successful
--------------------------------------------------
TEST: test/testsuite/ouroboros/rc_test/RC0220-rc-function-RC_Thread01-Nocycle_am_00150/Nocycle_am_00150.java
TEST RESULT: Passed. Execution successful
--------------------------------------------------
TEST: test/testsuite/ouroboros/rc_test/RC0221-rc-function-RC_Thread01-Nocycle_am_00160/Nocycle_am_00160.java
TEST RESULT: Passed. Execution successful
--------------------------------------------------
TEST: test/testsuite/ouroboros/rc_test/RC0177-rc-function-RC_Thread01-Cycle_Bm_1_00210/Cycle_Bm_1_00210.java
TEST RESULT: Passed. Execution successful
--------------------------------------------------
TEST: test/testsuite/ouroboros/rc_test/RC0216-rc-function-RC_Thread01-Nocycle_am_00110/Nocycle_am_00110.java
TEST RESULT: Passed. Execution successful
--------------------------------------------------
TEST: test/testsuite/ouroboros/rc_test/RC0228-rc-function-RC_Thread02-RC_Thread_01/RC_Thread_01.java
TEST RESULT: Passed. Execution successful
--------------------------------------------------
TEST: test/testsuite/ouroboros/rc_test/RC0244-rc-function-RC_Thread02-RC_Thread_17/RC_Thread_17.java
TEST RESULT: Passed. Execution successful
--------------------------------------------------
TEST: test/testsuite/ouroboros/rc_test/RC0217-rc-function-RC_Thread01-Nocycle_am_00120/Nocycle_am_00120.java
TEST RESULT: Passed. Execution successful
--------------------------------------------------
TEST: test/testsuite/ouroboros/rc_test/RC0218-rc-function-RC_Thread01-Nocycle_am_00130/Nocycle_am_00130.java
TEST RESULT: Passed. Execution successful
--------------------------------------------------
TEST: test/testsuite/ouroboros/rc_test/RC0252-rc-function-ROSAlloc-Alloc_16_20x8B/Alloc_16_20x8B.java
TEST RESULT: Passed. Execution successful
--------------------------------------------------
TEST: test/testsuite/ouroboros/rc_test/RC0245-rc-function-RC_Thread02-RC_Thread_18/RC_Thread_18.java
TEST RESULT: Passed. Execution successful
--------------------------------------------------
TEST: test/testsuite/ouroboros/rc_test/RC0243-rc-function-RC_Thread02-RC_Thread_16/RC_Thread_16.java
TEST RESULT: Passed. Execution successful
--------------------------------------------------
TEST: test/testsuite/ouroboros/rc_test/RC0258-rc-function-ROSAlloc-Alloc_31_35x8B/Alloc_31_35x8B.java
TEST RESULT: Passed. Execution successful
--------------------------------------------------
TEST: test/testsuite/ouroboros/rc_test/RC0241-rc-function-RC_Thread02-RC_Thread_14/RC_Thread_14.java
TEST RESULT: Passed. Execution successful
--------------------------------------------------
TEST: test/testsuite/ouroboros/rc_test/RC0254-rc-function-ROSAlloc-Alloc_21_25x8B/Alloc_21_25x8B.java
TEST RESULT: Passed. Execution successful
--------------------------------------------------
TEST: test/testsuite/ouroboros/rc_test/RC0239-rc-function-RC_Thread02-RC_Thread_12/RC_Thread_12.java
TEST RESULT: Passed. Execution successful
--------------------------------------------------
TEST: test/testsuite/ouroboros/rc_test/RC0260-rc-function-ROSAlloc-Alloc_41_45x8B/Alloc_41_45x8B.java
TEST RESULT: Passed. Execution successful
--------------------------------------------------
TEST: test/testsuite/ouroboros/rc_test/RC0262-rc-function-ROSAlloc-Alloc_51_55x8B/Alloc_51_55x8B.java
TEST RESULT: Passed. Execution successful
--------------------------------------------------
TEST: test/testsuite/ouroboros/rc_test/RC0250-rc-function-ROSAlloc-Alloc_11_15x8B/Alloc_11_15x8B.java
TEST RESULT: Passed. Execution successful
--------------------------------------------------
TEST: test/testsuite/ouroboros/rc_test/RC0247-rc-function-RC_Thread02-RC_Thread_20/RC_Thread_20.java
TEST RESULT: Passed. Execution successful
--------------------------------------------------
TEST: test/testsuite/ouroboros/rc_test/RC0223-rc-function-RC_Thread01-Nocycle_am_00180/Nocycle_am_00180.java
TEST RESULT: Passed. Execution successful
--------------------------------------------------
TEST: test/testsuite/ouroboros/rc_test/RC0215-rc-function-RC_Thread01-Nocycle_am_00100/Nocycle_am_00100.java
TEST RESULT: Passed. Execution successful
--------------------------------------------------
TEST: test/testsuite/ouroboros/rc_test/RC0256-rc-function-ROSAlloc-Alloc_26_30x8B/Alloc_26_30x8B.java
TEST RESULT: Passed. Execution successful
--------------------------------------------------
TEST: test/testsuite/ouroboros/rc_test/RC0229-rc-function-RC_Thread02-RC_Thread_02/RC_Thread_02.java
TEST RESULT: Passed. Execution successful
--------------------------------------------------
TEST: test/testsuite/ouroboros/rc_test/RC0242-rc-function-RC_Thread02-RC_Thread_15/RC_Thread_15.java
TEST RESULT: Passed. Execution successful
--------------------------------------------------
TEST: test/testsuite/ouroboros/rc_test/RC0222-rc-function-RC_Thread01-Nocycle_am_00170/Nocycle_am_00170.java
TEST RESULT: Passed. Execution successful
--------------------------------------------------
TEST: test/testsuite/ouroboros/rc_test/RC0234-rc-function-RC_Thread02-RC_Thread_07/RC_Thread_07.java
TEST RESULT: Passed. Execution successful
--------------------------------------------------
TEST: test/testsuite/ouroboros/rc_test/RC0251-rc-function-ROSAlloc-Alloc_128x8B/Alloc_128x8B.java
TEST RESULT: Passed. Execution successful
--------------------------------------------------
TEST: test/testsuite/ouroboros/parent_test/RT0171-rt-parent-UnicodeBlockExObjectwait/UnicodeBlockExObjectwait.java
TEST RESULT: Passed. Execution successful
--------------------------------------------------
TEST: test/testsuite/ouroboros/rc_test/RC0261-rc-function-ROSAlloc-Alloc_46_50x8B/Alloc_46_50x8B.java
TEST RESULT: Passed. Execution successful
--------------------------------------------------
TEST: test/testsuite/ouroboros/rc_test/RC0255-rc-function-ROSAlloc-Alloc_256x8B/Alloc_256x8B.java
TEST RESULT: Passed. Execution successful
--------------------------------------------------
TEST: test/testsuite/ouroboros/rc_test/RC0259-rc-function-ROSAlloc-Alloc_36_40x8B/Alloc_36_40x8B.java
TEST RESULT: Passed. Execution successful
--------------------------------------------------
TEST: test/testsuite/ouroboros/rc_test/RC0263-rc-function-ROSAlloc-Alloc_56_60x8B/Alloc_56_60x8B.java
TEST RESULT: Passed. Execution successful
--------------------------------------------------
TEST: test/testsuite/ouroboros/rc_test/RC0235-rc-function-RC_Thread02-RC_Thread_08/RC_Thread_08.java
TEST RESULT: Passed. Execution successful
--------------------------------------------------
TEST: test/testsuite/ouroboros/rc_test/RC0257-rc-function-ROSAlloc-Alloc_3_10x8B/Alloc_3_10x8B.java
TEST RESULT: Passed. Execution successful
--------------------------------------------------
TEST: test/testsuite/ouroboros/rc_test/RC0232-rc-function-RC_Thread02-RC_Thread_05/RC_Thread_05.java
TEST RESULT: Passed. Execution successful
--------------------------------------------------
TEST: test/testsuite/ouroboros/rc_test/RC0226-rc-function-RC_Thread01-Nocycle_am_2_00020/Nocycle_am_2_00020.java
TEST RESULT: Passed. Execution successful
--------------------------------------------------
TEST: test/testsuite/ouroboros/rc_test/RC0233-rc-function-RC_Thread02-RC_Thread_06/RC_Thread_06.java
TEST RESULT: Passed. Execution successful
--------------------------------------------------
TEST: test/testsuite/ouroboros/rc_test/RC0264-rc-function-ROSAlloc-Alloc_61_64x8B/Alloc_61_64x8B.java
TEST RESULT: Passed. Execution successful
--------------------------------------------------
TEST: test/testsuite/ouroboros/rc_test/RC0240-rc-function-RC_Thread02-RC_Thread_13/RC_Thread_13.java
TEST RESULT: Passed. Execution successful
--------------------------------------------------
TEST: test/testsuite/ouroboros/rc_test/RC0231-rc-function-RC_Thread02-RC_Thread_04/RC_Thread_04.java
TEST RESULT: Passed. Execution successful
--------------------------------------------------
TEST: test/testsuite/ouroboros/rc_test/RC0271-rc-function-ROSAlloc-Alloc_Thread2_18x8B/Alloc_Thread2_18x8B.java
TEST RESULT: Passed. Execution successful
--------------------------------------------------
TEST: test/testsuite/ouroboros/rc_test/RC0236-rc-function-RC_Thread02-RC_Thread_09/RC_Thread_09.java
TEST RESULT: Passed. Execution successful
--------------------------------------------------
TEST: test/testsuite/ouroboros/rc_test/RC0253-rc-function-ROSAlloc-Alloc_192x8B/Alloc_192x8B.java
TEST RESULT: Passed. Execution successful
--------------------------------------------------
TEST: test/testsuite/ouroboros/rc_test/RC0237-rc-function-RC_Thread02-RC_Thread_10/RC_Thread_10.java
TEST RESULT: Passed. Execution successful
--------------------------------------------------
TEST: test/testsuite/ouroboros/rc_test/RC0246-rc-function-RC_Thread02-RC_Thread_19/RC_Thread_19.java
TEST RESULT: Passed. Execution successful
--------------------------------------------------
TEST: test/testsuite/ouroboros/rc_test/RC0267-rc-function-ROSAlloc-Alloc_Thread_18x8B/Alloc_Thread_18x8B.java
TEST RESULT: Passed. Execution successful
--------------------------------------------------
TEST: test/testsuite/ouroboros/rc_test/RC0238-rc-function-RC_Thread02-RC_Thread_11/RC_Thread_11.java
TEST RESULT: Passed. Execution successful
--------------------------------------------------
TEST: test/testsuite/ouroboros/rc_test/RC0283-rc-function-ROSAlloc-Alloc_Thread_30x8B/Alloc_Thread_30x8B.java
TEST RESULT: Passed. Execution successful
--------------------------------------------------
TEST: test/testsuite/ouroboros/rc_test/RC0266-rc-function-ROSAlloc-Alloc_Thread_128x8B/Alloc_Thread_128x8B.java
TEST RESULT: Passed. Execution successful
--------------------------------------------------
TEST: test/testsuite/ouroboros/rc_test/RC0281-rc-function-ROSAlloc-Alloc_Thread2_64x8B/Alloc_Thread2_64x8B.java
TEST RESULT: Passed. Execution successful
--------------------------------------------------
TEST: test/testsuite/ouroboros/rc_test/RC0227-rc-function-RC_Thread01-Nocycle_am_2_00030/Nocycle_am_2_00030.java
TEST RESULT: Passed. Execution successful
--------------------------------------------------
TEST: test/testsuite/ouroboros/rc_test/RC0204-rc-function-RC_Thread01-Cycle_Bm_2_00240/Cycle_Bm_2_00240.java
TEST RESULT: Passed. Execution successful
--------------------------------------------------
TEST: test/testsuite/ouroboros/rc_test/RC0276-rc-function-ROSAlloc-Alloc_Thread2_30x8B/Alloc_Thread2_30x8B.java
TEST RESULT: Passed. Execution successful
--------------------------------------------------
TEST: test/testsuite/ouroboros/rc_test/RC0280-rc-function-ROSAlloc-Alloc_Thread2_60x8B/Alloc_Thread2_60x8B.java
TEST RESULT: Passed. Execution successful
--------------------------------------------------
TEST: test/testsuite/ouroboros/rc_test/RC0286-rc-function-ROSAlloc-Alloc_Thread_60x8B/Alloc_Thread_60x8B.java
TEST RESULT: Passed. Execution successful
--------------------------------------------------
TEST: test/testsuite/ouroboros/rc_test/RC0268-rc-function-ROSAlloc-Alloc_Thread_192x8B/Alloc_Thread_192x8B.java
TEST RESULT: Passed. Execution successful
--------------------------------------------------
TEST: test/testsuite/ouroboros/rc_test/RC0277-rc-function-ROSAlloc-Alloc_Thread2_40x8B/Alloc_Thread2_40x8B.java
TEST RESULT: Passed. Execution successful
--------------------------------------------------
TEST: test/testsuite/ouroboros/rc_test/RC0287-rc-function-ROSAlloc-Alloc_Thread_64x8B/Alloc_Thread_64x8B.java
TEST RESULT: Passed. Execution successful
--------------------------------------------------
TEST: test/testsuite/ouroboros/rc_test/RC0270-rc-function-ROSAlloc-Alloc_Thread2_128x8B/Alloc_Thread2_128x8B.java
TEST RESULT: Passed. Execution successful
--------------------------------------------------
TEST: test/testsuite/ouroboros/rc_test/RC0278-rc-function-ROSAlloc-Alloc_Thread2_50x8B/Alloc_Thread2_50x8B.java
TEST RESULT: Passed. Execution successful
--------------------------------------------------
TEST: test/testsuite/ouroboros/rc_test/RC0279-rc-function-ROSAlloc-Alloc_Thread_256x8B/Alloc_Thread_256x8B.java
TEST RESULT: Passed. Execution successful
--------------------------------------------------
TEST: test/testsuite/ouroboros/rc_test/RC0153-rc-function-RC_Thread01-Cycle_am_00510/Cycle_am_00510.java
TEST RESULT: Passed. Execution successful
--------------------------------------------------
TEST: test/testsuite/ouroboros/parent_test/RT0052-rt-parent-ConstructorExObjectwaitIllegalArgumentException/ConstructorExObjectwaitIllegalArgumentException.java
TEST RESULT: Passed. Execution successful
--------------------------------------------------
TEST: test/testsuite/ouroboros/rc_test/RC0285-rc-function-ROSAlloc-Alloc_Thread_50x8B/Alloc_Thread_50x8B.java
TEST RESULT: Passed. Execution successful
--------------------------------------------------
TEST: test/testsuite/ouroboros/parent_test/RT0054-rt-parent-ConstructorExObjectwaitInterruptedException/ConstructorExObjectwaitInterruptedException.java
TEST RESULT: Passed. Execution successful
--------------------------------------------------
TEST: test/testsuite/ouroboros/rc_test/RC0273-rc-function-ROSAlloc-Alloc_Thread2_192x8B/Alloc_Thread2_192x8B.java
TEST RESULT: Passed. Execution successful
--------------------------------------------------
TEST: test/testsuite/ouroboros/rc_test/RC0249-rc-function-RC_Finalize_03/RC_Finalize_03.java
TEST RESULT: Passed. Execution successful
--------------------------------------------------
TEST: test/testsuite/ouroboros/rc_test/RC0291-rc-function-ROSAlloc-Alloc_Threadm_18x8B/Alloc_Threadm_18x8B.java
TEST RESULT: Passed. Execution successful
--------------------------------------------------
TEST: test/testsuite/ouroboros/rc_test/RC0230-rc-function-RC_Thread02-RC_Thread_03/RC_Thread_03.java
TEST RESULT: Passed. Execution successful
--------------------------------------------------
TEST: test/testsuite/ouroboros/rc_test/RC0284-rc-function-ROSAlloc-Alloc_Thread_40x8B/Alloc_Thread_40x8B.java
TEST RESULT: Passed. Execution successful
--------------------------------------------------
TEST: test/testsuite/ouroboros/rc_test/RC0290-rc-function-ROSAlloc-Alloc_Threadm_128x8B/Alloc_Threadm_128x8B.java
TEST RESULT: Passed. Execution successful
--------------------------------------------------
TEST: test/testsuite/ouroboros/rc_test/RC0275-rc-function-ROSAlloc-Alloc_Thread2_256x8B/Alloc_Thread2_256x8B.java
TEST RESULT: Passed. Execution successful
--------------------------------------------------
TEST: test/testsuite/ouroboros/rc_test/RC0224-rc-function-RC_Thread01-Nocycle_am_00190/Nocycle_am_00190.java
TEST RESULT: Passed. Execution successful
--------------------------------------------------
TEST: test/testsuite/ouroboros/rc_test/RC0295-rc-function-ROSAlloc-Alloc_Threadm_256x8B/Alloc_Threadm_256x8B.java
TEST RESULT: Passed. Execution successful
--------------------------------------------------
TEST: test/testsuite/ouroboros/rc_test/RC0293-rc-function-ROSAlloc-Alloc_Threadm_192x8B/Alloc_Threadm_192x8B.java
TEST RESULT: Passed. Execution successful
--------------------------------------------------
TEST: test/testsuite/ouroboros/rc_test/RC0297-rc-function-ROSAlloc-Alloc_Threadm_40x8B/Alloc_Threadm_40x8B.java
TEST RESULT: Passed. Execution successful
--------------------------------------------------
TEST: test/testsuite/ouroboros/rc_test/RC0298-rc-function-ROSAlloc-Alloc_Threadm_50x8B/Alloc_Threadm_50x8B.java
TEST RESULT: Passed. Execution successful
--------------------------------------------------
TEST: test/testsuite/ouroboros/rc_test/RC0296-rc-function-ROSAlloc-Alloc_Threadm_30x8B/Alloc_Threadm_30x8B.java
TEST RESULT: Passed. Execution successful
--------------------------------------------------
TEST: test/testsuite/ouroboros/rc_test/RC0299-rc-function-ROSAlloc-Alloc_Threadm_60x8B/Alloc_Threadm_60x8B.java
TEST RESULT: Passed. Execution successful
--------------------------------------------------
TEST: test/testsuite/ouroboros/rc_test/RC0300-rc-function-ROSAlloc-Alloc_Threadm_64x8B/Alloc_Threadm_64x8B.java
TEST RESULT: Passed. Execution successful
--------------------------------------------------
TEST: test/testsuite/ouroboros/rc_test/RC0314-rc-function-Optimization-RC_staticInput_02/RC_staticInput_02.java
TEST RESULT: Passed. Execution successful
--------------------------------------------------
TEST: test/testsuite/ouroboros/rc_test/RC0313-rc-function-Optimization-RC_staticInput/RC_staticInput.java
TEST RESULT: Passed. Execution successful
--------------------------------------------------
TEST: test/testsuite/ouroboros/rc_test/RC0310-rc-function-Optimization-RC_newObjectIassign_02/RC_newObjectIassign_02.java
TEST RESULT: Passed. Execution successful
--------------------------------------------------
TEST: test/testsuite/ouroboros/rc_test/RC0309-rc-function-Optimization-RC_newObjectIassign_01/RC_newObjectIassign_01.java
TEST RESULT: Passed. Execution successful
--------------------------------------------------
TEST: test/testsuite/ouroboros/parent_test/RT0103-rt-parent-ProxyExObjectwaitInterruptedException/ProxyExObjectwaitInterruptedException.java
TEST RESULT: Passed. Execution successful
--------------------------------------------------
TEST: test/testsuite/ouroboros/rc_test/RC0294-rc-function-ROSAlloc-Alloc_Threadm_256x8B_2/Alloc_Threadm_256x8B_2.java
TEST RESULT: Passed. Execution successful
--------------------------------------------------
TEST: test/testsuite/ouroboros/rc_test/RC0312-rc-function-Optimization-RC_newObjectToField_02/RC_newObjectToField_02.java
TEST RESULT: Passed. Execution successful
--------------------------------------------------
TEST: test/testsuite/ouroboros/rc_test/RC0311-rc-function-Optimization-RC_newObjectToField/RC_newObjectToField.java
TEST RESULT: Passed. Execution successful
--------------------------------------------------
TEST: test/testsuite/ouroboros/rc_test/RC0361-rc-Memory-leaktestsupplycase-02/FinalizerRef.java
TEST RESULT: Passed. Execution successful
--------------------------------------------------
TEST: test/testsuite/ouroboros/memory_management/MemoryTest/RC0360-rc-Memory-leaktestsupplycase-01/BackupTracingAndRefPro.java
TEST RESULT: Passed. Execution successful
--------------------------------------------------
TEST: test/testsuite/ouroboros/rc_test/RC0355-rc-rp-simpleweakref_08/NotIsCleanerNotInDeadCycleNotSetWCBFailAtomic.java
TEST RESULT: Passed. Execution successful
--------------------------------------------------
TEST: test/testsuite/ouroboros/rc_test/RC0337-rc-Memory-normalTestCase27/Memory_normalTestCase27.java
TEST RESULT: Passed. Execution successful
--------------------------------------------------
TEST: test/testsuite/ouroboros/rc_test/RC0432-rc-SoftRef-SoftRefTest02/SoftRefTest02.java
TEST RESULT: Passed. Execution successful
--------------------------------------------------
TEST: test/testsuite/ouroboros/memory_management/SoftRef/RC0435-rc-SoftRef-SoftRefTest05/SoftRefTest05.java
TEST RESULT: Passed. Execution successful
--------------------------------------------------
TEST: test/testsuite/ouroboros/rc_test/RC0363-rc-Memory-leaktestsupplycase-04/FrequentGCAndFinalize.java
TEST RESULT: Passed. Execution successful
--------------------------------------------------
TEST: test/testsuite/ouroboros/rc_test/RC0369-rc-ArrayOptimization-RC_Array_04/RC_Array_04.java
TEST RESULT: Passed. Execution successful
--------------------------------------------------
TEST: test/testsuite/ouroboros/rc_test/RC0433-rc-SoftRef-SoftRefTest03/SoftRefTest03.java
TEST RESULT: Passed. Execution successful
--------------------------------------------------
TEST: test/testsuite/ouroboros/rc_test/RC0370-rc-ArrayOptimization-RC_Array_05/RC_Array_05.java
TEST RESULT: Passed. Execution successful
--------------------------------------------------
TEST: test/testsuite/ouroboros/rc_test/RC0367-rc-ArrayOptimization-RC_Array_02/RC_Array_02.java
TEST RESULT: Passed. Execution successful
--------------------------------------------------
TEST: test/testsuite/ouroboros/rc_test/RC0455-rc-RP-FinalizerReferenceTest07/FinalizerReferenceTest07.java
TEST JDK: /home/yansendao/JDK/binary/openjdk/jdk25u

ACTION: build -- Passed. Build successful
REASON: Named class compiled on demand
TIME:   0.975 seconds
messages:
command: build FinalizerReferenceTest07
reason: Named class compiled on demand
started: Mon Oct 27 15:01:24.673 UTC 2025
Test directory:
  compile: FinalizerReferenceTest07
finished: Mon Oct 27 15:01:25.648 UTC 2025
elapsed time (seconds): 0.975

ACTION: compile -- Passed. Compilation successful
REASON: .class file out of date or does not exist
TIME:   0.975 seconds
messages:
command: compile /home/yansendao/git/ArkTests/test/testsuite/ouroboros/rc_test/RC0455-rc-RP-FinalizerReferenceTest07/FinalizerReferenceTest07.java
reason: .class file out of date or does not exist
started: Mon Oct 27 15:01:24.673 UTC 2025
Mode: othervm
Process id: 446791
finished: Mon Oct 27 15:01:25.648 UTC 2025
elapsed time (seconds): 0.975
configuration:
javac compilation environment
  source path: /home/yansendao/git/ArkTests/test/testsuite/ouroboros/rc_test/RC0455-rc-RP-FinalizerReferenceTest07
  class path:  /home/yansendao/git/ArkTests/test/testsuite/ouroboros/rc_test/RC0455-rc-RP-FinalizerReferenceTest07
               /home/yansendao/git/ArkTests/build/jt-work-singletest/classes/28/test/testsuite/ouroboros/rc_test/RC0455-rc-RP-FinalizerReferenceTest07

rerun:
cd /home/yansendao/git/ArkTests/build/jt-work-singletest/scratch/15 && \
DBUS_SESSION_BUS_ADDRESS=unix:path=/run/user/998/bus \
DISPLAY=localhost:10.0 \
HOME=/home/yansendao \
JTREG_HOME=/home/yansendao/JDK/tools/jtreg/jtreg-8.1 \
LANG=en_US.UTF-8 \
PATH=/bin:/usr/bin:/usr/sbin \
XDG_DATA_DIRS=/usr/local/share:/usr/share:/var/lib/snapd/desktop \
XDG_RUNTIME_DIR=/run/user/998 \
XDG_SESSION_CLASS=user \
XDG_SESSION_ID=3019 \
XDG_SESSION_TYPE=tty \
    /home/yansendao/JDK/binary/openjdk/jdk25u/bin/javac \
        -J-Dtest.vm.opts= \
        -J-Dtest.tool.vm.opts= \
        -J-Dtest.compiler.opts= \
        -J-Dtest.java.opts= \
        -J-Dtest.jdk=/home/yansendao/JDK/binary/openjdk/jdk25u \
        -J-Dcompile.jdk=/home/yansendao/JDK/binary/openjdk/jdk25u \
        -J-Dtest.timeout.factor=1.0 \
        -J-Dtest.root=/home/yansendao/git/ArkTests \
        -J-Dtest.name=test/testsuite/ouroboros/rc_test/RC0455-rc-RP-FinalizerReferenceTest07/FinalizerReferenceTest07.java \
        -J-Dtest.verbose=Verbose[p=BRIEF,f=FULL,e=FULL,t=false,m=false] \
        -J-Dtest.file=/home/yansendao/git/ArkTests/test/testsuite/ouroboros/rc_test/RC0455-rc-RP-FinalizerReferenceTest07/FinalizerReferenceTest07.java \
        -J-Dtest.main.class=FinalizerReferenceTest07 \
        -J-Dtest.src=/home/yansendao/git/ArkTests/test/testsuite/ouroboros/rc_test/RC0455-rc-RP-FinalizerReferenceTest07 \
        -J-Dtest.src.path=/home/yansendao/git/ArkTests/test/testsuite/ouroboros/rc_test/RC0455-rc-RP-FinalizerReferenceTest07 \
        -J-Dtest.classes=/home/yansendao/git/ArkTests/build/jt-work-singletest/classes/28/test/testsuite/ouroboros/rc_test/RC0455-rc-RP-FinalizerReferenceTest07 \
        -J-Dtest.class.path=/home/yansendao/git/ArkTests/build/jt-work-singletest/classes/28/test/testsuite/ouroboros/rc_test/RC0455-rc-RP-FinalizerReferenceTest07 \
        -d /home/yansendao/git/ArkTests/build/jt-work-singletest/classes/28/test/testsuite/ouroboros/rc_test/RC0455-rc-RP-FinalizerReferenceTest07 \
        -sourcepath /home/yansendao/git/ArkTests/test/testsuite/ouroboros/rc_test/RC0455-rc-RP-FinalizerReferenceTest07 \
        -classpath /home/yansendao/git/ArkTests/test/testsuite/ouroboros/rc_test/RC0455-rc-RP-FinalizerReferenceTest07:/home/yansendao/git/ArkTests/build/jt-work-singletest/classes/28/test/testsuite/ouroboros/rc_test/RC0455-rc-RP-FinalizerReferenceTest07 /home/yansendao/git/ArkTests/test/testsuite/ouroboros/rc_test/RC0455-rc-RP-FinalizerReferenceTest07/FinalizerReferenceTest07.java
STDOUT:
STDERR:
/home/yansendao/git/ArkTests/test/testsuite/ouroboros/rc_test/RC0455-rc-RP-FinalizerReferenceTest07/FinalizerReferenceTest07.java:32: warning: [removal] runFinalization() in Runtime has been deprecated and marked for removal
        Runtime.getRuntime().runFinalization();
                            ^
/home/yansendao/git/ArkTests/test/testsuite/ouroboros/rc_test/RC0455-rc-RP-FinalizerReferenceTest07/FinalizerReferenceTest07.java:37: warning: [removal] runFinalization() in Runtime has been deprecated and marked for removal
        Runtime.getRuntime().runFinalization();
                            ^
/home/yansendao/git/ArkTests/test/testsuite/ouroboros/rc_test/RC0455-rc-RP-FinalizerReferenceTest07/FinalizerReferenceTest07.java:65: warning: [removal] finalize() in Object has been deprecated and marked for removal
    public void finalize() {
                ^
Note: /home/yansendao/git/ArkTests/test/testsuite/ouroboros/rc_test/RC0455-rc-RP-FinalizerReferenceTest07/FinalizerReferenceTest07.java uses unchecked or unsafe operations.
Note: Recompile with -Xlint:unchecked for details.
3 warnings

ACTION: main -- Failed. Execution failed: `main' threw exception: java.lang.NullPointerException: Cannot invoke "java.lang.ref.PhantomReference.get()" because "FinalizerReferenceTest07.sr07" is null
REASON: Assumed action based on file name: run main FinalizerReferenceTest07 
TIME:   0.134 seconds
messages:
command: main FinalizerReferenceTest07
reason: Assumed action based on file name: run main FinalizerReferenceTest07 
started: Mon Oct 27 15:01:25.648 UTC 2025
Mode: othervm
Process id: 450456
finished: Mon Oct 27 15:01:25.782 UTC 2025
elapsed time (seconds): 0.134
configuration:
STDOUT:
ExpectResult
STDERR:
java.lang.NullPointerException: Cannot invoke "java.lang.ref.PhantomReference.get()" because "FinalizerReferenceTest07.sr07" is null
	at FinalizerReferenceTest07.main(FinalizerReferenceTest07.java:33)
	at java.base/jdk.internal.reflect.DirectMethodHandleAccessor.invoke(DirectMethodHandleAccessor.java:104)
	at java.base/java.lang.reflect.Method.invoke(Method.java:565)
	at com.sun.javatest.regtest.agent.MainWrapper$MainTask.run(MainWrapper.java:138)
	at java.base/java.lang.Thread.run(Thread.java:1474)

JavaTest Message: Test threw exception: java.lang.NullPointerException: Cannot invoke "java.lang.ref.PhantomReference.get()" because "FinalizerReferenceTest07.sr07" is null
JavaTest Message: shutting down test

STATUS:Failed.`main' threw exception: java.lang.NullPointerException: Cannot invoke "java.lang.ref.PhantomReference.get()" because "FinalizerReferenceTest07.sr07" is null
rerun:
cd /home/yansendao/git/ArkTests/build/jt-work-singletest/scratch/15 && \
DBUS_SESSION_BUS_ADDRESS=unix:path=/run/user/998/bus \
DISPLAY=localhost:10.0 \
HOME=/home/yansendao \
JTREG_HOME=/home/yansendao/JDK/tools/jtreg/jtreg-8.1 \
LANG=en_US.UTF-8 \
PATH=/bin:/usr/bin:/usr/sbin \
XDG_DATA_DIRS=/usr/local/share:/usr/share:/var/lib/snapd/desktop \
XDG_RUNTIME_DIR=/run/user/998 \
XDG_SESSION_CLASS=user \
XDG_SESSION_ID=3019 \
XDG_SESSION_TYPE=tty \
CLASSPATH=/home/yansendao/git/ArkTests/build/jt-work-singletest/classes/28/test/testsuite/ouroboros/rc_test/RC0455-rc-RP-FinalizerReferenceTest07:/home/yansendao/git/ArkTests/test/testsuite/ouroboros/rc_test/RC0455-rc-RP-FinalizerReferenceTest07:/home/yansendao/JDK/tools/jtreg/jtreg-8.1/lib/javatest.jar:/home/yansendao/JDK/tools/jtreg/jtreg-8.1/lib/jtreg.jar \
    /home/yansendao/JDK/binary/openjdk/jdk25u/bin/java \
        -Dtest.vm.opts= \
        -Dtest.tool.vm.opts= \
        -Dtest.compiler.opts= \
        -Dtest.java.opts= \
        -Dtest.jdk=/home/yansendao/JDK/binary/openjdk/jdk25u \
        -Dcompile.jdk=/home/yansendao/JDK/binary/openjdk/jdk25u \
        -Dtest.timeout.factor=1.0 \
        -Dtest.root=/home/yansendao/git/ArkTests \
        -Dtest.name=test/testsuite/ouroboros/rc_test/RC0455-rc-RP-FinalizerReferenceTest07/FinalizerReferenceTest07.java \
        -Dtest.verbose=Verbose[p=BRIEF,f=FULL,e=FULL,t=false,m=false] \
        -Dtest.file=/home/yansendao/git/ArkTests/test/testsuite/ouroboros/rc_test/RC0455-rc-RP-FinalizerReferenceTest07/FinalizerReferenceTest07.java \
        -Dtest.main.class=FinalizerReferenceTest07 \
        -Dtest.src=/home/yansendao/git/ArkTests/test/testsuite/ouroboros/rc_test/RC0455-rc-RP-FinalizerReferenceTest07 \
        -Dtest.src.path=/home/yansendao/git/ArkTests/test/testsuite/ouroboros/rc_test/RC0455-rc-RP-FinalizerReferenceTest07 \
        -Dtest.classes=/home/yansendao/git/ArkTests/build/jt-work-singletest/classes/28/test/testsuite/ouroboros/rc_test/RC0455-rc-RP-FinalizerReferenceTest07 \
        -Dtest.class.path=/home/yansendao/git/ArkTests/build/jt-work-singletest/classes/28/test/testsuite/ouroboros/rc_test/RC0455-rc-RP-FinalizerReferenceTest07 \
        com.sun.javatest.regtest.agent.MainWrapper /home/yansendao/git/ArkTests/build/jt-work-singletest/test/testsuite/ouroboros/rc_test/RC0455-rc-RP-FinalizerReferenceTest07/FinalizerReferenceTest07.d/main.0.jta

TEST RESULT: Failed. Execution failed: `main' threw exception: java.lang.NullPointerException: Cannot invoke "java.lang.ref.PhantomReference.get()" because "FinalizerReferenceTest07.sr07" is null
--------------------------------------------------
TEST: test/testsuite/ouroboros/rc_test/RC0431-rc-SoftRef-SoftRefTest/SoftRefTest.java
TEST RESULT: Passed. Execution successful
--------------------------------------------------
TEST: test/testsuite/ouroboros/parent_test/RT0148-rt-parent-ThreadGroupExObjectwaitInterruptedException/ThreadGroupExObjectwaitInterruptedException.java
TEST RESULT: Passed. Execution successful
--------------------------------------------------
TEST: test/testsuite/ouroboros/rc_test/RC0373-rc-ArrayOptimization-RC_Array_08/RC_Array_08.java
TEST RESULT: Passed. Execution successful
--------------------------------------------------
TEST: test/testsuite/ouroboros/rc_test/RC0366-rc-ArrayOptimization-RC_Array_01/RC_Array_01.java
TEST RESULT: Passed. Execution successful
--------------------------------------------------
TEST: test/testsuite/ouroboros/rc_test/RC0443-rc-PlacementRC-PlacementRCTest01/PlacementRCTest01.java
TEST RESULT: Passed. Execution successful
--------------------------------------------------
TEST: test/testsuite/ouroboros/rc_test/RC0469-rc-BindingMethod-ArrayCloneTest02/ArrayCloneTest02.java
TEST RESULT: Passed. Execution successful
--------------------------------------------------
TEST: test/testsuite/ouroboros/rc_test/RC0406-rc-DTS-stringIntern/stringIntern.java
TEST RESULT: Passed. Execution successful
--------------------------------------------------
TEST: test/testsuite/ouroboros/rc_test/RC0374-rc-ArrayOptimization-RC_Array_09/RC_Array_09.java
TEST RESULT: Passed. Execution successful
--------------------------------------------------
TEST: test/testsuite/ouroboros/rc_test/RC0454-rc-RP-FinalizerReferenceTest06/FinalizerReferenceTest06.java
TEST RESULT: Passed. Execution successful
--------------------------------------------------
TEST: test/testsuite/ouroboros/rc_test/RC0376-rc-ArrayOptimization-RC_Array_11/RC_Array_11.java
TEST RESULT: Passed. Execution successful
--------------------------------------------------
TEST: test/testsuite/ouroboros/rc_test/RC0453-rc-RP-FinalizerReferenceTest05/FinalizerReferenceTest05.java
TEST JDK: /home/yansendao/JDK/binary/openjdk/jdk25u

ACTION: build -- Passed. Build successful
REASON: Named class compiled on demand
TIME:   1.162 seconds
messages:
command: build FinalizerReferenceTest05
reason: Named class compiled on demand
started: Mon Oct 27 15:01:24.652 UTC 2025
Test directory:
  compile: FinalizerReferenceTest05
finished: Mon Oct 27 15:01:25.814 UTC 2025
elapsed time (seconds): 1.162

ACTION: compile -- Passed. Compilation successful
REASON: .class file out of date or does not exist
TIME:   1.162 seconds
messages:
command: compile /home/yansendao/git/ArkTests/test/testsuite/ouroboros/rc_test/RC0453-rc-RP-FinalizerReferenceTest05/FinalizerReferenceTest05.java
reason: .class file out of date or does not exist
started: Mon Oct 27 15:01:24.652 UTC 2025
Mode: othervm
Process id: 446700
finished: Mon Oct 27 15:01:25.814 UTC 2025
elapsed time (seconds): 1.162
configuration:
javac compilation environment
  source path: /home/yansendao/git/ArkTests/test/testsuite/ouroboros/rc_test/RC0453-rc-RP-FinalizerReferenceTest05
  class path:  /home/yansendao/git/ArkTests/test/testsuite/ouroboros/rc_test/RC0453-rc-RP-FinalizerReferenceTest05
               /home/yansendao/git/ArkTests/build/jt-work-singletest/classes/42/test/testsuite/ouroboros/rc_test/RC0453-rc-RP-FinalizerReferenceTest05

rerun:
cd /home/yansendao/git/ArkTests/build/jt-work-singletest/scratch/63 && \
DBUS_SESSION_BUS_ADDRESS=unix:path=/run/user/998/bus \
DISPLAY=localhost:10.0 \
HOME=/home/yansendao \
JTREG_HOME=/home/yansendao/JDK/tools/jtreg/jtreg-8.1 \
LANG=en_US.UTF-8 \
PATH=/bin:/usr/bin:/usr/sbin \
XDG_DATA_DIRS=/usr/local/share:/usr/share:/var/lib/snapd/desktop \
XDG_RUNTIME_DIR=/run/user/998 \
XDG_SESSION_CLASS=user \
XDG_SESSION_ID=3019 \
XDG_SESSION_TYPE=tty \
    /home/yansendao/JDK/binary/openjdk/jdk25u/bin/javac \
        -J-Dtest.vm.opts= \
        -J-Dtest.tool.vm.opts= \
        -J-Dtest.compiler.opts= \
        -J-Dtest.java.opts= \
        -J-Dtest.jdk=/home/yansendao/JDK/binary/openjdk/jdk25u \
        -J-Dcompile.jdk=/home/yansendao/JDK/binary/openjdk/jdk25u \
        -J-Dtest.timeout.factor=1.0 \
        -J-Dtest.root=/home/yansendao/git/ArkTests \
        -J-Dtest.name=test/testsuite/ouroboros/rc_test/RC0453-rc-RP-FinalizerReferenceTest05/FinalizerReferenceTest05.java \
        -J-Dtest.verbose=Verbose[p=BRIEF,f=FULL,e=FULL,t=false,m=false] \
        -J-Dtest.file=/home/yansendao/git/ArkTests/test/testsuite/ouroboros/rc_test/RC0453-rc-RP-FinalizerReferenceTest05/FinalizerReferenceTest05.java \
        -J-Dtest.main.class=FinalizerReferenceTest05 \
        -J-Dtest.src=/home/yansendao/git/ArkTests/test/testsuite/ouroboros/rc_test/RC0453-rc-RP-FinalizerReferenceTest05 \
        -J-Dtest.src.path=/home/yansendao/git/ArkTests/test/testsuite/ouroboros/rc_test/RC0453-rc-RP-FinalizerReferenceTest05 \
        -J-Dtest.classes=/home/yansendao/git/ArkTests/build/jt-work-singletest/classes/42/test/testsuite/ouroboros/rc_test/RC0453-rc-RP-FinalizerReferenceTest05 \
        -J-Dtest.class.path=/home/yansendao/git/ArkTests/build/jt-work-singletest/classes/42/test/testsuite/ouroboros/rc_test/RC0453-rc-RP-FinalizerReferenceTest05 \
        -d /home/yansendao/git/ArkTests/build/jt-work-singletest/classes/42/test/testsuite/ouroboros/rc_test/RC0453-rc-RP-FinalizerReferenceTest05 \
        -sourcepath /home/yansendao/git/ArkTests/test/testsuite/ouroboros/rc_test/RC0453-rc-RP-FinalizerReferenceTest05 \
        -classpath /home/yansendao/git/ArkTests/test/testsuite/ouroboros/rc_test/RC0453-rc-RP-FinalizerReferenceTest05:/home/yansendao/git/ArkTests/build/jt-work-singletest/classes/42/test/testsuite/ouroboros/rc_test/RC0453-rc-RP-FinalizerReferenceTest05 /home/yansendao/git/ArkTests/test/testsuite/ouroboros/rc_test/RC0453-rc-RP-FinalizerReferenceTest05/FinalizerReferenceTest05.java
STDOUT:
STDERR:
/home/yansendao/git/ArkTests/test/testsuite/ouroboros/rc_test/RC0453-rc-RP-FinalizerReferenceTest05/FinalizerReferenceTest05.java:31: warning: [removal] runFinalization() in Runtime has been deprecated and marked for removal
        Runtime.getRuntime().runFinalization();
                            ^
/home/yansendao/git/ArkTests/test/testsuite/ouroboros/rc_test/RC0453-rc-RP-FinalizerReferenceTest05/FinalizerReferenceTest05.java:42: warning: [removal] runFinalization() in Runtime has been deprecated and marked for removal
        Runtime.getRuntime().runFinalization();
                            ^
/home/yansendao/git/ArkTests/test/testsuite/ouroboros/rc_test/RC0453-rc-RP-FinalizerReferenceTest05/FinalizerReferenceTest05.java:78: warning: [removal] finalize() in Object has been deprecated and marked for removal
    public void finalize() {
                ^
Note: /home/yansendao/git/ArkTests/test/testsuite/ouroboros/rc_test/RC0453-rc-RP-FinalizerReferenceTest05/FinalizerReferenceTest05.java uses unchecked or unsafe operations.
Note: Recompile with -Xlint:unchecked for details.
3 warnings

ACTION: main -- Failed. Execution failed: `main' threw exception: java.lang.NullPointerException: Cannot invoke "java.lang.ref.SoftReference.get()" because "FinalizerReferenceTest05.sr05" is null
REASON: Assumed action based on file name: run main FinalizerReferenceTest05 
TIME:   0.129 seconds
messages:
command: main FinalizerReferenceTest05
reason: Assumed action based on file name: run main FinalizerReferenceTest05 
started: Mon Oct 27 15:01:25.814 UTC 2025
Mode: othervm
Process id: 451623
finished: Mon Oct 27 15:01:25.943 UTC 2025
elapsed time (seconds): 0.129
configuration:
STDOUT:
ExpectResult
STDERR:
java.lang.NullPointerException: Cannot invoke "java.lang.ref.SoftReference.get()" because "FinalizerReferenceTest05.sr05" is null
	at FinalizerReferenceTest05.main(FinalizerReferenceTest05.java:32)
	at java.base/jdk.internal.reflect.DirectMethodHandleAccessor.invoke(DirectMethodHandleAccessor.java:104)
	at java.base/java.lang.reflect.Method.invoke(Method.java:565)
	at com.sun.javatest.regtest.agent.MainWrapper$MainTask.run(MainWrapper.java:138)
	at java.base/java.lang.Thread.run(Thread.java:1474)

JavaTest Message: Test threw exception: java.lang.NullPointerException: Cannot invoke "java.lang.ref.SoftReference.get()" because "FinalizerReferenceTest05.sr05" is null
JavaTest Message: shutting down test

STATUS:Failed.`main' threw exception: java.lang.NullPointerException: Cannot invoke "java.lang.ref.SoftReference.get()" because "FinalizerReferenceTest05.sr05" is null
rerun:
cd /home/yansendao/git/ArkTests/build/jt-work-singletest/scratch/63 && \
DBUS_SESSION_BUS_ADDRESS=unix:path=/run/user/998/bus \
DISPLAY=localhost:10.0 \
HOME=/home/yansendao \
JTREG_HOME=/home/yansendao/JDK/tools/jtreg/jtreg-8.1 \
LANG=en_US.UTF-8 \
PATH=/bin:/usr/bin:/usr/sbin \
XDG_DATA_DIRS=/usr/local/share:/usr/share:/var/lib/snapd/desktop \
XDG_RUNTIME_DIR=/run/user/998 \
XDG_SESSION_CLASS=user \
XDG_SESSION_ID=3019 \
XDG_SESSION_TYPE=tty \
CLASSPATH=/home/yansendao/git/ArkTests/build/jt-work-singletest/classes/42/test/testsuite/ouroboros/rc_test/RC0453-rc-RP-FinalizerReferenceTest05:/home/yansendao/git/ArkTests/test/testsuite/ouroboros/rc_test/RC0453-rc-RP-FinalizerReferenceTest05:/home/yansendao/JDK/tools/jtreg/jtreg-8.1/lib/javatest.jar:/home/yansendao/JDK/tools/jtreg/jtreg-8.1/lib/jtreg.jar \
    /home/yansendao/JDK/binary/openjdk/jdk25u/bin/java \
        -Dtest.vm.opts= \
        -Dtest.tool.vm.opts= \
        -Dtest.compiler.opts= \
        -Dtest.java.opts= \
        -Dtest.jdk=/home/yansendao/JDK/binary/openjdk/jdk25u \
        -Dcompile.jdk=/home/yansendao/JDK/binary/openjdk/jdk25u \
        -Dtest.timeout.factor=1.0 \
        -Dtest.root=/home/yansendao/git/ArkTests \
        -Dtest.name=test/testsuite/ouroboros/rc_test/RC0453-rc-RP-FinalizerReferenceTest05/FinalizerReferenceTest05.java \
        -Dtest.verbose=Verbose[p=BRIEF,f=FULL,e=FULL,t=false,m=false] \
        -Dtest.file=/home/yansendao/git/ArkTests/test/testsuite/ouroboros/rc_test/RC0453-rc-RP-FinalizerReferenceTest05/FinalizerReferenceTest05.java \
        -Dtest.main.class=FinalizerReferenceTest05 \
        -Dtest.src=/home/yansendao/git/ArkTests/test/testsuite/ouroboros/rc_test/RC0453-rc-RP-FinalizerReferenceTest05 \
        -Dtest.src.path=/home/yansendao/git/ArkTests/test/testsuite/ouroboros/rc_test/RC0453-rc-RP-FinalizerReferenceTest05 \
        -Dtest.classes=/home/yansendao/git/ArkTests/build/jt-work-singletest/classes/42/test/testsuite/ouroboros/rc_test/RC0453-rc-RP-FinalizerReferenceTest05 \
        -Dtest.class.path=/home/yansendao/git/ArkTests/build/jt-work-singletest/classes/42/test/testsuite/ouroboros/rc_test/RC0453-rc-RP-FinalizerReferenceTest05 \
        com.sun.javatest.regtest.agent.MainWrapper /home/yansendao/git/ArkTests/build/jt-work-singletest/test/testsuite/ouroboros/rc_test/RC0453-rc-RP-FinalizerReferenceTest05/FinalizerReferenceTest05.d/main.0.jta

TEST RESULT: Failed. Execution failed: `main' threw exception: java.lang.NullPointerException: Cannot invoke "java.lang.ref.SoftReference.get()" because "FinalizerReferenceTest05.sr05" is null
--------------------------------------------------
TEST: test/testsuite/ouroboros/rc_test/RC0368-rc-ArrayOptimization-RC_Array_03/RC_Array_03.java
TEST RESULT: Passed. Execution successful
--------------------------------------------------
TEST: test/testsuite/ouroboros/rc_test/RC0407-rc-DTS-stackAllocField/stackAllocField.java
TEST RESULT: Passed. Execution successful
--------------------------------------------------
TEST: test/testsuite/ouroboros/rc_test/RC0375-rc-ArrayOptimization-RC_Array_10/RC_Array_10.java
TEST RESULT: Passed. Execution successful
--------------------------------------------------
TEST: test/testsuite/ouroboros/rc_test/RC0444-rc-PlacementRC-PlacementRCTest02/PlacementRCTest02.java
TEST RESULT: Passed. Execution successful
--------------------------------------------------
TEST: test/testsuite/ouroboros/rc_test/RC0450-rc-RP-FinalizerReferenceTest02/FinalizerReferenceTest02.java
TEST RESULT: Passed. Execution successful
--------------------------------------------------
TEST: test/testsuite/ouroboros/rc_test/RC0470-rc-BindingMethod-ArrayCopyTest/ArrayCopyTest.java
TEST RESULT: Passed. Execution successful
--------------------------------------------------
TEST: test/testsuite/ouroboros/rc_test/RC0458-rc-GC-TriggerGCTest02/TriggerGCTest02.java
TEST RESULT: Passed. Execution successful
--------------------------------------------------
TEST: test/testsuite/ouroboros/rc_test/RC0371-rc-ArrayOptimization-RC_Array_06/RC_Array_06.java
TEST RESULT: Passed. Execution successful
--------------------------------------------------
TEST: test/testsuite/ouroboros/rc_test/RC0468-rc-BindingMethod-ArrayCloneTest/ArrayCloneTest.java
TEST RESULT: Passed. Execution successful
--------------------------------------------------
TEST: test/testsuite/ouroboros/rc_test/RC0378-rc-ArrayOptimization-RC_Array_13/RC_Array_13.java
TEST RESULT: Passed. Execution successful
--------------------------------------------------
TEST: test/testsuite/ouroboros/rc_test/RC0372-rc-ArrayOptimization-RC_Array_07/RC_Array_07.java
TEST RESULT: Passed. Execution successful
--------------------------------------------------
TEST: test/testsuite/ouroboros/rc_test/RC0379-rc-ArrayOptimization-RC_Array_14/RC_Array_14.java
TEST RESULT: Passed. Execution successful
--------------------------------------------------
TEST: test/testsuite/ouroboros/rc_test/RC0408-rc-DTS-OOMtest/OOMtest.java
TEST RESULT: Passed. Execution successful
--------------------------------------------------
TEST: test/testsuite/ouroboros/rc_test/RC0409-rc-DTS-Ex_eight_arguments/Ex_eight_arguments.java
TEST RESULT: Passed. Execution successful
--------------------------------------------------
TEST: test/testsuite/ouroboros/rc_test/RC0451-rc-RP-FinalizerReferenceTest03/FinalizerReferenceTest03.java
TEST RESULT: Passed. Execution successful
--------------------------------------------------
TEST: test/testsuite/ouroboros/rc_test/RC0479-rc-StackScan-CB_03/CB_03.java
TEST RESULT: Passed. Execution successful
--------------------------------------------------
TEST: test/testsuite/ouroboros/rc_test/RC0477-rc-StackScan-CB_01/CB_01.java
TEST RESULT: Passed. Execution successful
--------------------------------------------------
TEST: test/testsuite/ouroboros/rc_test/RC0377-rc-ArrayOptimization-RC_Array_12/RC_Array_12.java
TEST RESULT: Passed. Execution successful
--------------------------------------------------
TEST: test/testsuite/ouroboros/rc_test/RC0480-rc-StackScan-CB_04/CB_04.java
TEST RESULT: Passed. Execution successful
--------------------------------------------------
TEST: test/testsuite/ouroboros/rc_test/RC0478-rc-StackScan-CB_02/CB_02.java
TEST RESULT: Passed. Execution successful
--------------------------------------------------
TEST: test/testsuite/ouroboros/rc_test/RC0485-rc-StackScan-CB_09/CB_09.java
TEST RESULT: Passed. Execution successful
--------------------------------------------------
TEST: test/testsuite/ouroboros/rc_test/RC0482-rc-StackScan-CB_06/CB_06.java
TEST RESULT: Passed. Execution successful
--------------------------------------------------
TEST: test/testsuite/ouroboros/rc_test/RC0292-rc-function-ROSAlloc-Alloc_Threadm_192x8B_2/Alloc_Threadm_192x8B_2.java
TEST RESULT: Passed. Execution successful
--------------------------------------------------
TEST: test/testsuite/ouroboros/parent_test/RT0170-rt-parent-UnicodeBlockExObjectwaitInterruptedException/UnicodeBlockExObjectwaitInterruptedException.java
TEST RESULT: Passed. Execution successful
--------------------------------------------------
TEST: test/testsuite/ouroboros/rc_test/RC0489-rc-StackScan-CP_Thread_04/CP_Thread_04.java
TEST RESULT: Passed. Execution successful
--------------------------------------------------
TEST: test/testsuite/ouroboros/rc_test/RC0487-rc-StackScan-CB_Thread_02/CB_Thread_02.java
TEST RESULT: Passed. Execution successful
--------------------------------------------------
TEST: test/testsuite/ouroboros/rc_test/RC0490-rc-StackScan-CP_Thread_05/CP_Thread_05.java
TEST RESULT: Passed. Execution successful
--------------------------------------------------
TEST: test/testsuite/ouroboros/rc_test/RC0488-rc-StackScan-CP_Thread_03/CP_Thread_03.java
TEST RESULT: Passed. Execution successful
--------------------------------------------------
TEST: test/testsuite/ouroboros/rc_test/RC0481-rc-StackScan-CB_05/CB_05.java
TEST RESULT: Passed. Execution successful
--------------------------------------------------
TEST: test/testsuite/ouroboros/rc_test/RC0493-rc-StackScan-CP_Thread_08/CP_Thread_08.java
TEST RESULT: Passed. Execution successful
--------------------------------------------------
TEST: test/testsuite/ouroboros/rc_test/RC0492-rc-StackScan-CP_Thread_07/CP_Thread_07.java
TEST RESULT: Passed. Execution successful
--------------------------------------------------
TEST: test/testsuite/ouroboros/rc_test/RC0483-rc-StackScan-CB_07/CB_07.java
TEST RESULT: Passed. Execution successful
--------------------------------------------------
TEST: test/testsuite/ouroboros/rc_test/RC0491-rc-StackScan-CP_Thread_06/CP_Thread_06.java
TEST RESULT: Passed. Execution successful
--------------------------------------------------
TEST: test/testsuite/ouroboros/rc_test/RC0494-rc-StackScan-CP_Thread_09/CP_Thread_09.java
TEST RESULT: Passed. Execution successful
--------------------------------------------------
TEST: test/testsuite/ouroboros/rc_test/RC0508-JTreg-ConstCharAppend/ConstCharAppend.java
TEST RESULT: Passed. Execution successful
--------------------------------------------------
TEST: test/testsuite/ouroboros/rc_test/RC0486-rc-StackScan-CB_Thread_01/CB_Thread_01.java
TEST RESULT: Passed. Execution successful
--------------------------------------------------
TEST: test/testsuite/ouroboros/rc_test/RC0509-JTreg-RelaxedArrays/RelaxedArrays.java
TEST RESULT: Passed. Execution successful
--------------------------------------------------
TEST: test/testsuite/ouroboros/rc_test/RC0510-JTreg-T4711694/T4711694.java
TEST RESULT: Passed. Execution successful
--------------------------------------------------
TEST: test/testsuite/ouroboros/reflection_test/issue-0000-rt-Reflection-ReflectionforName2/ReflectionForName2.java
TEST RESULT: Passed. Execution successful
--------------------------------------------------
TEST: test/testsuite/ouroboros/rc_test/RC0512-JTreg-WrongNew/WrongNew.java
TEST RESULT: Passed. Execution successful
--------------------------------------------------
TEST: test/testsuite/ouroboros/rc_test/RC0514-JTreg-SingleLocalTest/SingleLocalTest.java
TEST RESULT: Passed. Execution successful
--------------------------------------------------
TEST: test/testsuite/ouroboros/rc_test/RC0511-JTreg-T7040104/T7040104.java
TEST RESULT: Passed. Execution successful
--------------------------------------------------
TEST: test/testsuite/ouroboros/reflection_test/RT0006-rt-reflection-ReflectingetDeclaredConstructors/ReflectingGetDeclaredConstructors.java
TEST RESULT: Passed. Execution successful
--------------------------------------------------
TEST: test/testsuite/ouroboros/rc_test/RC0446-rc-PlacementRC-PlacementRCTest04/PlacementRCTest04.java
TEST RESULT: Passed. Execution successful
--------------------------------------------------
TEST: test/testsuite/ouroboros/reflection_test/RT0002-rt-reflection-ReflectingetConstructor2/ReflectingGetConstructor2.java
TEST RESULT: Passed. Execution successful
--------------------------------------------------
TEST: test/testsuite/ouroboros/rc_test/RC0513-JTreg-T6481655/T6481655.java
TEST RESULT: Passed. Execution successful
--------------------------------------------------
TEST: test/testsuite/ouroboros/rc_test/RC0507-JTreg-CheckLoops/CheckLoops.java
TEST RESULT: Passed. Execution successful
--------------------------------------------------
TEST: test/testsuite/ouroboros/rc_test/RC0516-GC-FrequentGCTest02/FrequentGCTest02.java
TEST RESULT: Passed. Execution successful
--------------------------------------------------
TEST: test/testsuite/ouroboros/rc_test/RC0484-rc-StackScan-CB_08/CB_08.java
TEST RESULT: Passed. Execution successful
--------------------------------------------------
TEST: test/testsuite/ouroboros/reflection_test/issue-RT0893-rt-Reflection-ClinitFieldSetCharInterface/ClassInitFieldSetCharInterface.java
TEST RESULT: Passed. Execution successful
--------------------------------------------------
TEST: test/testsuite/ouroboros/reflection_test/RT0005-rt-reflection-ReflectingetDeclaredConstructor2/ReflectingGetDeclaredConstructor2.java
TEST RESULT: Passed. Execution successful
--------------------------------------------------
TEST: test/testsuite/ouroboros/rc_test/RC0457-rc-GC-TriggerGCTest01/TriggerGCTest01.java
TEST RESULT: Passed. Execution successful
--------------------------------------------------
TEST: test/testsuite/ouroboros/reflection_test/RT0028-rt-reflection-ReflectiongetCanonicalName/ReflectionGetCanonicalName.java
TEST RESULT: Passed. Execution successful
--------------------------------------------------
TEST: test/testsuite/ouroboros/reflection_test/RT0029-rt-reflection-ReflectiongetComponentType/ReflectionGetComponentType.java
TEST RESULT: Passed. Execution successful
--------------------------------------------------
TEST: test/testsuite/ouroboros/reflection_test/issue-RT0894-rt-Reflection-ClinitFieldSetDoubleInterface/ClassInitFieldSetDoubleInterface.java
TEST RESULT: Passed. Execution successful
--------------------------------------------------
TEST: test/testsuite/ouroboros/reflection_test/RT0011-rt-reflection-Reflectioncast2/ReflectionCast2.java
TEST RESULT: Passed. Execution successful
--------------------------------------------------
TEST: test/testsuite/ouroboros/reflection_test/RT0010-rt-reflection-Reflectioncast1/ReflectionCast1.java
TEST RESULT: Passed. Execution successful
--------------------------------------------------
TEST: test/testsuite/ouroboros/reflection_test/RT0001-rt-reflection-ReflectingetConstructor1/ReflectingGetConstructor1.java
TEST RESULT: Passed. Execution successful
--------------------------------------------------
TEST: test/testsuite/ouroboros/reflection_test/RT0008-rt-reflection-ReflectionasSubclass2/ReflectionAsSubclass2.java
TEST RESULT: Passed. Execution successful
--------------------------------------------------
TEST: test/testsuite/ouroboros/reflection_test/RT0004-rt-reflection-ReflectingetDeclaredConstructor1/ReflectingGetDeclaredConstructor1.java
TEST RESULT: Passed. Execution successful
--------------------------------------------------
TEST: test/testsuite/ouroboros/reflection_test/RT0013-rt-reflection-Reflectioncast4/ReflectionCast4.java
TEST RESULT: Passed. Execution successful
--------------------------------------------------
TEST: test/testsuite/ouroboros/reflection_test/RT0003-rt-reflection-ReflectingetConstructors/ReflectingGetConstructors.java
TEST RESULT: Passed. Execution successful
--------------------------------------------------
TEST: test/testsuite/ouroboros/rc_test/RC0104-rc-function-RC_Finalize_01/RC_Finalize_01.java
TEST RESULT: Passed. Execution successful
--------------------------------------------------
TEST: test/testsuite/ouroboros/reflection_test/RT0033-rt-reflection-ReflectionGetDeclaredAnnotationsByTypeNullPointerException/ReflectionGetDeclaredAnnotationsByTypeNullPointerException.java
TEST RESULT: Passed. Execution successful
--------------------------------------------------
TEST: test/testsuite/ouroboros/reflection_test/RT0014-rt-reflection-ReflectiondesiredAssertionStatus/ReflectionDesiredAssertionStatus.java
TEST RESULT: Passed. Execution successful
--------------------------------------------------
TEST: test/testsuite/ouroboros/reflection_test/RT0012-rt-reflection-Reflectioncast3/ReflectionCast3.java
TEST RESULT: Passed. Execution successful
--------------------------------------------------
TEST: test/testsuite/ouroboros/rc_test/RC0302-rc-function-Ref-PhantomRefTest/PhantomRefTest.java
TEST RESULT: Passed. Execution successful
--------------------------------------------------
TEST: test/testsuite/ouroboros/rc_test/RC0495-rc-GC-TaskQueue-FrequentSystemGC_01/FrequentSystemGC_01.java
TEST RESULT: Passed. Execution successful
--------------------------------------------------
TEST: test/testsuite/ouroboros/reflection_test/RT0017-rt-reflection-ReflectionforName5/ReflectionForName5.java
TEST RESULT: Passed. Execution successful
--------------------------------------------------
TEST: test/testsuite/ouroboros/reflection_test/RT0016-rt-reflection-ReflectionforName4/ReflectionForName4.java
TEST RESULT: Passed. Execution successful
--------------------------------------------------
TEST: test/testsuite/ouroboros/reflection_test/RT0015-rt-reflection-ReflectionforName1/ReflectionForName1.java
TEST RESULT: Passed. Execution successful
--------------------------------------------------
TEST: test/testsuite/ouroboros/reflection_test/RT0020-rt-reflection-ReflectiongetAnnotation3/ReflectionGetAnnotation3.java
TEST RESULT: Passed. Execution successful
--------------------------------------------------
TEST: test/testsuite/ouroboros/reflection_test/RT0030-rt-reflection-ReflectiongetDeclaredAnnotations1/ReflectionGetDeclaredAnnotations1.java
TEST RESULT: Passed. Execution successful
--------------------------------------------------
TEST: test/testsuite/ouroboros/reflection_test/RT0036-rt-reflection-ReflectionGetDeclaredFieldNullPointerException/ReflectionGetDeclaredFieldNullPointerException.java
TEST RESULT: Passed. Execution successful
--------------------------------------------------
TEST: test/testsuite/ouroboros/reflection_test/RT0035-rt-reflection-ReflectiongetDeclaredField1/ReflectionGetDeclaredField1.java
TEST RESULT: Passed. Execution successful
--------------------------------------------------
TEST: test/testsuite/ouroboros/reflection_test/RT0021-rt-reflection-ReflectiongetAnnotation4/ReflectionGetAnnotation4.java
TEST RESULT: Passed. Execution successful
--------------------------------------------------
TEST: test/testsuite/ouroboros/reflection_test/RT0009-rt-reflection-ReflectionasSubclass3/ReflectionAsSubclass3.java
TEST RESULT: Passed. Execution successful
--------------------------------------------------
TEST: test/testsuite/ouroboros/reflection_test/RT0042-rt-reflection-ReflectiongetDeclaredMethods1/ReflectionGetDeclaredMethods1.java
TEST RESULT: Passed. Execution successful
--------------------------------------------------
TEST: test/testsuite/ouroboros/rc_test/RC0272-rc-function-ROSAlloc-Alloc_Thread2_192x8B_2/Alloc_Thread2_192x8B_2.java
TEST RESULT: Passed. Execution successful
--------------------------------------------------
TEST: test/testsuite/ouroboros/reflection_test/RT0007-rt-reflection-ReflectionasSubclass1/ReflectionAsSubclass1.java
TEST RESULT: Passed. Execution successful
--------------------------------------------------
TEST: test/testsuite/ouroboros/rc_test/RC0348-rc-rp-simpleweakref_01/DeadReferenceTest.java
TEST RESULT: Passed. Execution successful
--------------------------------------------------
TEST: test/testsuite/ouroboros/reflection_test/RT0034-rt-reflection-ReflectiongetDeclaredClasses/ReflectionGetDeclaredClasses.java
TEST RESULT: Passed. Execution successful
--------------------------------------------------
TEST: test/testsuite/ouroboros/reflection_test/RT0031-rt-reflection-ReflectiongetDeclaredAnnotations2/ReflectionGetDeclaredAnnotations2.java
TEST RESULT: Passed. Execution successful
--------------------------------------------------
TEST: test/testsuite/ouroboros/reflection_test/RT0041-rt-reflection-ReflectiongetDeclaredMethod3/ReflectionGetDeclaredMethod3.java
TEST RESULT: Passed. Execution successful
--------------------------------------------------
TEST: test/testsuite/ouroboros/reflection_test/RT0037-rt-reflection-ReflectiongetDeclaredFields1/ReflectionGetDeclaredFields1.java
TEST RESULT: Passed. Execution successful
--------------------------------------------------
TEST: test/testsuite/ouroboros/reflection_test/RT0043-rt-reflection-ReflectiongetDeclaredMethods2/ReflectionGetDeclaredMethods2.java
TEST RESULT: Passed. Execution successful
--------------------------------------------------
TEST: test/testsuite/ouroboros/reflection_test/RT0026-rt-reflection-ReflectiongetAnnotationsByType2/ReflectionGetAnnotationsByType2.java
TEST RESULT: Passed. Execution successful
--------------------------------------------------
TEST: test/testsuite/ouroboros/reflection_test/RT0053-rt-reflection-ReflectiongetSigners/ReflectionGetSigners.java
TEST RESULT: Passed. Execution successful
--------------------------------------------------
TEST: test/testsuite/ouroboros/reflection_test/RT0038-rt-reflection-ReflectiongetDeclaredFields2/ReflectionGetDeclaredFields.java
TEST RESULT: Passed. Execution successful
--------------------------------------------------
TEST: test/testsuite/ouroboros/reflection_test/RT0049-rt-reflection-ReflectiongetField2/ReflectionGetField2.java
TEST RESULT: Passed. Execution successful
--------------------------------------------------
TEST: test/testsuite/ouroboros/reflection_test/RT0050-rt-reflection-ReflectiongetFields/ReflectionGetFields.java
TEST RESULT: Passed. Execution successful
--------------------------------------------------
TEST: test/testsuite/ouroboros/reflection_test/RT0039-rt-reflection-ReflectiongetDeclaredMethod1/ReflectionGetDeclaredMethod1.java
TEST RESULT: Passed. Execution successful
--------------------------------------------------
TEST: test/testsuite/ouroboros/reflection_test/RT0040-rt-reflection-ReflectiongetDeclaredMethod2/ReflectionGetDeclaredMethod2.java
TEST RESULT: Passed. Execution successful
--------------------------------------------------
TEST: test/testsuite/ouroboros/reflection_test/RT0048-rt-reflection-ReflectiongetField1/ReflectionGetField1.java
TEST RESULT: Passed. Execution successful
--------------------------------------------------
TEST: test/testsuite/ouroboros/rc_test/RC0274-rc-function-ROSAlloc-Alloc_Thread2_256x8B_2/Alloc_Thread2_256x8B_2.java
TEST RESULT: Passed. Execution successful
--------------------------------------------------
TEST: test/testsuite/ouroboros/reflection_test/RT0051-rt-reflection-ReflectiongetMethod1/ReflectionGetMethod1.java
TEST RESULT: Passed. Execution successful
--------------------------------------------------
TEST: test/testsuite/ouroboros/reflection_test/RT0044-rt-reflection-ReflectiongetDeclaringClass/ReflectionGetDeclaringClass.java
TEST RESULT: Passed. Execution successful
--------------------------------------------------
TEST: test/testsuite/ouroboros/reflection_test/RT0056-rt-reflection-ReflectionisArray/ReflectionIsArray.java
TEST RESULT: Passed. Execution successful
--------------------------------------------------
TEST: test/testsuite/ouroboros/reflection_test/RT0052-rt-reflection-ReflectiongetMethod2/ReflectionGetMethod2.java
TEST RESULT: Passed. Execution successful
--------------------------------------------------
TEST: test/testsuite/ouroboros/reflection_test/RT0057-rt-reflection-ReflectionisAssignableFrom1/ReflectionIsAssignableFrom1.java
TEST RESULT: Passed. Execution successful
--------------------------------------------------
TEST: test/testsuite/ouroboros/reflection_test/RT0054-rt-reflection-ReflectiongetSimpleName/ReflectionGetSimpleName.java
TEST RESULT: Passed. Execution successful
--------------------------------------------------
TEST: test/testsuite/ouroboros/reflection_test/RT0058-rt-reflection-ReflectionisAssignableFrom2/ReflectionIsAssignableFromNullPointerException.java
TEST RESULT: Passed. Execution successful
--------------------------------------------------
TEST: test/testsuite/ouroboros/reflection_test/RT0062-rt-reflection-ReflectionisSynthetic/ReflectionIsSynthetic.java
TEST RESULT: Passed. Execution successful
--------------------------------------------------
TEST: test/testsuite/ouroboros/reflection_test/RT0047-rt-reflection-ReflectiongetEnumConstants/ReflectionGetEnumConstants.java
TEST RESULT: Passed. Execution successful
--------------------------------------------------
TEST: test/testsuite/ouroboros/rc_test/RC0303-rc-function-Ref-SoftRefTest/SoftRefTest.java
TEST RESULT: Passed. Execution successful
--------------------------------------------------
TEST: test/testsuite/ouroboros/rc_test/RC0304-rc-function-Ref-WeakRefTest/WeakRefTest.java
TEST RESULT: Passed. Execution successful
--------------------------------------------------
TEST: test/testsuite/ouroboros/reflection_test/RT0066-rt-reflection-ReflectiontoString/ReflectionToString.java
TEST RESULT: Passed. Execution successful
--------------------------------------------------
TEST: test/testsuite/ouroboros/reflection_test/RT0061-rt-reflection-ReflectionisPrimitive/ReflectionIsPrimitive.java
TEST RESULT: Passed. Execution successful
--------------------------------------------------
TEST: test/testsuite/ouroboros/reflection_test/RT0064-rt-reflection-ReflectionnewInstance2/ReflectionNewInstanceInstantiationExceptionIllegalAccessException.java
TEST RESULT: Passed. Execution successful
--------------------------------------------------
TEST: test/testsuite/ouroboros/reflection_test/RT0063-rt-reflection-ReflectionnewInstance1/ReflectionNewInstance1.java
TEST RESULT: Passed. Execution successful
--------------------------------------------------
TEST: test/testsuite/ouroboros/reflection_test/RT0060-rt-reflection-ReflectionisMemberClass/ReflectionIsMemberClass.java
TEST RESULT: Passed. Execution successful
--------------------------------------------------
TEST: test/testsuite/ouroboros/reflection_test/RT0059-rt-reflection-ReflectionisLocalClass/ReflectionIsLocalClass.java
TEST RESULT: Passed. Execution successful
--------------------------------------------------
TEST: test/testsuite/ouroboros/reflection_test/RT0070-rt-reflection-RTConstructorgetDeclaredAnnotations2/RTConstructorGetDeclaredAnnotations2.java
TEST RESULT: Passed. Execution successful
--------------------------------------------------
TEST: test/testsuite/ouroboros/reflection_test/RT0080-rt-reflection-RTFieldgetDeclaringClass/RTFieldGetDeclaringClass.java
TEST RESULT: Passed. Execution successful
--------------------------------------------------
TEST: test/testsuite/ouroboros/reflection_test/RT0065-rt-reflection-ReflectiontoGenericString/ReflectionToGenericString.java
TEST RESULT: Passed. Execution successful
--------------------------------------------------
TEST: test/testsuite/ouroboros/reflection_test/RT0074-rt-reflection-RTFieldget1/RTFieldGet1.java
TEST RESULT: Passed. Execution successful
--------------------------------------------------
TEST: test/testsuite/ouroboros/reflection_test/RT0077-rt-reflection-RTFieldgetAnnotation/RTFieldGetAnnotation1.java
TEST RESULT: Passed. Execution successful
--------------------------------------------------
TEST: test/testsuite/ouroboros/reflection_test/RT0081-rt-reflection-RTFieldgetModifiers/RTFieldGetModifiers.java
TEST RESULT: Passed. Execution successful
--------------------------------------------------
TEST: test/testsuite/ouroboros/reflection_test/RT0082-rt-reflection-RTFieldgetName/RTFieldGetName.java
TEST RESULT: Passed. Execution successful
--------------------------------------------------
TEST: test/testsuite/ouroboros/reflection_test/RT0076-rt-reflection-RTFieldget3/RTFieldGet3.java
TEST RESULT: Passed. Execution successful
--------------------------------------------------
TEST: test/testsuite/ouroboros/reflection_test/RT0068-rt-reflection-RTConstructorgetAnnotation2/RTConstructorGetAnnotation2.java
TEST RESULT: Passed. Execution successful
--------------------------------------------------
TEST: test/testsuite/ouroboros/reflection_test/RT0087-rt-reflection-RTFieldset4/RTFieldSet4.java
TEST RESULT: Passed. Execution successful
--------------------------------------------------
TEST: test/testsuite/ouroboros/reflection_test/RT0086-rt-reflection-RTFieldset3/RTFieldSet3.java
TEST RESULT: Passed. Execution successful
--------------------------------------------------
TEST: test/testsuite/ouroboros/reflection_test/RT0084-rt-reflection-RTFieldset1/RTFieldSet1.java
TEST RESULT: Passed. Execution successful
--------------------------------------------------
TEST: test/testsuite/ouroboros/reflection_test/RT0079-rt-reflection-RTFieldgetDeclaredAnnotations2/RTFieldGetDeclaredAnnotations2.java
TEST RESULT: Passed. Execution successful
--------------------------------------------------
TEST: test/testsuite/ouroboros/reflection_test/RT0083-rt-reflection-RTFieldgetType/RTFieldGetType.java
TEST RESULT: Passed. Execution successful
--------------------------------------------------
TEST: test/testsuite/ouroboros/reflection_test/RT0095-rt-reflection-RTMethodgetParameterCount/RTMethodGetParameterCount.java
TEST RESULT: Passed. Execution successful
--------------------------------------------------
TEST: test/testsuite/ouroboros/reflection_test/RT0075-rt-reflection-RTFieldget2/RTFieldGet2.java
TEST RESULT: Passed. Execution successful
--------------------------------------------------
TEST: test/testsuite/ouroboros/reflection_test/RT0089-rt-reflection-RTFieldtoString/RTFieldToString.java
TEST RESULT: Passed. Execution successful
--------------------------------------------------
TEST: test/testsuite/ouroboros/reflection_test/RT0091-rt-reflection-RTMethodgetAnnotation2/RTMethodGetAnnotation2.java
TEST RESULT: Passed. Execution successful
--------------------------------------------------
TEST: test/testsuite/ouroboros/rc_test/RC0463-rc-GC-TriggerGCTest07/TriggerGCTest07.java
TEST RESULT: Passed. Execution successful
--------------------------------------------------
TEST: test/testsuite/ouroboros/reflection_test/RT0115-rt-reflection-ClassGetEnumConstants/ClassGetEnumConstants.java
TEST RESULT: Passed. Execution successful
--------------------------------------------------
TEST: test/testsuite/ouroboros/reflection_test/RT0099-rt-reflection-RTModifierparameterModifiers/RTModifierParameterModifiers.java
TEST RESULT: Passed. Execution successful
--------------------------------------------------
TEST: test/testsuite/ouroboros/reflection_test/RT0097-rt-reflection-RTMethonisDefault/RTMethodIsDefault.java
TEST RESULT: Passed. Execution successful
--------------------------------------------------
TEST: test/testsuite/ouroboros/reflection_test/RT0093-rt-reflection-RTMethodgetDeclaredAnnotations2/RTMethodGetDeclaredAnnotations2.java
TEST RESULT: Passed. Execution successful
--------------------------------------------------
TEST: test/testsuite/ouroboros/reflection_test/RT0085-rt-reflection-RTFieldset2/RTFieldSet2.java
TEST RESULT: Passed. Execution successful
--------------------------------------------------
TEST: test/testsuite/ouroboros/reflection_test/RT0107-rt-reflection-RTParametergetDeclaredAnnotations2/RTParameterGetDeclaredAnnotations2.java
TEST RESULT: Passed. Execution successful
--------------------------------------------------
TEST: test/testsuite/ouroboros/rc_test/RC0466-rc-GC-TriggerGCTest10/TriggerGCTest10.java
TEST RESULT: Passed. Execution successful
--------------------------------------------------
TEST: test/testsuite/ouroboros/reflection_test/RT0111-rt-reflection-reflectClasssetisAssignableFrom/ClassIsAssignableFromNPE.java
TEST RESULT: Passed. Execution successful
--------------------------------------------------
TEST: test/testsuite/ouroboros/reflection_test/RT0104-rt-reflection-RTParametergetAnnotationsByType2/RTParameterGetAnnotationsByType2.java
TEST RESULT: Passed. Execution successful
--------------------------------------------------
TEST: test/testsuite/ouroboros/reflection_test/RT0117-rt-reflection-ClassGetTypeParameters/ClassGetTypeParameters.java
TEST RESULT: Passed. Execution successful
--------------------------------------------------
TEST: test/testsuite/ouroboros/reflection_test/RT0109-rt-reflection-RTProxygetProxyClass1/RTProxyGetProxyClass1.java
TEST RESULT: Passed. Execution successful
--------------------------------------------------
TEST: test/testsuite/ouroboros/reflection_test/RT0134-rt-reflection-MethodIsDefault/MethodIsDefault.java
TEST RESULT: Passed. Execution successful
--------------------------------------------------
TEST: test/testsuite/ouroboros/reflection_test/RT0101-rt-reflection-RTParametergetAnnotation2/RTParameterGetAnnotation2.java
TEST RESULT: Passed. Execution successful
--------------------------------------------------
TEST: test/testsuite/ouroboros/rc_test/RC0269-rc-function-ROSAlloc-Alloc_Thread2_128x8B_2/Alloc_Thread2_128x8B_2.java
TEST RESULT: Passed. Execution successful
--------------------------------------------------
TEST: test/testsuite/ouroboros/reflection_test/RT0123-rt-reflection-ConstructorToGenericString/ConstructorToGenericString.java
TEST RESULT: Passed. Execution successful
--------------------------------------------------
TEST: test/testsuite/ouroboros/reflection_test/RT0142-rt-reflection-ReflectionAnnotationGetClass/ReflectionAnnotationGetClass.java
TEST RESULT: Passed. Execution successful
--------------------------------------------------
TEST: test/testsuite/ouroboros/reflection_test/RT0133-rt-reflection-MethodGetTypeParameters/MethodGetTypeParameters.java
TEST RESULT: Passed. Execution successful
--------------------------------------------------
TEST: test/testsuite/ouroboros/reflection_test/RT0146-rt-reflection-ClinitFieldGetByteStatic/ClassInitFieldGetByteStatic.java
TEST RESULT: Passed. Execution successful
--------------------------------------------------
TEST: test/testsuite/ouroboros/reflection_test/RT0118-rt-reflection-ClassToGenericString/ClassToGenericString.java
TEST RESULT: Passed. Execution successful
--------------------------------------------------
TEST: test/testsuite/ouroboros/reflection_test/RT0131-rt-reflection-MethodgetDefaultValue/MethodGetDefaultValue.java
TEST RESULT: Passed. Execution successful
--------------------------------------------------
TEST: test/testsuite/ouroboros/reflection_test/RT0110-rt-reflection-ClassgetDeclaredAnnotationNPE/ClassGetDeclaredAnnotationNPE.java
TEST RESULT: Passed. Execution successful
--------------------------------------------------
TEST: test/testsuite/ouroboros/reflection_test/RT0122-rt-reflection-ConstructorGetTypeParameters/ConstructorGetTypeParameters.java
TEST RESULT: Passed. Execution successful
--------------------------------------------------
TEST: test/testsuite/ouroboros/reflection_test/RT0121-rt-reflection-ConstructorGetExceptionTypes/ConstructorGetExceptionTypes.java
TEST RESULT: Passed. Execution successful
--------------------------------------------------
TEST: test/testsuite/ouroboros/reflection_test/RT0112-rt-reflection-ClassGetAnnotationsByType/ClassGetAnnotationsByType.java
TEST RESULT: Passed. Execution successful
--------------------------------------------------
TEST: test/testsuite/ouroboros/reflection_test/RT0150-rt-reflection-ClinitFieldGetIntStatic/ClassInitFieldGetIntStatic.java
TEST RESULT: Passed. Execution successful
--------------------------------------------------
TEST: test/testsuite/ouroboros/reflection_test/RT0128-rt-reflection-FieldToGenericString/FieldToGenericString.java
TEST RESULT: Passed. Execution successful
--------------------------------------------------
TEST: test/testsuite/ouroboros/reflection_test/RT0132-rt-reflection-MethodGetParameterCount/MethodGetParameterCount.java
TEST RESULT: Passed. Execution successful
--------------------------------------------------
TEST: test/testsuite/ouroboros/reflection_test/RT0135-rt-reflection-MethodToGenericString/MethodToGenericString.java
TEST RESULT: Passed. Execution successful
--------------------------------------------------
TEST: test/testsuite/ouroboros/reflection_test/RT0145-rt-reflection-ClinitFieldGetBooleanStatic/ClassInitFieldGetBooleanStatic.java
TEST RESULT: Passed. Execution successful
--------------------------------------------------
TEST: test/testsuite/ouroboros/rc_test/RC0362-rc-Memory-leaktestsupplycase-03/FinalizerTest.java
TEST RESULT: Passed. Execution successful
--------------------------------------------------
TEST: test/testsuite/ouroboros/reflection_test/RT0151-rt-reflection-ClinitFieldGetLongStatic/ClassInitFieldGetLongStatic.java
TEST RESULT: Passed. Execution successful
--------------------------------------------------
TEST: test/testsuite/ouroboros/reflection_test/RT0152-rt-reflection-ClinitFieldGetShortStatic/ClassInitFieldGetShortStatic.java
TEST RESULT: Passed. Execution successful
--------------------------------------------------
TEST: test/testsuite/ouroboros/reflection_test/RT0149-rt-reflection-ClinitFieldGetFloatStatic/ClassInitFieldGetFloatStatic.java
TEST RESULT: Passed. Execution successful
--------------------------------------------------
TEST: test/testsuite/ouroboros/reflection_test/RT0153-rt-reflection-ClinitFieldGetStatic/ClassInitFieldGetStatic.java
TEST RESULT: Passed. Execution successful
--------------------------------------------------
TEST: test/testsuite/ouroboros/reflection_test/RT0155-rt-reflection-ClinitFieldSetBooleanStatic/ClassInitFieldSetBooleanStatic.java
TEST RESULT: Passed. Execution successful
--------------------------------------------------
TEST: test/testsuite/ouroboros/reflection_test/RT0156-rt-reflection-ClinitFieldSetByteStatic/ClassInitFieldSetByteStatic.java
TEST RESULT: Passed. Execution successful
--------------------------------------------------
TEST: test/testsuite/ouroboros/reflection_test/RT0157-rt-reflection-ClinitFieldSetCharStatic/ClassInitFieldSetCharStatic.java
TEST RESULT: Passed. Execution successful
--------------------------------------------------
TEST: test/testsuite/ouroboros/reflection_test/RT0144-rt-reflection-ClinitConstructorNewInstance/ClassInitConstructorNewInstance.java
TEST RESULT: Passed. Execution successful
--------------------------------------------------
TEST: test/testsuite/ouroboros/reflection_test/RT0160-rt-reflection-ClinitFieldSetIntStatic/ClassInitFieldSetIntStatic.java
TEST RESULT: Passed. Execution successful
--------------------------------------------------
TEST: test/testsuite/ouroboros/reflection_test/RT0159-rt-reflection-ClinitFieldSetFloatStatic/ClassInitFieldSetFloatStatic.java
TEST RESULT: Passed. Execution successful
--------------------------------------------------
TEST: test/testsuite/ouroboros/reflection_test/RT0147-rt-reflection-ClinitFieldGetCharStatic/ClassInitFieldGetCharStatic.java
TEST RESULT: Passed. Execution successful
--------------------------------------------------
TEST: test/testsuite/ouroboros/rc_test/RC0346-rc-rp-strong_and_weak/Ref_Processor_Strong_And_Weak_Ref.java
TEST RESULT: Passed. Execution successful
--------------------------------------------------
TEST: test/testsuite/ouroboros/reflection_test/RT0148-rt-reflection-ClinitFieldGetDoubleStatic/ClassInitFieldGetDoubleStatic.java
TEST RESULT: Passed. Execution successful
--------------------------------------------------
TEST: test/testsuite/ouroboros/rc_test/RC0496-rc-GC-TaskQueue-StartupInvoke_01/StartupInvoke_01.java
TEST RESULT: Passed. Execution successful
--------------------------------------------------
TEST: test/testsuite/ouroboros/rc_test/RC0359-rc-rp-simpleweakref_12/NotIsCleanerFreeRef.java
TEST RESULT: Passed. Execution successful
--------------------------------------------------
TEST: test/testsuite/ouroboros/rc_test/RC0356-rc-rp-simpleweakref_09/NotIsCleanerNotInDeadCycleNotFreeRefSetWCB.java
TEST RESULT: Passed. Execution successful
--------------------------------------------------
TEST: test/testsuite/ouroboros/reflection_test/RT0143-rt-reflection-ClinitClassNewInstance/ClassInitClassNewInstance.java
TEST RESULT: Passed. Execution successful
--------------------------------------------------
TEST: test/testsuite/ouroboros/reflection_test/RT0154-rt-reflection-ClinitFieldOtherMethod/ClassInitFieldOtherMethod.java
TEST RESULT: Passed. Execution successful
--------------------------------------------------
TEST: test/testsuite/ouroboros/reflection_test/RT0162-rt-reflection-ClinitFieldSetShortStatic/ClassInitFieldSetShortStatic.java
TEST RESULT: Passed. Execution successful
--------------------------------------------------
TEST: test/testsuite/ouroboros/reflection_test/RT0158-rt-reflection-ClinitFieldSetDoubleStatic/ClassInitFieldSetDoubleStatic.java
TEST RESULT: Passed. Execution successful
--------------------------------------------------
TEST: test/testsuite/ouroboros/reflection_test/RT0161-rt-reflection-ClinitFieldSetLongStatic/ClassInitFieldSetLongStatic.java
TEST RESULT: Passed. Execution successful
--------------------------------------------------
TEST: test/testsuite/ouroboros/reflection_test/RT0172-rt-reflection-ClinitFieldGetLongInterface/ClassInitFieldGetLongInterface.java
TEST RESULT: Passed. Execution successful
--------------------------------------------------
TEST: test/testsuite/ouroboros/reflection_test/RT0174-rt-reflection-ClinitFieldOtherMethodInterface/ClassInitFieldOtherMethodInterface.java
TEST RESULT: Passed. Execution successful
--------------------------------------------------
TEST: test/testsuite/ouroboros/reflection_test/RT0165-rt-reflection-ClinitFieldGetBooleanInterface/ClassInitFieldGetBooleanInterface.java
TEST RESULT: Passed. Execution successful
--------------------------------------------------
TEST: test/testsuite/ouroboros/reflection_test/RT0176-rt-reflection-ClinitFieldSetByteInterface/ClassInitFieldSetByteInterface.java
TEST RESULT: Passed. Execution successful
--------------------------------------------------
TEST: test/testsuite/ouroboros/reflection_test/RT0166-rt-reflection-ClinitFieldGetByteInterface/ClassInitFieldGetByteInterface.java
TEST RESULT: Passed. Execution successful
--------------------------------------------------
TEST: test/testsuite/ouroboros/reflection_test/RT0168-rt-reflection-ClinitFieldGetDoubleInterface/ClassInitFieldGetDoubleInterface.java
TEST RESULT: Passed. Execution successful
--------------------------------------------------
TEST: test/testsuite/ouroboros/reflection_test/RT0167-rt-reflection-ClinitFieldGetCharInterface/ClassInitFieldGetCharInterface.java
TEST RESULT: Passed. Execution successful
--------------------------------------------------
TEST: test/testsuite/ouroboros/reflection_test/RT0171-rt-reflection-ClinitFieldGetIntInterface/ClassInitFieldGetIntInterface.java
TEST RESULT: Passed. Execution successful
--------------------------------------------------
TEST: test/testsuite/ouroboros/reflection_test/RT0163-rt-reflection-ClinitFieldSetStatic/ClassInitFieldSetStatic.java
TEST RESULT: Passed. Execution successful
--------------------------------------------------
TEST: test/testsuite/ouroboros/rc_test/RC0289-rc-function-ROSAlloc-Alloc_Threadm_128x8B_2/Alloc_Threadm_128x8B_2.java
TEST RESULT: Passed. Execution successful
--------------------------------------------------
TEST: test/testsuite/ouroboros/reflection_test/RT0164-rt-reflection-ClinitMethodInvokeStatic/ClassInitMethodInvokeStatic.java
TEST RESULT: Passed. Execution successful
--------------------------------------------------
TEST: test/testsuite/ouroboros/reflection_test/RT0177-rt-reflection-ClinitFieldSetFloatInterface/ClassInitFieldSetFloatInterface.java
TEST RESULT: Passed. Execution successful
--------------------------------------------------
TEST: test/testsuite/ouroboros/rc_test/RC0364-rc-Memory-leaktestsupplycase-05/RaceInLoadAndWriteWeakRef.java
TEST RESULT: Passed. Execution successful
--------------------------------------------------
TEST: test/testsuite/ouroboros/reflection_test/RT0173-rt-reflection-ClinitFieldGetShortInterface/ClassInitFieldGetShortInterface.java
TEST RESULT: Passed. Execution successful
--------------------------------------------------
TEST: test/testsuite/ouroboros/reflection_test/RT0179-rt-reflection-ClinitFieldSetIntInterface/ClassInitFieldSetIntInterface.java
TEST RESULT: Passed. Execution successful
--------------------------------------------------
TEST: test/testsuite/ouroboros/reflection_test/RT0169-rt-reflection-ClinitFieldGetFloatInterface/ClassInitFieldGetFloatInterface.java
TEST RESULT: Passed. Execution successful
--------------------------------------------------
TEST: test/testsuite/ouroboros/reflection_test/RT0178-rt-reflection-ClinitFieldSetInterface/ClassInitFieldSetInterface.java
TEST RESULT: Passed. Execution successful
--------------------------------------------------
TEST: test/testsuite/ouroboros/reflection_test/RT0180-rt-reflection-ClinitFieldSetLongInterface/ClassInitFieldSetLongInterface.java
TEST RESULT: Passed. Execution successful
--------------------------------------------------
TEST: test/testsuite/ouroboros/reflection_test/RT0170-rt-reflection-ClinitFieldGetInterface/ClassInitFieldGetInterface.java
TEST RESULT: Passed. Execution successful
--------------------------------------------------
TEST: test/testsuite/ouroboros/reflection_test/RT0175-rt-reflection-ClinitFieldSetBooleanInterface/ClassInitFieldSetBooleanInterface.java
TEST RESULT: Passed. Execution successful
--------------------------------------------------
TEST: test/testsuite/ouroboros/reflection_test/RT0201-rt-reflection-AnnotationTypeUseSetTest/AnnotationTypeUseSetTest.java
TEST RESULT: Passed. Execution successful
--------------------------------------------------
TEST: test/testsuite/ouroboros/stmtpre_test/RT0014-rt-String-StmtTest14/StmtTest14.java
TEST RESULT: Passed. Execution successful
--------------------------------------------------
TEST: test/testsuite/ouroboros/stmtpre_test/RT0008-rt-String-StmtTest08/StmtTest08.java
TEST RESULT: Passed. Execution successful
--------------------------------------------------
TEST: test/testsuite/ouroboros/stmtpre_test/RT0002-rt-String-StmtTest02/StmtTest02.java
TEST RESULT: Passed. Execution successful
--------------------------------------------------
TEST: test/testsuite/ouroboros/stmtpre_test/RT0009-rt-String-StmtTest09/StmtTest09.java
TEST RESULT: Passed. Execution successful
--------------------------------------------------
TEST: test/testsuite/ouroboros/rc_test/RC0464-rc-GC-TriggerGCTest08/TriggerGCTest08.java
TEST RESULT: Passed. Execution successful
--------------------------------------------------
TEST: test/testsuite/ouroboros/reflection_test/RT0181-rt-reflection-ClinitFieldSetShortInterface/ClassInitFieldSetShortInterface.java
TEST RESULT: Passed. Execution successful
--------------------------------------------------
TEST: test/testsuite/ouroboros/stmtpre_test/RT0004-rt-String-StmtTest04/StmtTest04.java
TEST RESULT: Passed. Execution successful
--------------------------------------------------
TEST: test/testsuite/ouroboros/stmtpre_test/RT0001-rt-String-StmtTest01/StmtTest01.java
TEST RESULT: Passed. Execution successful
--------------------------------------------------
TEST: test/testsuite/ouroboros/reflection_test/RT0200-rt-reflection-AnnotationTypeParameterSetTest/AnnotationTypeParameterSetTest.java
TEST RESULT: Passed. Execution successful
--------------------------------------------------
TEST: test/testsuite/ouroboros/rc_test/RC0465-rc-GC-TriggerGCTest09/TriggerGCTest09.java
TEST RESULT: Passed. Execution successful
--------------------------------------------------
TEST: test/testsuite/ouroboros/reflection_test/RT0182-rt-reflection-ClinitMethodInvokeInterface/ClassInitMethodInvokeInterface.java
TEST RESULT: Passed. Execution successful
--------------------------------------------------
TEST: test/testsuite/ouroboros/stmtpre_test/RT0003-rt-String-StmtTest03/StmtTest03.java
TEST RESULT: Passed. Execution successful
--------------------------------------------------
TEST: test/testsuite/ouroboros/string_test/RT0002-rt-String-BufferConstructorsTest/StringBufferConstructorsTest.java
TEST RESULT: Passed. Execution successful
--------------------------------------------------
TEST: test/testsuite/ouroboros/stmtpre_test/RT0005-rt-String-StmtTest05/StmtTest05.java
TEST RESULT: Passed. Execution successful
--------------------------------------------------
TEST: test/testsuite/ouroboros/string_test/issue-0000-rt-String-StringStringIndexOutOfBoundsExceptionTest/StringStringIndexOutOfBoundsExceptionTest.java
TEST RESULT: Passed. Execution successful
--------------------------------------------------
TEST: test/testsuite/ouroboros/stmtpre_test/RT0007-rt-String-StmtTest07/StmtTest07.java
TEST RESULT: Passed. Execution successful
--------------------------------------------------
TEST: test/testsuite/ouroboros/rc_test/RC0301-rc-function-ROSAlloc-Alloc_Threadm_B256x8B/Alloc_Threadm_B256x8B.java
TEST RESULT: Passed. Execution successful
--------------------------------------------------
TEST: test/testsuite/ouroboros/stmtpre_test/RT0013-rt-String-StmtTest13/StmtTest13.java
TEST RESULT: Passed. Execution successful
--------------------------------------------------
TEST: test/testsuite/ouroboros/string_test/RT0024-rt-String-ConsBytesIntIntIndexOutOfBoundsExceptionTest/StringConsBytesIntIntIndexOutOfBoundsExceptionTest.java
TEST RESULT: Passed. Execution successful
--------------------------------------------------
TEST: test/testsuite/ouroboros/string_test/RT0025-rt-String-ConsCharArrayIndexOutOfBoundsExceptionTest/StringConsCharArrayIndexOutOfBoundsExceptionTest.java
TEST RESULT: Passed. Execution successful
--------------------------------------------------
TEST: test/testsuite/ouroboros/stmtpre_test/RT0010-rt-String-StmtTest10/StmtTest10.java
TEST RESULT: Passed. Execution successful
--------------------------------------------------
TEST: test/testsuite/ouroboros/string_test/issue-0000-rt-String-StringUnsupportedEncodingExceptionTest/StringUnsupportedEncodingExceptionTest.java
TEST RESULT: Passed. Execution successful
--------------------------------------------------
TEST: test/testsuite/ouroboros/stmtpre_test/RT0011-rt-String-StmtTest11/StmtTest11.java
TEST RESULT: Passed. Execution successful
--------------------------------------------------
TEST: test/testsuite/ouroboros/string_test/issue-0000-rt-String-StringUserCaseLiteralsISO88591Test/StringUserCaseLiteralsISO88591Test.java
TEST RESULT: Passed. Execution successful
--------------------------------------------------
TEST: test/testsuite/ouroboros/reflection_test/RT0208-rt-reflection-MetadataCheck/FieldTest.java
TEST RESULT: Passed. Execution successful
--------------------------------------------------
TEST: test/testsuite/ouroboros/stmtpre_test/RT0006-rt-String-StmtTest06/StmtTest06.java
TEST RESULT: Passed. Execution successful
--------------------------------------------------
TEST: test/testsuite/ouroboros/string_test/RT0008-rt-String-BufferCharAtAndSetCharAtExceptionTest/StringBufferCharAtAndSetCharAtExceptionTest.java
TEST RESULT: Passed. Execution successful
--------------------------------------------------
TEST: test/testsuite/ouroboros/string_test/RT0016-rt-String-BuilderDeleteAndDeleteCharAtTest/StringBuilderDeleteAndDeleteCharAtTest.java
TEST RESULT: Passed. Execution successful
--------------------------------------------------
TEST: test/testsuite/ouroboros/reflection_test/RT0188-rt-reflection-MethodHandleReflectCombineTest/MethodHandleReflectCombineTest.java
TEST RESULT: Passed. Execution successful
--------------------------------------------------
TEST: test/testsuite/ouroboros/rc_test/RC0343-rc-rp-wcb_test_ref/Ref_Processor_Wcb_Test_Ref.java
TEST RESULT: Passed. Execution successful
--------------------------------------------------
TEST: test/testsuite/ouroboros/string_test/RT0005-rt-String-BufferDeleteAndDeleteCharAtTest/StringBufferDeleteAndDeleteCharAtTest.java
TEST RESULT: Passed. Execution successful
--------------------------------------------------
TEST: test/testsuite/ouroboros/string_test/RT0012-rt-String-BufferSubstringAndToStringTest/StringBufferSubstringAndToStringTest.java
TEST RESULT: Passed. Execution successful
--------------------------------------------------
TEST: test/testsuite/ouroboros/string_test/RT0010-rt-String-BufferIndexOfAndLastIndexOfTest/StringBufferIndexOfAndLastIndexOfTest.java
TEST RESULT: Passed. Execution successful
--------------------------------------------------
TEST: test/testsuite/ouroboros/string_test/RT0003-rt-String-BufferAppendAndAppendCodePointTest/StringBufferAppendAndAppendCodePointTest.java
TEST RESULT: Passed. Execution successful
--------------------------------------------------
TEST: test/testsuite/ouroboros/string_test/RT0023-rt-String-BuilderSubstringAndToStringTest/StringBuilderSubstringAndToStringTest.java
TEST RESULT: Passed. Execution successful
--------------------------------------------------
TEST: test/testsuite/ouroboros/string_test/RT0006-rt-String-BufferCodePointExceptionTest/StringBufferCodePointExceptionTest.java
TEST RESULT: Passed. Execution successful
--------------------------------------------------
TEST: test/testsuite/ouroboros/string_test/issue-0000-rt-String-StringGetBytesUnsupportedEncodingExceptionTest/StringGetBytesUnsupportedEncodingExceptionTest.java
TEST RESULT: Passed. Execution successful
--------------------------------------------------
TEST: test/testsuite/ouroboros/string_test/RT0021-rt-String-BuilderIndexOfAndLastIndexOfTest/StringBuilderIndexOfAndLastIndexOfTest.java
TEST RESULT: Passed. Execution successful
--------------------------------------------------
TEST: test/testsuite/ouroboros/string_test/RT0026-rt-String-ConsIntArrayExceptionsTest/StringConsIntArrayExceptionsTest.java
TEST RESULT: Passed. Execution successful
--------------------------------------------------
TEST: test/testsuite/ouroboros/reflection_test/RT0186-rt-reflection-ConstructorTest/ConstructorTest.java
TEST RESULT: Passed. Execution successful
--------------------------------------------------
TEST: test/testsuite/ouroboros/string_test/RT0001-rt-string-ReflectString/ReflectString.java
TEST RESULT: Passed. Execution successful
--------------------------------------------------
TEST: test/testsuite/ouroboros/string_test/RT0036-rt-String-SubstringStringIndexOutOfBoundsExceptionTest/StringSubstringStringIndexOutOfBoundsExceptionTest.java
TEST RESULT: Passed. Execution successful
--------------------------------------------------
TEST: test/testsuite/ouroboros/string_test/RT0014-rt-String-BuilderAppendAndAppendCodePointTest/StringBuilderAppendAndAppendCodePointTest.java
TEST RESULT: Passed. Execution successful
--------------------------------------------------
TEST: test/testsuite/ouroboros/string_test/RT0044-rt-String-ConsStringTest/StringConsStringTest.java
TEST RESULT: Passed. Execution successful
--------------------------------------------------
TEST: test/testsuite/ouroboros/string_test/RT0009-rt-String-BufferGetCharsTest/StringBufferGetCharsTest.java
TEST RESULT: Passed. Execution successful
--------------------------------------------------
TEST: test/testsuite/ouroboros/string_test/RT0028-rt-String-ConsBytesIntIntCharsetExceptionTest/StringConsBytesIntIntCharsetExceptionTest.java
TEST RESULT: Passed. Execution successful
--------------------------------------------------
TEST: test/testsuite/ouroboros/string_test/RT0020-rt-String-BuilderGetCharsTest/StringBuilderGetCharsTest.java
TEST RESULT: Passed. Execution successful
--------------------------------------------------
TEST: test/testsuite/ouroboros/string_test/RT0042-rt-String-EqualsAndEqualsIgnoreCaseAndLengthTest/StringEqualsAndEqualsIgnoreCaseAndLengthTest.java
TEST RESULT: Passed. Execution successful
--------------------------------------------------
TEST: test/testsuite/ouroboros/string_test/RT0018-rt-String-BuilderCapacityAndEnsureCapacityTest/StringBuilderCapacityAndEnsureCapacityTest.java
TEST RESULT: Passed. Execution successful
--------------------------------------------------
TEST: test/testsuite/ouroboros/string_test/RT0015-rt-String-BuilderInsertTest/StringBuilderInsertTest.java
TEST RESULT: Passed. Execution successful
--------------------------------------------------
TEST: test/testsuite/ouroboros/reflection_test/RT0189-rt-reflection-FieldTest/FieldTest.java
TEST RESULT: Passed. Execution successful
--------------------------------------------------
TEST: test/testsuite/ouroboros/string_test/RT0004-rt-String-BufferInsertTest/StringBufferInsertTest.java
TEST RESULT: Passed. Execution successful
--------------------------------------------------
TEST: test/testsuite/ouroboros/reflection_test/RT0202-rt-reflection-AnnotationMultiThread/AnnotationMultiThread.java
TEST RESULT: Passed. Execution successful
--------------------------------------------------
TEST: test/testsuite/ouroboros/string_test/RT0031-rt-String-CodePointBeforeExceptionTest/StringCodePointBeforeExceptionTest.java
TEST RESULT: Passed. Execution successful
--------------------------------------------------
TEST: test/testsuite/ouroboros/reflection_test/RT0184-rt-reflection-MethodTest/MethodTest.java
TEST RESULT: Passed. Execution successful
--------------------------------------------------
TEST: test/testsuite/ouroboros/string_test/RT0040-rt-String-ValueOfAndCopyValueOfExceptionTest/StringValueOfAndCopyValueOfExceptionTest.java
TEST RESULT: Passed. Execution successful
--------------------------------------------------
TEST: test/testsuite/ouroboros/string_test/RT0033-rt-String-OffsetByCodePointsIndexOutOfBoundsExceptionTest/StringOffsetByCodePointsIndexOutOfBoundsExceptionTest.java
TEST RESULT: Passed. Execution successful
--------------------------------------------------
TEST: test/testsuite/ouroboros/string_test/RT0027-rt-String-ConsBytesIntIntIntIndexOutOfBoundsExceptionTest/StringConsBytesIntIntIntIndexOutOfBoundsExceptionTest.java
TEST RESULT: Passed. Execution successful
--------------------------------------------------
TEST: test/testsuite/ouroboros/string_test/RT0013-rt-String-BuilderConstructorsTest/StringBuilderConstructorsTest.java
TEST RESULT: Passed. Execution successful
--------------------------------------------------
TEST: test/testsuite/ouroboros/reflection_test/RT0208-rt-reflection-MetadataCheck/MethodTest.java
TEST RESULT: Passed. Execution successful
--------------------------------------------------
TEST: test/testsuite/ouroboros/string_test/RT0030-rt-String-CodePointAtStringIndexOutOfBoundsExceptionTest/StringCodePointAtStringIndexOutOfBoundsExceptionTest.java
TEST RESULT: Passed. Execution successful
--------------------------------------------------
TEST: test/testsuite/ouroboros/string_test/RT0048-rt-String-ConsBytesIntTest/StringConsBytesIntTest.java
TEST RESULT: Passed. Execution successful
--------------------------------------------------
TEST: test/testsuite/ouroboros/string_test/RT0035-rt-String-GetBytesExceptionTest/StringGetBytesExceptionTest.java
TEST RESULT: Passed. Execution successful
--------------------------------------------------
TEST: test/testsuite/ouroboros/string_test/RT0017-rt-String-BuilderCodePointExceptionTest/StringBuilderCodePointExceptionTest.java
TEST RESULT: Passed. Execution successful
--------------------------------------------------
TEST: test/testsuite/ouroboros/string_test/RT0011-rt-String-BufferReplaceAndReverseTest/StringBufferReplaceAndReverseTest.java
TEST RESULT: Passed. Execution successful
--------------------------------------------------
TEST: test/testsuite/ouroboros/string_test/RT0038-rt-String-SubSequenceIndexOutOfBoundsExceptionTest/StringSubSequenceIndexOutOfBoundsExceptionTest.java
TEST RESULT: Passed. Execution successful
--------------------------------------------------
TEST: test/testsuite/ouroboros/string_test/RT0047-rt-String-ConsIntsIntIntTest/StringConsIntsIntIntTest.java
TEST RESULT: Passed. Execution successful
--------------------------------------------------
TEST: test/testsuite/ouroboros/string_test/RT0039-rt-String-ReplaceNullPointerExceptionTest/StringReplaceNullPointerExceptionTest.java
TEST RESULT: Passed. Execution successful
--------------------------------------------------
TEST: test/testsuite/ouroboros/string_test/RT0037-rt-String-SubstringIntIntExceptionTest/StringSubstringIntIntExceptionTest.java
TEST RESULT: Passed. Execution successful
--------------------------------------------------
TEST: test/testsuite/ouroboros/string_test/RT0029-rt-String-CharAtIndexOutOfBoundsExceptionTest/StringCharAtIndexOutOfBoundsExceptionTest.java
TEST RESULT: Passed. Execution successful
--------------------------------------------------
TEST: test/testsuite/ouroboros/string_test/RT0007-rt-String-BufferCapacityAndEnsureCapacityTest/StringBufferCapacityAndEnsureCapacityTest.java
TEST RESULT: Passed. Execution successful
--------------------------------------------------
TEST: test/testsuite/ouroboros/string_test/RT0050-rt-String-CosBytesIntIntCharsetTest/StringCosBytesIntIntCharsetTest.java
TEST RESULT: Passed. Execution successful
--------------------------------------------------
TEST: test/testsuite/ouroboros/string_test/RT0022-rt-String-BuilderReplaceAndReverseTest/StringBuilderReplaceAndReverseTest.java
TEST RESULT: Passed. Execution successful
--------------------------------------------------
TEST: test/testsuite/ouroboros/string_test/RT0046-rt-String-ConsCharIntIntTest/StringConsCharIntIntTest.java
TEST RESULT: Passed. Execution successful
--------------------------------------------------
TEST: test/testsuite/ouroboros/string_test/RT0019-rt-String-BuilderCharAtAndSetCharAtExceptionTest/StringBuilderCharAtAndSetCharAtExceptionTest.java
TEST RESULT: Passed. Execution successful
--------------------------------------------------
TEST: test/testsuite/ouroboros/string_test/RT0043-rt-String-NoParamConstructorTest/StringNoParamConstructorTest.java
TEST RESULT: Passed. Execution successful
--------------------------------------------------
TEST: test/testsuite/ouroboros/string_test/RT0041-rt-String-GetClassTest/StringGetClassTest.java
TEST RESULT: Passed. Execution successful
--------------------------------------------------
TEST: test/testsuite/ouroboros/string_test/RT0051-rt-String-ConsBytesStringTest/StringConsBytesStringTest.java
TEST RESULT: Passed. Execution successful
--------------------------------------------------
TEST: test/testsuite/ouroboros/string_test/RT0049-rt-String-ConsBytesIntIntStringTest/StringConsBytesIntIntStringTest.java
TEST RESULT: Passed. Execution successful
--------------------------------------------------
TEST: test/testsuite/ouroboros/string_test/RT0052-rt-String-ConsBytesCharsetTest/StringConsBytesCharsetTest.java
TEST RESULT: Passed. Execution successful
--------------------------------------------------
TEST: test/testsuite/ouroboros/string_test/RT0034-rt-String-GetCharsExceptionsTest/StringGetCharsExceptionsTest.java
TEST RESULT: Passed. Execution successful
--------------------------------------------------
TEST: test/testsuite/ouroboros/string_test/RT0053-rt-String-ConsBytesIntIntTest/StringConsBytesIntIntTest.java
TEST RESULT: Passed. Execution successful
--------------------------------------------------
TEST: test/testsuite/ouroboros/string_test/RT0045-rt-String-ConsCharTest/StringConsCharTest.java
TEST RESULT: Passed. Execution successful
--------------------------------------------------
TEST: test/testsuite/ouroboros/string_test/RT0032-rt-String-CodePointCountIndexOutOfBoundsExceptionTest/StringCodePointCountIndexOutOfBoundsExceptionTest.java
TEST RESULT: Passed. Execution successful
--------------------------------------------------
TEST: test/testsuite/ouroboros/string_test/RT0054-rt-String-ConsBytesTest/StringConsBytesTest.java
TEST RESULT: Passed. Execution successful
--------------------------------------------------
TEST: test/testsuite/ouroboros/string_test/RT0059-rt-String-CharAtTest/StringCharAtTest.java
TEST RESULT: Passed. Execution successful
--------------------------------------------------
TEST: test/testsuite/ouroboros/string_test/RT0056-rt-String-ConsStringBuilderTest/StringConsStringBuilderTest.java
TEST RESULT: Passed. Execution successful
--------------------------------------------------
TEST: test/testsuite/ouroboros/string_test/RT0075-rt-String-RegionMatchesIntStringIntIntTest/StringRegionMatchesIntStringIntIntTest.java
TEST RESULT: Passed. Execution successful
--------------------------------------------------
TEST: test/testsuite/ouroboros/string_test/RT0072-rt-String-EqualsIgnoreCaseTest/StringEqualsIgnoreCaseTest.java
TEST RESULT: Passed. Execution successful
--------------------------------------------------
TEST: test/testsuite/ouroboros/string_test/RT0055-rt-String-ConsStringBufferTest/StringConsStringBufferTest.java
TEST RESULT: Passed. Execution successful
--------------------------------------------------
TEST: test/testsuite/ouroboros/string_test/RT0063-rt-String-OffsetByCodePointsTest/StringOffsetByCodePointsTest.java
TEST RESULT: Passed. Execution successful
--------------------------------------------------
TEST: test/testsuite/ouroboros/string_test/RT0065-rt-String-GetBytesIntIntBytesIntTest/StringGetBytesIntIntBytesIntTest.java
TEST RESULT: Passed. Execution successful
--------------------------------------------------
TEST: test/testsuite/ouroboros/string_test/RT0060-rt-String-CodePointAtTest/StringCodePointAtTest.java
TEST RESULT: Passed. Execution successful
--------------------------------------------------
TEST: test/testsuite/ouroboros/string_test/RT0067-rt-String-GetBytesCharsetTest/StringGetBytesCharsetTest.java
TEST RESULT: Passed. Execution successful
--------------------------------------------------
TEST: test/testsuite/ouroboros/string_test/RT0073-rt-String-CompareToTest/StringCompareToTest.java
TEST RESULT: Passed. Execution successful
--------------------------------------------------
TEST: test/testsuite/ouroboros/string_test/RT0064-rt-String-GetCharsTest/StringGetCharsTest.java
TEST RESULT: Passed. Execution successful
--------------------------------------------------
TEST: test/testsuite/ouroboros/string_test/RT0057-rt-String-LengthTest/StringLengthTest.java
TEST RESULT: Passed. Execution successful
--------------------------------------------------
TEST: test/testsuite/ouroboros/string_test/RT0079-rt-String-EndsWithTest/StringEndsWithTest.java
TEST RESULT: Passed. Execution successful
--------------------------------------------------
TEST: test/testsuite/ouroboros/string_test/RT0058-rt-String-IsEmptyTest/StringIsEmptyTest.java
TEST RESULT: Passed. Execution successful
--------------------------------------------------
TEST: test/testsuite/ouroboros/string_test/RT0061-rt-String-CodePointBeforeTest/StringCodePointBeforeTest.java
TEST RESULT: Passed. Execution successful
--------------------------------------------------
TEST: test/testsuite/ouroboros/string_test/RT0081-rt-String-IndexOfIntTest/StringIndexOfIntTest.java
TEST RESULT: Passed. Execution successful
--------------------------------------------------
TEST: test/testsuite/ouroboros/string_test/RT0097-rt-String-SplitStringTest/StringSplitStringTest.java
TEST RESULT: Passed. Execution successful
--------------------------------------------------
TEST: test/testsuite/ouroboros/string_test/RT0071-rt-String-ContentEqualsCharSequenceTest/StringContentEqualsCharSequenceTest.java
TEST RESULT: Passed. Execution successful
--------------------------------------------------
TEST: test/testsuite/ouroboros/string_test/RT0093-rt-String-ReplaceCharCharTest/StringReplaceCharCharTest.java
TEST RESULT: Passed. Execution successful
--------------------------------------------------
TEST: test/testsuite/ouroboros/string_test/RT0077-rt-String-StartsWithStringIntTest/StringStartsWithStringIntTest.java
TEST RESULT: Passed. Execution successful
--------------------------------------------------
TEST: test/testsuite/ouroboros/string_test/RT0068-rt-String-GetBytesTest/StringGetBytesTest.java
TEST RESULT: Passed. Execution successful
--------------------------------------------------
TEST: test/testsuite/ouroboros/string_test/RT0070-rt-String-ContentEqualsTest/StringContentEqualsTest.java
TEST RESULT: Passed. Execution successful
--------------------------------------------------
TEST: test/testsuite/ouroboros/string_test/RT0099-rt-String-JoinCharSequenceIterableTest/StringJoinCharSequenceIterableTest.java
TEST RESULT: Passed. Execution successful
--------------------------------------------------
TEST: test/testsuite/ouroboros/string_test/RT0076-rt-String-RegionMatchesBooleanIntStringIntIntTest/StringRegionMatchesBooleanIntStringIntIntTest.java
TEST RESULT: Passed. Execution successful
--------------------------------------------------
TEST: test/testsuite/ouroboros/string_test/RT0086-rt-String-IndexOfStringIntTest/StringIndexOfStringIntTest.java
TEST RESULT: Passed. Execution successful
--------------------------------------------------
TEST: test/testsuite/ouroboros/string_test/RT0062-rt-String-CodePointCountTest/StringCodePointCountTest.java
TEST RESULT: Passed. Execution successful
--------------------------------------------------
TEST: test/testsuite/ouroboros/string_test/RT0066-rt-String-GetBytesStringTest/StringGetBytesStringTest.java
TEST RESULT: Passed. Execution successful
--------------------------------------------------
TEST: test/testsuite/ouroboros/string_test/RT0078-rt-String-StartsWithStringTest/StringStartsWithStringTest.java
TEST RESULT: Passed. Execution successful
--------------------------------------------------
TEST: test/testsuite/ouroboros/string_test/RT0091-rt-String-SubSequenceIntIntTest/StringSubSequenceIntIntTest.java
TEST RESULT: Passed. Execution successful
--------------------------------------------------
TEST: test/testsuite/ouroboros/string_test/RT0074-rt-String-CompareToIgnoreCaseTest/StringCompareToIgnoreCaseTest.java
TEST RESULT: Passed. Execution successful
--------------------------------------------------
TEST: test/testsuite/ouroboros/string_test/RT0096-rt-String-SplitStringIntTest/StringSplitStringIntTest.java
TEST RESULT: Passed. Execution successful
--------------------------------------------------
TEST: test/testsuite/ouroboros/string_test/RT0083-rt-String-LastIndexOfIntTest/StringLastIndexOfIntTest.java
TEST RESULT: Passed. Execution successful
--------------------------------------------------
TEST: test/testsuite/ouroboros/string_test/RT0089-rt-String-SubstringIntTest/StringSubstringIntTest.java
TEST RESULT: Passed. Execution successful
--------------------------------------------------
TEST: test/testsuite/ouroboros/string_test/RT0087-rt-String-LastIndexOfStringTest/StringLastIndexOfStringTest.java
TEST RESULT: Passed. Execution successful
--------------------------------------------------
TEST: test/testsuite/ouroboros/string_test/RT0085-rt-String-IndexOfStringTest/StringIndexOfStringTest.java
TEST RESULT: Passed. Execution successful
--------------------------------------------------
TEST: test/testsuite/ouroboros/string_test/RT0088-rt-String-LastIndexOfStringIntTest/StringLastIndexOfStringIntTest.java
TEST RESULT: Passed. Execution successful
--------------------------------------------------
TEST: test/testsuite/ouroboros/string_test/RT0080-rt-String-HashCodeTest/StringHashCodeTest.java
TEST RESULT: Passed. Execution successful
--------------------------------------------------
TEST: test/testsuite/ouroboros/string_test/RT0092-rt-String-ConcatTest/StringConcatTest.java
TEST RESULT: Passed. Execution successful
--------------------------------------------------
TEST: test/testsuite/ouroboros/string_test/RT0082-rt-String-IndexOfIntIntTest/StringIndexOfIntIntTest.java
TEST RESULT: Passed. Execution successful
--------------------------------------------------
TEST: test/testsuite/ouroboros/string_test/RT0101-rt-String-ToLowerCaseTest/StringToLowerCaseTest.java
TEST RESULT: Passed. Execution successful
--------------------------------------------------
TEST: test/testsuite/ouroboros/string_test/RT0109-rt-String-ValueOfCharsTest/StringValueOfCharsTest.java
TEST RESULT: Passed. Execution successful
--------------------------------------------------
TEST: test/testsuite/ouroboros/string_test/RT0069-rt-String-EqualsTest/StringEqualsTest.java
TEST RESULT: Passed. Execution successful
--------------------------------------------------
TEST: test/testsuite/ouroboros/string_test/RT0094-rt-String-ContainsTest/StringContainsTest.java
TEST RESULT: Passed. Execution successful
--------------------------------------------------
TEST: test/testsuite/ouroboros/string_test/RT0090-rt-String-SubstringIntIntTest/StringSubstringIntIntTest.java
TEST RESULT: Passed. Execution successful
--------------------------------------------------
TEST: test/testsuite/ouroboros/string_test/RT0118-rt-String-ValueOfDoubleTest/StringValueOfDoubleTest.java
TEST RESULT: Passed. Execution successful
--------------------------------------------------
TEST: test/testsuite/ouroboros/string_test/RT0095-rt-String-ReplaceCharSequenceCharSequenceTest/StringReplaceCharSequenceCharSequenceTest.java
TEST RESULT: Passed. Execution successful
--------------------------------------------------
TEST: test/testsuite/ouroboros/string_test/RT0119-rt-String-InternTest/StringInternTest.java
TEST RESULT: Passed. Execution successful
--------------------------------------------------
TEST: test/testsuite/ouroboros/string_test/RT0105-rt-String-ToStringTest/StringToStringTest.java
TEST RESULT: Passed. Execution successful
--------------------------------------------------
TEST: test/testsuite/ouroboros/string_test/RT0084-rt-String-LastIndexOfIntIntTest/StringLastIndexOfIntIntTest.java
TEST RESULT: Passed. Execution successful
--------------------------------------------------
TEST: test/testsuite/ouroboros/string_test/RT0113-rt-String-ValueOfBooleanTest/StringValueOfBooleanTest.java
TEST RESULT: Passed. Execution successful
--------------------------------------------------
TEST: test/testsuite/ouroboros/string_test/RT0121-rt-String-VoluationCharsTest/StringVoluationCharsTest.java
TEST RESULT: Passed. Execution successful
--------------------------------------------------
TEST: test/testsuite/ouroboros/memory_management/Function/RC0265-rc-function-ROSAlloc-Alloc_B256x8B/Alloc_B256x8B.java
TEST RESULT: Passed. Execution successful
--------------------------------------------------
TEST: test/testsuite/ouroboros/string_test/RT0106-rt-String-ToCharArrayTest/StringToCharArrayTest.java
TEST RESULT: Passed. Execution successful
--------------------------------------------------
TEST: test/testsuite/ouroboros/rc_test/RC0360-rc-Memory-leaktestsupplycase-01/BackupTracingAndRefPro.java
TEST RESULT: Passed. Execution successful
--------------------------------------------------
TEST: test/testsuite/ouroboros/string_test/RT0098-rt-String-JoinCharSequenceCharSequenceTest/StringJoinCharSequenceCharSequenceTest.java
TEST RESULT: Passed. Execution successful
--------------------------------------------------
TEST: test/testsuite/ouroboros/string_test/RT0102-rt-String-ToUpperCaseLocaleTest/StringToUpperCaseLocaleTest.java
TEST RESULT: Passed. Execution successful
--------------------------------------------------
TEST: test/testsuite/ouroboros/rc_test/RC0340-rc-rp-cycle_weak_strong/Ref_Processor_Cycle_Weak_Strong_Ref.java
TEST RESULT: Passed. Execution successful
--------------------------------------------------
TEST: test/testsuite/ouroboros/string_test/RT0103-rt-String-ToUpperCaseTest/StringToUpperCaseTest.java
TEST RESULT: Passed. Execution successful
--------------------------------------------------
TEST: test/testsuite/ouroboros/string_test/RT0135-rt-String-AsciiToStringTest/AsciiToStringTest.java
TEST RESULT: Passed. Execution successful
--------------------------------------------------
TEST: test/testsuite/ouroboros/string_test/RT0104-rt-String-TrimTest/StringTrimTest.java
TEST RESULT: Passed. Execution successful
--------------------------------------------------
TEST: test/testsuite/ouroboros/string_test/RT0126-rt-String-ConvertToShortTest/StringConvertToShortTest.java
TEST RESULT: Passed. Execution successful
--------------------------------------------------
TEST: test/testsuite/ouroboros/string_test/RT0100-rt-String-ToLowerCaseLocaleTest/StringToLowerCaseLocaleTest.java
TEST RESULT: Passed. Execution successful
--------------------------------------------------
TEST: test/testsuite/ouroboros/rc_test/RC0339-rc-rp-cycle_all_weak/Ref_Processor_Cycle_All_Weak_Ref.java
TEST RESULT: Passed. Execution successful
--------------------------------------------------
TEST: test/testsuite/ouroboros/string_test/RT0107-rt-String-FormatStringObjectTest/StringFormatStringObjectTest.java
TEST RESULT: Passed. Execution successful
--------------------------------------------------
TEST: test/testsuite/ouroboros/string_test/RT0115-rt-String-ValueOfIntTest/StringValueOfIntTest.java
TEST RESULT: Passed. Execution successful
--------------------------------------------------
TEST: test/testsuite/ouroboros/string_test/RT0114-rt-String-ValueOfCharTest/StringValueOfCharTest.java
TEST RESULT: Passed. Execution successful
--------------------------------------------------
TEST: test/testsuite/ouroboros/string_test/RT0111-rt-String-CopyValueOfCharIntIntTest/StringCopyValueOfCharIntIntTest.java
TEST RESULT: Passed. Execution successful
--------------------------------------------------
TEST: test/testsuite/ouroboros/string_test/RT0122-rt-String-SpliceStringTest/StringSpliceStringTest.java
TEST RESULT: Passed. Execution successful
--------------------------------------------------
TEST: test/testsuite/ouroboros/string_test/RT0108-rt-String-ValueOfObjectTest/StringValueOfObjectTest.java
TEST RESULT: Passed. Execution successful
--------------------------------------------------
TEST: test/testsuite/ouroboros/string_test/RT0120-rt-String-VoluationTest/StringVoluationTest.java
TEST RESULT: Passed. Execution successful
--------------------------------------------------
TEST: test/testsuite/ouroboros/rc_test/RC0435-rc-SoftRef-SoftRefTest05/SoftRefTest05.java
TEST RESULT: Passed. Execution successful
--------------------------------------------------
TEST: test/testsuite/ouroboros/string_test/RT0124-rt-String-CompareByEqualsTest/StringCompareByEqualsTest.java
TEST RESULT: Passed. Execution successful
--------------------------------------------------
TEST: test/testsuite/ouroboros/string_test/RT0138-rt-String-VariableOfInterfaceTest/StringVariableOfInterfaceTest.java
TEST RESULT: Passed. Execution successful
--------------------------------------------------
TEST: test/testsuite/ouroboros/string_test/RT0110-rt-String-ValueOfCharIntIntTest/StringValueOfCharIntIntTest.java
TEST RESULT: Passed. Execution successful
--------------------------------------------------
TEST: test/testsuite/ouroboros/string_test/RT0117-rt-String-ValueOfFloatTest/StringValueOfFloatTest.java
TEST RESULT: Passed. Execution successful
--------------------------------------------------
TEST: test/testsuite/ouroboros/string_test/RT0116-rt-String-ValueOfLongTest/StringValueOfLongTest.java
TEST RESULT: Passed. Execution successful
--------------------------------------------------
TEST: test/testsuite/ouroboros/string_test/RT0130-rt-String-ConvertToDoubleTest/StringConvertToDoubleTest.java
TEST RESULT: Passed. Execution successful
--------------------------------------------------
TEST: test/testsuite/ouroboros/string_test/RT0125-rt-String-ConvertToByteTest/StringConvertToByteTest.java
TEST RESULT: Passed. Execution successful
--------------------------------------------------
TEST: test/testsuite/ouroboros/string_test/RT0112-rt-String-CopyValueOfCharTest/StringCopyValueOfCharTest.java
TEST RESULT: Passed. Execution successful
--------------------------------------------------
TEST: test/testsuite/ouroboros/string_test/RT0134-rt-String-NullToStringTest/NullToStringTest.java
TEST RESULT: Passed. Execution successful
--------------------------------------------------
TEST: test/testsuite/ouroboros/string_test/RT0129-rt-String-ConvertToFloatTest/StringConvertToFloatTest.java
TEST RESULT: Passed. Execution successful
--------------------------------------------------
TEST: test/testsuite/ouroboros/string_test/RT0131-rt-String-LongToBinaryStringTest/LongToBinaryStringTest.java
TEST RESULT: Passed. Execution successful
--------------------------------------------------
TEST: test/testsuite/ouroboros/string_test/RT0128-rt-String-ConvertToLongTest/StringConvertToLongTest.java
TEST RESULT: Passed. Execution successful
--------------------------------------------------
TEST: test/testsuite/ouroboros/string_test/RT0132-rt-String-LongToOctalStringTest/LongToOctalStringTest.java
TEST RESULT: Passed. Execution successful
--------------------------------------------------
TEST: test/testsuite/ouroboros/string_test/RT0137-rt-String-AsVariableAndFieldAndParamTest/StringAsVariableAndFieldAndParamTest.java
TEST RESULT: Passed. Execution successful
--------------------------------------------------
TEST: test/testsuite/ouroboros/string_test/RT0133-rt-String-BasicToStringTest/BasicToStringTest.java
TEST RESULT: Passed. Execution successful
--------------------------------------------------
TEST: test/testsuite/ouroboros/string_test/RT0136-rt-String-ToHexStringCharTest/StringToHexStringCharTest.java
TEST RESULT: Passed. Execution successful
--------------------------------------------------
TEST: test/testsuite/ouroboros/string_test/RT0123-rt-String-CompareByDoubleEqualSignTest/StringCompareByDoubleEqualSignTest.java
TEST RESULT: Passed. Execution successful
--------------------------------------------------
TEST: test/testsuite/ouroboros/subsumeRC_test/RT0001-rt-compiler-LiverangeSubsumeRCTest01/LiverangeSubsumeRCTest01.java
TEST RESULT: Passed. Execution successful
--------------------------------------------------
TEST: test/testsuite/ouroboros/string_test/RT0127-rt-String-ConvertToIntTest/StringConvertToIntTest.java
TEST RESULT: Passed. Execution successful
--------------------------------------------------
TEST: test/testsuite/ouroboros/subsumeRC_test/RT0008-rt-compiler-LiverangeSubsumeRCTest08/LiverangeSubsumeRCTest08.java
TEST RESULT: Passed. Execution successful
--------------------------------------------------
TEST: test/testsuite/ouroboros/string_test/issue-RT0818-rt-String-StringOOMTest/StringOOMTest.java
TEST RESULT: Passed. Execution successful
--------------------------------------------------
TEST: test/testsuite/ouroboros/string_test/RT0140-rt-String-GenericTest/StringGenericTest.java
TEST RESULT: Passed. Execution successful
--------------------------------------------------
TEST: test/testsuite/ouroboros/string_test/RT0139-rt-String-CreateStringArrayTest/StringCreateStringArrayTest.java
TEST RESULT: Passed. Execution successful
--------------------------------------------------
TEST: test/testsuite/ouroboros/subsumeRC_test/RT0002-rt-compiler-LiverangeSubsumeRCTest02/LiverangeSubsumeRCTest02.java
TEST RESULT: Passed. Execution successful
--------------------------------------------------
TEST: test/testsuite/ouroboros/thread_test/issue-RT0427-rt-Thread-ThreadStatenew/ThreadStateNewTest.java
TEST RESULT: Passed. Execution successful
--------------------------------------------------
TEST: test/testsuite/ouroboros/string_test/RT0142-rt-String-JoinNullPointerExceptionTest/StringJoinNullPointerExceptionTest.java
TEST RESULT: Passed. Execution successful
--------------------------------------------------
TEST: test/testsuite/ouroboros/string_test/RT0144-rt-String-BufferExceptionsTest/StringBufferExceptionsTest.java
TEST RESULT: Passed. Execution successful
--------------------------------------------------
TEST: test/testsuite/ouroboros/string_test/RT0146-rt-String-ClassNewInstanceTest/StringClassNewInstanceTest.java
TEST RESULT: Passed. Execution successful
--------------------------------------------------
TEST: test/testsuite/ouroboros/subsumeRC_test/RT0010-rt-compiler-LiverangeSubsumeRCTest10/LiverangeSubsumeRCTest10.java
TEST RESULT: Passed. Execution successful
--------------------------------------------------
TEST: test/testsuite/ouroboros/string_test/RT0149-rt-String-ClassNewInstance2Test/StringClassNewInstance2Test.java
TEST RESULT: Passed. Execution successful
--------------------------------------------------
TEST: test/testsuite/ouroboros/thread_test/RT0003-rt-thread-Threadclone/ThreadClone.java
TEST RESULT: Passed. Execution successful
--------------------------------------------------
TEST: test/testsuite/ouroboros/string_test/RT0143-rt-String-NullPointExceptionTest/StringNullPointExceptionTest.java
TEST RESULT: Passed. Execution successful
--------------------------------------------------
TEST: test/testsuite/ouroboros/thread_test/RT0017-rt-thread-ThreadDMdestroy/ThreadDMDestroy.java
TEST JDK: /home/yansendao/JDK/binary/openjdk/jdk25u

ACTION: build -- Failed. Compilation failed: Compilation failed
REASON: Named class compiled on demand
TIME:   1.045 seconds
messages:
command: build ThreadDMDestroy
reason: Named class compiled on demand
started: Mon Oct 27 15:01:33.776 UTC 2025
Test directory:
  compile: ThreadDMDestroy
finished: Mon Oct 27 15:01:34.821 UTC 2025
elapsed time (seconds): 1.045

ACTION: compile -- Failed. Compilation failed: Compilation failed
REASON: .class file out of date or does not exist
TIME:   1.044 seconds
messages:
command: compile /home/yansendao/git/ArkTests/test/testsuite/ouroboros/thread_test/RT0017-rt-thread-ThreadDMdestroy/ThreadDMDestroy.java
reason: .class file out of date or does not exist
started: Mon Oct 27 15:01:33.777 UTC 2025
Mode: othervm
Process id: 476856
finished: Mon Oct 27 15:01:34.821 UTC 2025
elapsed time (seconds): 1.044
configuration:
javac compilation environment
  source path: /home/yansendao/git/ArkTests/test/testsuite/ouroboros/thread_test/RT0017-rt-thread-ThreadDMdestroy
  class path:  /home/yansendao/git/ArkTests/test/testsuite/ouroboros/thread_test/RT0017-rt-thread-ThreadDMdestroy
               /home/yansendao/git/ArkTests/build/jt-work-singletest/classes/91/test/testsuite/ouroboros/thread_test/RT0017-rt-thread-ThreadDMdestroy

rerun:
cd /home/yansendao/git/ArkTests/build/jt-work-singletest/scratch/53 && \
DBUS_SESSION_BUS_ADDRESS=unix:path=/run/user/998/bus \
DISPLAY=localhost:10.0 \
HOME=/home/yansendao \
JTREG_HOME=/home/yansendao/JDK/tools/jtreg/jtreg-8.1 \
LANG=en_US.UTF-8 \
PATH=/bin:/usr/bin:/usr/sbin \
XDG_DATA_DIRS=/usr/local/share:/usr/share:/var/lib/snapd/desktop \
XDG_RUNTIME_DIR=/run/user/998 \
XDG_SESSION_CLASS=user \
XDG_SESSION_ID=3019 \
XDG_SESSION_TYPE=tty \
    /home/yansendao/JDK/binary/openjdk/jdk25u/bin/javac \
        -J-Dtest.vm.opts= \
        -J-Dtest.tool.vm.opts= \
        -J-Dtest.compiler.opts= \
        -J-Dtest.java.opts= \
        -J-Dtest.jdk=/home/yansendao/JDK/binary/openjdk/jdk25u \
        -J-Dcompile.jdk=/home/yansendao/JDK/binary/openjdk/jdk25u \
        -J-Dtest.timeout.factor=1.0 \
        -J-Dtest.root=/home/yansendao/git/ArkTests \
        -J-Dtest.name=test/testsuite/ouroboros/thread_test/RT0017-rt-thread-ThreadDMdestroy/ThreadDMDestroy.java \
        -J-Dtest.verbose=Verbose[p=BRIEF,f=FULL,e=FULL,t=false,m=false] \
        -J-Dtest.file=/home/yansendao/git/ArkTests/test/testsuite/ouroboros/thread_test/RT0017-rt-thread-ThreadDMdestroy/ThreadDMDestroy.java \
        -J-Dtest.main.class=ThreadDMDestroy \
        -J-Dtest.src=/home/yansendao/git/ArkTests/test/testsuite/ouroboros/thread_test/RT0017-rt-thread-ThreadDMdestroy \
        -J-Dtest.src.path=/home/yansendao/git/ArkTests/test/testsuite/ouroboros/thread_test/RT0017-rt-thread-ThreadDMdestroy \
        -J-Dtest.classes=/home/yansendao/git/ArkTests/build/jt-work-singletest/classes/91/test/testsuite/ouroboros/thread_test/RT0017-rt-thread-ThreadDMdestroy \
        -J-Dtest.class.path=/home/yansendao/git/ArkTests/build/jt-work-singletest/classes/91/test/testsuite/ouroboros/thread_test/RT0017-rt-thread-ThreadDMdestroy \
        -d /home/yansendao/git/ArkTests/build/jt-work-singletest/classes/91/test/testsuite/ouroboros/thread_test/RT0017-rt-thread-ThreadDMdestroy \
        -sourcepath /home/yansendao/git/ArkTests/test/testsuite/ouroboros/thread_test/RT0017-rt-thread-ThreadDMdestroy \
        -classpath /home/yansendao/git/ArkTests/test/testsuite/ouroboros/thread_test/RT0017-rt-thread-ThreadDMdestroy:/home/yansendao/git/ArkTests/build/jt-work-singletest/classes/91/test/testsuite/ouroboros/thread_test/RT0017-rt-thread-ThreadDMdestroy /home/yansendao/git/ArkTests/test/testsuite/ouroboros/thread_test/RT0017-rt-thread-ThreadDMdestroy/ThreadDMDestroy.java
STDOUT:
STDERR:
/home/yansendao/git/ArkTests/test/testsuite/ouroboros/thread_test/RT0017-rt-thread-ThreadDMdestroy/ThreadDMDestroy.java:42: error: cannot find symbol
            thread_obj.destroy();
                      ^
  symbol:   method destroy()
  location: variable thread_obj of type ThreadDMDestroy
1 error

TEST RESULT: Failed. Compilation failed: Compilation failed
--------------------------------------------------
TEST: test/testsuite/ouroboros/subsumeRC_test/RT0006-rt-compiler-LiverangeSubsumeRCTest06/LiverangeSubsumeRCTest06.java
TEST RESULT: Passed. Execution successful
--------------------------------------------------
TEST: test/testsuite/ouroboros/string_test/RT0141-rt-String-MultiThreadsTest/StringMultiThreadsTest.java
TEST RESULT: Passed. Execution successful
--------------------------------------------------
TEST: test/testsuite/ouroboros/thread_test/RT0018-rt-thread-ThreadDMresume/ThreadDMResume.java
TEST JDK: /home/yansendao/JDK/binary/openjdk/jdk25u

ACTION: build -- Failed. Compilation failed: Compilation failed
REASON: Named class compiled on demand
TIME:   1.135 seconds
messages:
command: build ThreadDMResume
reason: Named class compiled on demand
started: Mon Oct 27 15:01:33.777 UTC 2025
Test directory:
  compile: ThreadDMResume
finished: Mon Oct 27 15:01:34.912 UTC 2025
elapsed time (seconds): 1.135

ACTION: compile -- Failed. Compilation failed: Compilation failed
REASON: .class file out of date or does not exist
TIME:   1.135 seconds
messages:
command: compile /home/yansendao/git/ArkTests/test/testsuite/ouroboros/thread_test/RT0018-rt-thread-ThreadDMresume/ThreadDMResume.java
reason: .class file out of date or does not exist
started: Mon Oct 27 15:01:33.777 UTC 2025
Mode: othervm
Process id: 476865
finished: Mon Oct 27 15:01:34.912 UTC 2025
elapsed time (seconds): 1.135
configuration:
javac compilation environment
  source path: /home/yansendao/git/ArkTests/test/testsuite/ouroboros/thread_test/RT0018-rt-thread-ThreadDMresume
  class path:  /home/yansendao/git/ArkTests/test/testsuite/ouroboros/thread_test/RT0018-rt-thread-ThreadDMresume
               /home/yansendao/git/ArkTests/build/jt-work-singletest/classes/59/test/testsuite/ouroboros/thread_test/RT0018-rt-thread-ThreadDMresume

rerun:
cd /home/yansendao/git/ArkTests/build/jt-work-singletest/scratch/12 && \
DBUS_SESSION_BUS_ADDRESS=unix:path=/run/user/998/bus \
DISPLAY=localhost:10.0 \
HOME=/home/yansendao \
JTREG_HOME=/home/yansendao/JDK/tools/jtreg/jtreg-8.1 \
LANG=en_US.UTF-8 \
PATH=/bin:/usr/bin:/usr/sbin \
XDG_DATA_DIRS=/usr/local/share:/usr/share:/var/lib/snapd/desktop \
XDG_RUNTIME_DIR=/run/user/998 \
XDG_SESSION_CLASS=user \
XDG_SESSION_ID=3019 \
XDG_SESSION_TYPE=tty \
    /home/yansendao/JDK/binary/openjdk/jdk25u/bin/javac \
        -J-Dtest.vm.opts= \
        -J-Dtest.tool.vm.opts= \
        -J-Dtest.compiler.opts= \
        -J-Dtest.java.opts= \
        -J-Dtest.jdk=/home/yansendao/JDK/binary/openjdk/jdk25u \
        -J-Dcompile.jdk=/home/yansendao/JDK/binary/openjdk/jdk25u \
        -J-Dtest.timeout.factor=1.0 \
        -J-Dtest.root=/home/yansendao/git/ArkTests \
        -J-Dtest.name=test/testsuite/ouroboros/thread_test/RT0018-rt-thread-ThreadDMresume/ThreadDMResume.java \
        -J-Dtest.verbose=Verbose[p=BRIEF,f=FULL,e=FULL,t=false,m=false] \
        -J-Dtest.file=/home/yansendao/git/ArkTests/test/testsuite/ouroboros/thread_test/RT0018-rt-thread-ThreadDMresume/ThreadDMResume.java \
        -J-Dtest.main.class=ThreadDMResume \
        -J-Dtest.src=/home/yansendao/git/ArkTests/test/testsuite/ouroboros/thread_test/RT0018-rt-thread-ThreadDMresume \
        -J-Dtest.src.path=/home/yansendao/git/ArkTests/test/testsuite/ouroboros/thread_test/RT0018-rt-thread-ThreadDMresume \
        -J-Dtest.classes=/home/yansendao/git/ArkTests/build/jt-work-singletest/classes/59/test/testsuite/ouroboros/thread_test/RT0018-rt-thread-ThreadDMresume \
        -J-Dtest.class.path=/home/yansendao/git/ArkTests/build/jt-work-singletest/classes/59/test/testsuite/ouroboros/thread_test/RT0018-rt-thread-ThreadDMresume \
        -d /home/yansendao/git/ArkTests/build/jt-work-singletest/classes/59/test/testsuite/ouroboros/thread_test/RT0018-rt-thread-ThreadDMresume \
        -sourcepath /home/yansendao/git/ArkTests/test/testsuite/ouroboros/thread_test/RT0018-rt-thread-ThreadDMresume \
        -classpath /home/yansendao/git/ArkTests/test/testsuite/ouroboros/thread_test/RT0018-rt-thread-ThreadDMresume:/home/yansendao/git/ArkTests/build/jt-work-singletest/classes/59/test/testsuite/ouroboros/thread_test/RT0018-rt-thread-ThreadDMresume /home/yansendao/git/ArkTests/test/testsuite/ouroboros/thread_test/RT0018-rt-thread-ThreadDMresume/ThreadDMResume.java
STDOUT:
STDERR:
/home/yansendao/git/ArkTests/test/testsuite/ouroboros/thread_test/RT0018-rt-thread-ThreadDMresume/ThreadDMResume.java:43: error: cannot find symbol
            thread_obj.resume();
                      ^
  symbol:   method resume()
  location: variable thread_obj of type ThreadDMResume
1 error

TEST RESULT: Failed. Compilation failed: Compilation failed
--------------------------------------------------
TEST: test/testsuite/ouroboros/subsumeRC_test/RT0013-rt-compiler-LiverangeSubsumeRCTest13/LiverangeSubsumeRCTest13.java
TEST RESULT: Passed. Execution successful
--------------------------------------------------
TEST: test/testsuite/ouroboros/subsumeRC_test/RT0005-rt-compiler-LiverangeSubsumeRCTest05/LiverangeSubsumeRCTest05.java
TEST RESULT: Passed. Execution successful
--------------------------------------------------
TEST: test/testsuite/ouroboros/subsumeRC_test/RT0011-rt-compiler-LiverangeSubsumeRCTest11/LiverangeSubsumeRCTest11.java
TEST RESULT: Passed. Execution successful
--------------------------------------------------
TEST: test/testsuite/ouroboros/thread_test/RT0002-rt-thread-ThreadcheckAccess/ThreadCheckAccess.java
TEST RESULT: Passed. Execution successful
--------------------------------------------------
TEST: test/testsuite/ouroboros/thread_test/issue-RT0579-rt-Thread-ThreadsetName3/ThreadSetName3Test.java
TEST RESULT: Passed. Execution successful
--------------------------------------------------
TEST: test/testsuite/ouroboros/subsumeRC_test/RT0014-rt-compiler-LiverangeSubsumeRCTest14/LiverangeSubsumeRCTest14.java
TEST RESULT: Passed. Execution successful
--------------------------------------------------
TEST: test/testsuite/ouroboros/thread_test/issue-RT0577-rt-Thread-ThreadsetContextClassLoader2/ThreadSetContextClassLoader2.java
TEST RESULT: Passed. Execution successful
--------------------------------------------------
TEST: test/testsuite/ouroboros/thread_test/RT0021-rt-thread-ThreadDMsuspend/ThreadDMSuspend.java
TEST JDK: /home/yansendao/JDK/binary/openjdk/jdk25u

ACTION: build -- Failed. Compilation failed: Compilation failed
REASON: Named class compiled on demand
TIME:   1.147 seconds
messages:
command: build ThreadDMSuspend
reason: Named class compiled on demand
started: Mon Oct 27 15:01:33.832 UTC 2025
Test directory:
  compile: ThreadDMSuspend
finished: Mon Oct 27 15:01:34.979 UTC 2025
elapsed time (seconds): 1.147

ACTION: compile -- Failed. Compilation failed: Compilation failed
REASON: .class file out of date or does not exist
TIME:   1.146 seconds
messages:
command: compile /home/yansendao/git/ArkTests/test/testsuite/ouroboros/thread_test/RT0021-rt-thread-ThreadDMsuspend/ThreadDMSuspend.java
reason: .class file out of date or does not exist
started: Mon Oct 27 15:01:33.833 UTC 2025
Mode: othervm
Process id: 477387
finished: Mon Oct 27 15:01:34.979 UTC 2025
elapsed time (seconds): 1.146
configuration:
javac compilation environment
  source path: /home/yansendao/git/ArkTests/test/testsuite/ouroboros/thread_test/RT0021-rt-thread-ThreadDMsuspend
  class path:  /home/yansendao/git/ArkTests/test/testsuite/ouroboros/thread_test/RT0021-rt-thread-ThreadDMsuspend
               /home/yansendao/git/ArkTests/build/jt-work-singletest/classes/69/test/testsuite/ouroboros/thread_test/RT0021-rt-thread-ThreadDMsuspend

rerun:
cd /home/yansendao/git/ArkTests/build/jt-work-singletest/scratch/20 && \
DBUS_SESSION_BUS_ADDRESS=unix:path=/run/user/998/bus \
DISPLAY=localhost:10.0 \
HOME=/home/yansendao \
JTREG_HOME=/home/yansendao/JDK/tools/jtreg/jtreg-8.1 \
LANG=en_US.UTF-8 \
PATH=/bin:/usr/bin:/usr/sbin \
XDG_DATA_DIRS=/usr/local/share:/usr/share:/var/lib/snapd/desktop \
XDG_RUNTIME_DIR=/run/user/998 \
XDG_SESSION_CLASS=user \
XDG_SESSION_ID=3019 \
XDG_SESSION_TYPE=tty \
    /home/yansendao/JDK/binary/openjdk/jdk25u/bin/javac \
        -J-Dtest.vm.opts= \
        -J-Dtest.tool.vm.opts= \
        -J-Dtest.compiler.opts= \
        -J-Dtest.java.opts= \
        -J-Dtest.jdk=/home/yansendao/JDK/binary/openjdk/jdk25u \
        -J-Dcompile.jdk=/home/yansendao/JDK/binary/openjdk/jdk25u \
        -J-Dtest.timeout.factor=1.0 \
        -J-Dtest.root=/home/yansendao/git/ArkTests \
        -J-Dtest.name=test/testsuite/ouroboros/thread_test/RT0021-rt-thread-ThreadDMsuspend/ThreadDMSuspend.java \
        -J-Dtest.verbose=Verbose[p=BRIEF,f=FULL,e=FULL,t=false,m=false] \
        -J-Dtest.file=/home/yansendao/git/ArkTests/test/testsuite/ouroboros/thread_test/RT0021-rt-thread-ThreadDMsuspend/ThreadDMSuspend.java \
        -J-Dtest.main.class=ThreadDMSuspend \
        -J-Dtest.src=/home/yansendao/git/ArkTests/test/testsuite/ouroboros/thread_test/RT0021-rt-thread-ThreadDMsuspend \
        -J-Dtest.src.path=/home/yansendao/git/ArkTests/test/testsuite/ouroboros/thread_test/RT0021-rt-thread-ThreadDMsuspend \
        -J-Dtest.classes=/home/yansendao/git/ArkTests/build/jt-work-singletest/classes/69/test/testsuite/ouroboros/thread_test/RT0021-rt-thread-ThreadDMsuspend \
        -J-Dtest.class.path=/home/yansendao/git/ArkTests/build/jt-work-singletest/classes/69/test/testsuite/ouroboros/thread_test/RT0021-rt-thread-ThreadDMsuspend \
        -d /home/yansendao/git/ArkTests/build/jt-work-singletest/classes/69/test/testsuite/ouroboros/thread_test/RT0021-rt-thread-ThreadDMsuspend \
        -sourcepath /home/yansendao/git/ArkTests/test/testsuite/ouroboros/thread_test/RT0021-rt-thread-ThreadDMsuspend \
        -classpath /home/yansendao/git/ArkTests/test/testsuite/ouroboros/thread_test/RT0021-rt-thread-ThreadDMsuspend:/home/yansendao/git/ArkTests/build/jt-work-singletest/classes/69/test/testsuite/ouroboros/thread_test/RT0021-rt-thread-ThreadDMsuspend /home/yansendao/git/ArkTests/test/testsuite/ouroboros/thread_test/RT0021-rt-thread-ThreadDMsuspend/ThreadDMSuspend.java
STDOUT:
STDERR:
/home/yansendao/git/ArkTests/test/testsuite/ouroboros/thread_test/RT0021-rt-thread-ThreadDMsuspend/ThreadDMSuspend.java:43: error: cannot find symbol
            thread_obj.suspend();
                      ^
  symbol:   method suspend()
  location: variable thread_obj of type ThreadDMSuspend
/home/yansendao/git/ArkTests/test/testsuite/ouroboros/thread_test/RT0021-rt-thread-ThreadDMsuspend/ThreadDMSuspend.java:44: warning: [removal] stop() in Thread has been deprecated and marked for removal
            thread_obj.stop();
                      ^
1 error
1 warning

TEST RESULT: Failed. Compilation failed: Compilation failed
--------------------------------------------------
TEST: test/testsuite/ouroboros/subsumeRC_test/RT0003-rt-compiler-LiverangeSubsumeRCTest03/LiverangeSubsumeRCTest03.java
TEST RESULT: Passed. Execution successful
--------------------------------------------------
TEST: test/testsuite/ouroboros/thread_test/RT0005-rt-thread-ThreadConstructors10/ThreadConstructors10.java
TEST RESULT: Passed. Execution successful
--------------------------------------------------
TEST: test/testsuite/ouroboros/subsumeRC_test/RT0009-rt-compiler-LiverangeSubsumeRCTest09/LiverangeSubsumeRCTest09.java
TEST RESULT: Passed. Execution successful
--------------------------------------------------
TEST: test/testsuite/ouroboros/subsumeRC_test/RT0004-rt-compiler-LiverangeSubsumeRCTest04/LiverangeSubsumeRCTest04.java
TEST RESULT: Passed. Execution successful
--------------------------------------------------
TEST: test/testsuite/ouroboros/thread_test/RT0007-rt-thread-ThreadConstructors3/ThreadConstructors3.java
TEST RESULT: Passed. Execution successful
--------------------------------------------------
TEST: test/testsuite/ouroboros/string_test/RT0150-rt-String-Emoji/StringEmojiTest.java
TEST RESULT: Passed. Execution successful
--------------------------------------------------
TEST: test/testsuite/ouroboros/string_test/RT0145-rt-String-BuilderExceptionsTest/StringBuilderExceptionsTest.java
TEST RESULT: Passed. Execution successful
--------------------------------------------------
TEST: test/testsuite/ouroboros/thread_test/RT0008-rt-thread-ThreadConstructors4/ThreadConstructors4.java
TEST RESULT: Passed. Execution successful
--------------------------------------------------
TEST: test/testsuite/ouroboros/thread_test/RT0011-rt-thread-ThreadConstructors7/ThreadConstructors7.java
TEST RESULT: Passed. Execution successful
--------------------------------------------------
TEST: test/testsuite/ouroboros/thread_test/RT0009-rt-thread-ThreadConstructors5/ThreadConstructors5.java
TEST RESULT: Passed. Execution successful
--------------------------------------------------
TEST: test/testsuite/ouroboros/subsumeRC_test/RT0012-rt-compiler-LiverangeSubsumeRCTest12/LiverangeSubsumeRCTest12.java
TEST RESULT: Passed. Execution successful
--------------------------------------------------
TEST: test/testsuite/ouroboros/thread_test/RT0010-rt-thread-ThreadConstructors6/ThreadConstructors6.java
TEST RESULT: Passed. Execution successful
--------------------------------------------------
TEST: test/testsuite/ouroboros/thread_test/RT0020-rt-thread-ThreadDMstopTh/ThreadDMStopThrowable.java
TEST JDK: /home/yansendao/JDK/binary/openjdk/jdk25u

ACTION: build -- Failed. Compilation failed: Compilation failed
REASON: Named class compiled on demand
TIME:   1.553 seconds
messages:
command: build ThreadDMStopThrowable
reason: Named class compiled on demand
started: Mon Oct 27 15:01:33.831 UTC 2025
Test directory:
  compile: ThreadDMStopThrowable
finished: Mon Oct 27 15:01:35.384 UTC 2025
elapsed time (seconds): 1.553

ACTION: compile -- Failed. Compilation failed: Compilation failed
REASON: .class file out of date or does not exist
TIME:   1.552 seconds
messages:
command: compile /home/yansendao/git/ArkTests/test/testsuite/ouroboros/thread_test/RT0020-rt-thread-ThreadDMstopTh/ThreadDMStopThrowable.java
reason: .class file out of date or does not exist
started: Mon Oct 27 15:01:33.832 UTC 2025
Mode: othervm
Process id: 477370
finished: Mon Oct 27 15:01:35.384 UTC 2025
elapsed time (seconds): 1.552
configuration:
javac compilation environment
  source path: /home/yansendao/git/ArkTests/test/testsuite/ouroboros/thread_test/RT0020-rt-thread-ThreadDMstopTh
  class path:  /home/yansendao/git/ArkTests/test/testsuite/ouroboros/thread_test/RT0020-rt-thread-ThreadDMstopTh
               /home/yansendao/git/ArkTests/build/jt-work-singletest/classes/4/test/testsuite/ouroboros/thread_test/RT0020-rt-thread-ThreadDMstopTh

rerun:
cd /home/yansendao/git/ArkTests/build/jt-work-singletest/scratch/99 && \
DBUS_SESSION_BUS_ADDRESS=unix:path=/run/user/998/bus \
DISPLAY=localhost:10.0 \
HOME=/home/yansendao \
JTREG_HOME=/home/yansendao/JDK/tools/jtreg/jtreg-8.1 \
LANG=en_US.UTF-8 \
PATH=/bin:/usr/bin:/usr/sbin \
XDG_DATA_DIRS=/usr/local/share:/usr/share:/var/lib/snapd/desktop \
XDG_RUNTIME_DIR=/run/user/998 \
XDG_SESSION_CLASS=user \
XDG_SESSION_ID=3019 \
XDG_SESSION_TYPE=tty \
    /home/yansendao/JDK/binary/openjdk/jdk25u/bin/javac \
        -J-Dtest.vm.opts= \
        -J-Dtest.tool.vm.opts= \
        -J-Dtest.compiler.opts= \
        -J-Dtest.java.opts= \
        -J-Dtest.jdk=/home/yansendao/JDK/binary/openjdk/jdk25u \
        -J-Dcompile.jdk=/home/yansendao/JDK/binary/openjdk/jdk25u \
        -J-Dtest.timeout.factor=1.0 \
        -J-Dtest.root=/home/yansendao/git/ArkTests \
        -J-Dtest.name=test/testsuite/ouroboros/thread_test/RT0020-rt-thread-ThreadDMstopTh/ThreadDMStopThrowable.java \
        -J-Dtest.verbose=Verbose[p=BRIEF,f=FULL,e=FULL,t=false,m=false] \
        -J-Dtest.file=/home/yansendao/git/ArkTests/test/testsuite/ouroboros/thread_test/RT0020-rt-thread-ThreadDMstopTh/ThreadDMStopThrowable.java \
        -J-Dtest.main.class=ThreadDMStopThrowable \
        -J-Dtest.src=/home/yansendao/git/ArkTests/test/testsuite/ouroboros/thread_test/RT0020-rt-thread-ThreadDMstopTh \
        -J-Dtest.src.path=/home/yansendao/git/ArkTests/test/testsuite/ouroboros/thread_test/RT0020-rt-thread-ThreadDMstopTh \
        -J-Dtest.classes=/home/yansendao/git/ArkTests/build/jt-work-singletest/classes/4/test/testsuite/ouroboros/thread_test/RT0020-rt-thread-ThreadDMstopTh \
        -J-Dtest.class.path=/home/yansendao/git/ArkTests/build/jt-work-singletest/classes/4/test/testsuite/ouroboros/thread_test/RT0020-rt-thread-ThreadDMstopTh \
        -d /home/yansendao/git/ArkTests/build/jt-work-singletest/classes/4/test/testsuite/ouroboros/thread_test/RT0020-rt-thread-ThreadDMstopTh \
        -sourcepath /home/yansendao/git/ArkTests/test/testsuite/ouroboros/thread_test/RT0020-rt-thread-ThreadDMstopTh \
        -classpath /home/yansendao/git/ArkTests/test/testsuite/ouroboros/thread_test/RT0020-rt-thread-ThreadDMstopTh:/home/yansendao/git/ArkTests/build/jt-work-singletest/classes/4/test/testsuite/ouroboros/thread_test/RT0020-rt-thread-ThreadDMstopTh /home/yansendao/git/ArkTests/test/testsuite/ouroboros/thread_test/RT0020-rt-thread-ThreadDMstopTh/ThreadDMStopThrowable.java
STDOUT:
STDERR:
/home/yansendao/git/ArkTests/test/testsuite/ouroboros/thread_test/RT0020-rt-thread-ThreadDMstopTh/ThreadDMStopThrowable.java:42: error: method stop in class Thread cannot be applied to given types;
            thread_obj.stop(aaa);
                      ^
  required: no arguments
  found:    Throwable
  reason: actual and formal argument lists differ in length
1 error

TEST RESULT: Failed. Compilation failed: Compilation failed
--------------------------------------------------
TEST: test/testsuite/ouroboros/thread_test/RT0019-rt-thread-ThreadDMstop/ThreadDMStop.java
TEST RESULT: Passed. Execution successful
--------------------------------------------------
TEST: test/testsuite/ouroboros/thread_test/RT0012-rt-thread-ThreadConstructors8/ThreadConstructors8.java
TEST RESULT: Passed. Execution successful
--------------------------------------------------
TEST: test/testsuite/ouroboros/subsumeRC_test/RT0007-rt-compiler-LiverangeSubsumeRCTest07/LiverangeSubsumeRCTest07.java
TEST RESULT: Passed. Execution successful
--------------------------------------------------
TEST: test/testsuite/ouroboros/thread_test/RT0006-rt-thread-ThreadConstructors2/ThreadConstructors2.java
TEST RESULT: Passed. Execution successful
--------------------------------------------------
TEST: test/testsuite/ouroboros/string_test/RT0148-rt-String-XByteTest/StringXByteTest.java
TEST RESULT: Passed. Execution successful
--------------------------------------------------
TEST: test/testsuite/ouroboros/thread_test/RT0025-rt-thread-ThreadgetDefaultUncaughtExceptionHandler1/ThreadGetDefaultUncaughtExceptionHandler1.java
TEST JDK: /home/yansendao/JDK/binary/openjdk/jdk25u

ACTION: build -- Passed. Build successful
REASON: Named class compiled on demand
TIME:   1.105 seconds
messages:
command: build ThreadGetDefaultUncaughtExceptionHandler1
reason: Named class compiled on demand
started: Mon Oct 27 15:01:33.913 UTC 2025
Test directory:
  compile: ThreadGetDefaultUncaughtExceptionHandler1
finished: Mon Oct 27 15:01:35.018 UTC 2025
elapsed time (seconds): 1.105

ACTION: compile -- Passed. Compilation successful
REASON: .class file out of date or does not exist
TIME:   1.104 seconds
messages:
command: compile /home/yansendao/git/ArkTests/test/testsuite/ouroboros/thread_test/RT0025-rt-thread-ThreadgetDefaultUncaughtExceptionHandler1/ThreadGetDefaultUncaughtExceptionHandler1.java
reason: .class file out of date or does not exist
started: Mon Oct 27 15:01:33.914 UTC 2025
Mode: othervm
Process id: 477803
finished: Mon Oct 27 15:01:35.018 UTC 2025
elapsed time (seconds): 1.104
configuration:
javac compilation environment
  source path: /home/yansendao/git/ArkTests/test/testsuite/ouroboros/thread_test/RT0025-rt-thread-ThreadgetDefaultUncaughtExceptionHandler1
  class path:  /home/yansendao/git/ArkTests/test/testsuite/ouroboros/thread_test/RT0025-rt-thread-ThreadgetDefaultUncaughtExceptionHandler1
               /home/yansendao/git/ArkTests/build/jt-work-singletest/classes/44/test/testsuite/ouroboros/thread_test/RT0025-rt-thread-ThreadgetDefaultUncaughtExceptionHandler1

rerun:
cd /home/yansendao/git/ArkTests/build/jt-work-singletest/scratch/13 && \
DBUS_SESSION_BUS_ADDRESS=unix:path=/run/user/998/bus \
DISPLAY=localhost:10.0 \
HOME=/home/yansendao \
JTREG_HOME=/home/yansendao/JDK/tools/jtreg/jtreg-8.1 \
LANG=en_US.UTF-8 \
PATH=/bin:/usr/bin:/usr/sbin \
XDG_DATA_DIRS=/usr/local/share:/usr/share:/var/lib/snapd/desktop \
XDG_RUNTIME_DIR=/run/user/998 \
XDG_SESSION_CLASS=user \
XDG_SESSION_ID=3019 \
XDG_SESSION_TYPE=tty \
    /home/yansendao/JDK/binary/openjdk/jdk25u/bin/javac \
        -J-Dtest.vm.opts= \
        -J-Dtest.tool.vm.opts= \
        -J-Dtest.compiler.opts= \
        -J-Dtest.java.opts= \
        -J-Dtest.jdk=/home/yansendao/JDK/binary/openjdk/jdk25u \
        -J-Dcompile.jdk=/home/yansendao/JDK/binary/openjdk/jdk25u \
        -J-Dtest.timeout.factor=1.0 \
        -J-Dtest.root=/home/yansendao/git/ArkTests \
        -J-Dtest.name=test/testsuite/ouroboros/thread_test/RT0025-rt-thread-ThreadgetDefaultUncaughtExceptionHandler1/ThreadGetDefaultUncaughtExceptionHandler1.java \
        -J-Dtest.verbose=Verbose[p=BRIEF,f=FULL,e=FULL,t=false,m=false] \
        -J-Dtest.file=/home/yansendao/git/ArkTests/test/testsuite/ouroboros/thread_test/RT0025-rt-thread-ThreadgetDefaultUncaughtExceptionHandler1/ThreadGetDefaultUncaughtExceptionHandler1.java \
        -J-Dtest.main.class=ThreadGetDefaultUncaughtExceptionHandler1 \
        -J-Dtest.src=/home/yansendao/git/ArkTests/test/testsuite/ouroboros/thread_test/RT0025-rt-thread-ThreadgetDefaultUncaughtExceptionHandler1 \
        -J-Dtest.src.path=/home/yansendao/git/ArkTests/test/testsuite/ouroboros/thread_test/RT0025-rt-thread-ThreadgetDefaultUncaughtExceptionHandler1 \
        -J-Dtest.classes=/home/yansendao/git/ArkTests/build/jt-work-singletest/classes/44/test/testsuite/ouroboros/thread_test/RT0025-rt-thread-ThreadgetDefaultUncaughtExceptionHandler1 \
        -J-Dtest.class.path=/home/yansendao/git/ArkTests/build/jt-work-singletest/classes/44/test/testsuite/ouroboros/thread_test/RT0025-rt-thread-ThreadgetDefaultUncaughtExceptionHandler1 \
        -d /home/yansendao/git/ArkTests/build/jt-work-singletest/classes/44/test/testsuite/ouroboros/thread_test/RT0025-rt-thread-ThreadgetDefaultUncaughtExceptionHandler1 \
        -sourcepath /home/yansendao/git/ArkTests/test/testsuite/ouroboros/thread_test/RT0025-rt-thread-ThreadgetDefaultUncaughtExceptionHandler1 \
        -classpath /home/yansendao/git/ArkTests/test/testsuite/ouroboros/thread_test/RT0025-rt-thread-ThreadgetDefaultUncaughtExceptionHandler1:/home/yansendao/git/ArkTests/build/jt-work-singletest/classes/44/test/testsuite/ouroboros/thread_test/RT0025-rt-thread-ThreadgetDefaultUncaughtExceptionHandler1 /home/yansendao/git/ArkTests/test/testsuite/ouroboros/thread_test/RT0025-rt-thread-ThreadgetDefaultUncaughtExceptionHandler1/ThreadGetDefaultUncaughtExceptionHandler1.java
STDOUT:
STDERR:

ACTION: main -- Failed. Execution failed: `main' threw exception: java.lang.ArithmeticException: / by zero
REASON: Assumed action based on file name: run main ThreadGetDefaultUncaughtExceptionHandler1 
TIME:   0.716 seconds
messages:
command: main ThreadGetDefaultUncaughtExceptionHandler1
reason: Assumed action based on file name: run main ThreadGetDefaultUncaughtExceptionHandler1 
started: Mon Oct 27 15:01:35.018 UTC 2025
Mode: othervm
Process id: 482076
finished: Mon Oct 27 15:01:35.734 UTC 2025
elapsed time (seconds): 0.716
configuration:
STDOUT:
STDERR:
java.lang.ArithmeticException: / by zero
	at ThreadGetDefaultUncaughtExceptionHandler1.run(ThreadGetDefaultUncaughtExceptionHandler1.java:35)
STATUS:Failed.`main' threw exception: java.lang.ArithmeticException: / by zero
rerun:
cd /home/yansendao/git/ArkTests/build/jt-work-singletest/scratch/13 && \
DBUS_SESSION_BUS_ADDRESS=unix:path=/run/user/998/bus \
DISPLAY=localhost:10.0 \
HOME=/home/yansendao \
JTREG_HOME=/home/yansendao/JDK/tools/jtreg/jtreg-8.1 \
LANG=en_US.UTF-8 \
PATH=/bin:/usr/bin:/usr/sbin \
XDG_DATA_DIRS=/usr/local/share:/usr/share:/var/lib/snapd/desktop \
XDG_RUNTIME_DIR=/run/user/998 \
XDG_SESSION_CLASS=user \
XDG_SESSION_ID=3019 \
XDG_SESSION_TYPE=tty \
CLASSPATH=/home/yansendao/git/ArkTests/build/jt-work-singletest/classes/44/test/testsuite/ouroboros/thread_test/RT0025-rt-thread-ThreadgetDefaultUncaughtExceptionHandler1:/home/yansendao/git/ArkTests/test/testsuite/ouroboros/thread_test/RT0025-rt-thread-ThreadgetDefaultUncaughtExceptionHandler1:/home/yansendao/JDK/tools/jtreg/jtreg-8.1/lib/javatest.jar:/home/yansendao/JDK/tools/jtreg/jtreg-8.1/lib/jtreg.jar \
    /home/yansendao/JDK/binary/openjdk/jdk25u/bin/java \
        -Dtest.vm.opts= \
        -Dtest.tool.vm.opts= \
        -Dtest.compiler.opts= \
        -Dtest.java.opts= \
        -Dtest.jdk=/home/yansendao/JDK/binary/openjdk/jdk25u \
        -Dcompile.jdk=/home/yansendao/JDK/binary/openjdk/jdk25u \
        -Dtest.timeout.factor=1.0 \
        -Dtest.root=/home/yansendao/git/ArkTests \
        -Dtest.name=test/testsuite/ouroboros/thread_test/RT0025-rt-thread-ThreadgetDefaultUncaughtExceptionHandler1/ThreadGetDefaultUncaughtExceptionHandler1.java \
        -Dtest.verbose=Verbose[p=BRIEF,f=FULL,e=FULL,t=false,m=false] \
        -Dtest.file=/home/yansendao/git/ArkTests/test/testsuite/ouroboros/thread_test/RT0025-rt-thread-ThreadgetDefaultUncaughtExceptionHandler1/ThreadGetDefaultUncaughtExceptionHandler1.java \
        -Dtest.main.class=ThreadGetDefaultUncaughtExceptionHandler1 \
        -Dtest.src=/home/yansendao/git/ArkTests/test/testsuite/ouroboros/thread_test/RT0025-rt-thread-ThreadgetDefaultUncaughtExceptionHandler1 \
        -Dtest.src.path=/home/yansendao/git/ArkTests/test/testsuite/ouroboros/thread_test/RT0025-rt-thread-ThreadgetDefaultUncaughtExceptionHandler1 \
        -Dtest.classes=/home/yansendao/git/ArkTests/build/jt-work-singletest/classes/44/test/testsuite/ouroboros/thread_test/RT0025-rt-thread-ThreadgetDefaultUncaughtExceptionHandler1 \
        -Dtest.class.path=/home/yansendao/git/ArkTests/build/jt-work-singletest/classes/44/test/testsuite/ouroboros/thread_test/RT0025-rt-thread-ThreadgetDefaultUncaughtExceptionHandler1 \
        com.sun.javatest.regtest.agent.MainWrapper /home/yansendao/git/ArkTests/build/jt-work-singletest/test/testsuite/ouroboros/thread_test/RT0025-rt-thread-ThreadgetDefaultUncaughtExceptionHandler1/ThreadGetDefaultUncaughtExceptionHandler1.d/main.0.jta

TEST RESULT: Failed. Execution failed: `main' threw exception: java.lang.ArithmeticException: / by zero
--------------------------------------------------
TEST: test/testsuite/ouroboros/thread_test/RT0037-rt-thread-ThreadholdsLock3/ThreadHoldsLock3.java
TEST RESULT: Passed. Execution successful
--------------------------------------------------
TEST: test/testsuite/ouroboros/thread_test/RT0023-rt-thread-Threadextends1/ThreadExtends1.java
TEST JDK: /home/yansendao/JDK/binary/openjdk/jdk25u

ACTION: build -- Passed. Build successful
REASON: Named class compiled on demand
TIME:   1.496 seconds
messages:
command: build ThreadExtends1
reason: Named class compiled on demand
started: Mon Oct 27 15:01:33.863 UTC 2025
Test directory:
  compile: ThreadExtends1
finished: Mon Oct 27 15:01:35.359 UTC 2025
elapsed time (seconds): 1.496

ACTION: compile -- Passed. Compilation successful
REASON: .class file out of date or does not exist
TIME:   1.495 seconds
messages:
command: compile /home/yansendao/git/ArkTests/test/testsuite/ouroboros/thread_test/RT0023-rt-thread-Threadextends1/ThreadExtends1.java
reason: .class file out of date or does not exist
started: Mon Oct 27 15:01:33.864 UTC 2025
Mode: othervm
Process id: 477601
finished: Mon Oct 27 15:01:35.359 UTC 2025
elapsed time (seconds): 1.495
configuration:
javac compilation environment
  source path: /home/yansendao/git/ArkTests/test/testsuite/ouroboros/thread_test/RT0023-rt-thread-Threadextends1
  class path:  /home/yansendao/git/ArkTests/test/testsuite/ouroboros/thread_test/RT0023-rt-thread-Threadextends1
               /home/yansendao/git/ArkTests/build/jt-work-singletest/classes/16/test/testsuite/ouroboros/thread_test/RT0023-rt-thread-Threadextends1

rerun:
cd /home/yansendao/git/ArkTests/build/jt-work-singletest/scratch/94 && \
DBUS_SESSION_BUS_ADDRESS=unix:path=/run/user/998/bus \
DISPLAY=localhost:10.0 \
HOME=/home/yansendao \
JTREG_HOME=/home/yansendao/JDK/tools/jtreg/jtreg-8.1 \
LANG=en_US.UTF-8 \
PATH=/bin:/usr/bin:/usr/sbin \
XDG_DATA_DIRS=/usr/local/share:/usr/share:/var/lib/snapd/desktop \
XDG_RUNTIME_DIR=/run/user/998 \
XDG_SESSION_CLASS=user \
XDG_SESSION_ID=3019 \
XDG_SESSION_TYPE=tty \
    /home/yansendao/JDK/binary/openjdk/jdk25u/bin/javac \
        -J-Dtest.vm.opts= \
        -J-Dtest.tool.vm.opts= \
        -J-Dtest.compiler.opts= \
        -J-Dtest.java.opts= \
        -J-Dtest.jdk=/home/yansendao/JDK/binary/openjdk/jdk25u \
        -J-Dcompile.jdk=/home/yansendao/JDK/binary/openjdk/jdk25u \
        -J-Dtest.timeout.factor=1.0 \
        -J-Dtest.root=/home/yansendao/git/ArkTests \
        -J-Dtest.name=test/testsuite/ouroboros/thread_test/RT0023-rt-thread-Threadextends1/ThreadExtends1.java \
        -J-Dtest.verbose=Verbose[p=BRIEF,f=FULL,e=FULL,t=false,m=false] \
        -J-Dtest.file=/home/yansendao/git/ArkTests/test/testsuite/ouroboros/thread_test/RT0023-rt-thread-Threadextends1/ThreadExtends1.java \
        -J-Dtest.main.class=ThreadExtends1 \
        -J-Dtest.src=/home/yansendao/git/ArkTests/test/testsuite/ouroboros/thread_test/RT0023-rt-thread-Threadextends1 \
        -J-Dtest.src.path=/home/yansendao/git/ArkTests/test/testsuite/ouroboros/thread_test/RT0023-rt-thread-Threadextends1 \
        -J-Dtest.classes=/home/yansendao/git/ArkTests/build/jt-work-singletest/classes/16/test/testsuite/ouroboros/thread_test/RT0023-rt-thread-Threadextends1 \
        -J-Dtest.class.path=/home/yansendao/git/ArkTests/build/jt-work-singletest/classes/16/test/testsuite/ouroboros/thread_test/RT0023-rt-thread-Threadextends1 \
        -d /home/yansendao/git/ArkTests/build/jt-work-singletest/classes/16/test/testsuite/ouroboros/thread_test/RT0023-rt-thread-Threadextends1 \
        -sourcepath /home/yansendao/git/ArkTests/test/testsuite/ouroboros/thread_test/RT0023-rt-thread-Threadextends1 \
        -classpath /home/yansendao/git/ArkTests/test/testsuite/ouroboros/thread_test/RT0023-rt-thread-Threadextends1:/home/yansendao/git/ArkTests/build/jt-work-singletest/classes/16/test/testsuite/ouroboros/thread_test/RT0023-rt-thread-Threadextends1 /home/yansendao/git/ArkTests/test/testsuite/ouroboros/thread_test/RT0023-rt-thread-Threadextends1/ThreadExtends1.java
STDOUT:
STDERR:

ACTION: main -- Error. java.lang.IllegalAccessException: class com.sun.javatest.regtest.agent.MainWrapper$MainTask cannot access a member of class ThreadExtends1 with modifiers "public static"
REASON: Assumed action based on file name: run main ThreadExtends1 
TIME:   0.386 seconds
messages:
command: main ThreadExtends1
reason: Assumed action based on file name: run main ThreadExtends1 
started: Mon Oct 27 15:01:35.359 UTC 2025
Mode: othervm
Process id: 482661
finished: Mon Oct 27 15:01:35.745 UTC 2025
elapsed time (seconds): 0.386
configuration:
STDOUT:
STDERR:
java.lang.IllegalAccessException: class com.sun.javatest.regtest.agent.MainWrapper$MainTask cannot access a member of class ThreadExtends1 with modifiers "public static"
	at java.base/jdk.internal.reflect.Reflection.newIllegalAccessException(Reflection.java:400)
	at java.base/java.lang.reflect.AccessibleObject.checkAccess(AccessibleObject.java:670)
	at java.base/java.lang.reflect.Method.invoke(Method.java:556)
	at com.sun.javatest.regtest.agent.MainWrapper$MainTask.run(MainWrapper.java:138)
	at java.base/java.lang.Thread.run(Thread.java:1474)

JavaTest Message: Verify that the class defining the test is
JavaTest Message: declared public (test invoked via reflection)

STATUS:Error.java.lang.IllegalAccessException: class com.sun.javatest.regtest.agent.MainWrapper$MainTask cannot access a member of class ThreadExtends1 with modifiers "public static"
rerun:
cd /home/yansendao/git/ArkTests/build/jt-work-singletest/scratch/94 && \
DBUS_SESSION_BUS_ADDRESS=unix:path=/run/user/998/bus \
DISPLAY=localhost:10.0 \
HOME=/home/yansendao \
JTREG_HOME=/home/yansendao/JDK/tools/jtreg/jtreg-8.1 \
LANG=en_US.UTF-8 \
PATH=/bin:/usr/bin:/usr/sbin \
XDG_DATA_DIRS=/usr/local/share:/usr/share:/var/lib/snapd/desktop \
XDG_RUNTIME_DIR=/run/user/998 \
XDG_SESSION_CLASS=user \
XDG_SESSION_ID=3019 \
XDG_SESSION_TYPE=tty \
CLASSPATH=/home/yansendao/git/ArkTests/build/jt-work-singletest/classes/16/test/testsuite/ouroboros/thread_test/RT0023-rt-thread-Threadextends1:/home/yansendao/git/ArkTests/test/testsuite/ouroboros/thread_test/RT0023-rt-thread-Threadextends1:/home/yansendao/JDK/tools/jtreg/jtreg-8.1/lib/javatest.jar:/home/yansendao/JDK/tools/jtreg/jtreg-8.1/lib/jtreg.jar \
    /home/yansendao/JDK/binary/openjdk/jdk25u/bin/java \
        -Dtest.vm.opts= \
        -Dtest.tool.vm.opts= \
        -Dtest.compiler.opts= \
        -Dtest.java.opts= \
        -Dtest.jdk=/home/yansendao/JDK/binary/openjdk/jdk25u \
        -Dcompile.jdk=/home/yansendao/JDK/binary/openjdk/jdk25u \
        -Dtest.timeout.factor=1.0 \
        -Dtest.root=/home/yansendao/git/ArkTests \
        -Dtest.name=test/testsuite/ouroboros/thread_test/RT0023-rt-thread-Threadextends1/ThreadExtends1.java \
        -Dtest.verbose=Verbose[p=BRIEF,f=FULL,e=FULL,t=false,m=false] \
        -Dtest.file=/home/yansendao/git/ArkTests/test/testsuite/ouroboros/thread_test/RT0023-rt-thread-Threadextends1/ThreadExtends1.java \
        -Dtest.main.class=ThreadExtends1 \
        -Dtest.src=/home/yansendao/git/ArkTests/test/testsuite/ouroboros/thread_test/RT0023-rt-thread-Threadextends1 \
        -Dtest.src.path=/home/yansendao/git/ArkTests/test/testsuite/ouroboros/thread_test/RT0023-rt-thread-Threadextends1 \
        -Dtest.classes=/home/yansendao/git/ArkTests/build/jt-work-singletest/classes/16/test/testsuite/ouroboros/thread_test/RT0023-rt-thread-Threadextends1 \
        -Dtest.class.path=/home/yansendao/git/ArkTests/build/jt-work-singletest/classes/16/test/testsuite/ouroboros/thread_test/RT0023-rt-thread-Threadextends1 \
        com.sun.javatest.regtest.agent.MainWrapper /home/yansendao/git/ArkTests/build/jt-work-singletest/test/testsuite/ouroboros/thread_test/RT0023-rt-thread-Threadextends1/ThreadExtends1.d/main.0.jta

TEST RESULT: Error. java.lang.IllegalAccessException: class com.sun.javatest.regtest.agent.MainWrapper$MainTask cannot access a member of class ThreadExtends1 with modifiers "public static"
--------------------------------------------------
TEST: test/testsuite/ouroboros/thread_test/RT0013-rt-thread-ThreadConstructors9/ThreadConstructors9.java
TEST RESULT: Passed. Execution successful
--------------------------------------------------
TEST: test/testsuite/ouroboros/thread_test/RT0004-rt-thread-ThreadConstructors1/ThreadConstructors1.java
TEST RESULT: Passed. Execution successful
--------------------------------------------------
TEST: test/testsuite/ouroboros/thread_test/RT0028-rt-thread-ThreadgetName/ThreadGetName.java
TEST RESULT: Passed. Execution successful
--------------------------------------------------
TEST: test/testsuite/ouroboros/thread_test/RT0030-rt-thread-ThreadgetThreadGroup1/ThreadGetThreadGroup1.java
TEST RESULT: Passed. Execution successful
--------------------------------------------------
TEST: test/testsuite/ouroboros/rc_test/RC0341-rc-rp-mutator/Ref_Processor_Mutator_Ref.java
TEST RESULT: Passed. Execution successful
--------------------------------------------------
TEST: test/testsuite/ouroboros/thread_test/RT0024-rt-thread-Threadextends2/ThreadExtends2.java
TEST JDK: /home/yansendao/JDK/binary/openjdk/jdk25u

ACTION: build -- Passed. Build successful
REASON: Named class compiled on demand
TIME:   1.49 seconds
messages:
command: build ThreadExtends2
reason: Named class compiled on demand
started: Mon Oct 27 15:01:33.912 UTC 2025
Test directory:
  compile: ThreadExtends2
finished: Mon Oct 27 15:01:35.402 UTC 2025
elapsed time (seconds): 1.49

ACTION: compile -- Passed. Compilation successful
REASON: .class file out of date or does not exist
TIME:   1.49 seconds
messages:
command: compile /home/yansendao/git/ArkTests/test/testsuite/ouroboros/thread_test/RT0024-rt-thread-Threadextends2/ThreadExtends2.java
reason: .class file out of date or does not exist
started: Mon Oct 27 15:01:33.912 UTC 2025
Mode: othervm
Process id: 477792
finished: Mon Oct 27 15:01:35.402 UTC 2025
elapsed time (seconds): 1.49
configuration:
javac compilation environment
  source path: /home/yansendao/git/ArkTests/test/testsuite/ouroboros/thread_test/RT0024-rt-thread-Threadextends2
  class path:  /home/yansendao/git/ArkTests/test/testsuite/ouroboros/thread_test/RT0024-rt-thread-Threadextends2
               /home/yansendao/git/ArkTests/build/jt-work-singletest/classes/7/test/testsuite/ouroboros/thread_test/RT0024-rt-thread-Threadextends2

rerun:
cd /home/yansendao/git/ArkTests/build/jt-work-singletest/scratch/25 && \
DBUS_SESSION_BUS_ADDRESS=unix:path=/run/user/998/bus \
DISPLAY=localhost:10.0 \
HOME=/home/yansendao \
JTREG_HOME=/home/yansendao/JDK/tools/jtreg/jtreg-8.1 \
LANG=en_US.UTF-8 \
PATH=/bin:/usr/bin:/usr/sbin \
XDG_DATA_DIRS=/usr/local/share:/usr/share:/var/lib/snapd/desktop \
XDG_RUNTIME_DIR=/run/user/998 \
XDG_SESSION_CLASS=user \
XDG_SESSION_ID=3019 \
XDG_SESSION_TYPE=tty \
    /home/yansendao/JDK/binary/openjdk/jdk25u/bin/javac \
        -J-Dtest.vm.opts= \
        -J-Dtest.tool.vm.opts= \
        -J-Dtest.compiler.opts= \
        -J-Dtest.java.opts= \
        -J-Dtest.jdk=/home/yansendao/JDK/binary/openjdk/jdk25u \
        -J-Dcompile.jdk=/home/yansendao/JDK/binary/openjdk/jdk25u \
        -J-Dtest.timeout.factor=1.0 \
        -J-Dtest.root=/home/yansendao/git/ArkTests \
        -J-Dtest.name=test/testsuite/ouroboros/thread_test/RT0024-rt-thread-Threadextends2/ThreadExtends2.java \
        -J-Dtest.verbose=Verbose[p=BRIEF,f=FULL,e=FULL,t=false,m=false] \
        -J-Dtest.file=/home/yansendao/git/ArkTests/test/testsuite/ouroboros/thread_test/RT0024-rt-thread-Threadextends2/ThreadExtends2.java \
        -J-Dtest.main.class=ThreadExtends2 \
        -J-Dtest.src=/home/yansendao/git/ArkTests/test/testsuite/ouroboros/thread_test/RT0024-rt-thread-Threadextends2 \
        -J-Dtest.src.path=/home/yansendao/git/ArkTests/test/testsuite/ouroboros/thread_test/RT0024-rt-thread-Threadextends2 \
        -J-Dtest.classes=/home/yansendao/git/ArkTests/build/jt-work-singletest/classes/7/test/testsuite/ouroboros/thread_test/RT0024-rt-thread-Threadextends2 \
        -J-Dtest.class.path=/home/yansendao/git/ArkTests/build/jt-work-singletest/classes/7/test/testsuite/ouroboros/thread_test/RT0024-rt-thread-Threadextends2 \
        -d /home/yansendao/git/ArkTests/build/jt-work-singletest/classes/7/test/testsuite/ouroboros/thread_test/RT0024-rt-thread-Threadextends2 \
        -sourcepath /home/yansendao/git/ArkTests/test/testsuite/ouroboros/thread_test/RT0024-rt-thread-Threadextends2 \
        -classpath /home/yansendao/git/ArkTests/test/testsuite/ouroboros/thread_test/RT0024-rt-thread-Threadextends2:/home/yansendao/git/ArkTests/build/jt-work-singletest/classes/7/test/testsuite/ouroboros/thread_test/RT0024-rt-thread-Threadextends2 /home/yansendao/git/ArkTests/test/testsuite/ouroboros/thread_test/RT0024-rt-thread-Threadextends2/ThreadExtends2.java
STDOUT:
STDERR:

ACTION: main -- Error. java.lang.IllegalAccessException: class com.sun.javatest.regtest.agent.MainWrapper$MainTask cannot access a member of class ThreadExtends2 with modifiers "public static"
REASON: Assumed action based on file name: run main ThreadExtends2 
TIME:   0.393 seconds
messages:
command: main ThreadExtends2
reason: Assumed action based on file name: run main ThreadExtends2 
started: Mon Oct 27 15:01:35.402 UTC 2025
Mode: othervm
Process id: 482912
finished: Mon Oct 27 15:01:35.795 UTC 2025
elapsed time (seconds): 0.393
configuration:
STDOUT:
STDERR:
java.lang.IllegalAccessException: class com.sun.javatest.regtest.agent.MainWrapper$MainTask cannot access a member of class ThreadExtends2 with modifiers "public static"
	at java.base/jdk.internal.reflect.Reflection.newIllegalAccessException(Reflection.java:400)
	at java.base/java.lang.reflect.AccessibleObject.checkAccess(AccessibleObject.java:670)
	at java.base/java.lang.reflect.Method.invoke(Method.java:556)
	at com.sun.javatest.regtest.agent.MainWrapper$MainTask.run(MainWrapper.java:138)
	at java.base/java.lang.Thread.run(Thread.java:1474)

JavaTest Message: Verify that the class defining the test is
JavaTest Message: declared public (test invoked via reflection)

STATUS:Error.java.lang.IllegalAccessException: class com.sun.javatest.regtest.agent.MainWrapper$MainTask cannot access a member of class ThreadExtends2 with modifiers "public static"
rerun:
cd /home/yansendao/git/ArkTests/build/jt-work-singletest/scratch/25 && \
DBUS_SESSION_BUS_ADDRESS=unix:path=/run/user/998/bus \
DISPLAY=localhost:10.0 \
HOME=/home/yansendao \
JTREG_HOME=/home/yansendao/JDK/tools/jtreg/jtreg-8.1 \
LANG=en_US.UTF-8 \
PATH=/bin:/usr/bin:/usr/sbin \
XDG_DATA_DIRS=/usr/local/share:/usr/share:/var/lib/snapd/desktop \
XDG_RUNTIME_DIR=/run/user/998 \
XDG_SESSION_CLASS=user \
XDG_SESSION_ID=3019 \
XDG_SESSION_TYPE=tty \
CLASSPATH=/home/yansendao/git/ArkTests/build/jt-work-singletest/classes/7/test/testsuite/ouroboros/thread_test/RT0024-rt-thread-Threadextends2:/home/yansendao/git/ArkTests/test/testsuite/ouroboros/thread_test/RT0024-rt-thread-Threadextends2:/home/yansendao/JDK/tools/jtreg/jtreg-8.1/lib/javatest.jar:/home/yansendao/JDK/tools/jtreg/jtreg-8.1/lib/jtreg.jar \
    /home/yansendao/JDK/binary/openjdk/jdk25u/bin/java \
        -Dtest.vm.opts= \
        -Dtest.tool.vm.opts= \
        -Dtest.compiler.opts= \
        -Dtest.java.opts= \
        -Dtest.jdk=/home/yansendao/JDK/binary/openjdk/jdk25u \
        -Dcompile.jdk=/home/yansendao/JDK/binary/openjdk/jdk25u \
        -Dtest.timeout.factor=1.0 \
        -Dtest.root=/home/yansendao/git/ArkTests \
        -Dtest.name=test/testsuite/ouroboros/thread_test/RT0024-rt-thread-Threadextends2/ThreadExtends2.java \
        -Dtest.verbose=Verbose[p=BRIEF,f=FULL,e=FULL,t=false,m=false] \
        -Dtest.file=/home/yansendao/git/ArkTests/test/testsuite/ouroboros/thread_test/RT0024-rt-thread-Threadextends2/ThreadExtends2.java \
        -Dtest.main.class=ThreadExtends2 \
        -Dtest.src=/home/yansendao/git/ArkTests/test/testsuite/ouroboros/thread_test/RT0024-rt-thread-Threadextends2 \
        -Dtest.src.path=/home/yansendao/git/ArkTests/test/testsuite/ouroboros/thread_test/RT0024-rt-thread-Threadextends2 \
        -Dtest.classes=/home/yansendao/git/ArkTests/build/jt-work-singletest/classes/7/test/testsuite/ouroboros/thread_test/RT0024-rt-thread-Threadextends2 \
        -Dtest.class.path=/home/yansendao/git/ArkTests/build/jt-work-singletest/classes/7/test/testsuite/ouroboros/thread_test/RT0024-rt-thread-Threadextends2 \
        com.sun.javatest.regtest.agent.MainWrapper /home/yansendao/git/ArkTests/build/jt-work-singletest/test/testsuite/ouroboros/thread_test/RT0024-rt-thread-Threadextends2/ThreadExtends2.d/main.0.jta

TEST RESULT: Error. java.lang.IllegalAccessException: class com.sun.javatest.regtest.agent.MainWrapper$MainTask cannot access a member of class ThreadExtends2 with modifiers "public static"
--------------------------------------------------
TEST: test/testsuite/ouroboros/thread_test/RT0038-rt-thread-ThreadisAlive1/ThreadIsAlive1.java
TEST RESULT: Passed. Execution successful
--------------------------------------------------
TEST: test/testsuite/ouroboros/thread_test/RT0042-rt-thread-ThreadisDaemon2/ThreadIsDaemon2.java
TEST RESULT: Passed. Execution successful
--------------------------------------------------
TEST: test/testsuite/ouroboros/thread_test/RT0031-rt-thread-ThreadgetThreadGroup2/ThreadGetThreadGroup2.java
TEST RESULT: Passed. Execution successful
--------------------------------------------------
TEST: test/testsuite/ouroboros/thread_test/RT0029-rt-thread-ThreadgetPriority/ThreadGetPriority.java
TEST RESULT: Passed. Execution successful
--------------------------------------------------
TEST: test/testsuite/ouroboros/thread_test/issue-RT0508-rt-Thread-JGFSyncBench/JGFSyncBench.java
TEST RESULT: Passed. Execution successful
--------------------------------------------------
TEST: test/testsuite/ouroboros/thread_test/RT0034-rt-thread-ThreadgetUncaughtExceptionHandler3/ThreadGetUncaughtExceptionHandler3.java
TEST RESULT: Passed. Execution successful
--------------------------------------------------
TEST: test/testsuite/ouroboros/thread_test/RT0026-rt-thread-ThreadgetDefaultUncaughtExceptionHandler2/ThreadGetDefaultUncaughtExceptionHandler2.java
TEST RESULT: Passed. Execution successful
--------------------------------------------------
TEST: test/testsuite/ouroboros/thread_test/RT0032-rt-thread-ThreadgetUncaughtExceptionHandler1/ThreadGetUncaughtExceptionHandler1.java
TEST RESULT: Passed. Execution successful
--------------------------------------------------
TEST: test/testsuite/ouroboros/thread_test/RT0040-rt-thread-ThreadisAlive3/ThreadIsAlive3.java
TEST RESULT: Passed. Execution successful
--------------------------------------------------
TEST: test/testsuite/ouroboros/thread_test/RT0033-rt-thread-ThreadgetUncaughtExceptionHandler2/ThreadGetUncaughtExceptionHandler2.java
TEST JDK: /home/yansendao/JDK/binary/openjdk/jdk25u

ACTION: build -- Passed. Build successful
REASON: Named class compiled on demand
TIME:   1.808 seconds
messages:
command: build ThreadGetUncaughtExceptionHandler2
reason: Named class compiled on demand
started: Mon Oct 27 15:01:33.938 UTC 2025
Test directory:
  compile: ThreadGetUncaughtExceptionHandler2
finished: Mon Oct 27 15:01:35.746 UTC 2025
elapsed time (seconds): 1.808

ACTION: compile -- Passed. Compilation successful
REASON: .class file out of date or does not exist
TIME:   1.808 seconds
messages:
command: compile /home/yansendao/git/ArkTests/test/testsuite/ouroboros/thread_test/RT0033-rt-thread-ThreadgetUncaughtExceptionHandler2/ThreadGetUncaughtExceptionHandler2.java
reason: .class file out of date or does not exist
started: Mon Oct 27 15:01:33.938 UTC 2025
Mode: othervm
Process id: 477952
finished: Mon Oct 27 15:01:35.746 UTC 2025
elapsed time (seconds): 1.808
configuration:
javac compilation environment
  source path: /home/yansendao/git/ArkTests/test/testsuite/ouroboros/thread_test/RT0033-rt-thread-ThreadgetUncaughtExceptionHandler2
  class path:  /home/yansendao/git/ArkTests/test/testsuite/ouroboros/thread_test/RT0033-rt-thread-ThreadgetUncaughtExceptionHandler2
               /home/yansendao/git/ArkTests/build/jt-work-singletest/classes/0/test/testsuite/ouroboros/thread_test/RT0033-rt-thread-ThreadgetUncaughtExceptionHandler2

rerun:
cd /home/yansendao/git/ArkTests/build/jt-work-singletest/scratch/6 && \
DBUS_SESSION_BUS_ADDRESS=unix:path=/run/user/998/bus \
DISPLAY=localhost:10.0 \
HOME=/home/yansendao \
JTREG_HOME=/home/yansendao/JDK/tools/jtreg/jtreg-8.1 \
LANG=en_US.UTF-8 \
PATH=/bin:/usr/bin:/usr/sbin \
XDG_DATA_DIRS=/usr/local/share:/usr/share:/var/lib/snapd/desktop \
XDG_RUNTIME_DIR=/run/user/998 \
XDG_SESSION_CLASS=user \
XDG_SESSION_ID=3019 \
XDG_SESSION_TYPE=tty \
    /home/yansendao/JDK/binary/openjdk/jdk25u/bin/javac \
        -J-Dtest.vm.opts= \
        -J-Dtest.tool.vm.opts= \
        -J-Dtest.compiler.opts= \
        -J-Dtest.java.opts= \
        -J-Dtest.jdk=/home/yansendao/JDK/binary/openjdk/jdk25u \
        -J-Dcompile.jdk=/home/yansendao/JDK/binary/openjdk/jdk25u \
        -J-Dtest.timeout.factor=1.0 \
        -J-Dtest.root=/home/yansendao/git/ArkTests \
        -J-Dtest.name=test/testsuite/ouroboros/thread_test/RT0033-rt-thread-ThreadgetUncaughtExceptionHandler2/ThreadGetUncaughtExceptionHandler2.java \
        -J-Dtest.verbose=Verbose[p=BRIEF,f=FULL,e=FULL,t=false,m=false] \
        -J-Dtest.file=/home/yansendao/git/ArkTests/test/testsuite/ouroboros/thread_test/RT0033-rt-thread-ThreadgetUncaughtExceptionHandler2/ThreadGetUncaughtExceptionHandler2.java \
        -J-Dtest.main.class=ThreadGetUncaughtExceptionHandler2 \
        -J-Dtest.src=/home/yansendao/git/ArkTests/test/testsuite/ouroboros/thread_test/RT0033-rt-thread-ThreadgetUncaughtExceptionHandler2 \
        -J-Dtest.src.path=/home/yansendao/git/ArkTests/test/testsuite/ouroboros/thread_test/RT0033-rt-thread-ThreadgetUncaughtExceptionHandler2 \
        -J-Dtest.classes=/home/yansendao/git/ArkTests/build/jt-work-singletest/classes/0/test/testsuite/ouroboros/thread_test/RT0033-rt-thread-ThreadgetUncaughtExceptionHandler2 \
        -J-Dtest.class.path=/home/yansendao/git/ArkTests/build/jt-work-singletest/classes/0/test/testsuite/ouroboros/thread_test/RT0033-rt-thread-ThreadgetUncaughtExceptionHandler2 \
        -d /home/yansendao/git/ArkTests/build/jt-work-singletest/classes/0/test/testsuite/ouroboros/thread_test/RT0033-rt-thread-ThreadgetUncaughtExceptionHandler2 \
        -sourcepath /home/yansendao/git/ArkTests/test/testsuite/ouroboros/thread_test/RT0033-rt-thread-ThreadgetUncaughtExceptionHandler2 \
        -classpath /home/yansendao/git/ArkTests/test/testsuite/ouroboros/thread_test/RT0033-rt-thread-ThreadgetUncaughtExceptionHandler2:/home/yansendao/git/ArkTests/build/jt-work-singletest/classes/0/test/testsuite/ouroboros/thread_test/RT0033-rt-thread-ThreadgetUncaughtExceptionHandler2 /home/yansendao/git/ArkTests/test/testsuite/ouroboros/thread_test/RT0033-rt-thread-ThreadgetUncaughtExceptionHandler2/ThreadGetUncaughtExceptionHandler2.java
STDOUT:
STDERR:

ACTION: main -- Failed. Execution failed: `main' threw exception: java.lang.ArithmeticException: / by zero
REASON: Assumed action based on file name: run main ThreadGetUncaughtExceptionHandler2 
TIME:   0.205 seconds
messages:
command: main ThreadGetUncaughtExceptionHandler2
reason: Assumed action based on file name: run main ThreadGetUncaughtExceptionHandler2 
started: Mon Oct 27 15:01:35.746 UTC 2025
Mode: othervm
Process id: 483675
finished: Mon Oct 27 15:01:35.951 UTC 2025
elapsed time (seconds): 0.205
configuration:
STDOUT:
2
STDERR:
STATUS:Passed.
java.lang.ArithmeticException: / by zero
	at ThreadGetUncaughtExceptionHandler2.run(ThreadGetUncaughtExceptionHandler2.java:39)
STATUS:Failed.`main' threw exception: java.lang.ArithmeticException: / by zero
rerun:
cd /home/yansendao/git/ArkTests/build/jt-work-singletest/scratch/6 && \
DBUS_SESSION_BUS_ADDRESS=unix:path=/run/user/998/bus \
DISPLAY=localhost:10.0 \
HOME=/home/yansendao \
JTREG_HOME=/home/yansendao/JDK/tools/jtreg/jtreg-8.1 \
LANG=en_US.UTF-8 \
PATH=/bin:/usr/bin:/usr/sbin \
XDG_DATA_DIRS=/usr/local/share:/usr/share:/var/lib/snapd/desktop \
XDG_RUNTIME_DIR=/run/user/998 \
XDG_SESSION_CLASS=user \
XDG_SESSION_ID=3019 \
XDG_SESSION_TYPE=tty \
CLASSPATH=/home/yansendao/git/ArkTests/build/jt-work-singletest/classes/0/test/testsuite/ouroboros/thread_test/RT0033-rt-thread-ThreadgetUncaughtExceptionHandler2:/home/yansendao/git/ArkTests/test/testsuite/ouroboros/thread_test/RT0033-rt-thread-ThreadgetUncaughtExceptionHandler2:/home/yansendao/JDK/tools/jtreg/jtreg-8.1/lib/javatest.jar:/home/yansendao/JDK/tools/jtreg/jtreg-8.1/lib/jtreg.jar \
    /home/yansendao/JDK/binary/openjdk/jdk25u/bin/java \
        -Dtest.vm.opts= \
        -Dtest.tool.vm.opts= \
        -Dtest.compiler.opts= \
        -Dtest.java.opts= \
        -Dtest.jdk=/home/yansendao/JDK/binary/openjdk/jdk25u \
        -Dcompile.jdk=/home/yansendao/JDK/binary/openjdk/jdk25u \
        -Dtest.timeout.factor=1.0 \
        -Dtest.root=/home/yansendao/git/ArkTests \
        -Dtest.name=test/testsuite/ouroboros/thread_test/RT0033-rt-thread-ThreadgetUncaughtExceptionHandler2/ThreadGetUncaughtExceptionHandler2.java \
        -Dtest.verbose=Verbose[p=BRIEF,f=FULL,e=FULL,t=false,m=false] \
        -Dtest.file=/home/yansendao/git/ArkTests/test/testsuite/ouroboros/thread_test/RT0033-rt-thread-ThreadgetUncaughtExceptionHandler2/ThreadGetUncaughtExceptionHandler2.java \
        -Dtest.main.class=ThreadGetUncaughtExceptionHandler2 \
        -Dtest.src=/home/yansendao/git/ArkTests/test/testsuite/ouroboros/thread_test/RT0033-rt-thread-ThreadgetUncaughtExceptionHandler2 \
        -Dtest.src.path=/home/yansendao/git/ArkTests/test/testsuite/ouroboros/thread_test/RT0033-rt-thread-ThreadgetUncaughtExceptionHandler2 \
        -Dtest.classes=/home/yansendao/git/ArkTests/build/jt-work-singletest/classes/0/test/testsuite/ouroboros/thread_test/RT0033-rt-thread-ThreadgetUncaughtExceptionHandler2 \
        -Dtest.class.path=/home/yansendao/git/ArkTests/build/jt-work-singletest/classes/0/test/testsuite/ouroboros/thread_test/RT0033-rt-thread-ThreadgetUncaughtExceptionHandler2 \
        com.sun.javatest.regtest.agent.MainWrapper /home/yansendao/git/ArkTests/build/jt-work-singletest/test/testsuite/ouroboros/thread_test/RT0033-rt-thread-ThreadgetUncaughtExceptionHandler2/ThreadGetUncaughtExceptionHandler2.d/main.0.jta

TEST RESULT: Failed. Execution failed: `main' threw exception: java.lang.ArithmeticException: / by zero
--------------------------------------------------
TEST: test/testsuite/ouroboros/thread_test/RT0043-rt-thread-ThreadRunnable/ThreadRunnable.java
TEST RESULT: Passed. Execution successful
--------------------------------------------------
TEST: test/testsuite/ouroboros/thread_test/RT0041-rt-thread-ThreadisDaemon1/ThreadIsDaemon1.java
TEST RESULT: Passed. Execution successful
--------------------------------------------------
TEST: test/testsuite/ouroboros/thread_test/RT0051-rt-thread-ThreadsetPriority2/ThreadSetPriority2.java
TEST RESULT: Passed. Execution successful
--------------------------------------------------
TEST: test/testsuite/ouroboros/thread_test/RT0036-rt-thread-ThreadholdsLock2/ThreadHoldsLock2.java
TEST RESULT: Passed. Execution successful
--------------------------------------------------
TEST: test/testsuite/ouroboros/thread_test/RT0014-rt-thread-ThreadcurrentThread/ThreadCurrentThread.java
TEST RESULT: Passed. Execution successful
--------------------------------------------------
TEST: test/testsuite/ouroboros/thread_test/RT0001-rt-thread-ThreadactiveCount/ThreadActiveCount.java
TEST RESULT: Passed. Execution successful
--------------------------------------------------
TEST: test/testsuite/ouroboros/thread_test/RT0045-rt-thread-ThreadsetDaemon2/ThreadSetDaemon2.java
TEST RESULT: Passed. Execution successful
--------------------------------------------------
TEST: test/testsuite/ouroboros/thread_test/RT0039-rt-thread-ThreadisAlive2/ThreadIsAlive2.java
TEST RESULT: Passed. Execution successful
--------------------------------------------------
TEST: test/testsuite/ouroboros/thread_test/RT0027-rt-thread-ThreadgetId/ThreadGetId.java
TEST RESULT: Passed. Execution successful
--------------------------------------------------
TEST: test/testsuite/ouroboros/thread_test/RT0053-rt-thread-ThreadsetPriority4/ThreadSetPriority4.java
TEST RESULT: Passed. Execution successful
--------------------------------------------------
TEST: test/testsuite/ouroboros/string_test/RT0147-rt-String-PoolEnlargeTest/StringPoolEnlargeTest.java
TEST RESULT: Passed. Execution successful
--------------------------------------------------
TEST: test/testsuite/ouroboros/thread_test/RT0035-rt-thread-ThreadholdsLock1/ThreadHoldsLock1.java
TEST RESULT: Passed. Execution successful
--------------------------------------------------
TEST: test/testsuite/ouroboros/thread_test/RT0052-rt-thread-ThreadsetPriority3/ThreadsSetPriority3.java
TEST RESULT: Passed. Execution successful
--------------------------------------------------
TEST: test/testsuite/ouroboros/thread_test/RT0054-rt-thread-ThreadsetPriority5/ThreadSetPriority5.java
TEST RESULT: Passed. Execution successful
--------------------------------------------------
TEST: test/testsuite/ouroboros/thread_test/RT0050-rt-thread-ThreadsetPriority1/ThreadSetPriority1.java
TEST RESULT: Passed. Execution successful
--------------------------------------------------
TEST: test/testsuite/ouroboros/thread_test/RT0049-rt-thread-ThreadsetName2/ThreadSetName2.java
TEST RESULT: Passed. Execution successful
--------------------------------------------------
TEST: test/testsuite/ouroboros/thread_test/RT0046-rt-thread-ThreadsetDaemon3/ThreadSetDaemon3.java
TEST RESULT: Passed. Execution successful
--------------------------------------------------
TEST: test/testsuite/ouroboros/thread_test/RT0047-rt-thread-ThreadsetDefaultUncaughtExceptionHandler/ThreadSetDefaultUncaughtExceptionHandler.java
TEST JDK: /home/yansendao/JDK/binary/openjdk/jdk25u

ACTION: build -- Passed. Build successful
REASON: Named class compiled on demand
TIME:   1.863 seconds
messages:
command: build ThreadSetDefaultUncaughtExceptionHandler
reason: Named class compiled on demand
started: Mon Oct 27 15:01:34.143 UTC 2025
Test directory:
  compile: ThreadSetDefaultUncaughtExceptionHandler
finished: Mon Oct 27 15:01:36.006 UTC 2025
elapsed time (seconds): 1.863

ACTION: compile -- Passed. Compilation successful
REASON: .class file out of date or does not exist
TIME:   1.862 seconds
messages:
command: compile /home/yansendao/git/ArkTests/test/testsuite/ouroboros/thread_test/RT0047-rt-thread-ThreadsetDefaultUncaughtExceptionHandler/ThreadSetDefaultUncaughtExceptionHandler.java
reason: .class file out of date or does not exist
started: Mon Oct 27 15:01:34.144 UTC 2025
Mode: othervm
Process id: 479077
finished: Mon Oct 27 15:01:36.006 UTC 2025
elapsed time (seconds): 1.862
configuration:
javac compilation environment
  source path: /home/yansendao/git/ArkTests/test/testsuite/ouroboros/thread_test/RT0047-rt-thread-ThreadsetDefaultUncaughtExceptionHandler
  class path:  /home/yansendao/git/ArkTests/test/testsuite/ouroboros/thread_test/RT0047-rt-thread-ThreadsetDefaultUncaughtExceptionHandler
               /home/yansendao/git/ArkTests/build/jt-work-singletest/classes/49/test/testsuite/ouroboros/thread_test/RT0047-rt-thread-ThreadsetDefaultUncaughtExceptionHandler

rerun:
cd /home/yansendao/git/ArkTests/build/jt-work-singletest/scratch/58 && \
DBUS_SESSION_BUS_ADDRESS=unix:path=/run/user/998/bus \
DISPLAY=localhost:10.0 \
HOME=/home/yansendao \
JTREG_HOME=/home/yansendao/JDK/tools/jtreg/jtreg-8.1 \
LANG=en_US.UTF-8 \
PATH=/bin:/usr/bin:/usr/sbin \
XDG_DATA_DIRS=/usr/local/share:/usr/share:/var/lib/snapd/desktop \
XDG_RUNTIME_DIR=/run/user/998 \
XDG_SESSION_CLASS=user \
XDG_SESSION_ID=3019 \
XDG_SESSION_TYPE=tty \
    /home/yansendao/JDK/binary/openjdk/jdk25u/bin/javac \
        -J-Dtest.vm.opts= \
        -J-Dtest.tool.vm.opts= \
        -J-Dtest.compiler.opts= \
        -J-Dtest.java.opts= \
        -J-Dtest.jdk=/home/yansendao/JDK/binary/openjdk/jdk25u \
        -J-Dcompile.jdk=/home/yansendao/JDK/binary/openjdk/jdk25u \
        -J-Dtest.timeout.factor=1.0 \
        -J-Dtest.root=/home/yansendao/git/ArkTests \
        -J-Dtest.name=test/testsuite/ouroboros/thread_test/RT0047-rt-thread-ThreadsetDefaultUncaughtExceptionHandler/ThreadSetDefaultUncaughtExceptionHandler.java \
        -J-Dtest.verbose=Verbose[p=BRIEF,f=FULL,e=FULL,t=false,m=false] \
        -J-Dtest.file=/home/yansendao/git/ArkTests/test/testsuite/ouroboros/thread_test/RT0047-rt-thread-ThreadsetDefaultUncaughtExceptionHandler/ThreadSetDefaultUncaughtExceptionHandler.java \
        -J-Dtest.main.class=ThreadSetDefaultUncaughtExceptionHandler \
        -J-Dtest.src=/home/yansendao/git/ArkTests/test/testsuite/ouroboros/thread_test/RT0047-rt-thread-ThreadsetDefaultUncaughtExceptionHandler \
        -J-Dtest.src.path=/home/yansendao/git/ArkTests/test/testsuite/ouroboros/thread_test/RT0047-rt-thread-ThreadsetDefaultUncaughtExceptionHandler \
        -J-Dtest.classes=/home/yansendao/git/ArkTests/build/jt-work-singletest/classes/49/test/testsuite/ouroboros/thread_test/RT0047-rt-thread-ThreadsetDefaultUncaughtExceptionHandler \
        -J-Dtest.class.path=/home/yansendao/git/ArkTests/build/jt-work-singletest/classes/49/test/testsuite/ouroboros/thread_test/RT0047-rt-thread-ThreadsetDefaultUncaughtExceptionHandler \
        -d /home/yansendao/git/ArkTests/build/jt-work-singletest/classes/49/test/testsuite/ouroboros/thread_test/RT0047-rt-thread-ThreadsetDefaultUncaughtExceptionHandler \
        -sourcepath /home/yansendao/git/ArkTests/test/testsuite/ouroboros/thread_test/RT0047-rt-thread-ThreadsetDefaultUncaughtExceptionHandler \
        -classpath /home/yansendao/git/ArkTests/test/testsuite/ouroboros/thread_test/RT0047-rt-thread-ThreadsetDefaultUncaughtExceptionHandler:/home/yansendao/git/ArkTests/build/jt-work-singletest/classes/49/test/testsuite/ouroboros/thread_test/RT0047-rt-thread-ThreadsetDefaultUncaughtExceptionHandler /home/yansendao/git/ArkTests/test/testsuite/ouroboros/thread_test/RT0047-rt-thread-ThreadsetDefaultUncaughtExceptionHandler/ThreadSetDefaultUncaughtExceptionHandler.java
STDOUT:
STDERR:

ACTION: main -- Failed. Execution failed: STATUS:Failed.`main' threw exception: java.lang.ArithmeticException: / by zero
REASON: Assumed action based on file name: run main ThreadSetDefaultUncaughtExceptionHandler 
TIME:   0.306 seconds
messages:
command: main ThreadSetDefaultUncaughtExceptionHandler
reason: Assumed action based on file name: run main ThreadSetDefaultUncaughtExceptionHandler 
started: Mon Oct 27 15:01:36.006 UTC 2025
Mode: othervm
Process id: 484943
finished: Mon Oct 27 15:01:36.312 UTC 2025
elapsed time (seconds): 0.306
configuration:
STDOUT:
STDERR:
java.lang.ArithmeticException: / by zero
	at ThreadSetDefaultUncaughtExceptionHandler.run(ThreadSetDefaultUncaughtExceptionHandler.java:37)
java.lang.ArithmeticException: / by zero
	at ThreadSetDefaultUncaughtExceptionHandler.run(ThreadSetDefaultUncaughtExceptionHandler.java:37)
STATUS:Failed.STATUS:Failed.`main' threw exception: java.lang.ArithmeticException: / by zero
`main' threw exception: java.lang.ArithmeticException: / by zero
rerun:
cd /home/yansendao/git/ArkTests/build/jt-work-singletest/scratch/58 && \
DBUS_SESSION_BUS_ADDRESS=unix:path=/run/user/998/bus \
DISPLAY=localhost:10.0 \
HOME=/home/yansendao \
JTREG_HOME=/home/yansendao/JDK/tools/jtreg/jtreg-8.1 \
LANG=en_US.UTF-8 \
PATH=/bin:/usr/bin:/usr/sbin \
XDG_DATA_DIRS=/usr/local/share:/usr/share:/var/lib/snapd/desktop \
XDG_RUNTIME_DIR=/run/user/998 \
XDG_SESSION_CLASS=user \
XDG_SESSION_ID=3019 \
XDG_SESSION_TYPE=tty \
CLASSPATH=/home/yansendao/git/ArkTests/build/jt-work-singletest/classes/49/test/testsuite/ouroboros/thread_test/RT0047-rt-thread-ThreadsetDefaultUncaughtExceptionHandler:/home/yansendao/git/ArkTests/test/testsuite/ouroboros/thread_test/RT0047-rt-thread-ThreadsetDefaultUncaughtExceptionHandler:/home/yansendao/JDK/tools/jtreg/jtreg-8.1/lib/javatest.jar:/home/yansendao/JDK/tools/jtreg/jtreg-8.1/lib/jtreg.jar \
    /home/yansendao/JDK/binary/openjdk/jdk25u/bin/java \
        -Dtest.vm.opts= \
        -Dtest.tool.vm.opts= \
        -Dtest.compiler.opts= \
        -Dtest.java.opts= \
        -Dtest.jdk=/home/yansendao/JDK/binary/openjdk/jdk25u \
        -Dcompile.jdk=/home/yansendao/JDK/binary/openjdk/jdk25u \
        -Dtest.timeout.factor=1.0 \
        -Dtest.root=/home/yansendao/git/ArkTests \
        -Dtest.name=test/testsuite/ouroboros/thread_test/RT0047-rt-thread-ThreadsetDefaultUncaughtExceptionHandler/ThreadSetDefaultUncaughtExceptionHandler.java \
        -Dtest.verbose=Verbose[p=BRIEF,f=FULL,e=FULL,t=false,m=false] \
        -Dtest.file=/home/yansendao/git/ArkTests/test/testsuite/ouroboros/thread_test/RT0047-rt-thread-ThreadsetDefaultUncaughtExceptionHandler/ThreadSetDefaultUncaughtExceptionHandler.java \
        -Dtest.main.class=ThreadSetDefaultUncaughtExceptionHandler \
        -Dtest.src=/home/yansendao/git/ArkTests/test/testsuite/ouroboros/thread_test/RT0047-rt-thread-ThreadsetDefaultUncaughtExceptionHandler \
        -Dtest.src.path=/home/yansendao/git/ArkTests/test/testsuite/ouroboros/thread_test/RT0047-rt-thread-ThreadsetDefaultUncaughtExceptionHandler \
        -Dtest.classes=/home/yansendao/git/ArkTests/build/jt-work-singletest/classes/49/test/testsuite/ouroboros/thread_test/RT0047-rt-thread-ThreadsetDefaultUncaughtExceptionHandler \
        -Dtest.class.path=/home/yansendao/git/ArkTests/build/jt-work-singletest/classes/49/test/testsuite/ouroboros/thread_test/RT0047-rt-thread-ThreadsetDefaultUncaughtExceptionHandler \
        com.sun.javatest.regtest.agent.MainWrapper /home/yansendao/git/ArkTests/build/jt-work-singletest/test/testsuite/ouroboros/thread_test/RT0047-rt-thread-ThreadsetDefaultUncaughtExceptionHandler/ThreadSetDefaultUncaughtExceptionHandler.d/main.0.jta

TEST RESULT: Failed. Execution failed: STATUS:Failed.`main' threw exception: java.lang.ArithmeticException: / by zero
--------------------------------------------------
TEST: test/testsuite/ouroboros/thread_test/RT0044-rt-thread-ThreadsetDaemon1/ThreadSetDaemon1.java
TEST RESULT: Passed. Execution successful
--------------------------------------------------
TEST: test/testsuite/ouroboros/thread_test/RT0022-rt-thread-Threadenumerate/ThreadEnumerate.java
TEST RESULT: Passed. Execution successful
--------------------------------------------------
TEST: test/testsuite/ouroboros/thread_test/RT0048-rt-thread-ThreadsetName1/ThreadSetName1.java
TEST RESULT: Passed. Execution successful
--------------------------------------------------
TEST: test/testsuite/ouroboros/thread_test/RT0057-rt-thread-ThreadsetUncaughtExceptionHandler/ThreadSetUncaughtExceptionHandler.java
TEST RESULT: Passed. Execution successful
--------------------------------------------------
TEST: test/testsuite/ouroboros/thread_test/RT0056-rt-thread-ThreadsetPriority7/ThreadSetPriority7.java
TEST RESULT: Passed. Execution successful
--------------------------------------------------
TEST: test/testsuite/ouroboros/thread_test/RT0055-rt-thread-ThreadsetPriority6/ThreadSetPriority6.java
TEST RESULT: Passed. Execution successful
--------------------------------------------------
TEST: test/testsuite/ouroboros/thread_test/RT0059-rt-thread-ThreadStateinterrupt2/ThreadStateInterrupt2.java
TEST RESULT: Passed. Execution successful
--------------------------------------------------
TEST: test/testsuite/ouroboros/thread_test/RT0060-rt-thread-ThreadStatejoin1/ThreadStateJoin1.java
TEST RESULT: Passed. Execution successful
--------------------------------------------------
TEST: test/testsuite/ouroboros/thread_test/RT0058-rt-thread-ThreadStateinterrupt1/ThreadStateInterrupt1.java
TEST RESULT: Passed. Execution successful
--------------------------------------------------
TEST: test/testsuite/ouroboros/thread_test/RT0065-rt-thread-ThreadStatejoin15/ThreadStateJoin15.java
TEST RESULT: Passed. Execution successful
--------------------------------------------------
TEST: test/testsuite/ouroboros/thread_test/RT0064-rt-thread-ThreadStatejoin14/ThreadStateJoin14.java
TEST RESULT: Passed. Execution successful
--------------------------------------------------
TEST: test/testsuite/ouroboros/thread_test/RT0087-rt-thread-ThreadStatewait2/ThreadStateWait2.java
TEST RESULT: Passed. Execution successful
--------------------------------------------------
TEST: test/testsuite/ouroboros/thread_test/RT0095-rt-thread-ThreadtoString/ThreadToString.java
TEST RESULT: Passed. Execution successful
--------------------------------------------------
TEST: test/testsuite/ouroboros/thread_test/RT0094-rt-thread-ThreadStateyield/ThreadStateyield.java
TEST JDK: /home/yansendao/JDK/binary/openjdk/jdk25u

ACTION: build -- Failed. Compilation failed: Compilation failed
REASON: Named class compiled on demand
TIME:   1.796 seconds
messages:
command: build ThreadStateyield
reason: Named class compiled on demand
started: Mon Oct 27 15:01:35.388 UTC 2025
Test directory:
  compile: ThreadStateyield
finished: Mon Oct 27 15:01:37.184 UTC 2025
elapsed time (seconds): 1.796

ACTION: compile -- Failed. Compilation failed: Compilation failed
REASON: .class file out of date or does not exist
TIME:   1.796 seconds
messages:
command: compile /home/yansendao/git/ArkTests/test/testsuite/ouroboros/thread_test/RT0094-rt-thread-ThreadStateyield/ThreadStateyield.java
reason: .class file out of date or does not exist
started: Mon Oct 27 15:01:35.388 UTC 2025
Mode: othervm
Process id: 482801
finished: Mon Oct 27 15:01:37.184 UTC 2025
elapsed time (seconds): 1.796
configuration:
javac compilation environment
  source path: /home/yansendao/git/ArkTests/test/testsuite/ouroboros/thread_test/RT0094-rt-thread-ThreadStateyield
  class path:  /home/yansendao/git/ArkTests/test/testsuite/ouroboros/thread_test/RT0094-rt-thread-ThreadStateyield
               /home/yansendao/git/ArkTests/build/jt-work-singletest/classes/4/test/testsuite/ouroboros/thread_test/RT0094-rt-thread-ThreadStateyield

rerun:
cd /home/yansendao/git/ArkTests/build/jt-work-singletest/scratch/99 && \
DBUS_SESSION_BUS_ADDRESS=unix:path=/run/user/998/bus \
DISPLAY=localhost:10.0 \
HOME=/home/yansendao \
JTREG_HOME=/home/yansendao/JDK/tools/jtreg/jtreg-8.1 \
LANG=en_US.UTF-8 \
PATH=/bin:/usr/bin:/usr/sbin \
XDG_DATA_DIRS=/usr/local/share:/usr/share:/var/lib/snapd/desktop \
XDG_RUNTIME_DIR=/run/user/998 \
XDG_SESSION_CLASS=user \
XDG_SESSION_ID=3019 \
XDG_SESSION_TYPE=tty \
    /home/yansendao/JDK/binary/openjdk/jdk25u/bin/javac \
        -J-Dtest.vm.opts= \
        -J-Dtest.tool.vm.opts= \
        -J-Dtest.compiler.opts= \
        -J-Dtest.java.opts= \
        -J-Dtest.jdk=/home/yansendao/JDK/binary/openjdk/jdk25u \
        -J-Dcompile.jdk=/home/yansendao/JDK/binary/openjdk/jdk25u \
        -J-Dtest.timeout.factor=1.0 \
        -J-Dtest.root=/home/yansendao/git/ArkTests \
        -J-Dtest.name=test/testsuite/ouroboros/thread_test/RT0094-rt-thread-ThreadStateyield/ThreadStateyield.java \
        -J-Dtest.verbose=Verbose[p=BRIEF,f=FULL,e=FULL,t=false,m=false] \
        -J-Dtest.file=/home/yansendao/git/ArkTests/test/testsuite/ouroboros/thread_test/RT0094-rt-thread-ThreadStateyield/ThreadStateyield.java \
        -J-Dtest.main.class=ThreadStateyield \
        -J-Dtest.src=/home/yansendao/git/ArkTests/test/testsuite/ouroboros/thread_test/RT0094-rt-thread-ThreadStateyield \
        -J-Dtest.src.path=/home/yansendao/git/ArkTests/test/testsuite/ouroboros/thread_test/RT0094-rt-thread-ThreadStateyield \
        -J-Dtest.classes=/home/yansendao/git/ArkTests/build/jt-work-singletest/classes/4/test/testsuite/ouroboros/thread_test/RT0094-rt-thread-ThreadStateyield \
        -J-Dtest.class.path=/home/yansendao/git/ArkTests/build/jt-work-singletest/classes/4/test/testsuite/ouroboros/thread_test/RT0094-rt-thread-ThreadStateyield \
        -d /home/yansendao/git/ArkTests/build/jt-work-singletest/classes/4/test/testsuite/ouroboros/thread_test/RT0094-rt-thread-ThreadStateyield \
        -sourcepath /home/yansendao/git/ArkTests/test/testsuite/ouroboros/thread_test/RT0094-rt-thread-ThreadStateyield \
        -classpath /home/yansendao/git/ArkTests/test/testsuite/ouroboros/thread_test/RT0094-rt-thread-ThreadStateyield:/home/yansendao/git/ArkTests/build/jt-work-singletest/classes/4/test/testsuite/ouroboros/thread_test/RT0094-rt-thread-ThreadStateyield /home/yansendao/git/ArkTests/test/testsuite/ouroboros/thread_test/RT0094-rt-thread-ThreadStateyield/ThreadStateyield.java
STDOUT:
STDERR:
/home/yansendao/git/ArkTests/test/testsuite/ouroboros/thread_test/RT0094-rt-thread-ThreadStateyield/ThreadStateyield.java:68: error: invalid use of a restricted identifier 'yield'
                yield();
                ^
  (to invoke a method called yield, qualify the yield with a receiver or type name)
1 error

TEST RESULT: Failed. Compilation failed: Compilation failed
--------------------------------------------------
TEST: test/testsuite/ouroboros/thread_test/RT0109-rt-thread-Basic/Basic.java
TEST JDK: /home/yansendao/JDK/binary/openjdk/jdk25u

ACTION: build -- Failed. Compilation failed: Compilation failed
REASON: Named class compiled on demand
TIME:   1.404 seconds
messages:
command: build Basic
reason: Named class compiled on demand
started: Mon Oct 27 15:01:35.798 UTC 2025
Test directory:
  compile: Basic
finished: Mon Oct 27 15:01:37.202 UTC 2025
elapsed time (seconds): 1.404

ACTION: compile -- Failed. Compilation failed: Compilation failed
REASON: .class file out of date or does not exist
TIME:   1.404 seconds
messages:
command: compile /home/yansendao/git/ArkTests/test/testsuite/ouroboros/thread_test/RT0109-rt-thread-Basic/Basic.java
reason: .class file out of date or does not exist
started: Mon Oct 27 15:01:35.798 UTC 2025
Mode: othervm
Process id: 484000
finished: Mon Oct 27 15:01:37.202 UTC 2025
elapsed time (seconds): 1.404
configuration:
javac compilation environment
  source path: /home/yansendao/git/ArkTests/test/testsuite/ouroboros/thread_test/RT0109-rt-thread-Basic
  class path:  /home/yansendao/git/ArkTests/test/testsuite/ouroboros/thread_test/RT0109-rt-thread-Basic
               /home/yansendao/git/ArkTests/build/jt-work-singletest/classes/7/test/testsuite/ouroboros/thread_test/RT0109-rt-thread-Basic

rerun:
cd /home/yansendao/git/ArkTests/build/jt-work-singletest/scratch/25 && \
DBUS_SESSION_BUS_ADDRESS=unix:path=/run/user/998/bus \
DISPLAY=localhost:10.0 \
HOME=/home/yansendao \
JTREG_HOME=/home/yansendao/JDK/tools/jtreg/jtreg-8.1 \
LANG=en_US.UTF-8 \
PATH=/bin:/usr/bin:/usr/sbin \
XDG_DATA_DIRS=/usr/local/share:/usr/share:/var/lib/snapd/desktop \
XDG_RUNTIME_DIR=/run/user/998 \
XDG_SESSION_CLASS=user \
XDG_SESSION_ID=3019 \
XDG_SESSION_TYPE=tty \
    /home/yansendao/JDK/binary/openjdk/jdk25u/bin/javac \
        -J-Dtest.vm.opts= \
        -J-Dtest.tool.vm.opts= \
        -J-Dtest.compiler.opts= \
        -J-Dtest.java.opts= \
        -J-Dtest.jdk=/home/yansendao/JDK/binary/openjdk/jdk25u \
        -J-Dcompile.jdk=/home/yansendao/JDK/binary/openjdk/jdk25u \
        -J-Dtest.timeout.factor=1.0 \
        -J-Dtest.root=/home/yansendao/git/ArkTests \
        -J-Dtest.name=test/testsuite/ouroboros/thread_test/RT0109-rt-thread-Basic/Basic.java \
        -J-Dtest.verbose=Verbose[p=BRIEF,f=FULL,e=FULL,t=false,m=false] \
        -J-Dtest.file=/home/yansendao/git/ArkTests/test/testsuite/ouroboros/thread_test/RT0109-rt-thread-Basic/Basic.java \
        -J-Dtest.main.class=Basic \
        -J-Dtest.src=/home/yansendao/git/ArkTests/test/testsuite/ouroboros/thread_test/RT0109-rt-thread-Basic \
        -J-Dtest.src.path=/home/yansendao/git/ArkTests/test/testsuite/ouroboros/thread_test/RT0109-rt-thread-Basic \
        -J-Dtest.classes=/home/yansendao/git/ArkTests/build/jt-work-singletest/classes/7/test/testsuite/ouroboros/thread_test/RT0109-rt-thread-Basic \
        -J-Dtest.class.path=/home/yansendao/git/ArkTests/build/jt-work-singletest/classes/7/test/testsuite/ouroboros/thread_test/RT0109-rt-thread-Basic \
        -d /home/yansendao/git/ArkTests/build/jt-work-singletest/classes/7/test/testsuite/ouroboros/thread_test/RT0109-rt-thread-Basic \
        -sourcepath /home/yansendao/git/ArkTests/test/testsuite/ouroboros/thread_test/RT0109-rt-thread-Basic \
        -classpath /home/yansendao/git/ArkTests/test/testsuite/ouroboros/thread_test/RT0109-rt-thread-Basic:/home/yansendao/git/ArkTests/build/jt-work-singletest/classes/7/test/testsuite/ouroboros/thread_test/RT0109-rt-thread-Basic /home/yansendao/git/ArkTests/test/testsuite/ouroboros/thread_test/RT0109-rt-thread-Basic/Basic.java
STDOUT:
STDERR:
/home/yansendao/git/ArkTests/test/testsuite/ouroboros/thread_test/RT0109-rt-thread-Basic/Basic.java:53: error: invalid use of a restricted identifier 'yield'
                        yield();
                        ^
  (to invoke a method called yield, qualify the yield with a receiver or type name)
1 error

TEST RESULT: Failed. Compilation failed: Compilation failed
--------------------------------------------------
TEST: test/testsuite/ouroboros/thread_test/RT0075-rt-thread-ThreadStatenotify2/ThreadStateNotify2.java
TEST RESULT: Passed. Execution successful
--------------------------------------------------
TEST: test/testsuite/ouroboros/thread_test/RT0128-rt-thread-ThreadTest16/ThreadTest.java
TEST JDK: /home/yansendao/JDK/binary/openjdk/jdk25u

ACTION: build -- Failed. Compilation failed: Compilation failed
REASON: Named class compiled on demand
TIME:   1.057 seconds
messages:
command: build ThreadTest
reason: Named class compiled on demand
started: Mon Oct 27 15:01:36.178 UTC 2025
Test directory:
  compile: ThreadTest
finished: Mon Oct 27 15:01:37.235 UTC 2025
elapsed time (seconds): 1.057

ACTION: compile -- Failed. Compilation failed: Compilation failed
REASON: .class file out of date or does not exist
TIME:   1.057 seconds
messages:
command: compile /home/yansendao/git/ArkTests/test/testsuite/ouroboros/thread_test/RT0128-rt-thread-ThreadTest16/ThreadTest.java
reason: .class file out of date or does not exist
started: Mon Oct 27 15:01:36.178 UTC 2025
Mode: othervm
Process id: 485462
finished: Mon Oct 27 15:01:37.235 UTC 2025
elapsed time (seconds): 1.057
configuration:
javac compilation environment
  source path: /home/yansendao/git/ArkTests/test/testsuite/ouroboros/thread_test/RT0128-rt-thread-ThreadTest16
  class path:  /home/yansendao/git/ArkTests/test/testsuite/ouroboros/thread_test/RT0128-rt-thread-ThreadTest16
               /home/yansendao/git/ArkTests/build/jt-work-singletest/classes/58/test/testsuite/ouroboros/thread_test/RT0128-rt-thread-ThreadTest16

rerun:
cd /home/yansendao/git/ArkTests/build/jt-work-singletest/scratch/97 && \
DBUS_SESSION_BUS_ADDRESS=unix:path=/run/user/998/bus \
DISPLAY=localhost:10.0 \
HOME=/home/yansendao \
JTREG_HOME=/home/yansendao/JDK/tools/jtreg/jtreg-8.1 \
LANG=en_US.UTF-8 \
PATH=/bin:/usr/bin:/usr/sbin \
XDG_DATA_DIRS=/usr/local/share:/usr/share:/var/lib/snapd/desktop \
XDG_RUNTIME_DIR=/run/user/998 \
XDG_SESSION_CLASS=user \
XDG_SESSION_ID=3019 \
XDG_SESSION_TYPE=tty \
    /home/yansendao/JDK/binary/openjdk/jdk25u/bin/javac \
        -J-Dtest.vm.opts= \
        -J-Dtest.tool.vm.opts= \
        -J-Dtest.compiler.opts= \
        -J-Dtest.java.opts= \
        -J-Dtest.jdk=/home/yansendao/JDK/binary/openjdk/jdk25u \
        -J-Dcompile.jdk=/home/yansendao/JDK/binary/openjdk/jdk25u \
        -J-Dtest.timeout.factor=1.0 \
        -J-Dtest.root=/home/yansendao/git/ArkTests \
        -J-Dtest.name=test/testsuite/ouroboros/thread_test/RT0128-rt-thread-ThreadTest16/ThreadTest.java \
        -J-Dtest.verbose=Verbose[p=BRIEF,f=FULL,e=FULL,t=false,m=false] \
        -J-Dtest.file=/home/yansendao/git/ArkTests/test/testsuite/ouroboros/thread_test/RT0128-rt-thread-ThreadTest16/ThreadTest.java \
        -J-Dtest.main.class=ThreadTest \
        -J-Dtest.src=/home/yansendao/git/ArkTests/test/testsuite/ouroboros/thread_test/RT0128-rt-thread-ThreadTest16 \
        -J-Dtest.src.path=/home/yansendao/git/ArkTests/test/testsuite/ouroboros/thread_test/RT0128-rt-thread-ThreadTest16 \
        -J-Dtest.classes=/home/yansendao/git/ArkTests/build/jt-work-singletest/classes/58/test/testsuite/ouroboros/thread_test/RT0128-rt-thread-ThreadTest16 \
        -J-Dtest.class.path=/home/yansendao/git/ArkTests/build/jt-work-singletest/classes/58/test/testsuite/ouroboros/thread_test/RT0128-rt-thread-ThreadTest16 \
        -d /home/yansendao/git/ArkTests/build/jt-work-singletest/classes/58/test/testsuite/ouroboros/thread_test/RT0128-rt-thread-ThreadTest16 \
        -sourcepath /home/yansendao/git/ArkTests/test/testsuite/ouroboros/thread_test/RT0128-rt-thread-ThreadTest16 \
        -classpath /home/yansendao/git/ArkTests/test/testsuite/ouroboros/thread_test/RT0128-rt-thread-ThreadTest16:/home/yansendao/git/ArkTests/build/jt-work-singletest/classes/58/test/testsuite/ouroboros/thread_test/RT0128-rt-thread-ThreadTest16 /home/yansendao/git/ArkTests/test/testsuite/ouroboros/thread_test/RT0128-rt-thread-ThreadTest16/ThreadTest.java
STDOUT:
STDERR:
/home/yansendao/git/ArkTests/test/testsuite/ouroboros/thread_test/RT0128-rt-thread-ThreadTest16/ThreadTest.java:37: error: invalid use of a restricted identifier 'yield'
            yield();
            ^
  (to invoke a method called yield, qualify the yield with a receiver or type name)
1 error

TEST RESULT: Failed. Compilation failed: Compilation failed
--------------------------------------------------
TEST: test/testsuite/ouroboros/thread_test/RT0082-rt-thread-ThreadStatesleep5/ThreadStateSleep5.java
TEST RESULT: Passed. Execution successful
--------------------------------------------------
TEST: test/testsuite/ouroboros/thread_test/RT0085-rt-thread-ThreadStatestart2/ThreadStateStart2.java
TEST RESULT: Passed. Execution successful
--------------------------------------------------
TEST: test/testsuite/ouroboros/thread_test/RT0083-rt-thread-ThreadStatesleep6/ThreadStateSleep6.java
TEST RESULT: Passed. Execution successful
--------------------------------------------------
TEST: test/testsuite/ouroboros/thread_test/RT0093-rt-thread-ThreadStatewait8/ThreadStateWait8.java
TEST RESULT: Passed. Execution successful
--------------------------------------------------
TEST: test/testsuite/ouroboros/thread_test/RT0091-rt-thread-ThreadStatewait6/ThreadStateWait6.java
TEST RESULT: Passed. Execution successful
--------------------------------------------------
TEST: test/testsuite/ouroboros/thread_test/RT0080-rt-thread-ThreadStatesleep3/ThreadStateSleep3.java
TEST RESULT: Passed. Execution successful
--------------------------------------------------
TEST: test/testsuite/ouroboros/thread_test/RT0086-rt-thread-ThreadStatewait1/ThreadStateWait1.java
TEST RESULT: Passed. Execution successful
--------------------------------------------------
TEST: test/testsuite/ouroboros/thread_test/RT0089-rt-thread-ThreadStatewait4/ThreadStateWait4.java
TEST RESULT: Passed. Execution successful
--------------------------------------------------
TEST: test/testsuite/ouroboros/thread_test/RT0077-rt-thread-ThreadStatenotifyAll2/ThreadStateNotifyAll2.java
TEST RESULT: Passed. Execution successful
--------------------------------------------------
TEST: test/testsuite/ouroboros/thread_test/RT0090-rt-thread-ThreadStatewait5/ThreadStateWait5.java
TEST RESULT: Passed. Execution successful
--------------------------------------------------
TEST: test/testsuite/ouroboros/thread_test/RT0098-rt-thread-ThreadTest11/ThreadTest.java
TEST RESULT: Passed. Execution successful
--------------------------------------------------
TEST: test/testsuite/ouroboros/thread_test/RT0113-rt-thread-ImmutableLocal/ImmutableLocal.java
TEST RESULT: Passed. Execution successful
--------------------------------------------------
TEST: test/testsuite/ouroboros/thread_test/RT0084-rt-thread-ThreadStatestart1/ThreadStateStart1.java
TEST RESULT: Passed. Execution successful
--------------------------------------------------
TEST: test/testsuite/ouroboros/thread_test/RT0068-rt-thread-ThreadStatejoin4/ThreadStateJoin4.java
TEST RESULT: Passed. Execution successful
--------------------------------------------------
TEST: test/testsuite/ouroboros/thread_test/RT0069-rt-thread-ThreadStatejoin5/ThreadStateJoin5.java
TEST RESULT: Passed. Execution successful
--------------------------------------------------
TEST: test/testsuite/ouroboros/thread_test/RT0070-rt-thread-ThreadStatejoin6/ThreadStateJoin6.java
TEST RESULT: Passed. Execution successful
--------------------------------------------------
TEST: test/testsuite/ouroboros/thread_test/RT0115-rt-thread-ThreadTest13/ThreadTest_13.java
TEST RESULT: Passed. Execution successful
--------------------------------------------------
TEST: test/testsuite/ouroboros/thread_test/RT0067-rt-thread-ThreadStatejoin3/ThreadStateJoin3.java
TEST RESULT: Passed. Execution successful
--------------------------------------------------
TEST: test/testsuite/ouroboros/thread_test/RT0088-rt-thread-ThreadStatewait3/ThreadStateWait3.java
TEST RESULT: Passed. Execution successful
--------------------------------------------------
TEST: test/testsuite/ouroboros/thread_test/RT0079-rt-thread-ThreadStatesleep2/ThreadStateSleep2.java
TEST RESULT: Passed. Execution successful
--------------------------------------------------
TEST: test/testsuite/ouroboros/thread_test/RT0066-rt-thread-ThreadStatejoin2/ThreadStateJoin2.java
TEST RESULT: Passed. Execution successful
--------------------------------------------------
TEST: test/testsuite/ouroboros/thread_test/RT0097-rt-thread-ThreadTest31/ThreadTest.java
TEST RESULT: Passed. Execution successful
--------------------------------------------------
TEST: test/testsuite/ouroboros/thread_test/RT0114-rt-thread-ThreadTest24/ThreadTest_24.java
TEST JDK: /home/yansendao/JDK/binary/openjdk/jdk25u

ACTION: build -- Passed. Build successful
REASON: Named class compiled on demand
TIME:   1.647 seconds
messages:
command: build ThreadTest_24
reason: Named class compiled on demand
started: Mon Oct 27 15:01:35.827 UTC 2025
Test directory:
  compile: ThreadTest_24
finished: Mon Oct 27 15:01:37.474 UTC 2025
elapsed time (seconds): 1.647

ACTION: compile -- Passed. Compilation successful
REASON: .class file out of date or does not exist
TIME:   1.645 seconds
messages:
command: compile /home/yansendao/git/ArkTests/test/testsuite/ouroboros/thread_test/RT0114-rt-thread-ThreadTest24/ThreadTest_24.java
reason: .class file out of date or does not exist
started: Mon Oct 27 15:01:35.828 UTC 2025
Mode: othervm
Process id: 484339
finished: Mon Oct 27 15:01:37.473 UTC 2025
elapsed time (seconds): 1.645
configuration:
javac compilation environment
  source path: /home/yansendao/git/ArkTests/test/testsuite/ouroboros/thread_test/RT0114-rt-thread-ThreadTest24
  class path:  /home/yansendao/git/ArkTests/test/testsuite/ouroboros/thread_test/RT0114-rt-thread-ThreadTest24
               /home/yansendao/git/ArkTests/build/jt-work-singletest/classes/6/test/testsuite/ouroboros/thread_test/RT0114-rt-thread-ThreadTest24

rerun:
cd /home/yansendao/git/ArkTests/build/jt-work-singletest/scratch/82 && \
DBUS_SESSION_BUS_ADDRESS=unix:path=/run/user/998/bus \
DISPLAY=localhost:10.0 \
HOME=/home/yansendao \
JTREG_HOME=/home/yansendao/JDK/tools/jtreg/jtreg-8.1 \
LANG=en_US.UTF-8 \
PATH=/bin:/usr/bin:/usr/sbin \
XDG_DATA_DIRS=/usr/local/share:/usr/share:/var/lib/snapd/desktop \
XDG_RUNTIME_DIR=/run/user/998 \
XDG_SESSION_CLASS=user \
XDG_SESSION_ID=3019 \
XDG_SESSION_TYPE=tty \
    /home/yansendao/JDK/binary/openjdk/jdk25u/bin/javac \
        -J-Dtest.vm.opts= \
        -J-Dtest.tool.vm.opts= \
        -J-Dtest.compiler.opts= \
        -J-Dtest.java.opts= \
        -J-Dtest.jdk=/home/yansendao/JDK/binary/openjdk/jdk25u \
        -J-Dcompile.jdk=/home/yansendao/JDK/binary/openjdk/jdk25u \
        -J-Dtest.timeout.factor=1.0 \
        -J-Dtest.root=/home/yansendao/git/ArkTests \
        -J-Dtest.name=test/testsuite/ouroboros/thread_test/RT0114-rt-thread-ThreadTest24/ThreadTest_24.java \
        -J-Dtest.verbose=Verbose[p=BRIEF,f=FULL,e=FULL,t=false,m=false] \
        -J-Dtest.file=/home/yansendao/git/ArkTests/test/testsuite/ouroboros/thread_test/RT0114-rt-thread-ThreadTest24/ThreadTest_24.java \
        -J-Dtest.main.class=ThreadTest_24 \
        -J-Dtest.src=/home/yansendao/git/ArkTests/test/testsuite/ouroboros/thread_test/RT0114-rt-thread-ThreadTest24 \
        -J-Dtest.src.path=/home/yansendao/git/ArkTests/test/testsuite/ouroboros/thread_test/RT0114-rt-thread-ThreadTest24 \
        -J-Dtest.classes=/home/yansendao/git/ArkTests/build/jt-work-singletest/classes/6/test/testsuite/ouroboros/thread_test/RT0114-rt-thread-ThreadTest24 \
        -J-Dtest.class.path=/home/yansendao/git/ArkTests/build/jt-work-singletest/classes/6/test/testsuite/ouroboros/thread_test/RT0114-rt-thread-ThreadTest24 \
        -d /home/yansendao/git/ArkTests/build/jt-work-singletest/classes/6/test/testsuite/ouroboros/thread_test/RT0114-rt-thread-ThreadTest24 \
        -sourcepath /home/yansendao/git/ArkTests/test/testsuite/ouroboros/thread_test/RT0114-rt-thread-ThreadTest24 \
        -classpath /home/yansendao/git/ArkTests/test/testsuite/ouroboros/thread_test/RT0114-rt-thread-ThreadTest24:/home/yansendao/git/ArkTests/build/jt-work-singletest/classes/6/test/testsuite/ouroboros/thread_test/RT0114-rt-thread-ThreadTest24 /home/yansendao/git/ArkTests/test/testsuite/ouroboros/thread_test/RT0114-rt-thread-ThreadTest24/ThreadTest_24.java
STDOUT:
STDERR:

ACTION: main -- Error. java.lang.IllegalAccessException: class com.sun.javatest.regtest.agent.MainWrapper$MainTask cannot access a member of class ThreadTest_24 with modifiers "public static"
REASON: Assumed action based on file name: run main ThreadTest_24 
TIME:   0.124 seconds
messages:
command: main ThreadTest_24
reason: Assumed action based on file name: run main ThreadTest_24 
started: Mon Oct 27 15:01:37.474 UTC 2025
Mode: othervm
Process id: 490336
finished: Mon Oct 27 15:01:37.598 UTC 2025
elapsed time (seconds): 0.124
configuration:
STDOUT:
STDERR:
java.lang.IllegalAccessException: class com.sun.javatest.regtest.agent.MainWrapper$MainTask cannot access a member of class ThreadTest_24 with modifiers "public static"
	at java.base/jdk.internal.reflect.Reflection.newIllegalAccessException(Reflection.java:400)
	at java.base/java.lang.reflect.AccessibleObject.checkAccess(AccessibleObject.java:670)
	at java.base/java.lang.reflect.Method.invoke(Method.java:556)
	at com.sun.javatest.regtest.agent.MainWrapper$MainTask.run(MainWrapper.java:138)
	at java.base/java.lang.Thread.run(Thread.java:1474)

JavaTest Message: Verify that the class defining the test is
JavaTest Message: declared public (test invoked via reflection)

STATUS:Error.java.lang.IllegalAccessException: class com.sun.javatest.regtest.agent.MainWrapper$MainTask cannot access a member of class ThreadTest_24 with modifiers "public static"
rerun:
cd /home/yansendao/git/ArkTests/build/jt-work-singletest/scratch/82 && \
DBUS_SESSION_BUS_ADDRESS=unix:path=/run/user/998/bus \
DISPLAY=localhost:10.0 \
HOME=/home/yansendao \
JTREG_HOME=/home/yansendao/JDK/tools/jtreg/jtreg-8.1 \
LANG=en_US.UTF-8 \
PATH=/bin:/usr/bin:/usr/sbin \
XDG_DATA_DIRS=/usr/local/share:/usr/share:/var/lib/snapd/desktop \
XDG_RUNTIME_DIR=/run/user/998 \
XDG_SESSION_CLASS=user \
XDG_SESSION_ID=3019 \
XDG_SESSION_TYPE=tty \
CLASSPATH=/home/yansendao/git/ArkTests/build/jt-work-singletest/classes/6/test/testsuite/ouroboros/thread_test/RT0114-rt-thread-ThreadTest24:/home/yansendao/git/ArkTests/test/testsuite/ouroboros/thread_test/RT0114-rt-thread-ThreadTest24:/home/yansendao/JDK/tools/jtreg/jtreg-8.1/lib/javatest.jar:/home/yansendao/JDK/tools/jtreg/jtreg-8.1/lib/jtreg.jar \
    /home/yansendao/JDK/binary/openjdk/jdk25u/bin/java \
        -Dtest.vm.opts= \
        -Dtest.tool.vm.opts= \
        -Dtest.compiler.opts= \
        -Dtest.java.opts= \
        -Dtest.jdk=/home/yansendao/JDK/binary/openjdk/jdk25u \
        -Dcompile.jdk=/home/yansendao/JDK/binary/openjdk/jdk25u \
        -Dtest.timeout.factor=1.0 \
        -Dtest.root=/home/yansendao/git/ArkTests \
        -Dtest.name=test/testsuite/ouroboros/thread_test/RT0114-rt-thread-ThreadTest24/ThreadTest_24.java \
        -Dtest.verbose=Verbose[p=BRIEF,f=FULL,e=FULL,t=false,m=false] \
        -Dtest.file=/home/yansendao/git/ArkTests/test/testsuite/ouroboros/thread_test/RT0114-rt-thread-ThreadTest24/ThreadTest_24.java \
        -Dtest.main.class=ThreadTest_24 \
        -Dtest.src=/home/yansendao/git/ArkTests/test/testsuite/ouroboros/thread_test/RT0114-rt-thread-ThreadTest24 \
        -Dtest.src.path=/home/yansendao/git/ArkTests/test/testsuite/ouroboros/thread_test/RT0114-rt-thread-ThreadTest24 \
        -Dtest.classes=/home/yansendao/git/ArkTests/build/jt-work-singletest/classes/6/test/testsuite/ouroboros/thread_test/RT0114-rt-thread-ThreadTest24 \
        -Dtest.class.path=/home/yansendao/git/ArkTests/build/jt-work-singletest/classes/6/test/testsuite/ouroboros/thread_test/RT0114-rt-thread-ThreadTest24 \
        com.sun.javatest.regtest.agent.MainWrapper /home/yansendao/git/ArkTests/build/jt-work-singletest/test/testsuite/ouroboros/thread_test/RT0114-rt-thread-ThreadTest24/ThreadTest_24.d/main.0.jta

TEST RESULT: Error. java.lang.IllegalAccessException: class com.sun.javatest.regtest.agent.MainWrapper$MainTask cannot access a member of class ThreadTest_24 with modifiers "public static"
--------------------------------------------------
TEST: test/testsuite/ouroboros/thread_test/RT0120-rt-thread-ThreadTest3/ThreadTest.java
TEST RESULT: Passed. Execution successful
--------------------------------------------------
TEST: test/testsuite/ouroboros/thread_test/RT0071-rt-thread-ThreadStatejoin7/ThreadStateJoin7.java
TEST RESULT: Passed. Execution successful
--------------------------------------------------
TEST: test/testsuite/ouroboros/thread_test/RT0099-rt-thread-ThreadTest21/ThreadTest.java
TEST RESULT: Passed. Execution successful
--------------------------------------------------
TEST: test/testsuite/ouroboros/thread_test/RT0073-rt-thread-ThreadStatejoin9/ThreadStateJoin9.java
TEST RESULT: Passed. Execution successful
--------------------------------------------------
TEST: test/testsuite/ouroboros/thread_test/RT0063-rt-thread-ThreadStatejoin13/ThreadStateJoin13.java
TEST RESULT: Passed. Execution successful
--------------------------------------------------
TEST: test/testsuite/ouroboros/thread_test/RT0103-rt-thread-ThreadTest8/ThreadTest.java
TEST RESULT: Passed. Execution successful
--------------------------------------------------
TEST: test/testsuite/ouroboros/thread_test/RT0126-rt-thread-SetMaxPriority/SetMaxPriority.java
TEST JDK: /home/yansendao/JDK/binary/openjdk/jdk25u

ACTION: build -- Passed. Build successful
REASON: Named class compiled on demand
TIME:   1.495 seconds
messages:
command: build SetMaxPriority
reason: Named class compiled on demand
started: Mon Oct 27 15:01:36.157 UTC 2025
Test directory:
  compile: SetMaxPriority
finished: Mon Oct 27 15:01:37.652 UTC 2025
elapsed time (seconds): 1.495

ACTION: compile -- Passed. Compilation successful
REASON: .class file out of date or does not exist
TIME:   1.495 seconds
messages:
command: compile /home/yansendao/git/ArkTests/test/testsuite/ouroboros/thread_test/RT0126-rt-thread-SetMaxPriority/SetMaxPriority.java
reason: .class file out of date or does not exist
started: Mon Oct 27 15:01:36.157 UTC 2025
Mode: othervm
Process id: 485265
finished: Mon Oct 27 15:01:37.652 UTC 2025
elapsed time (seconds): 1.495
configuration:
javac compilation environment
  source path: /home/yansendao/git/ArkTests/test/testsuite/ouroboros/thread_test/RT0126-rt-thread-SetMaxPriority
  class path:  /home/yansendao/git/ArkTests/test/testsuite/ouroboros/thread_test/RT0126-rt-thread-SetMaxPriority
               /home/yansendao/git/ArkTests/build/jt-work-singletest/classes/77/test/testsuite/ouroboros/thread_test/RT0126-rt-thread-SetMaxPriority

rerun:
cd /home/yansendao/git/ArkTests/build/jt-work-singletest/scratch/27 && \
DBUS_SESSION_BUS_ADDRESS=unix:path=/run/user/998/bus \
DISPLAY=localhost:10.0 \
HOME=/home/yansendao \
JTREG_HOME=/home/yansendao/JDK/tools/jtreg/jtreg-8.1 \
LANG=en_US.UTF-8 \
PATH=/bin:/usr/bin:/usr/sbin \
XDG_DATA_DIRS=/usr/local/share:/usr/share:/var/lib/snapd/desktop \
XDG_RUNTIME_DIR=/run/user/998 \
XDG_SESSION_CLASS=user \
XDG_SESSION_ID=3019 \
XDG_SESSION_TYPE=tty \
    /home/yansendao/JDK/binary/openjdk/jdk25u/bin/javac \
        -J-Dtest.vm.opts= \
        -J-Dtest.tool.vm.opts= \
        -J-Dtest.compiler.opts= \
        -J-Dtest.java.opts= \
        -J-Dtest.jdk=/home/yansendao/JDK/binary/openjdk/jdk25u \
        -J-Dcompile.jdk=/home/yansendao/JDK/binary/openjdk/jdk25u \
        -J-Dtest.timeout.factor=1.0 \
        -J-Dtest.root=/home/yansendao/git/ArkTests \
        -J-Dtest.name=test/testsuite/ouroboros/thread_test/RT0126-rt-thread-SetMaxPriority/SetMaxPriority.java \
        -J-Dtest.verbose=Verbose[p=BRIEF,f=FULL,e=FULL,t=false,m=false] \
        -J-Dtest.file=/home/yansendao/git/ArkTests/test/testsuite/ouroboros/thread_test/RT0126-rt-thread-SetMaxPriority/SetMaxPriority.java \
        -J-Dtest.main.class=SetMaxPriority \
        -J-Dtest.src=/home/yansendao/git/ArkTests/test/testsuite/ouroboros/thread_test/RT0126-rt-thread-SetMaxPriority \
        -J-Dtest.src.path=/home/yansendao/git/ArkTests/test/testsuite/ouroboros/thread_test/RT0126-rt-thread-SetMaxPriority \
        -J-Dtest.classes=/home/yansendao/git/ArkTests/build/jt-work-singletest/classes/77/test/testsuite/ouroboros/thread_test/RT0126-rt-thread-SetMaxPriority \
        -J-Dtest.class.path=/home/yansendao/git/ArkTests/build/jt-work-singletest/classes/77/test/testsuite/ouroboros/thread_test/RT0126-rt-thread-SetMaxPriority \
        -d /home/yansendao/git/ArkTests/build/jt-work-singletest/classes/77/test/testsuite/ouroboros/thread_test/RT0126-rt-thread-SetMaxPriority \
        -sourcepath /home/yansendao/git/ArkTests/test/testsuite/ouroboros/thread_test/RT0126-rt-thread-SetMaxPriority \
        -classpath /home/yansendao/git/ArkTests/test/testsuite/ouroboros/thread_test/RT0126-rt-thread-SetMaxPriority:/home/yansendao/git/ArkTests/build/jt-work-singletest/classes/77/test/testsuite/ouroboros/thread_test/RT0126-rt-thread-SetMaxPriority /home/yansendao/git/ArkTests/test/testsuite/ouroboros/thread_test/RT0126-rt-thread-SetMaxPriority/SetMaxPriority.java
STDOUT:
STDERR:

ACTION: main -- Failed. Execution failed: `main' threw exception: java.lang.RuntimeException: setMaxPriority bad arg not ignored as specified
REASON: Assumed action based on file name: run main SetMaxPriority 
TIME:   0.252 seconds
messages:
command: main SetMaxPriority
reason: Assumed action based on file name: run main SetMaxPriority 
started: Mon Oct 27 15:01:37.653 UTC 2025
Mode: othervm
Process id: 491529
finished: Mon Oct 27 15:01:37.905 UTC 2025
elapsed time (seconds): 0.252
configuration:
STDOUT:
STDERR:
java.lang.RuntimeException: setMaxPriority bad arg not ignored as specified
	at SetMaxPriority.main(SetMaxPriority.java:101)
	at java.base/jdk.internal.reflect.DirectMethodHandleAccessor.invoke(DirectMethodHandleAccessor.java:104)
	at java.base/java.lang.reflect.Method.invoke(Method.java:565)
	at com.sun.javatest.regtest.agent.MainWrapper$MainTask.run(MainWrapper.java:138)
	at java.base/java.lang.Thread.run(Thread.java:1474)

JavaTest Message: Test threw exception: java.lang.RuntimeException: setMaxPriority bad arg not ignored as specified
JavaTest Message: shutting down test

STATUS:Failed.`main' threw exception: java.lang.RuntimeException: setMaxPriority bad arg not ignored as specified
rerun:
cd /home/yansendao/git/ArkTests/build/jt-work-singletest/scratch/27 && \
DBUS_SESSION_BUS_ADDRESS=unix:path=/run/user/998/bus \
DISPLAY=localhost:10.0 \
HOME=/home/yansendao \
JTREG_HOME=/home/yansendao/JDK/tools/jtreg/jtreg-8.1 \
LANG=en_US.UTF-8 \
PATH=/bin:/usr/bin:/usr/sbin \
XDG_DATA_DIRS=/usr/local/share:/usr/share:/var/lib/snapd/desktop \
XDG_RUNTIME_DIR=/run/user/998 \
XDG_SESSION_CLASS=user \
XDG_SESSION_ID=3019 \
XDG_SESSION_TYPE=tty \
CLASSPATH=/home/yansendao/git/ArkTests/build/jt-work-singletest/classes/77/test/testsuite/ouroboros/thread_test/RT0126-rt-thread-SetMaxPriority:/home/yansendao/git/ArkTests/test/testsuite/ouroboros/thread_test/RT0126-rt-thread-SetMaxPriority:/home/yansendao/JDK/tools/jtreg/jtreg-8.1/lib/javatest.jar:/home/yansendao/JDK/tools/jtreg/jtreg-8.1/lib/jtreg.jar \
    /home/yansendao/JDK/binary/openjdk/jdk25u/bin/java \
        -Dtest.vm.opts= \
        -Dtest.tool.vm.opts= \
        -Dtest.compiler.opts= \
        -Dtest.java.opts= \
        -Dtest.jdk=/home/yansendao/JDK/binary/openjdk/jdk25u \
        -Dcompile.jdk=/home/yansendao/JDK/binary/openjdk/jdk25u \
        -Dtest.timeout.factor=1.0 \
        -Dtest.root=/home/yansendao/git/ArkTests \
        -Dtest.name=test/testsuite/ouroboros/thread_test/RT0126-rt-thread-SetMaxPriority/SetMaxPriority.java \
        -Dtest.verbose=Verbose[p=BRIEF,f=FULL,e=FULL,t=false,m=false] \
        -Dtest.file=/home/yansendao/git/ArkTests/test/testsuite/ouroboros/thread_test/RT0126-rt-thread-SetMaxPriority/SetMaxPriority.java \
        -Dtest.main.class=SetMaxPriority \
        -Dtest.src=/home/yansendao/git/ArkTests/test/testsuite/ouroboros/thread_test/RT0126-rt-thread-SetMaxPriority \
        -Dtest.src.path=/home/yansendao/git/ArkTests/test/testsuite/ouroboros/thread_test/RT0126-rt-thread-SetMaxPriority \
        -Dtest.classes=/home/yansendao/git/ArkTests/build/jt-work-singletest/classes/77/test/testsuite/ouroboros/thread_test/RT0126-rt-thread-SetMaxPriority \
        -Dtest.class.path=/home/yansendao/git/ArkTests/build/jt-work-singletest/classes/77/test/testsuite/ouroboros/thread_test/RT0126-rt-thread-SetMaxPriority \
        com.sun.javatest.regtest.agent.MainWrapper /home/yansendao/git/ArkTests/build/jt-work-singletest/test/testsuite/ouroboros/thread_test/RT0126-rt-thread-SetMaxPriority/SetMaxPriority.d/main.0.jta

TEST RESULT: Failed. Execution failed: `main' threw exception: java.lang.RuntimeException: setMaxPriority bad arg not ignored as specified
--------------------------------------------------
TEST: test/testsuite/ouroboros/thread_test/RT0123-rt-thread-ThreadTest7/ThreadTest.java
TEST RESULT: Passed. Execution successful
--------------------------------------------------
TEST: test/testsuite/ouroboros/thread_test/RT0061-rt-thread-ThreadStatejoin11/ThreadStateJoin11.java
TEST RESULT: Passed. Execution successful
--------------------------------------------------
TEST: test/testsuite/ouroboros/thread_test/RT0107-rt-thread-ThreadTest39/ThreadTest.java
TEST RESULT: Passed. Execution successful
--------------------------------------------------
TEST: test/testsuite/ouroboros/thread_test/RT0121-rt-thread-InitialValue/InitialValue.java
TEST RESULT: Passed. Execution successful
--------------------------------------------------
TEST: test/testsuite/ouroboros/thread_test/RT0117-rt-thread-ThreadTest36/ThreadTest.java
TEST RESULT: Passed. Execution successful
--------------------------------------------------
TEST: test/testsuite/ouroboros/thread_test/RT0116-rt-thread-NullThreadName/NullThreadName.java
TEST RESULT: Passed. Execution successful
--------------------------------------------------
TEST: test/testsuite/ouroboros/thread_test/RT0111-rt-thread-ThreadTest6/ThreadTest.java
TEST RESULT: Passed. Execution successful
--------------------------------------------------
TEST: test/testsuite/ouroboros/thread_test/RT0132-rt-thread-ThreadTest17/ThreadTest.java
TEST RESULT: Passed. Execution successful
--------------------------------------------------
TEST: test/testsuite/ouroboros/thread_test/RT0062-rt-thread-ThreadStatejoin12/ThreadStateJoin12.java
TEST RESULT: Passed. Execution successful
--------------------------------------------------
TEST: test/testsuite/ouroboros/rc_test/RC0357-rc-rp-simpleweakref_10/NotIsCleanerNotFreeRefFailSetWCBSetAtomicWCB.java
TEST RESULT: Passed. Execution successful
--------------------------------------------------
TEST: test/testsuite/ouroboros/thread_test/RT0078-rt-thread-ThreadStatesleep1/ThreadStateSleep1.java
TEST RESULT: Passed. Execution successful
--------------------------------------------------
TEST: test/testsuite/ouroboros/thread_test/RT0141-rt-thread-ThreadTest35/ThreadTest.java
TEST RESULT: Passed. Execution successful
--------------------------------------------------
TEST: test/testsuite/ouroboros/rc_test/RC0358-rc-rp-simpleweakref_11/NotIsCleanerInDeadCycleNotFreeRefFailSetWCBFailAtomicWCB.java
TEST RESULT: Passed. Execution successful
--------------------------------------------------
TEST: test/testsuite/ouroboros/thread_test/RT0081-rt-thread-ThreadStatesleep4/ThreadStateSleep4.java
TEST RESULT: Passed. Execution successful
--------------------------------------------------
TEST: test/testsuite/ouroboros/thread_test/RT0101-rt-thread-ThreadTest25/ThreadTest.java
TEST RESULT: Passed. Execution successful
--------------------------------------------------
TEST: test/testsuite/ouroboros/thread_test/RT0121-rt-thread-InitialValue/InitialValue.java#id1
TEST RESULT: Passed. Execution successful
--------------------------------------------------
TEST: test/testsuite/ouroboros/thread_test/RT0137-rt-thread-ThreadTest12/ThreadTest.java
TEST RESULT: Passed. Execution successful
--------------------------------------------------
TEST: test/testsuite/ouroboros/thread_test/RT0126-rt-thread-SetMaxPriority/SetMaxPriority.java#id1
TEST JDK: /home/yansendao/JDK/binary/openjdk/jdk25u

ACTION: build -- Passed. Build successful
REASON: Named class compiled on demand
TIME:   1.785 seconds
messages:
command: build SetMaxPriority
reason: Named class compiled on demand
started: Mon Oct 27 15:01:36.156 UTC 2025
Test directory:
  compile: SetMaxPriority
finished: Mon Oct 27 15:01:37.941 UTC 2025
elapsed time (seconds): 1.785

ACTION: compile -- Passed. Compilation successful
REASON: .class file out of date or does not exist
TIME:   1.785 seconds
messages:
command: compile /home/yansendao/git/ArkTests/test/testsuite/ouroboros/thread_test/RT0126-rt-thread-SetMaxPriority/SetMaxPriority.java
reason: .class file out of date or does not exist
started: Mon Oct 27 15:01:36.156 UTC 2025
Mode: othervm
Process id: 485257
finished: Mon Oct 27 15:01:37.941 UTC 2025
elapsed time (seconds): 1.785
configuration:
javac compilation environment
  source path: /home/yansendao/git/ArkTests/test/testsuite/ouroboros/thread_test/RT0126-rt-thread-SetMaxPriority
  class path:  /home/yansendao/git/ArkTests/test/testsuite/ouroboros/thread_test/RT0126-rt-thread-SetMaxPriority
               /home/yansendao/git/ArkTests/build/jt-work-singletest/classes/97/test/testsuite/ouroboros/thread_test/RT0126-rt-thread-SetMaxPriority

rerun:
cd /home/yansendao/git/ArkTests/build/jt-work-singletest/scratch/67 && \
DBUS_SESSION_BUS_ADDRESS=unix:path=/run/user/998/bus \
DISPLAY=localhost:10.0 \
HOME=/home/yansendao \
JTREG_HOME=/home/yansendao/JDK/tools/jtreg/jtreg-8.1 \
LANG=en_US.UTF-8 \
PATH=/bin:/usr/bin:/usr/sbin \
XDG_DATA_DIRS=/usr/local/share:/usr/share:/var/lib/snapd/desktop \
XDG_RUNTIME_DIR=/run/user/998 \
XDG_SESSION_CLASS=user \
XDG_SESSION_ID=3019 \
XDG_SESSION_TYPE=tty \
    /home/yansendao/JDK/binary/openjdk/jdk25u/bin/javac \
        -J-Dtest.vm.opts= \
        -J-Dtest.tool.vm.opts= \
        -J-Dtest.compiler.opts= \
        -J-Dtest.java.opts= \
        -J-Dtest.jdk=/home/yansendao/JDK/binary/openjdk/jdk25u \
        -J-Dcompile.jdk=/home/yansendao/JDK/binary/openjdk/jdk25u \
        -J-Dtest.timeout.factor=1.0 \
        -J-Dtest.root=/home/yansendao/git/ArkTests \
        -J-Dtest.name=test/testsuite/ouroboros/thread_test/RT0126-rt-thread-SetMaxPriority/SetMaxPriority.java#id1 \
        -J-Dtest.verbose=Verbose[p=BRIEF,f=FULL,e=FULL,t=false,m=false] \
        -J-Dtest.file=/home/yansendao/git/ArkTests/test/testsuite/ouroboros/thread_test/RT0126-rt-thread-SetMaxPriority/SetMaxPriority.java \
        -J-Dtest.main.class=SetMaxPriority \
        -J-Dtest.src=/home/yansendao/git/ArkTests/test/testsuite/ouroboros/thread_test/RT0126-rt-thread-SetMaxPriority \
        -J-Dtest.src.path=/home/yansendao/git/ArkTests/test/testsuite/ouroboros/thread_test/RT0126-rt-thread-SetMaxPriority \
        -J-Dtest.classes=/home/yansendao/git/ArkTests/build/jt-work-singletest/classes/97/test/testsuite/ouroboros/thread_test/RT0126-rt-thread-SetMaxPriority \
        -J-Dtest.class.path=/home/yansendao/git/ArkTests/build/jt-work-singletest/classes/97/test/testsuite/ouroboros/thread_test/RT0126-rt-thread-SetMaxPriority \
        -d /home/yansendao/git/ArkTests/build/jt-work-singletest/classes/97/test/testsuite/ouroboros/thread_test/RT0126-rt-thread-SetMaxPriority \
        -sourcepath /home/yansendao/git/ArkTests/test/testsuite/ouroboros/thread_test/RT0126-rt-thread-SetMaxPriority \
        -classpath /home/yansendao/git/ArkTests/test/testsuite/ouroboros/thread_test/RT0126-rt-thread-SetMaxPriority:/home/yansendao/git/ArkTests/build/jt-work-singletest/classes/97/test/testsuite/ouroboros/thread_test/RT0126-rt-thread-SetMaxPriority /home/yansendao/git/ArkTests/test/testsuite/ouroboros/thread_test/RT0126-rt-thread-SetMaxPriority/SetMaxPriority.java
STDOUT:
STDERR:

ACTION: main -- Failed. Execution failed: `main' threw exception: java.lang.RuntimeException: setMaxPriority bad arg not ignored as specified
REASON: Assumed action based on file name: run main SetMaxPriority 
TIME:   0.192 seconds
messages:
command: main SetMaxPriority
reason: Assumed action based on file name: run main SetMaxPriority 
started: Mon Oct 27 15:01:37.941 UTC 2025
Mode: othervm
Process id: 492367
finished: Mon Oct 27 15:01:38.133 UTC 2025
elapsed time (seconds): 0.192
configuration:
STDOUT:
STDERR:
java.lang.RuntimeException: setMaxPriority bad arg not ignored as specified
	at SetMaxPriority.main(SetMaxPriority.java:101)
	at java.base/jdk.internal.reflect.DirectMethodHandleAccessor.invoke(DirectMethodHandleAccessor.java:104)
	at java.base/java.lang.reflect.Method.invoke(Method.java:565)
	at com.sun.javatest.regtest.agent.MainWrapper$MainTask.run(MainWrapper.java:138)
	at java.base/java.lang.Thread.run(Thread.java:1474)

JavaTest Message: Test threw exception: java.lang.RuntimeException: setMaxPriority bad arg not ignored as specified
JavaTest Message: shutting down test

STATUS:Failed.`main' threw exception: java.lang.RuntimeException: setMaxPriority bad arg not ignored as specified
rerun:
cd /home/yansendao/git/ArkTests/build/jt-work-singletest/scratch/67 && \
DBUS_SESSION_BUS_ADDRESS=unix:path=/run/user/998/bus \
DISPLAY=localhost:10.0 \
HOME=/home/yansendao \
JTREG_HOME=/home/yansendao/JDK/tools/jtreg/jtreg-8.1 \
LANG=en_US.UTF-8 \
PATH=/bin:/usr/bin:/usr/sbin \
XDG_DATA_DIRS=/usr/local/share:/usr/share:/var/lib/snapd/desktop \
XDG_RUNTIME_DIR=/run/user/998 \
XDG_SESSION_CLASS=user \
XDG_SESSION_ID=3019 \
XDG_SESSION_TYPE=tty \
CLASSPATH=/home/yansendao/git/ArkTests/build/jt-work-singletest/classes/97/test/testsuite/ouroboros/thread_test/RT0126-rt-thread-SetMaxPriority:/home/yansendao/git/ArkTests/test/testsuite/ouroboros/thread_test/RT0126-rt-thread-SetMaxPriority:/home/yansendao/JDK/tools/jtreg/jtreg-8.1/lib/javatest.jar:/home/yansendao/JDK/tools/jtreg/jtreg-8.1/lib/jtreg.jar \
    /home/yansendao/JDK/binary/openjdk/jdk25u/bin/java \
        -Dtest.vm.opts= \
        -Dtest.tool.vm.opts= \
        -Dtest.compiler.opts= \
        -Dtest.java.opts= \
        -Dtest.jdk=/home/yansendao/JDK/binary/openjdk/jdk25u \
        -Dcompile.jdk=/home/yansendao/JDK/binary/openjdk/jdk25u \
        -Dtest.timeout.factor=1.0 \
        -Dtest.root=/home/yansendao/git/ArkTests \
        -Dtest.name=test/testsuite/ouroboros/thread_test/RT0126-rt-thread-SetMaxPriority/SetMaxPriority.java#id1 \
        -Dtest.verbose=Verbose[p=BRIEF,f=FULL,e=FULL,t=false,m=false] \
        -Dtest.file=/home/yansendao/git/ArkTests/test/testsuite/ouroboros/thread_test/RT0126-rt-thread-SetMaxPriority/SetMaxPriority.java \
        -Dtest.main.class=SetMaxPriority \
        -Dtest.src=/home/yansendao/git/ArkTests/test/testsuite/ouroboros/thread_test/RT0126-rt-thread-SetMaxPriority \
        -Dtest.src.path=/home/yansendao/git/ArkTests/test/testsuite/ouroboros/thread_test/RT0126-rt-thread-SetMaxPriority \
        -Dtest.classes=/home/yansendao/git/ArkTests/build/jt-work-singletest/classes/97/test/testsuite/ouroboros/thread_test/RT0126-rt-thread-SetMaxPriority \
        -Dtest.class.path=/home/yansendao/git/ArkTests/build/jt-work-singletest/classes/97/test/testsuite/ouroboros/thread_test/RT0126-rt-thread-SetMaxPriority \
        com.sun.javatest.regtest.agent.MainWrapper /home/yansendao/git/ArkTests/build/jt-work-singletest/test/testsuite/ouroboros/thread_test/RT0126-rt-thread-SetMaxPriority/SetMaxPriority_id1.d/main.0.jta

TEST RESULT: Failed. Execution failed: `main' threw exception: java.lang.RuntimeException: setMaxPriority bad arg not ignored as specified
--------------------------------------------------
TEST: test/testsuite/ouroboros/thread_test/RT0102-rt-thread-ThreadTest9/ThreadTest.java
TEST RESULT: Passed. Execution successful
--------------------------------------------------
TEST: test/testsuite/ouroboros/thread_test/RT0074-rt-thread-ThreadStatenotify1/ThreadStateNotify1.java
TEST RESULT: Passed. Execution successful
--------------------------------------------------
TEST: test/testsuite/ouroboros/thread_test/RT0133-rt-thread-ThreadTest33/ThreadTest.java
TEST RESULT: Passed. Execution successful
--------------------------------------------------
TEST: test/testsuite/ouroboros/thread_test/RT0119-rt-thread-ThreadTest15/ThreadTest.java
TEST RESULT: Passed. Execution successful
--------------------------------------------------
TEST: test/testsuite/ouroboros/thread_test/RT0072-rt-thread-ThreadStatejoin8/ThreadStateJoin8.java
TEST RESULT: Passed. Execution successful
--------------------------------------------------
TEST: test/testsuite/ouroboros/thread_test/RT0076-rt-thread-ThreadStatenotifyAll1/ThreadStateNotifyAll1.java
TEST RESULT: Passed. Execution successful
--------------------------------------------------
TEST: test/testsuite/ouroboros/thread_test/RT0092-rt-thread-ThreadStatewait7/ThreadStateWait7.java
TEST RESULT: Passed. Execution successful
--------------------------------------------------
TEST: test/testsuite/ouroboros/thread_test/RT0139-rt-thread-ThreadTest4/ThreadTest.java
TEST RESULT: Passed. Execution successful
--------------------------------------------------
TEST: test/testsuite/ouroboros/thread_test/RT0110-rt-thread-NullStackTrace/NullStackTrace.java
TEST RESULT: Passed. Execution successful
--------------------------------------------------
TEST: test/testsuite/ouroboros/thread_test/RT0122-rt-thread-ThreadTest22/ThreadTest.java
TEST RESULT: Passed. Execution successful
--------------------------------------------------
TEST: test/testsuite/ouroboros/thread_test/RT0134-rt-thread-ThreadTest27/ThreadTest.java
TEST RESULT: Passed. Execution successful
--------------------------------------------------
TEST: test/testsuite/ouroboros/thread_test/RT0125-rt-thread-ThreadTest26/ThreadTest.java
TEST RESULT: Passed. Execution successful
--------------------------------------------------
TEST: test/testsuite/ouroboros/thread_test/RT0151-rt-thread-ThreadConstructors15/ThreadConstructors15.java
TEST RESULT: Passed. Execution successful
--------------------------------------------------
TEST: test/testsuite/ouroboros/thread_test/RT0155-rt-thread-ThreadEHdestroy/ThreadDestroyUnsupportedOperationExceptionTest.java
TEST JDK: /home/yansendao/JDK/binary/openjdk/jdk25u

ACTION: build -- Failed. Compilation failed: Compilation failed
REASON: Named class compiled on demand
TIME:   1.252 seconds
messages:
command: build ThreadDestroyUnsupportedOperationExceptionTest
reason: Named class compiled on demand
started: Mon Oct 27 15:01:37.237 UTC 2025
Test directory:
  compile: ThreadDestroyUnsupportedOperationExceptionTest
finished: Mon Oct 27 15:01:38.489 UTC 2025
elapsed time (seconds): 1.252

ACTION: compile -- Failed. Compilation failed: Compilation failed
REASON: .class file out of date or does not exist
TIME:   1.251 seconds
messages:
command: compile /home/yansendao/git/ArkTests/test/testsuite/ouroboros/thread_test/RT0155-rt-thread-ThreadEHdestroy/ThreadDestroyUnsupportedOperationExceptionTest.java
reason: .class file out of date or does not exist
started: Mon Oct 27 15:01:37.237 UTC 2025
Mode: othervm
Process id: 488960
finished: Mon Oct 27 15:01:38.488 UTC 2025
elapsed time (seconds): 1.251
configuration:
javac compilation environment
  source path: /home/yansendao/git/ArkTests/test/testsuite/ouroboros/thread_test/RT0155-rt-thread-ThreadEHdestroy
  class path:  /home/yansendao/git/ArkTests/test/testsuite/ouroboros/thread_test/RT0155-rt-thread-ThreadEHdestroy
               /home/yansendao/git/ArkTests/build/jt-work-singletest/classes/58/test/testsuite/ouroboros/thread_test/RT0155-rt-thread-ThreadEHdestroy

rerun:
cd /home/yansendao/git/ArkTests/build/jt-work-singletest/scratch/97 && \
DBUS_SESSION_BUS_ADDRESS=unix:path=/run/user/998/bus \
DISPLAY=localhost:10.0 \
HOME=/home/yansendao \
JTREG_HOME=/home/yansendao/JDK/tools/jtreg/jtreg-8.1 \
LANG=en_US.UTF-8 \
PATH=/bin:/usr/bin:/usr/sbin \
XDG_DATA_DIRS=/usr/local/share:/usr/share:/var/lib/snapd/desktop \
XDG_RUNTIME_DIR=/run/user/998 \
XDG_SESSION_CLASS=user \
XDG_SESSION_ID=3019 \
XDG_SESSION_TYPE=tty \
    /home/yansendao/JDK/binary/openjdk/jdk25u/bin/javac \
        -J-Dtest.vm.opts= \
        -J-Dtest.tool.vm.opts= \
        -J-Dtest.compiler.opts= \
        -J-Dtest.java.opts= \
        -J-Dtest.jdk=/home/yansendao/JDK/binary/openjdk/jdk25u \
        -J-Dcompile.jdk=/home/yansendao/JDK/binary/openjdk/jdk25u \
        -J-Dtest.timeout.factor=1.0 \
        -J-Dtest.root=/home/yansendao/git/ArkTests \
        -J-Dtest.name=test/testsuite/ouroboros/thread_test/RT0155-rt-thread-ThreadEHdestroy/ThreadDestroyUnsupportedOperationExceptionTest.java \
        -J-Dtest.verbose=Verbose[p=BRIEF,f=FULL,e=FULL,t=false,m=false] \
        -J-Dtest.file=/home/yansendao/git/ArkTests/test/testsuite/ouroboros/thread_test/RT0155-rt-thread-ThreadEHdestroy/ThreadDestroyUnsupportedOperationExceptionTest.java \
        -J-Dtest.main.class=ThreadDestroyUnsupportedOperationExceptionTest \
        -J-Dtest.src=/home/yansendao/git/ArkTests/test/testsuite/ouroboros/thread_test/RT0155-rt-thread-ThreadEHdestroy \
        -J-Dtest.src.path=/home/yansendao/git/ArkTests/test/testsuite/ouroboros/thread_test/RT0155-rt-thread-ThreadEHdestroy \
        -J-Dtest.classes=/home/yansendao/git/ArkTests/build/jt-work-singletest/classes/58/test/testsuite/ouroboros/thread_test/RT0155-rt-thread-ThreadEHdestroy \
        -J-Dtest.class.path=/home/yansendao/git/ArkTests/build/jt-work-singletest/classes/58/test/testsuite/ouroboros/thread_test/RT0155-rt-thread-ThreadEHdestroy \
        -d /home/yansendao/git/ArkTests/build/jt-work-singletest/classes/58/test/testsuite/ouroboros/thread_test/RT0155-rt-thread-ThreadEHdestroy \
        -sourcepath /home/yansendao/git/ArkTests/test/testsuite/ouroboros/thread_test/RT0155-rt-thread-ThreadEHdestroy \
        -classpath /home/yansendao/git/ArkTests/test/testsuite/ouroboros/thread_test/RT0155-rt-thread-ThreadEHdestroy:/home/yansendao/git/ArkTests/build/jt-work-singletest/classes/58/test/testsuite/ouroboros/thread_test/RT0155-rt-thread-ThreadEHdestroy /home/yansendao/git/ArkTests/test/testsuite/ouroboros/thread_test/RT0155-rt-thread-ThreadEHdestroy/ThreadDestroyUnsupportedOperationExceptionTest.java
STDOUT:
STDERR:
/home/yansendao/git/ArkTests/test/testsuite/ouroboros/thread_test/RT0155-rt-thread-ThreadEHdestroy/ThreadDestroyUnsupportedOperationExceptionTest.java:37: error: cannot find symbol
            thread.destroy();
                  ^
  symbol:   method destroy()
  location: variable thread of type ThreadDestroyUnsupportedOperationExceptionTest
1 error

TEST RESULT: Failed. Compilation failed: Compilation failed
--------------------------------------------------
TEST: test/testsuite/ouroboros/thread_test/RT0140-rt-thread-MainThreadTest/MainThreadTest.java
TEST RESULT: Passed. Execution successful
--------------------------------------------------
TEST: test/testsuite/ouroboros/thread_test/RT0138-rt-thread-ThreadTest32/ThreadTest.java
TEST RESULT: Passed. Execution successful
--------------------------------------------------
TEST: test/testsuite/ouroboros/thread_test/RT0159-rt-thread-ThreadGroupallowThreadSuspension/ThreadGroupAllowThreadSuspensionTest.java
TEST JDK: /home/yansendao/JDK/binary/openjdk/jdk25u

ACTION: build -- Failed. Compilation failed: Compilation failed
REASON: Named class compiled on demand
TIME:   1.304 seconds
messages:
command: build ThreadGroupAllowThreadSuspensionTest
reason: Named class compiled on demand
started: Mon Oct 27 15:01:37.286 UTC 2025
Test directory:
  compile: ThreadGroupAllowThreadSuspensionTest
finished: Mon Oct 27 15:01:38.590 UTC 2025
elapsed time (seconds): 1.304

ACTION: compile -- Failed. Compilation failed: Compilation failed
REASON: .class file out of date or does not exist
TIME:   1.304 seconds
messages:
command: compile /home/yansendao/git/ArkTests/test/testsuite/ouroboros/thread_test/RT0159-rt-thread-ThreadGroupallowThreadSuspension/ThreadGroupAllowThreadSuspensionTest.java
reason: .class file out of date or does not exist
started: Mon Oct 27 15:01:37.286 UTC 2025
Mode: othervm
Process id: 489385
finished: Mon Oct 27 15:01:38.590 UTC 2025
elapsed time (seconds): 1.304
configuration:
javac compilation environment
  source path: /home/yansendao/git/ArkTests/test/testsuite/ouroboros/thread_test/RT0159-rt-thread-ThreadGroupallowThreadSuspension
  class path:  /home/yansendao/git/ArkTests/test/testsuite/ouroboros/thread_test/RT0159-rt-thread-ThreadGroupallowThreadSuspension
               /home/yansendao/git/ArkTests/build/jt-work-singletest/classes/27/test/testsuite/ouroboros/thread_test/RT0159-rt-thread-ThreadGroupallowThreadSuspension

rerun:
cd /home/yansendao/git/ArkTests/build/jt-work-singletest/scratch/64 && \
DBUS_SESSION_BUS_ADDRESS=unix:path=/run/user/998/bus \
DISPLAY=localhost:10.0 \
HOME=/home/yansendao \
JTREG_HOME=/home/yansendao/JDK/tools/jtreg/jtreg-8.1 \
LANG=en_US.UTF-8 \
PATH=/bin:/usr/bin:/usr/sbin \
XDG_DATA_DIRS=/usr/local/share:/usr/share:/var/lib/snapd/desktop \
XDG_RUNTIME_DIR=/run/user/998 \
XDG_SESSION_CLASS=user \
XDG_SESSION_ID=3019 \
XDG_SESSION_TYPE=tty \
    /home/yansendao/JDK/binary/openjdk/jdk25u/bin/javac \
        -J-Dtest.vm.opts= \
        -J-Dtest.tool.vm.opts= \
        -J-Dtest.compiler.opts= \
        -J-Dtest.java.opts= \
        -J-Dtest.jdk=/home/yansendao/JDK/binary/openjdk/jdk25u \
        -J-Dcompile.jdk=/home/yansendao/JDK/binary/openjdk/jdk25u \
        -J-Dtest.timeout.factor=1.0 \
        -J-Dtest.root=/home/yansendao/git/ArkTests \
        -J-Dtest.name=test/testsuite/ouroboros/thread_test/RT0159-rt-thread-ThreadGroupallowThreadSuspension/ThreadGroupAllowThreadSuspensionTest.java \
        -J-Dtest.verbose=Verbose[p=BRIEF,f=FULL,e=FULL,t=false,m=false] \
        -J-Dtest.file=/home/yansendao/git/ArkTests/test/testsuite/ouroboros/thread_test/RT0159-rt-thread-ThreadGroupallowThreadSuspension/ThreadGroupAllowThreadSuspensionTest.java \
        -J-Dtest.main.class=ThreadGroupAllowThreadSuspensionTest \
        -J-Dtest.src=/home/yansendao/git/ArkTests/test/testsuite/ouroboros/thread_test/RT0159-rt-thread-ThreadGroupallowThreadSuspension \
        -J-Dtest.src.path=/home/yansendao/git/ArkTests/test/testsuite/ouroboros/thread_test/RT0159-rt-thread-ThreadGroupallowThreadSuspension \
        -J-Dtest.classes=/home/yansendao/git/ArkTests/build/jt-work-singletest/classes/27/test/testsuite/ouroboros/thread_test/RT0159-rt-thread-ThreadGroupallowThreadSuspension \
        -J-Dtest.class.path=/home/yansendao/git/ArkTests/build/jt-work-singletest/classes/27/test/testsuite/ouroboros/thread_test/RT0159-rt-thread-ThreadGroupallowThreadSuspension \
        -d /home/yansendao/git/ArkTests/build/jt-work-singletest/classes/27/test/testsuite/ouroboros/thread_test/RT0159-rt-thread-ThreadGroupallowThreadSuspension \
        -sourcepath /home/yansendao/git/ArkTests/test/testsuite/ouroboros/thread_test/RT0159-rt-thread-ThreadGroupallowThreadSuspension \
        -classpath /home/yansendao/git/ArkTests/test/testsuite/ouroboros/thread_test/RT0159-rt-thread-ThreadGroupallowThreadSuspension:/home/yansendao/git/ArkTests/build/jt-work-singletest/classes/27/test/testsuite/ouroboros/thread_test/RT0159-rt-thread-ThreadGroupallowThreadSuspension /home/yansendao/git/ArkTests/test/testsuite/ouroboros/thread_test/RT0159-rt-thread-ThreadGroupallowThreadSuspension/ThreadGroupAllowThreadSuspensionTest.java
STDOUT:
STDERR:
/home/yansendao/git/ArkTests/test/testsuite/ouroboros/thread_test/RT0159-rt-thread-ThreadGroupallowThreadSuspension/ThreadGroupAllowThreadSuspensionTest.java:37: error: cannot find symbol
        tg.allowThreadSuspension(true);
          ^
  symbol:   method allowThreadSuspension(boolean)
  location: variable tg of type ThreadGroup
/home/yansendao/git/ArkTests/test/testsuite/ouroboros/thread_test/RT0159-rt-thread-ThreadGroupallowThreadSuspension/ThreadGroupAllowThreadSuspensionTest.java:48: error: cannot find symbol
        tg.allowThreadSuspension(false);
          ^
  symbol:   method allowThreadSuspension(boolean)
  location: variable tg of type ThreadGroup
2 errors

TEST RESULT: Failed. Compilation failed: Compilation failed
--------------------------------------------------
TEST: test/testsuite/ouroboros/thread_test/RT0142-rt-thread-ThreadTest5/ThreadTest.java
TEST RESULT: Passed. Execution successful
--------------------------------------------------
TEST: test/testsuite/ouroboros/thread_test/RT0158-rt-thread-ThreadgetStackTrace/ThreadgetStackTrace.java
TEST RESULT: Passed. Execution successful
--------------------------------------------------
TEST: test/testsuite/ouroboros/thread_test/RT0162-rt-thread-ThreadLocalEHwithInitial/ThreadLocalEHwithInitial.java
TEST RESULT: Passed. Execution successful
--------------------------------------------------
TEST: test/testsuite/ouroboros/thread_test/RT0153-rt-thread-ThreadConstructors17/ThreadConstructors17.java
TEST RESULT: Passed. Execution successful
--------------------------------------------------
TEST: test/testsuite/ouroboros/thread_test/RT0169-rt-thread-ThreadStatewait9/ThreadStatewait9.java
TEST RESULT: Passed. Execution successful
--------------------------------------------------
TEST: test/testsuite/ouroboros/thread_test/RT0168-rt-thread-ThreadStatesleep7/ThreadStatesleep7.java
TEST RESULT: Passed. Execution successful
--------------------------------------------------
TEST: test/testsuite/ouroboros/thread_test/RT0150-rt-thread-ThreadConstructors14/ThreadConstructors14.java
TEST RESULT: Passed. Execution successful
--------------------------------------------------
TEST: test/testsuite/ouroboros/thread_test/RT0160-rt-thread-ThreadGroupEHdestroy/ThreadGroupEHdestroy.java
TEST RESULT: Passed. Execution successful
--------------------------------------------------
TEST: test/testsuite/ouroboros/thread_test/RT0166-rt-thread-ThreadStatejoin16/ThreadStatejoin16.java
TEST RESULT: Passed. Execution successful
--------------------------------------------------
TEST: test/testsuite/ouroboros/thread_test/RT0170-rt-thread-ThreadStatewait10/ThreadStatewait10.java
TEST RESULT: Passed. Execution successful
--------------------------------------------------
TEST: test/testsuite/ouroboros/thread_test/RT0173-rt-thread-ThreadConstructors11/ThreadConstructors11.java
TEST RESULT: Passed. Execution successful
--------------------------------------------------
TEST: test/testsuite/ouroboros/thread_test/RT0145-rt-thread-MemoryLeak/MemoryLeak.java
TEST RESULT: Passed. Execution successful
--------------------------------------------------
TEST: test/testsuite/ouroboros/thread_test/RT0152-rt-thread-ThreadConstructors16/ThreadConstructors16.java
TEST RESULT: Passed. Execution successful
--------------------------------------------------
TEST: test/testsuite/ouroboros/thread_test/RT0149-rt-thread-ThreadConstructors13/ThreadConstructors13.java
TEST RESULT: Passed. Execution successful
--------------------------------------------------
TEST: test/testsuite/ouroboros/rc_test/RC0515-GC-FrequentGCTest01/FrequentGCTest01.java
TEST RESULT: Passed. Execution successful
--------------------------------------------------
TEST: test/testsuite/ouroboros/thread_test/RT0146-rt-thread-ThreadId/ThreadId.java
TEST RESULT: Passed. Execution successful
--------------------------------------------------
TEST: test/testsuite/ouroboros/thread_test/RT0143-rt-thread-Daemon/Daemon.java
TEST JDK: /home/yansendao/JDK/binary/openjdk/jdk25u

ACTION: build -- Passed. Build successful
REASON: Named class compiled on demand
TIME:   2.067 seconds
messages:
command: build Daemon
reason: Named class compiled on demand
started: Mon Oct 27 15:01:36.736 UTC 2025
Test directory:
  compile: Daemon
finished: Mon Oct 27 15:01:38.803 UTC 2025
elapsed time (seconds): 2.067

ACTION: compile -- Passed. Compilation successful
REASON: .class file out of date or does not exist
TIME:   2.067 seconds
messages:
command: compile /home/yansendao/git/ArkTests/test/testsuite/ouroboros/thread_test/RT0143-rt-thread-Daemon/Daemon.java
reason: .class file out of date or does not exist
started: Mon Oct 27 15:01:36.736 UTC 2025
Mode: othervm
Process id: 487046
finished: Mon Oct 27 15:01:38.803 UTC 2025
elapsed time (seconds): 2.067
configuration:
javac compilation environment
  source path: /home/yansendao/git/ArkTests/test/testsuite/ouroboros/thread_test/RT0143-rt-thread-Daemon
  class path:  /home/yansendao/git/ArkTests/test/testsuite/ouroboros/thread_test/RT0143-rt-thread-Daemon
               /home/yansendao/git/ArkTests/build/jt-work-singletest/classes/96/test/testsuite/ouroboros/thread_test/RT0143-rt-thread-Daemon

rerun:
cd /home/yansendao/git/ArkTests/build/jt-work-singletest/scratch/16 && \
DBUS_SESSION_BUS_ADDRESS=unix:path=/run/user/998/bus \
DISPLAY=localhost:10.0 \
HOME=/home/yansendao \
JTREG_HOME=/home/yansendao/JDK/tools/jtreg/jtreg-8.1 \
LANG=en_US.UTF-8 \
PATH=/bin:/usr/bin:/usr/sbin \
XDG_DATA_DIRS=/usr/local/share:/usr/share:/var/lib/snapd/desktop \
XDG_RUNTIME_DIR=/run/user/998 \
XDG_SESSION_CLASS=user \
XDG_SESSION_ID=3019 \
XDG_SESSION_TYPE=tty \
    /home/yansendao/JDK/binary/openjdk/jdk25u/bin/javac \
        -J-Dtest.vm.opts= \
        -J-Dtest.tool.vm.opts= \
        -J-Dtest.compiler.opts= \
        -J-Dtest.java.opts= \
        -J-Dtest.jdk=/home/yansendao/JDK/binary/openjdk/jdk25u \
        -J-Dcompile.jdk=/home/yansendao/JDK/binary/openjdk/jdk25u \
        -J-Dtest.timeout.factor=1.0 \
        -J-Dtest.root=/home/yansendao/git/ArkTests \
        -J-Dtest.name=test/testsuite/ouroboros/thread_test/RT0143-rt-thread-Daemon/Daemon.java \
        -J-Dtest.verbose=Verbose[p=BRIEF,f=FULL,e=FULL,t=false,m=false] \
        -J-Dtest.file=/home/yansendao/git/ArkTests/test/testsuite/ouroboros/thread_test/RT0143-rt-thread-Daemon/Daemon.java \
        -J-Dtest.main.class=Daemon \
        -J-Dtest.src=/home/yansendao/git/ArkTests/test/testsuite/ouroboros/thread_test/RT0143-rt-thread-Daemon \
        -J-Dtest.src.path=/home/yansendao/git/ArkTests/test/testsuite/ouroboros/thread_test/RT0143-rt-thread-Daemon \
        -J-Dtest.classes=/home/yansendao/git/ArkTests/build/jt-work-singletest/classes/96/test/testsuite/ouroboros/thread_test/RT0143-rt-thread-Daemon \
        -J-Dtest.class.path=/home/yansendao/git/ArkTests/build/jt-work-singletest/classes/96/test/testsuite/ouroboros/thread_test/RT0143-rt-thread-Daemon \
        -d /home/yansendao/git/ArkTests/build/jt-work-singletest/classes/96/test/testsuite/ouroboros/thread_test/RT0143-rt-thread-Daemon \
        -sourcepath /home/yansendao/git/ArkTests/test/testsuite/ouroboros/thread_test/RT0143-rt-thread-Daemon \
        -classpath /home/yansendao/git/ArkTests/test/testsuite/ouroboros/thread_test/RT0143-rt-thread-Daemon:/home/yansendao/git/ArkTests/build/jt-work-singletest/classes/96/test/testsuite/ouroboros/thread_test/RT0143-rt-thread-Daemon /home/yansendao/git/ArkTests/test/testsuite/ouroboros/thread_test/RT0143-rt-thread-Daemon/Daemon.java
STDOUT:
STDERR:
/home/yansendao/git/ArkTests/test/testsuite/ouroboros/thread_test/RT0143-rt-thread-Daemon/Daemon.java:38: warning: [removal] setDaemon(boolean) in ThreadGroup has been deprecated and marked for removal
        tg.setDaemon(true);
          ^
/home/yansendao/git/ArkTests/test/testsuite/ouroboros/thread_test/RT0143-rt-thread-Daemon/Daemon.java:41: warning: [removal] destroy() in ThreadGroup has been deprecated and marked for removal
        aGroup.destroy();
              ^
/home/yansendao/git/ArkTests/test/testsuite/ouroboros/thread_test/RT0143-rt-thread-Daemon/Daemon.java:42: warning: [removal] isDestroyed() in ThreadGroup has been deprecated and marked for removal
        if (tg.isDestroyed())
              ^
3 warnings

ACTION: main -- Failed. Execution failed: `main' threw exception: java.lang.RuntimeException: illegal
REASON: Assumed action based on file name: run main Daemon 
TIME:   0.144 seconds
messages:
command: main Daemon
reason: Assumed action based on file name: run main Daemon 
started: Mon Oct 27 15:01:38.803 UTC 2025
Mode: othervm
Process id: 497912
finished: Mon Oct 27 15:01:38.947 UTC 2025
elapsed time (seconds): 0.144
configuration:
STDOUT:
STDERR:
java.lang.RuntimeException: illegal
	at Daemon.main(Daemon.java:46)
	at java.base/jdk.internal.reflect.DirectMethodHandleAccessor.invoke(DirectMethodHandleAccessor.java:104)
	at java.base/java.lang.reflect.Method.invoke(Method.java:565)
	at com.sun.javatest.regtest.agent.MainWrapper$MainTask.run(MainWrapper.java:138)
	at java.base/java.lang.Thread.run(Thread.java:1474)

JavaTest Message: Test threw exception: java.lang.RuntimeException: illegal
JavaTest Message: shutting down test

STATUS:Failed.`main' threw exception: java.lang.RuntimeException: illegal
rerun:
cd /home/yansendao/git/ArkTests/build/jt-work-singletest/scratch/16 && \
DBUS_SESSION_BUS_ADDRESS=unix:path=/run/user/998/bus \
DISPLAY=localhost:10.0 \
HOME=/home/yansendao \
JTREG_HOME=/home/yansendao/JDK/tools/jtreg/jtreg-8.1 \
LANG=en_US.UTF-8 \
PATH=/bin:/usr/bin:/usr/sbin \
XDG_DATA_DIRS=/usr/local/share:/usr/share:/var/lib/snapd/desktop \
XDG_RUNTIME_DIR=/run/user/998 \
XDG_SESSION_CLASS=user \
XDG_SESSION_ID=3019 \
XDG_SESSION_TYPE=tty \
CLASSPATH=/home/yansendao/git/ArkTests/build/jt-work-singletest/classes/96/test/testsuite/ouroboros/thread_test/RT0143-rt-thread-Daemon:/home/yansendao/git/ArkTests/test/testsuite/ouroboros/thread_test/RT0143-rt-thread-Daemon:/home/yansendao/JDK/tools/jtreg/jtreg-8.1/lib/javatest.jar:/home/yansendao/JDK/tools/jtreg/jtreg-8.1/lib/jtreg.jar \
    /home/yansendao/JDK/binary/openjdk/jdk25u/bin/java \
        -Dtest.vm.opts= \
        -Dtest.tool.vm.opts= \
        -Dtest.compiler.opts= \
        -Dtest.java.opts= \
        -Dtest.jdk=/home/yansendao/JDK/binary/openjdk/jdk25u \
        -Dcompile.jdk=/home/yansendao/JDK/binary/openjdk/jdk25u \
        -Dtest.timeout.factor=1.0 \
        -Dtest.root=/home/yansendao/git/ArkTests \
        -Dtest.name=test/testsuite/ouroboros/thread_test/RT0143-rt-thread-Daemon/Daemon.java \
        -Dtest.verbose=Verbose[p=BRIEF,f=FULL,e=FULL,t=false,m=false] \
        -Dtest.file=/home/yansendao/git/ArkTests/test/testsuite/ouroboros/thread_test/RT0143-rt-thread-Daemon/Daemon.java \
        -Dtest.main.class=Daemon \
        -Dtest.src=/home/yansendao/git/ArkTests/test/testsuite/ouroboros/thread_test/RT0143-rt-thread-Daemon \
        -Dtest.src.path=/home/yansendao/git/ArkTests/test/testsuite/ouroboros/thread_test/RT0143-rt-thread-Daemon \
        -Dtest.classes=/home/yansendao/git/ArkTests/build/jt-work-singletest/classes/96/test/testsuite/ouroboros/thread_test/RT0143-rt-thread-Daemon \
        -Dtest.class.path=/home/yansendao/git/ArkTests/build/jt-work-singletest/classes/96/test/testsuite/ouroboros/thread_test/RT0143-rt-thread-Daemon \
        com.sun.javatest.regtest.agent.MainWrapper /home/yansendao/git/ArkTests/build/jt-work-singletest/test/testsuite/ouroboros/thread_test/RT0143-rt-thread-Daemon/Daemon.d/main.0.jta

TEST RESULT: Failed. Execution failed: `main' threw exception: java.lang.RuntimeException: illegal
--------------------------------------------------
TEST: test/testsuite/ouroboros/thread_test/RT0171-rt-thread-ThreadStatewait11/ThreadStatewait11.java
TEST RESULT: Passed. Execution successful
--------------------------------------------------
TEST: test/testsuite/ouroboros/thread_test/RT0156-rt-thread-Threadenumerate2/Threadenumerate2.java
TEST RESULT: Passed. Execution successful
--------------------------------------------------
TEST: test/testsuite/ouroboros/thread_test/RT0164-rt-thread-ThreadsetDefaultUncaughtExceptionHandler2/ThreadSetDefaultUncaughtExceptionHandlerTest.java
TEST RESULT: Passed. Execution successful
--------------------------------------------------
TEST: test/testsuite/ouroboros/thread_test/RT0118-rt-thread-ThreadTest19/ThreadTest.java
TEST RESULT: Passed. Execution successful
--------------------------------------------------
TEST: test/testsuite/ouroboros/thread_test/RT0172-rt-thread-ThreadStatewait12/ThreadStatewait12.java
TEST RESULT: Passed. Execution successful
--------------------------------------------------
TEST: test/testsuite/ouroboros/thread_test/RT0130-rt-thread-ThreadTest20/ThreadTest.java
TEST RESULT: Passed. Execution successful
--------------------------------------------------
TEST: test/testsuite/ouroboros/thread_test/RT0182-rt-thread-ThreadDMdestory2/ThreadDMdestory2.java
TEST JDK: /home/yansendao/JDK/binary/openjdk/jdk25u

ACTION: build -- Failed. Compilation failed: Compilation failed
REASON: Named class compiled on demand
TIME:   1.395 seconds
messages:
command: build ThreadDMdestory2
reason: Named class compiled on demand
started: Mon Oct 27 15:01:37.712 UTC 2025
Test directory:
  compile: ThreadDMdestory2
finished: Mon Oct 27 15:01:39.107 UTC 2025
elapsed time (seconds): 1.395

ACTION: compile -- Failed. Compilation failed: Compilation failed
REASON: .class file out of date or does not exist
TIME:   1.394 seconds
messages:
command: compile /home/yansendao/git/ArkTests/test/testsuite/ouroboros/thread_test/RT0182-rt-thread-ThreadDMdestory2/ThreadDMdestory2.java
reason: .class file out of date or does not exist
started: Mon Oct 27 15:01:37.713 UTC 2025
Mode: othervm
Process id: 491620
finished: Mon Oct 27 15:01:39.107 UTC 2025
elapsed time (seconds): 1.394
configuration:
javac compilation environment
  source path: /home/yansendao/git/ArkTests/test/testsuite/ouroboros/thread_test/RT0182-rt-thread-ThreadDMdestory2
  class path:  /home/yansendao/git/ArkTests/test/testsuite/ouroboros/thread_test/RT0182-rt-thread-ThreadDMdestory2
               /home/yansendao/git/ArkTests/build/jt-work-singletest/classes/89/test/testsuite/ouroboros/thread_test/RT0182-rt-thread-ThreadDMdestory2

rerun:
cd /home/yansendao/git/ArkTests/build/jt-work-singletest/scratch/21 && \
DBUS_SESSION_BUS_ADDRESS=unix:path=/run/user/998/bus \
DISPLAY=localhost:10.0 \
HOME=/home/yansendao \
JTREG_HOME=/home/yansendao/JDK/tools/jtreg/jtreg-8.1 \
LANG=en_US.UTF-8 \
PATH=/bin:/usr/bin:/usr/sbin \
XDG_DATA_DIRS=/usr/local/share:/usr/share:/var/lib/snapd/desktop \
XDG_RUNTIME_DIR=/run/user/998 \
XDG_SESSION_CLASS=user \
XDG_SESSION_ID=3019 \
XDG_SESSION_TYPE=tty \
    /home/yansendao/JDK/binary/openjdk/jdk25u/bin/javac \
        -J-Dtest.vm.opts= \
        -J-Dtest.tool.vm.opts= \
        -J-Dtest.compiler.opts= \
        -J-Dtest.java.opts= \
        -J-Dtest.jdk=/home/yansendao/JDK/binary/openjdk/jdk25u \
        -J-Dcompile.jdk=/home/yansendao/JDK/binary/openjdk/jdk25u \
        -J-Dtest.timeout.factor=1.0 \
        -J-Dtest.root=/home/yansendao/git/ArkTests \
        -J-Dtest.name=test/testsuite/ouroboros/thread_test/RT0182-rt-thread-ThreadDMdestory2/ThreadDMdestory2.java \
        -J-Dtest.verbose=Verbose[p=BRIEF,f=FULL,e=FULL,t=false,m=false] \
        -J-Dtest.file=/home/yansendao/git/ArkTests/test/testsuite/ouroboros/thread_test/RT0182-rt-thread-ThreadDMdestory2/ThreadDMdestory2.java \
        -J-Dtest.main.class=ThreadDMdestory2 \
        -J-Dtest.src=/home/yansendao/git/ArkTests/test/testsuite/ouroboros/thread_test/RT0182-rt-thread-ThreadDMdestory2 \
        -J-Dtest.src.path=/home/yansendao/git/ArkTests/test/testsuite/ouroboros/thread_test/RT0182-rt-thread-ThreadDMdestory2 \
        -J-Dtest.classes=/home/yansendao/git/ArkTests/build/jt-work-singletest/classes/89/test/testsuite/ouroboros/thread_test/RT0182-rt-thread-ThreadDMdestory2 \
        -J-Dtest.class.path=/home/yansendao/git/ArkTests/build/jt-work-singletest/classes/89/test/testsuite/ouroboros/thread_test/RT0182-rt-thread-ThreadDMdestory2 \
        -d /home/yansendao/git/ArkTests/build/jt-work-singletest/classes/89/test/testsuite/ouroboros/thread_test/RT0182-rt-thread-ThreadDMdestory2 \
        -sourcepath /home/yansendao/git/ArkTests/test/testsuite/ouroboros/thread_test/RT0182-rt-thread-ThreadDMdestory2 \
        -classpath /home/yansendao/git/ArkTests/test/testsuite/ouroboros/thread_test/RT0182-rt-thread-ThreadDMdestory2:/home/yansendao/git/ArkTests/build/jt-work-singletest/classes/89/test/testsuite/ouroboros/thread_test/RT0182-rt-thread-ThreadDMdestory2 /home/yansendao/git/ArkTests/test/testsuite/ouroboros/thread_test/RT0182-rt-thread-ThreadDMdestory2/ThreadDMdestory2.java
STDOUT:
STDERR:
/home/yansendao/git/ArkTests/test/testsuite/ouroboros/thread_test/RT0182-rt-thread-ThreadDMdestory2/ThreadDMdestory2.java:43: error: cannot find symbol
            new Thread().destroy();
                        ^
  symbol:   method destroy()
  location: class Thread
/home/yansendao/git/ArkTests/test/testsuite/ouroboros/thread_test/RT0182-rt-thread-ThreadDMdestory2/ThreadDMdestory2.java:59: error: cannot find symbol
            thread.destroy();
                  ^
  symbol:   method destroy()
  location: variable thread of type Thread
/home/yansendao/git/ArkTests/test/testsuite/ouroboros/thread_test/RT0182-rt-thread-ThreadDMdestory2/ThreadDMdestory2.java:79: error: cannot find symbol
            st.destroy();
              ^
  symbol:   method destroy()
  location: variable st of type SleepingThread
3 errors

TEST RESULT: Failed. Compilation failed: Compilation failed
--------------------------------------------------
TEST: test/testsuite/ouroboros/thread_test/RT0179-rt-thread-MonitorTestCase6/MonitorTestCase6.java
TEST RESULT: Passed. Execution successful
--------------------------------------------------
TEST: test/testsuite/ouroboros/thread_test/RT0161-rt-thread-ThreadholdsLock4/ThreadholdsLock4.java
TEST RESULT: Passed. Execution successful
--------------------------------------------------
TEST: test/testsuite/ouroboros/thread_test/RT0183-rt-thread-ThreadGetContextClassLoader/ThreadGetContextClassLoader.java
TEST RESULT: Passed. Execution successful
--------------------------------------------------
TEST: test/testsuite/ouroboros/thread_test/RT0165-rt-thread-ThreadsetUncaughtExceptionHandler2/ThreadSetUncaughtExceptionHandlerTest.java
TEST RESULT: Passed. Execution successful
--------------------------------------------------
TEST: test/testsuite/ouroboros/thread_test/RT0167-rt-thread-ThreadStatejoin17/ThreadStatejoin17.java
TEST RESULT: Passed. Execution successful
--------------------------------------------------
TEST: test/testsuite/ouroboros/thread_test/RT0163-rt-thread-ThreadsetContextClassLoader1/ThreadsetContextClassLoader1.java
TEST RESULT: Passed. Execution successful
--------------------------------------------------
TEST: test/testsuite/ouroboros/thread_test/RT0177-rt-thread-MonitorTestCase4/MonitorTestCase4.java
TEST RESULT: Passed. Execution successful
--------------------------------------------------
TEST: test/testsuite/ouroboros/thread_test/RT0174-rt-thread-ThreadConstructors12/ThreadConstructors12.java
TEST RESULT: Passed. Execution successful
--------------------------------------------------
TEST: test/testsuite/ouroboros/unsafe_test/RT0007-rt-unsafe-UnsafecompareAndSwapObjectTest/UnsafecompareAndSwapObjectTest.java
TEST RESULT: Passed. Execution successful
--------------------------------------------------
TEST: test/testsuite/ouroboros/unsafe_test/RT0003-rt-unsafe-UnsafearrayBaseOffsetTest/UnsafearrayBaseOffsetTest.java
TEST RESULT: Passed. Execution successful
--------------------------------------------------
TEST: test/testsuite/ouroboros/unsafe_test/RT0021-rt-unsafe-UnsafegetFloatTest/UnsafegetFloatTest.java
TEST RESULT: Passed. Execution successful
--------------------------------------------------
TEST: test/testsuite/ouroboros/unsafe_test/RT0006-rt-unsafe-UnsafecompareAndSwapLongTest/UnsafecompareAndSwapLongTest.java
TEST RESULT: Passed. Execution successful
--------------------------------------------------
TEST: test/testsuite/ouroboros/unsafe_test/RT0009-rt-unsafe-UnsafefreeMemoryTest/UnsafefreeMemoryTest.java
TEST RESULT: Passed. Execution successful
--------------------------------------------------
TEST: test/testsuite/ouroboros/unsafe_test/RT0001-rt-unsafe-UnsafegetIntVolatileTest/UnsafegetIntVolatileTest.java
TEST RESULT: Passed. Execution successful
--------------------------------------------------
TEST: test/testsuite/ouroboros/unsafe_test/RT0017-rt-unsafe-UnsafegetCharTest/UnsafegetCharTest.java
TEST RESULT: Passed. Execution successful
--------------------------------------------------
TEST: test/testsuite/ouroboros/thread_test/RT0112-rt-thread-TestThreadId/TestThreadId.java
TEST RESULT: Passed. Execution successful
--------------------------------------------------
TEST: test/testsuite/ouroboros/unsafe_test/RT0010-rt-unsafe-UnsafegetAndAddIntTest/UnsafegetAndAddIntTest.java
TEST RESULT: Passed. Execution successful
--------------------------------------------------
TEST: test/testsuite/ouroboros/unsafe_test/RT0002-rt-unsafe-UnsafeallocateMemoryTest/UnsafeallocateMemoryTest.java
TEST RESULT: Passed. Execution successful
--------------------------------------------------
TEST: test/testsuite/ouroboros/unsafe_test/RT0012-rt-unsafe-UnsafegetAndSetIntTest/UnsafegetAndSetIntTest.java
TEST RESULT: Passed. Execution successful
--------------------------------------------------
TEST: test/testsuite/ouroboros/unsafe_test/RT0016-rt-unsafe-UnsafegetCharByAddressTest/UnsafegetCharByAddressTest.java
TEST RESULT: Passed. Execution successful
--------------------------------------------------
TEST: test/testsuite/ouroboros/unsafe_test/RT0014-rt-unsafe-UnsafegetAndSetObjectTest/UnsafegetAndSetObjectTest.java
TEST RESULT: Passed. Execution successful
--------------------------------------------------
TEST: test/testsuite/ouroboros/unsafe_test/RT0005-rt-unsafe-UnsafecompareAndSwapIntTest/UnsafecompareAndSwapIntTest.java
TEST RESULT: Passed. Execution successful
--------------------------------------------------
TEST: test/testsuite/ouroboros/unsafe_test/RT0004-rt-unsafe-UnsafearrayIndexScaleTest/UnsafearrayIndexScaleTest.java
TEST RESULT: Passed. Execution successful
--------------------------------------------------
TEST: test/testsuite/ouroboros/unsafe_test/RT0022-rt-unsafe-UnsafegetIntByAddressTest/UnsafegetIntByAddressTest.java
TEST RESULT: Passed. Execution successful
--------------------------------------------------
TEST: test/testsuite/ouroboros/unsafe_test/RT0023-rt-unsafe-UnsafegetIntTest/UnsafegetIntTest.java
TEST RESULT: Passed. Execution successful
--------------------------------------------------
TEST: test/testsuite/ouroboros/unsafe_test/RT0011-rt-unsafe-UnsafegetAndAddLongTest/UnsafegetAndAddLongTest.java
TEST RESULT: Passed. Execution successful
--------------------------------------------------
TEST: test/testsuite/ouroboros/unsafe_test/RT0013-rt-unsafe-UnsafegetAndSetLongTest/UnsafegetAndSetLongTest.java
TEST RESULT: Passed. Execution successful
--------------------------------------------------
TEST: test/testsuite/ouroboros/unsafe_test/RT0015-rt-unsafe-UnsafegetBooleanTest/UnsafegetBooleanTest.java
TEST RESULT: Passed. Execution successful
--------------------------------------------------
TEST: test/testsuite/ouroboros/unsafe_test/RT0024-rt-unsafe-UnsafegetLongTest/UnsafegetLongTest.java
TEST RESULT: Passed. Execution successful
--------------------------------------------------
TEST: test/testsuite/ouroboros/thread_test/RT0176-rt-thread-MonitorTestCase2/MonitorTestCase2.java
TEST RESULT: Passed. Execution successful
--------------------------------------------------
TEST: test/testsuite/ouroboros/unsafe_test/RT0008-rt-unsafe-UnsafecopyMemoryTest/UnsafecopyMemoryTest.java
TEST RESULT: Passed. Execution successful
--------------------------------------------------
TEST: test/testsuite/ouroboros/thread_test/RT0147-rt-thread-ThreadTest1/ThreadTest.java
TEST RESULT: Passed. Execution successful
--------------------------------------------------
TEST: test/testsuite/ouroboros/thread_test/RT0135-rt-thread-StartOOMTest/StartOOMTest.java
TEST RESULT: Passed. Execution successful
--------------------------------------------------
TEST: test/testsuite/ouroboros/unsafe_test/RT0018-rt-unsafe-UnsafegetDoubleByAddressTest/UnsafegetDoubleByAddressTest.java
TEST RESULT: Passed. Execution successful
--------------------------------------------------
TEST: test/testsuite/ouroboros/unsafe_test/RT0030-rt-unsafe-UnsafeobjectFieldOffeset/UnsafeobjectFieldOffeset.java
TEST RESULT: Passed. Execution successful
--------------------------------------------------
TEST: test/testsuite/ouroboros/unsafe_test/RT0026-rt-unsafe-UnsafegetObjectTest/UnsafegetObjectTest.java
TEST RESULT: Passed. Execution successful
--------------------------------------------------
TEST: test/testsuite/ouroboros/unsafe_test/RT0025-rt-unsafe-UnsafegetLongVolatileTest/UnsafegetLongVolatileTest.java
TEST RESULT: Passed. Execution successful
--------------------------------------------------
TEST: test/testsuite/ouroboros/unsafe_test/RT0029-rt-unsafe-UnsafegetShortTest/UnsafegetShortTest.java
TEST RESULT: Passed. Execution successful
--------------------------------------------------
TEST: test/testsuite/ouroboros/unsafe_test/RT0027-rt-unsafe-UnsafegetObjectVolatileTest/UnsafegetObjectVolatileTest.java
TEST RESULT: Passed. Execution successful
--------------------------------------------------
TEST: test/testsuite/ouroboros/unsafe_test/RT0028-rt-unsafe-UnsafegetShortByAddressTest/UnsafegetShortByAddressTest.java
TEST RESULT: Passed. Execution successful
--------------------------------------------------
TEST: test/testsuite/ouroboros/thread_test/RT0178-rt-thread-MonitorTestCase5/MonitorTestCase5.java
TEST RESULT: Passed. Execution successful
--------------------------------------------------
TEST: test/testsuite/ouroboros/unsafe_test/RT0033-rt-unsafe-UnsafeputByteByAddressTest/UnsafeputByteByAddressTest.java
TEST RESULT: Passed. Execution successful
--------------------------------------------------
TEST: test/testsuite/ouroboros/unsafe_test/RT0035-rt-unsafe-UnsafeputCharTest/UnsafeputCharTest.java
TEST RESULT: Passed. Execution successful
--------------------------------------------------
TEST: test/testsuite/ouroboros/unsafe_test/RT0020-rt-unsafe-UnsafegetFloatByAddressTest/UnsafegetFloatByAddressTest.java
TEST RESULT: Passed. Execution successful
--------------------------------------------------
TEST: test/testsuite/ouroboros/unsafe_test/RT0019-rt-unsafe-UnsafegetDoubleTest/UnsafegetDoubleTest.java
TEST RESULT: Passed. Execution successful
--------------------------------------------------
TEST: test/testsuite/ouroboros/unsafe_test/RT0034-rt-unsafe-UnsafeputByteTest/UnsafeputByteTest.java
TEST RESULT: Passed. Execution successful
--------------------------------------------------
TEST: test/testsuite/ouroboros/unsafe_test/RT0032-rt-unsafe-UnsafeputBooleanTest/UnsafeputBooleanTest.java
TEST RESULT: Passed. Execution successful
--------------------------------------------------
TEST: test/testsuite/ouroboros/thread_test/RT0186-rt-Thread-getAllStackTraces-RecursiveCall/RecursiveCall.java
TEST RESULT: Passed. Execution successful
--------------------------------------------------
TEST: testsuite/java_test/app_test/APP0001-app-Application-Application-helloworld/HelloWorld.java
TEST RESULT: Passed. Execution successful
--------------------------------------------------
TEST: test/testsuite/ouroboros/thread_test/RT0175-rt-thread-MonitorTestCase1/MonitorTestCase1.java
TEST RESULT: Passed. Execution successful
--------------------------------------------------
TEST: test/testsuite/ouroboros/unsafe_test/RT0037-rt-unsafe-UnsafeputFloatTest/UnsafeputFloatTest.java
TEST RESULT: Passed. Execution successful
--------------------------------------------------
TEST: test/testsuite/ouroboros/unsafe_test/RT0039-rt-unsafe-UnsafeputIntVolatileTest/UnsafeputIntVolatileTest.java
TEST RESULT: Passed. Execution successful
--------------------------------------------------
TEST: test/testsuite/ouroboros/unsafe_test/RT0040-rt-unsafe-UnsafeputLongTest/UnsafeputLongTest.java
TEST RESULT: Passed. Execution successful
--------------------------------------------------
TEST: testsuite/java_test/arrayboundary_test/RT0007-rt-arrayboundary-ABCOemptyArray/ABCOemptyArray.java
TEST RESULT: Passed. Execution successful
--------------------------------------------------
TEST: test/testsuite/ouroboros/unsafe_test/RT0041-rt-unsafe-UnsafeputLongVolatileTest/UnsafeputLongVolatileTest.java
TEST RESULT: Passed. Execution successful
--------------------------------------------------
TEST: test/testsuite/ouroboros/unsafe_test/RT0043-rt-unsafe-UnsafeputObjectVolatileTest/UnsafeputObjectVolatileTest.java
TEST RESULT: Passed. Execution successful
--------------------------------------------------
TEST: testsuite/java_test/app_test/APP0002-app-Application-Application-ThreadhelloWorld/ThreadHelloWorld.java
TEST RESULT: Passed. Execution successful
--------------------------------------------------
TEST: test/testsuite/ouroboros/unsafe_test/RT0036-rt-unsafe-UnsafeputDoubleTest/UnsafeputDoubleTest.java
TEST RESULT: Passed. Execution successful
--------------------------------------------------
TEST: testsuite/java_test/arrayboundary_test/RT0005-rt-arrayboundary-ABCOcustomClass/ABCOcustomClass.java
TEST RESULT: Passed. Execution successful
--------------------------------------------------
TEST: test/testsuite/ouroboros/unsafe_test/RT0047-rt-unsafe-UnsafeputShortTest/UnsafeputShortTest.java
TEST RESULT: Passed. Execution successful
--------------------------------------------------
TEST: test/testsuite/ouroboros/unsafe_test/RT0038-rt-unsafe-UnsafeputIntTest/UnsafeputIntTest.java
TEST RESULT: Passed. Execution successful
--------------------------------------------------
TEST: test/testsuite/ouroboros/thread_test/RT0180-rt-thread-MonitorTestCase8/MonitorTestCase8.java
TEST RESULT: Passed. Execution successful
--------------------------------------------------
TEST: testsuite/java_test/arrayboundary_test/RT0006-rt-arrayboundary-ABCOdoWhile/ABCOdoWhile.java
TEST RESULT: Passed. Execution successful
--------------------------------------------------
TEST: testsuite/java_test/app_test/APP0003-app-Application-Application-reflection/HelloWorld.java
TEST RESULT: Passed. Execution successful
--------------------------------------------------
TEST: test/testsuite/ouroboros/unsafe_test/RT0048-rt-unsafe-UnsafesetMemoryTest/UnsafesetMemoryTest.java
TEST RESULT: Passed. Execution successful
--------------------------------------------------
TEST: testsuite/java_test/arrayboundary_test/RT0001-rt-arrayboundary-ABCOcatchArrayIndexOutOfBoundsException/ABCOcatchArrayIndexOutOfBoundsException.java
TEST RESULT: Passed. Execution successful
--------------------------------------------------
TEST: testsuite/java_test/arrayboundary_test/RT0003-rt-arrayboundary-ABCOcatchStringIndexOutOfBoundsException/ABCOcatchStringIndexOutOfBoundsException.java
TEST RESULT: Passed. Execution successful
--------------------------------------------------
TEST: test/testsuite/ouroboros/thread_test/RT0188-rt-Thread-getAllStackTraces-NullStackTrace/NullStackTrace.java
TEST RESULT: Passed. Execution successful
--------------------------------------------------
TEST: testsuite/java_test/arrayboundary_test/RT0002-rt-arrayboundary-ABCOcatchIndexOutOfBoundsException/ABCOcatchIndexOutOfBoundsException.java
TEST RESULT: Passed. Execution successful
--------------------------------------------------
TEST: testsuite/java_test/arrayboundary_test/RT0004-rt-arrayboundary-ABCOconstOperation/ABCOconstOperation.java
TEST RESULT: Passed. Execution successful
--------------------------------------------------
TEST: testsuite/java_test/arrayboundary_test/RT0008-rt-arrayboundary-ABCOemptyString/ABCOemptyString.java
TEST RESULT: Passed. Execution successful
--------------------------------------------------
TEST: test/testsuite/ouroboros/thread_test/RT0127-rt-thread-ThreadTest18/ThreadTest.java
TEST RESULT: Passed. Execution successful
--------------------------------------------------
TEST: test/testsuite/ouroboros/unsafe_test/RT0909-rt-unsafe-UnsafegetLongByAddressTest/UnsafegetLongByAddressTest.java
TEST RESULT: Passed. Execution successful
--------------------------------------------------
TEST: test/testsuite/ouroboros/unsafe_test/RT0042-rt-unsafe-UnsafeputObjectTest/UnsafeputObjectTest.java
TEST RESULT: Passed. Execution successful
--------------------------------------------------
TEST: testsuite/java_test/arrayboundary_test/RT0009-rt-arrayboundary-ABCOfor/ABCOfor.java
TEST RESULT: Passed. Execution successful
--------------------------------------------------
TEST: testsuite/java_test/arrayboundary_test/RT0012-rt-arrayboundary-ABCOglobalString/ABCOglobalString.java
TEST RESULT: Passed. Execution successful
--------------------------------------------------
TEST: test/testsuite/ouroboros/thread_test/RT0131-rt-thread-ThreadTest14/ThreadTest.java
TEST RESULT: Passed. Execution successful
--------------------------------------------------
TEST: testsuite/java_test/arrayboundary_test/RT0011-rt-arrayboundary-ABCOglobalIndex/ABCOglobalIndex.java
TEST RESULT: Passed. Execution successful
--------------------------------------------------
TEST: testsuite/java_test/arrayboundary_test/RT0010-rt-arrayboundary-ABCOglobalArray/ABCOglobalArray.java
TEST RESULT: Passed. Execution successful
--------------------------------------------------
TEST: test/testsuite/ouroboros/unsafe_test/RT0850-rt-unsafe-UnsafegetByteTest/UnsafegetByteTest.java
TEST RESULT: Passed. Execution successful
--------------------------------------------------
TEST: testsuite/java_test/arrayboundary_test/RT0016-rt-arrayboundary-ABCOindexDoWhile/ABCOindexDoWhile.java
TEST RESULT: Passed. Execution successful
--------------------------------------------------
TEST: testsuite/java_test/arrayboundary_test/RT0013-rt-arrayboundary-ABCOif/ABCOif.java
TEST RESULT: Passed. Execution successful
--------------------------------------------------
TEST: testsuite/java_test/arrayboundary_test/RT0014-rt-arrayboundary-ABCOincreaseArray/ABCOincreaseArray.java
TEST RESULT: Passed. Execution successful
--------------------------------------------------
TEST: testsuite/java_test/arrayboundary_test/RT0017-rt-arrayboundary-ABCOindexFor/ABCOindexFor.java
TEST RESULT: Passed. Execution successful
--------------------------------------------------
TEST: testsuite/java_test/arrayboundary_test/RT0018-rt-arrayboundary-ABCOindexFromArrayFromParam/ABCOindexFromArrayFromParam.java
TEST RESULT: Passed. Execution successful
--------------------------------------------------
TEST: testsuite/java_test/arrayboundary_test/RT0021-rt-arrayboundary-ABCOindexNesting/ABCOindexNesting.java
TEST RESULT: Passed. Execution successful
--------------------------------------------------
TEST: test/testsuite/ouroboros/thread_test/RT0096-rt-thread-ThreadTest23/ThreadTest.java
TEST RESULT: Passed. Execution successful
--------------------------------------------------
TEST: testsuite/java_test/arrayboundary_test/RT0015-rt-arrayboundary-ABCOindexAssociation/ABCOindexAssociation.java
TEST RESULT: Passed. Execution successful
--------------------------------------------------
TEST: testsuite/java_test/arrayboundary_test/RT0019-rt-arrayboundary-ABCOindexIf/ABCOindexIf.java
TEST RESULT: Passed. Execution successful
--------------------------------------------------
TEST: testsuite/java_test/arrayboundary_test/RT0032-rt-arrayboundary-ABCOreturnArray/ABCOreturnArray.java
TEST RESULT: Passed. Execution successful
--------------------------------------------------
TEST: testsuite/java_test/arrayboundary_test/RT0024-rt-arrayboundary-ABCOlistToArray/ABCOlistToArray.java
TEST RESULT: Passed. Execution successful
--------------------------------------------------
TEST: testsuite/java_test/arrayboundary_test/RT0023-rt-arrayboundary-ABCOlength/ABCOlength.java
TEST RESULT: Passed. Execution successful
--------------------------------------------------
TEST: testsuite/java_test/arrayboundary_test/RT0028-rt-arrayboundary-ABCOnormal/ABCOnormal.java
TEST RESULT: Passed. Execution successful
--------------------------------------------------
TEST: testsuite/java_test/arrayboundary_test/RT0029-rt-arrayboundary-ABCOparamIndex/ABCOparamIndex.java
TEST RESULT: Passed. Execution successful
--------------------------------------------------
TEST: testsuite/java_test/arrayboundary_test/RT0025-rt-arrayboundary-ABCOlocalArray/ABCOlocalArray.java
TEST RESULT: Passed. Execution successful
--------------------------------------------------
TEST: testsuite/java_test/arrayboundary_test/RT0033-rt-arrayboundary-ABCOreturnIndex/ABCOreturnIndex.java
TEST RESULT: Passed. Execution successful
--------------------------------------------------
TEST: testsuite/java_test/arrayboundary_test/RT0030-rt-arrayboundary-ABCOparam/ABCOparam.java
TEST RESULT: Passed. Execution successful
--------------------------------------------------
TEST: testsuite/java_test/arrayboundary_test/RT0022-rt-arrayboundary-ABCOindexSwitch/ABCOindexSwitch.java
TEST RESULT: Passed. Execution successful
--------------------------------------------------
TEST: testsuite/java_test/arrayboundary_test/RT0020-rt-arrayboundary-ABCOindexMutiLoop/ABCOindexMutiLoop.java
TEST RESULT: Passed. Execution successful
--------------------------------------------------
TEST: testsuite/java_test/arrayboundary_test/RT0041-rt-arrayboundary-ABCOStringMaxValue/ABCOStringMaxValue.java
TEST RESULT: Passed. Execution successful
--------------------------------------------------
TEST: testsuite/java_test/arrayboundary_test/RT0027-rt-arrayboundary-ABCOnewArraySize/ABCOnewArraySize.java
TEST RESULT: Passed. Execution successful
--------------------------------------------------
TEST: testsuite/java_test/arrayboundary_test/RT0026-rt-arrayboundary-ABCOlocalIndex/ABCOlocalIndex.java
TEST RESULT: Passed. Execution successful
--------------------------------------------------
TEST: testsuite/java_test/arrayboundary_test/RT0031-rt-arrayboundary-ABCOreflectArray/ABCOreflectArray.java
TEST RESULT: Passed. Execution successful
--------------------------------------------------
TEST: testsuite/java_test/arrayboundary_test/RT0034-rt-arrayboundary-ABCOreturnString/ABCOreturnString.java
TEST RESULT: Passed. Execution successful
--------------------------------------------------
TEST: testsuite/java_test/arrayboundary_test/RT0046-rt-arrayboundary-ABCOmaxValue/ABCOmaxValue.java
TEST RESULT: Passed. Execution successful
--------------------------------------------------
TEST: testsuite/java_test/arrayboundary_test/RT0045-rt-arrayboundary-ABCOtryExtEh/ABCOtryExtEh.java
TEST RESULT: Passed. Execution successful
--------------------------------------------------
TEST: testsuite/java_test/arrayboundary_test/RT0043-rt-arrayboundary-ABCOstringSwitch/ABCOstringSwitch.java
TEST RESULT: Passed. Execution successful
--------------------------------------------------
TEST: testsuite/java_test/arrayboundary_test/RT0039-rt-arrayboundary-ABCOstringIf/ABCOstringIf.java
TEST RESULT: Passed. Execution successful
--------------------------------------------------
TEST: testsuite/java_test/arrayboundary_test/RT0044-rt-arrayboundary-ABCOswitch/ABCOswitch.java
TEST RESULT: Passed. Execution successful
--------------------------------------------------
TEST: testsuite/java_test/arrayboundary_test/RT0042-rt-arrayboundary-ABCOstringMutiLoop/ABCOstringMutiLoop.java
TEST RESULT: Passed. Execution successful
--------------------------------------------------
TEST: testsuite/java_test/arrayboundary_test/RT0036-rt-arrayboundary-ABCOStringConstOperation/ABCOStringConstOperation.java
TEST RESULT: Passed. Execution successful
--------------------------------------------------
TEST: testsuite/java_test/clinit_test/RT0001-rt-clinit-clinit_base_001/ClinitBase001.java
TEST RESULT: Passed. Execution successful
--------------------------------------------------
TEST: testsuite/java_test/arrayboundary_test/RT0040-rt-arrayboundary-ABCOstringIndexNesting/ABCOstringIndexNesting.java
TEST RESULT: Passed. Execution successful
--------------------------------------------------
TEST: testsuite/java_test/arrayboundary_test/RT0038-rt-arrayboundary-ABCOstringFor/ABCOstringFor.java
TEST RESULT: Passed. Execution successful
--------------------------------------------------
TEST: testsuite/java_test/arrayboundary_test/RT0048-rt-arrayboundary-ABCOwhileString/ABCOwhileString.java
TEST RESULT: Passed. Execution successful
--------------------------------------------------
TEST: testsuite/java_test/arrayboundary_test/RT0035-rt-arrayboundary-ABCOStringBuilderCatchEx/ABCOStringBuilderCatchEx.java
TEST RESULT: Passed. Execution successful
--------------------------------------------------
TEST: testsuite/java_test/clinit_test/RT0003-rt-clinit-clinit_base_003/ClinitBase003.java
TEST RESULT: Passed. Execution successful
--------------------------------------------------
TEST: testsuite/java_test/clinit_test/RT0002-rt-clinit-clinit_base_002/ClinitBase002.java
TEST RESULT: Passed. Execution successful
--------------------------------------------------
TEST: testsuite/java_test/compact_test/issue-0000-rt-compact-ReflectionforName2/ReflectionForName2.java
TEST RESULT: Passed. Execution successful
--------------------------------------------------
TEST: testsuite/java_test/clinit_test/RT0010-rt-clinit-clinit_seq_002/ClinitSeq002.java
TEST RESULT: Passed. Execution successful
--------------------------------------------------
TEST: testsuite/java_test/arrayboundary_test/RT0047-rt-arrayboundary-ABCOwhile/ABCOwhile.java
TEST RESULT: Passed. Execution successful
--------------------------------------------------
TEST: testsuite/java_test/clinit_test/RT0009-rt-clinit-clinit_seq_001/ClinitSeq001.java
TEST RESULT: Passed. Execution successful
--------------------------------------------------
TEST: testsuite/java_test/clinit_test/RT0004-rt-clinit-clinit_base_004/ClinitBase004.java
TEST RESULT: Passed. Execution successful
--------------------------------------------------
TEST: testsuite/java_test/clinit_test/RT0006-rt-clinit-clinit_base_006/ClinitBase006.java
TEST RESULT: Passed. Execution successful
--------------------------------------------------
TEST: testsuite/java_test/clinit_test/RT0005-rt-clinit-clinit_base_005/ClinitBase005.java
TEST RESULT: Passed. Execution successful
--------------------------------------------------
TEST: testsuite/java_test/clinit_test/RT0007-rt-clinit-clinit_base_007/ClinitBase007.java
TEST RESULT: Passed. Execution successful
--------------------------------------------------
TEST: testsuite/java_test/clinit_test/RT0008-rt-clinit-clinit_base_008/ClinitBase008.java
TEST RESULT: Passed. Execution successful
--------------------------------------------------
TEST: testsuite/java_test/clinit_test/RT0011-rt-clinit-clinit_seq_003/ClinitSeq003.java
TEST RESULT: Passed. Execution successful
--------------------------------------------------
TEST: testsuite/java_test/clinit_test/RT0018-rt-clinit-clinit_gc_001/ClinitGC001.java
TEST RESULT: Passed. Execution successful
--------------------------------------------------
TEST: testsuite/java_test/compact_test/RT0001-rt-compact-ReflectingetConstructor1/ReflectingGetConstructor1.java
TEST RESULT: Passed. Execution successful
--------------------------------------------------
TEST: testsuite/java_test/clinit_test/RT0012-rt-clinit-clinit_seq_004/ClinitSeq004.java
TEST RESULT: Passed. Execution successful
--------------------------------------------------
TEST: testsuite/java_test/compact_test/RT0005-rt-compact-ReflectingetDeclaredConstructor2/ReflectingGetDeclaredConstructor2.java
TEST RESULT: Passed. Execution successful
--------------------------------------------------
TEST: testsuite/java_test/clinit_test/RT0013-rt-clinit-clinit_seq_005/ClinitSeq005.java
TEST RESULT: Passed. Execution successful
--------------------------------------------------
TEST: testsuite/java_test/compact_test/issue-RT0096-rt-compact-ReflectionforName3/ReflectionForName3.java
TEST RESULT: Passed. Execution successful
--------------------------------------------------
TEST: testsuite/java_test/compact_test/RT0010-rt-compact-Reflectioncast1/ReflectionCast1.java
TEST RESULT: Passed. Execution successful
--------------------------------------------------
TEST: test/testsuite/ouroboros/thread_test/RT0144-rt-thread-ThreadTest10/ThreadTest.java
TEST RESULT: Passed. Execution successful
--------------------------------------------------
TEST: testsuite/java_test/compact_test/RT0014-rt-compact-ReflectiondesiredAssertionStatus/ReflectionDesiredAssertionStatus.java
TEST RESULT: Passed. Execution successful
--------------------------------------------------
TEST: testsuite/java_test/compact_test/RT0011-rt-compact-Reflectioncast2/ReflectionCast2.java
TEST RESULT: Passed. Execution successful
--------------------------------------------------
TEST: testsuite/java_test/arrayboundary_test/RT0037-rt-arrayboundary-ABCOstringDoWhile/ABCOstringDoWhile.java
TEST RESULT: Passed. Execution successful
--------------------------------------------------
TEST: testsuite/java_test/compact_test/RT0003-rt-compact-ReflectingetConstructors/ReflectingGetConstructors.java
TEST RESULT: Passed. Execution successful
--------------------------------------------------
TEST: testsuite/java_test/compact_test/RT0012-rt-compact-Reflectioncast3/ReflectionCast3.java
TEST RESULT: Passed. Execution successful
--------------------------------------------------
TEST: testsuite/java_test/compact_test/issue-RT0894-rt-compact-ClinitFieldSetDoubleInterface/ClassInitFieldSetDoubleInterface.java
TEST RESULT: Passed. Execution successful
--------------------------------------------------
TEST: testsuite/java_test/compact_test/RT0006-rt-compact-ReflectingetDeclaredConstructors/ReflectingGetDeclaredConstructors.java
TEST RESULT: Passed. Execution successful
--------------------------------------------------
TEST: testsuite/java_test/compact_test/RT0009-rt-compact-ReflectionasSubclass3/ReflectionAsSubclass3.java
TEST RESULT: Passed. Execution successful
--------------------------------------------------
TEST: testsuite/java_test/compact_test/issue-RT0893-rt-compact-ClinitFieldSetCharInterface/ClassInitFieldSetCharInterface.java
TEST RESULT: Passed. Execution successful
--------------------------------------------------
TEST: testsuite/java_test/compact_test/RT0004-rt-compact-ReflectingetDeclaredConstructor1/ReflectingGetDeclaredConstructor1.java
TEST RESULT: Passed. Execution successful
--------------------------------------------------
TEST: testsuite/java_test/clinit_test/RT0016-rt-clinit-clinit_eh_003/ClinitEh003.java
TEST RESULT: Passed. Execution successful
--------------------------------------------------
TEST: testsuite/java_test/compact_test/RT0013-rt-compact-Reflectioncast4/ReflectionCast4.java
TEST RESULT: Passed. Execution successful
--------------------------------------------------
TEST: testsuite/java_test/compact_test/RT0008-rt-compact-ReflectionasSubclass2/ReflectionAsSubclass2.java
TEST RESULT: Passed. Execution successful
--------------------------------------------------
TEST: testsuite/java_test/compact_test/RT0002-rt-compact-ReflectingetConstructor2/ReflectingGetConstructor2.java
TEST RESULT: Passed. Execution successful
--------------------------------------------------
TEST: testsuite/java_test/compact_test/RT0015-rt-compact-ReflectionforName1/ReflectionForName1.java
TEST RESULT: Passed. Execution successful
--------------------------------------------------
TEST: testsuite/java_test/compact_test/RT0007-rt-compact-ReflectionasSubclass1/ReflectionAsSubclass1.java
TEST RESULT: Passed. Execution successful
--------------------------------------------------
TEST: testsuite/java_test/clinit_test/RT0014-rt-clinit-clinit_eh_001/ClinitEh001.java
TEST RESULT: Passed. Execution successful
--------------------------------------------------
TEST: testsuite/java_test/clinit_test/RT0015-rt-clinit-clinit_eh_002/ClinitEh002.java
TEST RESULT: Passed. Execution successful
--------------------------------------------------
TEST: test/testsuite/ouroboros/thread_test/RT0100-rt-thread-ThreadTest34/ThreadTest.java
TEST RESULT: Passed. Execution successful
--------------------------------------------------
TEST: testsuite/java_test/clinit_test/RT0017-rt-clinit-clinit_thread_001/ClinitThread001.java
TEST RESULT: Passed. Execution successful
--------------------------------------------------
TEST: test/testsuite/ouroboros/thread_test/RT0104-rt-thread-ThreadTest38/ThreadTest.java
TEST RESULT: Passed. Execution successful
--------------------------------------------------
TEST: test/testsuite/ouroboros/rc_test/RC0345-rc-rp-single_or_more/Ref_Processor_Single_Or_More_Weak_Ref.java
TEST RESULT: Passed. Execution successful
--------------------------------------------------
TEST: testsuite/java_test/compact_test/RT0023-rt-compact-ReflectiongetAnnotation6/ReflectionGetAnnotation6.java
TEST RESULT: Passed. Execution successful
--------------------------------------------------
TEST: testsuite/java_test/compact_test/RT0028-rt-compact-ReflectiongetCanonicalName/ReflectionGetCanonicalName.java
TEST RESULT: Passed. Execution successful
--------------------------------------------------
TEST: testsuite/java_test/compact_test/RT0016-rt-compact-ReflectionforName4/ReflectionForName4.java
TEST RESULT: Passed. Execution successful
--------------------------------------------------
TEST: testsuite/java_test/compact_test/RT0024-rt-compact-ReflectiongetAnnotation7/ReflectionGetAnnotation7.java
TEST RESULT: Passed. Execution successful
--------------------------------------------------
TEST: testsuite/java_test/compact_test/RT0018-rt-compact-ReflectiongetAnnotation1/ReflectionGetAnnotation1.java
TEST RESULT: Passed. Execution successful
--------------------------------------------------
TEST: testsuite/java_test/compact_test/RT0029-rt-compact-ReflectiongetComponentType/ReflectionGetComponentType.java
TEST RESULT: Passed. Execution successful
--------------------------------------------------
TEST: testsuite/java_test/compact_test/RT0021-rt-compact-ReflectiongetAnnotation4/ReflectionGetAnnotation4.java
TEST RESULT: Passed. Execution successful
--------------------------------------------------
TEST: testsuite/java_test/compact_test/RT0019-rt-compact-ReflectiongetAnnotation2/ReflectionGetAnnotation2.java
TEST RESULT: Passed. Execution successful
--------------------------------------------------
TEST: testsuite/java_test/compact_test/RT0017-rt-compact-ReflectionforName5/ReflectionForName5.java
TEST RESULT: Passed. Execution successful
--------------------------------------------------
TEST: testsuite/java_test/compact_test/RT0030-rt-compact-ReflectiongetDeclaredAnnotations1/ReflectionGetDeclaredAnnotations1.java
TEST RESULT: Passed. Execution successful
--------------------------------------------------
TEST: testsuite/java_test/compact_test/RT0020-rt-compact-ReflectiongetAnnotation3/ReflectionGetAnnotation3.java
TEST RESULT: Passed. Execution successful
--------------------------------------------------
TEST: testsuite/java_test/compact_test/RT0033-rt-compact-ReflectionGetDeclaredAnnotationsByTypeNullPointerException/ReflectionGetDeclaredAnnotationsByTypeNullPointerException.java
TEST RESULT: Passed. Execution successful
--------------------------------------------------
TEST: testsuite/java_test/compact_test/RT0040-rt-compact-ReflectiongetDeclaredMethod2/ReflectionGetDeclaredMethod2.java
TEST RESULT: Passed. Execution successful
--------------------------------------------------
TEST: testsuite/java_test/compact_test/RT0022-rt-compact-ReflectiongetAnnotation5/ReflectionGetAnnotation5.java
TEST RESULT: Passed. Execution successful
--------------------------------------------------
TEST: testsuite/java_test/compact_test/RT0034-rt-compact-ReflectiongetDeclaredClasses/ReflectionGetDeclaredClasses.java
TEST RESULT: Passed. Execution successful
--------------------------------------------------
TEST: testsuite/java_test/compact_test/RT0032-rt-compact-ReflectiongetDeclaredAnnotationsByType1/ReflectionGetDeclaredAnnotationsByType1.java
TEST RESULT: Passed. Execution successful
--------------------------------------------------
TEST: testsuite/java_test/compact_test/RT0035-rt-compact-ReflectiongetDeclaredField1/ReflectionGetDeclaredField1.java
TEST RESULT: Passed. Execution successful
--------------------------------------------------
TEST: testsuite/java_test/compact_test/RT0048-rt-compact-ReflectiongetField1/ReflectionGetField1.java
TEST RESULT: Passed. Execution successful
--------------------------------------------------
TEST: testsuite/java_test/compact_test/RT0025-rt-compact-ReflectiongetAnnotationsByType1/ReflectionGetAnnotationsByType1.java
TEST RESULT: Passed. Execution successful
--------------------------------------------------
TEST: testsuite/java_test/compact_test/RT0031-rt-compact-ReflectiongetDeclaredAnnotations2/ReflectionGetDeclaredAnnotations2.java
TEST RESULT: Passed. Execution successful
--------------------------------------------------
TEST: testsuite/java_test/compact_test/RT0039-rt-compact-ReflectiongetDeclaredMethod1/ReflectionGetDeclaredMethod1.java
TEST RESULT: Passed. Execution successful
--------------------------------------------------
TEST: testsuite/java_test/compact_test/RT0037-rt-compact-ReflectiongetDeclaredFields1/ReflectionGetDeclaredFields1.java
TEST RESULT: Passed. Execution successful
--------------------------------------------------
TEST: testsuite/java_test/compact_test/RT0026-rt-compact-ReflectiongetAnnotationsByType2/ReflectionGetAnnotationsByType2.java
TEST RESULT: Passed. Execution successful
--------------------------------------------------
TEST: testsuite/java_test/compact_test/RT0049-rt-compact-ReflectiongetField2/ReflectionGetField2.java
TEST RESULT: Passed. Execution successful
--------------------------------------------------
TEST: testsuite/java_test/compact_test/RT0044-rt-compact-ReflectiongetDeclaringClass/ReflectionGetDeclaringClass.java
TEST RESULT: Passed. Execution successful
--------------------------------------------------
TEST: testsuite/java_test/compact_test/RT0045-rt-compact-ReflectiongetEnclosingClass1/ReflectionGetEnclosingClass1.java
TEST RESULT: Passed. Execution successful
--------------------------------------------------
TEST: testsuite/java_test/compact_test/RT0046-rt-compact-ReflectiongetEnclosingClass2/ReflectionGetEnclosingClass2.java
TEST RESULT: Passed. Execution successful
--------------------------------------------------
TEST: testsuite/java_test/compact_test/RT0042-rt-compact-ReflectiongetDeclaredMethods1/ReflectionGetDeclaredMethods1.java
TEST RESULT: Passed. Execution successful
--------------------------------------------------
TEST: testsuite/java_test/compact_test/RT0038-rt-compact-ReflectiongetDeclaredFields2/ReflectionGetDeclaredFields.java
TEST RESULT: Passed. Execution successful
--------------------------------------------------
TEST: testsuite/java_test/compact_test/RT0036-rt-compact-ReflectionGetDeclaredFieldNullPointerException/ReflectionGetDeclaredFieldNullPointerException.java
TEST RESULT: Passed. Execution successful
--------------------------------------------------
TEST: testsuite/java_test/compact_test/RT0027-rt-compact-ReflectiongetAnnotationsByType3/ReflectionGetAnnotationsByType3.java
TEST RESULT: Passed. Execution successful
--------------------------------------------------
TEST: testsuite/java_test/compact_test/RT0043-rt-compact-ReflectiongetDeclaredMethods2/ReflectionGetDeclaredMethods2.java
TEST RESULT: Passed. Execution successful
--------------------------------------------------
TEST: testsuite/java_test/compact_test/RT0061-rt-compact-ReflectionisPrimitive/ReflectionIsPrimitive.java
TEST RESULT: Passed. Execution successful
--------------------------------------------------
TEST: testsuite/java_test/compact_test/RT0041-rt-compact-ReflectiongetDeclaredMethod3/ReflectionGetDeclaredMethod3.java
TEST RESULT: Passed. Execution successful
--------------------------------------------------
TEST: testsuite/java_test/compact_test/RT0057-rt-compact-ReflectionisAssignableFrom1/ReflectionIsAssignableFrom1.java
TEST RESULT: Passed. Execution successful
--------------------------------------------------
TEST: testsuite/java_test/compact_test/RT0052-rt-compact-ReflectiongetMethod2/ReflectionGetMethod2.java
TEST RESULT: Passed. Execution successful
--------------------------------------------------
TEST: testsuite/java_test/compact_test/RT0060-rt-compact-ReflectionisMemberClass/ReflectionIsMemberClass.java
TEST RESULT: Passed. Execution successful
--------------------------------------------------
TEST: testsuite/java_test/compact_test/RT0062-rt-compact-ReflectionisSynthetic/ReflectionIsSynthetic.java
TEST RESULT: Passed. Execution successful
--------------------------------------------------
TEST: testsuite/java_test/compact_test/RT0053-rt-compact-ReflectiongetSigners/ReflectionGetSigners.java
TEST RESULT: Passed. Execution successful
--------------------------------------------------
TEST: testsuite/java_test/compact_test/RT0055-rt-compact-ReflectiongetTypeParameters/ReflectionGetTypeParameters.java
TEST RESULT: Passed. Execution successful
--------------------------------------------------
TEST: testsuite/java_test/compact_test/RT0047-rt-compact-ReflectiongetEnumConstants/ReflectionGetEnumConstants.java
TEST RESULT: Passed. Execution successful
--------------------------------------------------
TEST: testsuite/java_test/compact_test/RT0054-rt-compact-ReflectiongetSimpleName/ReflectionGetSimpleName.java
TEST RESULT: Passed. Execution successful
--------------------------------------------------
TEST: testsuite/java_test/compact_test/RT0063-rt-compact-ReflectionnewInstance1/ReflectionNewInstance1.java
TEST RESULT: Passed. Execution successful
--------------------------------------------------
TEST: testsuite/java_test/compact_test/RT0058-rt-compact-ReflectionisAssignableFrom2/ReflectionIsAssignableFromNullPointerException.java
TEST RESULT: Passed. Execution successful
--------------------------------------------------
TEST: testsuite/java_test/compact_test/RT0065-rt-compact-ReflectiontoGenericString/ReflectionToGenericString.java
TEST RESULT: Passed. Execution successful
--------------------------------------------------
TEST: testsuite/java_test/compact_test/RT0056-rt-compact-ReflectionisArray/ReflectionIsArray.java
TEST RESULT: Passed. Execution successful
--------------------------------------------------
TEST: testsuite/java_test/compact_test/RT0064-rt-compact-ReflectionnewInstance2/ReflectionNewInstanceInstantiationExceptionIllegalAccessException.java
TEST RESULT: Passed. Execution successful
--------------------------------------------------
TEST: testsuite/java_test/compact_test/RT0059-rt-compact-ReflectionisLocalClass/ReflectionIsLocalClass.java
TEST RESULT: Passed. Execution successful
--------------------------------------------------
TEST: testsuite/java_test/compact_test/RT0066-rt-compact-ReflectiontoString/ReflectionToString.java
TEST RESULT: Passed. Execution successful
--------------------------------------------------
TEST: test/testsuite/ouroboros/thread_test/RT0105-rt-thread-ThreadTest30/ThreadTest.java
TEST RESULT: Passed. Execution successful
--------------------------------------------------
TEST: testsuite/java_test/compact_test/RT0073-rt-compact-RTConstructortoGenericString/RTConstructorToGenericString1.java
TEST RESULT: Passed. Execution successful
--------------------------------------------------
TEST: testsuite/java_test/compact_test/RT0051-rt-compact-ReflectiongetMethod1/ReflectionGetMethod1.java
TEST RESULT: Passed. Execution successful
--------------------------------------------------
TEST: testsuite/java_test/compact_test/RT0083-rt-compact-RTFieldgetType/RTFieldGetType.java
TEST RESULT: Passed. Execution successful
--------------------------------------------------
TEST: testsuite/java_test/compact_test/RT0050-rt-compact-ReflectiongetFields/ReflectionGetFields.java
TEST RESULT: Passed. Execution successful
--------------------------------------------------
TEST: testsuite/java_test/compact_test/RT0077-rt-compact-RTFieldgetAnnotation/RTFieldGetAnnotation1.java
TEST RESULT: Passed. Execution successful
--------------------------------------------------
TEST: testsuite/java_test/compact_test/RT0070-rt-compact-RTConstructorgetDeclaredAnnotations2/RTConstructorGetDeclaredAnnotations2.java
TEST RESULT: Passed. Execution successful
--------------------------------------------------
TEST: testsuite/java_test/compact_test/RT0072-rt-compact-RTConstructorgetTypeParameters/RTConstructorGetTypeParameters.java
TEST RESULT: Passed. Execution successful
--------------------------------------------------
TEST: testsuite/java_test/compact_test/RT0082-rt-compact-RTFieldgetName/RTFieldGetName.java
TEST RESULT: Passed. Execution successful
--------------------------------------------------
TEST: testsuite/java_test/compact_test/RT0071-rt-compact-RTConstructorgetExceptionTypes/RTConstructorGetExceptionTypes.java
TEST RESULT: Passed. Execution successful
--------------------------------------------------
TEST: testsuite/java_test/compact_test/RT0076-rt-compact-RTFieldget3/RTFieldGet3.java
TEST RESULT: Passed. Execution successful
--------------------------------------------------
TEST: testsuite/java_test/compact_test/RT0079-rt-compact-RTFieldgetDeclaredAnnotations2/RTFieldGetDeclaredAnnotations2.java
TEST RESULT: Passed. Execution successful
--------------------------------------------------
TEST: testsuite/java_test/compact_test/RT0080-rt-compact-RTFieldgetDeclaringClass/RTFieldGetDeclaringClass.java
TEST RESULT: Passed. Execution successful
--------------------------------------------------
TEST: test/testsuite/ouroboros/rc_test/RC0459-rc-GC-TriggerGCTest03/TriggerGCTest03.java
TEST RESULT: Passed. Execution successful
--------------------------------------------------
TEST: testsuite/java_test/compact_test/RT0081-rt-compact-RTFieldgetModifiers/RTFieldGetModifiers.java
TEST RESULT: Passed. Execution successful
--------------------------------------------------
TEST: testsuite/java_test/compact_test/RT0086-rt-compact-RTFieldset3/RTFieldSet3.java
TEST RESULT: Passed. Execution successful
--------------------------------------------------
TEST: testsuite/java_test/compact_test/RT0075-rt-compact-RTFieldget2/RTFieldGet2.java
TEST RESULT: Passed. Execution successful
--------------------------------------------------
TEST: testsuite/java_test/compact_test/RT0068-rt-compact-RTConstructorgetAnnotation2/RTConstructorGetAnnotation2.java
TEST RESULT: Passed. Execution successful
--------------------------------------------------
TEST: testsuite/java_test/compact_test/RT0084-rt-compact-RTFieldset1/RTFieldSet1.java
TEST RESULT: Passed. Execution successful
--------------------------------------------------
TEST: testsuite/java_test/compact_test/RT0067-rt-compact-RTConstructorgetAnnotation1/RTConstructorGetAnnotation1.java
TEST RESULT: Passed. Execution successful
--------------------------------------------------
TEST: testsuite/java_test/compact_test/RT0078-rt-compact-RTFieldgetDeclaredAnnotations1/RTFieldGetDeclaredAnnotations1.java
TEST RESULT: Passed. Execution successful
--------------------------------------------------
TEST: testsuite/java_test/compact_test/RT0074-rt-compact-RTFieldget1/RTFieldGet1.java
TEST RESULT: Passed. Execution successful
--------------------------------------------------
TEST: testsuite/java_test/compact_test/RT0089-rt-compact-RTFieldtoString/RTFieldToString.java
TEST RESULT: Passed. Execution successful
--------------------------------------------------
TEST: testsuite/java_test/compact_test/RT0087-rt-compact-RTFieldset4/RTFieldSet4.java
TEST RESULT: Passed. Execution successful
--------------------------------------------------
TEST: testsuite/java_test/compact_test/RT0088-rt-compact-RTFieldtoGenericString/RTFieldToGenericString.java
TEST RESULT: Passed. Execution successful
--------------------------------------------------
TEST: testsuite/java_test/compact_test/RT0085-rt-compact-RTFieldset2/RTFieldSet2.java
TEST RESULT: Passed. Execution successful
--------------------------------------------------
TEST: testsuite/java_test/compact_test/RT0096-rt-compact-RTMethodgetTypeParameters/RTMethodGetTypeParameters.java
TEST RESULT: Passed. Execution successful
--------------------------------------------------
TEST: testsuite/java_test/compact_test/RT0069-rt-compact-RTConstructorgetDeclaredAnnotations1/RTConstructorGetDeclaredAnnotations1.java
TEST RESULT: Passed. Execution successful
--------------------------------------------------
TEST: testsuite/java_test/compact_test/RT0091-rt-compact-RTMethodgetAnnotation2/RTMethodGetAnnotation2.java
TEST RESULT: Passed. Execution successful
--------------------------------------------------
TEST: testsuite/java_test/compact_test/RT0090-rt-compact-RTMethodgetAnnotation1/RTMethodGetAnnotation1.java
TEST RESULT: Passed. Execution successful
--------------------------------------------------
TEST: testsuite/java_test/compact_test/RT0099-rt-compact-RTModifierparameterModifiers/RTModifierParameterModifiers.java
TEST RESULT: Passed. Execution successful
--------------------------------------------------
TEST: testsuite/java_test/compact_test/RT0098-rt-compact-RTMethontoGenericString/RTMethodToGenericString.java
TEST RESULT: Passed. Execution successful
--------------------------------------------------
TEST: testsuite/java_test/compact_test/RT0093-rt-compact-RTMethodgetDeclaredAnnotations2/RTMethodGetDeclaredAnnotations2.java
TEST RESULT: Passed. Execution successful
--------------------------------------------------
TEST: testsuite/java_test/compact_test/RT0095-rt-compact-RTMethodgetParameterCount/RTMethodGetParameterCount.java
TEST RESULT: Passed. Execution successful
--------------------------------------------------
TEST: test/testsuite/ouroboros/thread_test/RT0148-rt-thread-ThreadTest37/ThreadTest.java
TEST RESULT: Passed. Execution successful
--------------------------------------------------
TEST: testsuite/java_test/compact_test/RT0102-rt-compact-RTParametergetAnnotations1/RTParameterGetAnnotations1.java
TEST RESULT: Passed. Execution successful
--------------------------------------------------
TEST: testsuite/java_test/compact_test/RT0097-rt-compact-RTMethonisDefault/RTMethodIsDefault.java
TEST RESULT: Passed. Execution successful
--------------------------------------------------
TEST: testsuite/java_test/compact_test/RT0111-rt-compact-reflectClasssetisAssignableFrom/ClassIsAssignableFromNPE.java
TEST RESULT: Passed. Execution successful
--------------------------------------------------
TEST: testsuite/java_test/compact_test/RT0094-rt-compact-RTMethodgetDefaultValue1/RTMethodGetDefaultValue1.java
TEST RESULT: Passed. Execution successful
--------------------------------------------------
TEST: testsuite/java_test/compact_test/RT0092-rt-compact-RTMethodgetDeclaredAnnotations1/RTMethodGetDeclaredAnnotations1.java
TEST RESULT: Passed. Execution successful
--------------------------------------------------
TEST: test/testsuite/ouroboros/thread_test/RT0106-rt-thread-ThreadTest28/ThreadTest.java
TEST RESULT: Passed. Execution successful
--------------------------------------------------
TEST: testsuite/java_test/compact_test/RT0108-rt-compact-RTParametergetDeclaredAnnotationsByType1/RTParameterGetDeclaredAnnotationsByType1.java
TEST RESULT: Passed. Execution successful
--------------------------------------------------
TEST: testsuite/java_test/compact_test/RT0107-rt-compact-RTParametergetDeclaredAnnotations2/RTParameterGetDeclaredAnnotations2.java
TEST RESULT: Passed. Execution successful
--------------------------------------------------
TEST: testsuite/java_test/compact_test/RT0105-rt-compact-RTParametergetDeclaredAnnotation1/RTParameterGetDeclaredAnnotation1.java
TEST RESULT: Passed. Execution successful
--------------------------------------------------
TEST: testsuite/java_test/compact_test/RT0101-rt-compact-RTParametergetAnnotation2/RTParameterGetAnnotation2.java
TEST RESULT: Passed. Execution successful
--------------------------------------------------
TEST: testsuite/java_test/compact_test/RT0109-rt-compact-RTProxygetProxyClass1/RTProxyGetProxyClass1.java
TEST RESULT: Passed. Execution successful
--------------------------------------------------
TEST: testsuite/java_test/compact_test/RT0103-rt-compact-RTParametergetAnnotationsByType1/RTParameterGetAnnotationsByType1.java
TEST RESULT: Passed. Execution successful
--------------------------------------------------
TEST: testsuite/java_test/compact_test/RT0110-rt-compact-ClassgetDeclaredAnnotationNPE/ClassGetDeclaredAnnotationNPE.java
TEST RESULT: Passed. Execution successful
--------------------------------------------------
TEST: testsuite/java_test/compact_test/RT0104-rt-compact-RTParametergetAnnotationsByType2/RTParameterGetAnnotationsByType2.java
TEST RESULT: Passed. Execution successful
--------------------------------------------------
TEST: testsuite/java_test/compact_test/RT0100-rt-compact-RTParametergetAnnotation1/RTParameterGetAnnotation1.java
TEST RESULT: Passed. Execution successful
--------------------------------------------------
TEST: testsuite/java_test/compact_test/RT0124-rt-compact-FieldGetAnnotation/FieldGetAnnotation.java
TEST RESULT: Passed. Execution successful
--------------------------------------------------
TEST: testsuite/java_test/compact_test/RT0106-rt-compact-RTParametergetDeclaredAnnotations1/RTParameterGetDeclaredAnnotations1.java
TEST RESULT: Passed. Execution successful
--------------------------------------------------
TEST: testsuite/java_test/compact_test/RT0112-rt-compact-ClassGetAnnotationsByType/ClassGetAnnotationsByType.java
TEST RESULT: Passed. Execution successful
--------------------------------------------------
TEST: testsuite/java_test/compact_test/RT0113-rt-compact-ClassGetCanonicalName/ClassGetCanonicalName.java
TEST RESULT: Passed. Execution successful
--------------------------------------------------
TEST: test/testsuite/ouroboros/rc_test/RC0265-rc-function-ROSAlloc-Alloc_B256x8B/Alloc_B256x8B.java
TEST RESULT: Passed. Execution successful
--------------------------------------------------
TEST: testsuite/java_test/compact_test/RT0114-rt-compact-ClassGetEnclosingClass/ClassGetEnclosingClass.java
TEST RESULT: Passed. Execution successful
--------------------------------------------------
TEST: testsuite/java_test/compact_test/RT0123-rt-compact-ConstructorToGenericString/ConstructorToGenericString.java
TEST RESULT: Passed. Execution successful
--------------------------------------------------
TEST: test/testsuite/ouroboros/thread_test/RT0136-rt-thread-ThreadTest29/ThreadTest.java
TEST RESULT: Passed. Execution successful
--------------------------------------------------
TEST: testsuite/java_test/compact_test/RT0116-rt-compact-ClassGetSimpleName/ClassGetSimpleName.java
TEST RESULT: Passed. Execution successful
--------------------------------------------------
TEST: testsuite/java_test/compact_test/RT0129-rt-compact-MethodGetAnnotation/MethodGetAnnotation.java
TEST RESULT: Passed. Execution successful
--------------------------------------------------
TEST: testsuite/java_test/compact_test/RT0118-rt-compact-ClassToGenericString/ClassToGenericString.java
TEST RESULT: Passed. Execution successful
--------------------------------------------------
TEST: test/testsuite/ouroboros/unsafe_test/issue-RT0935-rt-unsafe-UnsafeunparkTest/UnsafeunparkTest.java
TEST RESULT: Passed. Execution successful
--------------------------------------------------
TEST: testsuite/java_test/compact_test/RT0115-rt-compact-ClassGetEnumConstants/ClassGetEnumConstants.java
TEST RESULT: Passed. Execution successful
--------------------------------------------------
TEST: testsuite/java_test/compact_test/RT0121-rt-compact-ConstructorGetExceptionTypes/ConstructorGetExceptionTypes.java
TEST RESULT: Passed. Execution successful
--------------------------------------------------
TEST: testsuite/java_test/clinit_test/issue-RT0019-rt-clinit-clinit_thread_003/ClinitThread003.java
TEST RESULT: Passed. Execution successful
--------------------------------------------------
TEST: testsuite/java_test/compact_test/RT0122-rt-compact-ConstructorGetTypeParameters/ConstructorGetTypeParameters.java
TEST RESULT: Passed. Execution successful
--------------------------------------------------
TEST: testsuite/java_test/compact_test/RT0117-rt-compact-ClassGetTypeParameters/ClassGetTypeParameters.java
TEST RESULT: Passed. Execution successful
--------------------------------------------------
TEST: testsuite/java_test/compact_test/RT0127-rt-compact-FieldIsAnnotationPresent/FieldIsAnnotationPresent.java
TEST RESULT: Passed. Execution successful
--------------------------------------------------
TEST: testsuite/java_test/compact_test/RT0133-rt-compact-MethodGetTypeParameters/MethodGetTypeParameters.java
TEST RESULT: Passed. Execution successful
--------------------------------------------------
TEST: test/testsuite/ouroboros/rc_test/RC0449-rc-RP-FinalizerReferenceTest01/FinalizerReferenceTest01.java
TEST RESULT: Passed. Execution successful
--------------------------------------------------
TEST: testsuite/java_test/compact_test/RT0119-rt-compact-ConstructorGetAnnotation/ConstructorGetAnnotation.java
TEST RESULT: Passed. Execution successful
--------------------------------------------------
TEST: testsuite/java_test/compact_test/RT0128-rt-compact-FieldToGenericString/FieldToGenericString.java
TEST RESULT: Passed. Execution successful
--------------------------------------------------
TEST: testsuite/java_test/compact_test/RT0126-rt-compact-FieldGetDeclaredAnnotations/FieldGetDeclaredAnnotations.java
TEST RESULT: Passed. Execution successful
--------------------------------------------------
TEST: testsuite/java_test/compact_test/RT0120-rt-compact-ConstructorGetDeclaredAnnotations/ConstructorGetDeclaredAnnotations.java
TEST RESULT: Passed. Execution successful
--------------------------------------------------
TEST: testsuite/java_test/compact_test/RT0125-rt-compact-FieldGetAnnotationsByType/FieldGetAnnotationsByType.java
TEST RESULT: Passed. Execution successful
--------------------------------------------------
TEST: testsuite/java_test/compact_test/RT0139-rt-compact-ParameterGetDeclaredAnnotation/ParameterGetDeclaredAnnotation.java
TEST RESULT: Passed. Execution successful
--------------------------------------------------
TEST: testsuite/java_test/compact_test/RT0138-rt-compact-ParameterGetAnnotationsByType/ParameterGetAnnotationsByType.java
TEST RESULT: Passed. Execution successful
--------------------------------------------------
TEST: testsuite/java_test/compact_test/RT0147-rt-compact-ClinitFieldGetCharStatic/ClassInitFieldGetCharStatic.java
TEST RESULT: Passed. Execution successful
--------------------------------------------------
TEST: testsuite/java_test/compact_test/RT0148-rt-compact-ClinitFieldGetDoubleStatic/ClassInitFieldGetDoubleStatic.java
TEST RESULT: Passed. Execution successful
--------------------------------------------------
TEST: testsuite/java_test/compact_test/RT0145-rt-compact-ClinitFieldGetBooleanStatic/ClassInitFieldGetBooleanStatic.java
TEST RESULT: Passed. Execution successful
--------------------------------------------------
TEST: testsuite/java_test/compact_test/RT0144-rt-compact-ClinitConstructorNewInstance/ClassInitConstructorNewInstance.java
TEST RESULT: Passed. Execution successful
--------------------------------------------------
TEST: testsuite/java_test/compact_test/RT0131-rt-compact-MethodgetDefaultValue/MethodGetDefaultValue.java
TEST RESULT: Passed. Execution successful
--------------------------------------------------
TEST: testsuite/java_test/compact_test/RT0135-rt-compact-MethodToGenericString/MethodToGenericString.java
TEST RESULT: Passed. Execution successful
--------------------------------------------------
TEST: testsuite/java_test/compact_test/RT0142-rt-compact-ReflectionAnnotationGetClass/ReflectionAnnotationGetClass.java
TEST RESULT: Passed. Execution successful
--------------------------------------------------
TEST: testsuite/java_test/compact_test/RT0132-rt-compact-MethodGetParameterCount/MethodGetParameterCount.java
TEST RESULT: Passed. Execution successful
--------------------------------------------------
TEST: testsuite/java_test/compact_test/RT0137-rt-compact-ParameterGetAnnotations/ParameterGetAnnotations.java
TEST RESULT: Passed. Execution successful
--------------------------------------------------
TEST: testsuite/java_test/compact_test/RT0157-rt-compact-ClinitFieldSetCharStatic/ClassInitFieldSetCharStatic.java
TEST RESULT: Passed. Execution successful
--------------------------------------------------
TEST: testsuite/java_test/compact_test/RT0140-rt-compact-ParameterGetDeclaredAnnotations/ParameterGetDeclaredAnnotations.java
TEST RESULT: Passed. Execution successful
--------------------------------------------------
TEST: testsuite/java_test/compact_test/RT0134-rt-compact-MethodIsDefault/MethodIsDefault.java
TEST RESULT: Passed. Execution successful
--------------------------------------------------
TEST: test/testsuite/ouroboros/rc_test/RC0288-rc-function-ROSAlloc-Alloc_Thread_B256x8B/Alloc_Thread_B256x8B.java
TEST RESULT: Passed. Execution successful
--------------------------------------------------
TEST: testsuite/java_test/compact_test/RT0141-rt-compact-ParameterGetDeclaredAnnotationsByType/ParameterGetDeclaredAnnotationsByType.java
TEST RESULT: Passed. Execution successful
--------------------------------------------------
TEST: testsuite/java_test/compact_test/RT0146-rt-compact-ClinitFieldGetByteStatic/ClassInitFieldGetByteStatic.java
TEST RESULT: Passed. Execution successful
--------------------------------------------------
TEST: testsuite/java_test/compact_test/RT0130-rt-compact-MethodGetDeclaredAnnotations/MethodGetDeclaredAnnotations.java
TEST RESULT: Passed. Execution successful
--------------------------------------------------
TEST: testsuite/java_test/clinit_test/issue-RT0018-rt-clinit-clinit_thread_002/ClinitThread002.java
TEST RESULT: Passed. Execution successful
--------------------------------------------------
TEST: testsuite/java_test/compact_test/RT0152-rt-compact-ClinitFieldGetShortStatic/ClassInitFieldGetShortStatic.java
TEST RESULT: Passed. Execution successful
--------------------------------------------------
TEST: testsuite/java_test/compact_test/RT0156-rt-compact-ClinitFieldSetByteStatic/ClassInitFieldSetByteStatic.java
TEST RESULT: Passed. Execution successful
--------------------------------------------------
TEST: testsuite/java_test/compact_test/RT0149-rt-compact-ClinitFieldGetFloatStatic/ClassInitFieldGetFloatStatic.java
TEST RESULT: Passed. Execution successful
--------------------------------------------------
TEST: testsuite/java_test/compact_test/RT0167-rt-compact-ClinitFieldGetCharInterface/ClassInitFieldGetCharInterface.java
TEST RESULT: Passed. Execution successful
--------------------------------------------------
TEST: testsuite/java_test/compact_test/RT0155-rt-compact-ClinitFieldSetBooleanStatic/ClassInitFieldSetBooleanStatic.java
TEST RESULT: Passed. Execution successful
--------------------------------------------------
TEST: testsuite/java_test/compact_test/RT0158-rt-compact-ClinitFieldSetDoubleStatic/ClassInitFieldSetDoubleStatic.java
TEST RESULT: Passed. Execution successful
--------------------------------------------------
TEST: testsuite/java_test/compact_test/RT0160-rt-compact-ClinitFieldSetIntStatic/ClassInitFieldSetIntStatic.java
TEST RESULT: Passed. Execution successful
--------------------------------------------------
TEST: testsuite/java_test/compact_test/RT0136-rt-compact-ParameterGetAnnotation/ParameterGetAnnotation.java
TEST RESULT: Passed. Execution successful
--------------------------------------------------
TEST: testsuite/java_test/compact_test/RT0150-rt-compact-ClinitFieldGetIntStatic/ClassInitFieldGetIntStatic.java
TEST RESULT: Passed. Execution successful
--------------------------------------------------
TEST: testsuite/java_test/compact_test/RT0153-rt-compact-ClinitFieldGetStatic/ClassInitFieldGetStatic.java
TEST RESULT: Passed. Execution successful
--------------------------------------------------
TEST: testsuite/java_test/compact_test/RT0151-rt-compact-ClinitFieldGetLongStatic/ClassInitFieldGetLongStatic.java
TEST RESULT: Passed. Execution successful
--------------------------------------------------
TEST: testsuite/java_test/compact_test/RT0154-rt-compact-ClinitFieldOtherMethod/ClassInitFieldOtherMethod.java
TEST RESULT: Passed. Execution successful
--------------------------------------------------
TEST: testsuite/java_test/compact_test/RT0166-rt-compact-ClinitFieldGetByteInterface/ClassInitFieldGetByteInterface.java
TEST RESULT: Passed. Execution successful
--------------------------------------------------
TEST: testsuite/java_test/compact_test/RT0143-rt-compact-ClinitClassNewInstance/ClassInitClassNewInstance.java
TEST RESULT: Passed. Execution successful
--------------------------------------------------
TEST: testsuite/java_test/compact_test/RT0165-rt-compact-ClinitFieldGetBooleanInterface/ClassInitFieldGetBooleanInterface.java
TEST RESULT: Passed. Execution successful
--------------------------------------------------
TEST: testsuite/java_test/compact_test/RT0168-rt-compact-ClinitFieldGetDoubleInterface/ClassInitFieldGetDoubleInterface.java
TEST RESULT: Passed. Execution successful
--------------------------------------------------
TEST: testsuite/java_test/compact_test/RT0162-rt-compact-ClinitFieldSetShortStatic/ClassInitFieldSetShortStatic.java
TEST RESULT: Passed. Execution successful
--------------------------------------------------
TEST: testsuite/java_test/compact_test/RT0159-rt-compact-ClinitFieldSetFloatStatic/ClassInitFieldSetFloatStatic.java
TEST RESULT: Passed. Execution successful
--------------------------------------------------
TEST: test/testsuite/ouroboros/unsafe_test/RT0045-rt-unsafe-UnsafeputOrderedLongTest/UnsafeputOrderedLongTest.java
TEST RESULT: Passed. Execution successful
--------------------------------------------------
TEST: testsuite/java_test/compact_test/RT0161-rt-compact-ClinitFieldSetLongStatic/ClassInitFieldSetLongStatic.java
TEST RESULT: Passed. Execution successful
--------------------------------------------------
TEST: test/testsuite/ouroboros/rc_test/RC0282-rc-function-ROSAlloc-Alloc_Thread2_B256x8B/Alloc_Thread2_B256x8B.java
TEST RESULT: Passed. Execution successful
--------------------------------------------------
TEST: testsuite/java_test/compact_test/RT0170-rt-compact-ClinitFieldGetInterface/ClassInitFieldGetInterface.java
TEST RESULT: Passed. Execution successful
--------------------------------------------------
TEST: test/testsuite/ouroboros/unsafe_test/RT0044-rt-unsafe-UnsafeputOrderedIntTest/UnsafeputOrderedIntTest.java
TEST RESULT: Passed. Execution successful
--------------------------------------------------
TEST: testsuite/java_test/compact_test/RT0173-rt-compact-ClinitFieldGetShortInterface/ClassInitFieldGetShortInterface.java
TEST RESULT: Passed. Execution successful
--------------------------------------------------
TEST: testsuite/java_test/compact_test/RT0171-rt-compact-ClinitFieldGetIntInterface/ClassInitFieldGetIntInterface.java
TEST RESULT: Passed. Execution successful
--------------------------------------------------
TEST: testsuite/java_test/compact_test/RT0174-rt-compact-ClinitFieldOtherMethodInterface/ClassInitFieldOtherMethodInterface.java
TEST RESULT: Passed. Execution successful
--------------------------------------------------
TEST: testsuite/java_test/compact_test/RT0164-rt-compact-ClinitMethodInvokeStatic/ClassInitMethodInvokeStatic.java
TEST RESULT: Passed. Execution successful
--------------------------------------------------
TEST: testsuite/java_test/compact_test/RT0169-rt-compact-ClinitFieldGetFloatInterface/ClassInitFieldGetFloatInterface.java
TEST RESULT: Passed. Execution successful
--------------------------------------------------
TEST: testsuite/java_test/compact_test/RT0163-rt-compact-ClinitFieldSetStatic/ClassInitFieldSetStatic.java
TEST RESULT: Passed. Execution successful
--------------------------------------------------
TEST: testsuite/java_test/compact_test/RT0175-rt-compact-ClinitFieldSetBooleanInterface/ClassInitFieldSetBooleanInterface.java
TEST RESULT: Passed. Execution successful
--------------------------------------------------
TEST: testsuite/java_test/compact_test/RT0172-rt-compact-ClinitFieldGetLongInterface/ClassInitFieldGetLongInterface.java
TEST RESULT: Passed. Execution successful
--------------------------------------------------
TEST: test/testsuite/ouroboros/unsafe_test/RT0046-rt-unsafe-UnsafeputOrderedObjectTest/UnsafeputOrderedObjectTest.java
TEST RESULT: Passed. Execution successful
--------------------------------------------------
TEST: testsuite/java_test/compact_test/RT0178-rt-compact-ClinitFieldSetInterface/ClassInitFieldSetInterface.java
TEST RESULT: Passed. Execution successful
--------------------------------------------------
TEST: testsuite/java_test/compact_test/RT0181-rt-compact-ClinitFieldSetShortInterface/ClassInitFieldSetShortInterface.java
TEST RESULT: Passed. Execution successful
--------------------------------------------------
TEST: testsuite/java_test/compact_test/RT0177-rt-compact-ClinitFieldSetFloatInterface/ClassInitFieldSetFloatInterface.java
TEST RESULT: Passed. Execution successful
--------------------------------------------------
TEST: testsuite/java_test/compact_test/RT0176-rt-compact-ClinitFieldSetByteInterface/ClassInitFieldSetByteInterface.java
TEST RESULT: Passed. Execution successful
--------------------------------------------------
TEST: testsuite/java_test/compact_test/RT0180-rt-compact-ClinitFieldSetLongInterface/ClassInitFieldSetLongInterface.java
TEST RESULT: Passed. Execution successful
--------------------------------------------------
TEST: testsuite/java_test/compact_test/RT0200-rt-compact-AnnotationTypeParameterSetTest/AnnotationTypeParameterSetTest.java
TEST RESULT: Passed. Execution successful
--------------------------------------------------
TEST: testsuite/java_test/compact_test/RT0179-rt-compact-ClinitFieldSetIntInterface/ClassInitFieldSetIntInterface.java
TEST RESULT: Passed. Execution successful
--------------------------------------------------
TEST: testsuite/java_test/eh_test/issue-0000-rt-eh-JvmDefaultUnsatisfiedLinkErrorTest/JvmDefaultUnsatisfiedLinkErrorTest.java
TEST RESULT: Passed. Execution successful
--------------------------------------------------
TEST: testsuite/java_test/compact_test/RT0201-rt-compact-AnnotationTypeUseSetTest/AnnotationTypeUseSetTest.java
TEST RESULT: Passed. Execution successful
--------------------------------------------------
TEST: testsuite/java_test/compact_test/RT0199-rt-compact-AnnotationPackageSetTest/com/huawei/AnnotationPackageSetTest.java
TEST JDK: /home/yansendao/JDK/binary/openjdk/jdk25u

ACTION: build -- Failed. Compilation failed: Compilation failed
REASON: Named class compiled on demand
TIME:   1.327 seconds
messages:
command: build AnnotationPackageSetTest
reason: Named class compiled on demand
started: Mon Oct 27 15:01:43.343 UTC 2025
Test directory:
  compile: AnnotationPackageSetTest
finished: Mon Oct 27 15:01:44.670 UTC 2025
elapsed time (seconds): 1.327

ACTION: compile -- Failed. Compilation failed: Compilation failed
REASON: .class file out of date or does not exist
TIME:   1.327 seconds
messages:
command: compile /home/yansendao/git/ArkTests/testsuite/java_test/compact_test/RT0199-rt-compact-AnnotationPackageSetTest/com/huawei/AnnotationPackageSetTest.java
reason: .class file out of date or does not exist
started: Mon Oct 27 15:01:43.343 UTC 2025
Mode: othervm
Process id: 535129
finished: Mon Oct 27 15:01:44.670 UTC 2025
elapsed time (seconds): 1.327
configuration:
javac compilation environment
  source path: /home/yansendao/git/ArkTests/testsuite/java_test/compact_test/RT0199-rt-compact-AnnotationPackageSetTest/com/huawei
  class path:  /home/yansendao/git/ArkTests/testsuite/java_test/compact_test/RT0199-rt-compact-AnnotationPackageSetTest/com/huawei
               /home/yansendao/git/ArkTests/build/jt-work-singletest/classes/18/testsuite/java_test/compact_test/RT0199-rt-compact-AnnotationPackageSetTest/com/huawei

rerun:
cd /home/yansendao/git/ArkTests/build/jt-work-singletest/scratch/54 && \
DBUS_SESSION_BUS_ADDRESS=unix:path=/run/user/998/bus \
DISPLAY=localhost:10.0 \
HOME=/home/yansendao \
JTREG_HOME=/home/yansendao/JDK/tools/jtreg/jtreg-8.1 \
LANG=en_US.UTF-8 \
PATH=/bin:/usr/bin:/usr/sbin \
XDG_DATA_DIRS=/usr/local/share:/usr/share:/var/lib/snapd/desktop \
XDG_RUNTIME_DIR=/run/user/998 \
XDG_SESSION_CLASS=user \
XDG_SESSION_ID=3019 \
XDG_SESSION_TYPE=tty \
    /home/yansendao/JDK/binary/openjdk/jdk25u/bin/javac \
        -J-Dtest.vm.opts= \
        -J-Dtest.tool.vm.opts= \
        -J-Dtest.compiler.opts= \
        -J-Dtest.java.opts= \
        -J-Dtest.jdk=/home/yansendao/JDK/binary/openjdk/jdk25u \
        -J-Dcompile.jdk=/home/yansendao/JDK/binary/openjdk/jdk25u \
        -J-Dtest.timeout.factor=1.0 \
        -J-Dtest.root=/home/yansendao/git/ArkTests \
        -J-Dtest.name=testsuite/java_test/compact_test/RT0199-rt-compact-AnnotationPackageSetTest/com/huawei/AnnotationPackageSetTest.java \
        -J-Dtest.verbose=Verbose[p=BRIEF,f=FULL,e=FULL,t=false,m=false] \
        -J-Dtest.file=/home/yansendao/git/ArkTests/testsuite/java_test/compact_test/RT0199-rt-compact-AnnotationPackageSetTest/com/huawei/AnnotationPackageSetTest.java \
        -J-Dtest.main.class=com.huawei.AnnotationPackageSetTest \
        -J-Dtest.src=/home/yansendao/git/ArkTests/testsuite/java_test/compact_test/RT0199-rt-compact-AnnotationPackageSetTest/com/huawei \
        -J-Dtest.src.path=/home/yansendao/git/ArkTests/testsuite/java_test/compact_test/RT0199-rt-compact-AnnotationPackageSetTest/com/huawei \
        -J-Dtest.classes=/home/yansendao/git/ArkTests/build/jt-work-singletest/classes/18/testsuite/java_test/compact_test/RT0199-rt-compact-AnnotationPackageSetTest/com/huawei \
        -J-Dtest.class.path=/home/yansendao/git/ArkTests/build/jt-work-singletest/classes/18/testsuite/java_test/compact_test/RT0199-rt-compact-AnnotationPackageSetTest/com/huawei \
        -d /home/yansendao/git/ArkTests/build/jt-work-singletest/classes/18/testsuite/java_test/compact_test/RT0199-rt-compact-AnnotationPackageSetTest/com/huawei \
        -sourcepath /home/yansendao/git/ArkTests/testsuite/java_test/compact_test/RT0199-rt-compact-AnnotationPackageSetTest/com/huawei \
        -classpath /home/yansendao/git/ArkTests/testsuite/java_test/compact_test/RT0199-rt-compact-AnnotationPackageSetTest/com/huawei:/home/yansendao/git/ArkTests/build/jt-work-singletest/classes/18/testsuite/java_test/compact_test/RT0199-rt-compact-AnnotationPackageSetTest/com/huawei /home/yansendao/git/ArkTests/testsuite/java_test/compact_test/RT0199-rt-compact-AnnotationPackageSetTest/com/huawei/AnnotationPackageSetTest.java
STDOUT:
STDERR:
/home/yansendao/git/ArkTests/testsuite/java_test/compact_test/RT0199-rt-compact-AnnotationPackageSetTest/com/huawei/AnnotationPackageSetTest.java:22: error: cannot find symbol
        AnnoA anno = packageInfo.getDeclaredAnnotation(AnnoA.class);
        ^
  symbol:   class AnnoA
  location: class AnnotationPackageSetTest
/home/yansendao/git/ArkTests/testsuite/java_test/compact_test/RT0199-rt-compact-AnnotationPackageSetTest/com/huawei/AnnotationPackageSetTest.java:22: error: cannot find symbol
        AnnoA anno = packageInfo.getDeclaredAnnotation(AnnoA.class);
                                                       ^
  symbol:   class AnnoA
  location: class AnnotationPackageSetTest
Note: /home/yansendao/git/ArkTests/testsuite/java_test/compact_test/RT0199-rt-compact-AnnotationPackageSetTest/com/huawei/AnnotationPackageSetTest.java uses or overrides a deprecated API.
Note: Recompile with -Xlint:deprecation for details.
2 errors

TEST RESULT: Failed. Compilation failed: Compilation failed
--------------------------------------------------
TEST: testsuite/java_test/eh_test/issue-0000-rt-eh-JvmStaticUnsatisfiedLinkErrorTest/JvmStaticUnsatisfiedLinkErrorTest.java
TEST RESULT: Passed. Execution successful
--------------------------------------------------
TEST: testsuite/java_test/eh_test/issue-0000-rt-eh-JvmUnsatisfiedLinkErrorTest/JvmUnsatisfiedLinkErrorTest.java
TEST RESULT: Passed. Execution successful
--------------------------------------------------
TEST: testsuite/java_test/compact_test/RT0194-rt-compact-AnnotationStaticFieldSetTest/AnnotationStaticFieldSetTest.java
TEST RESULT: Passed. Execution successful
--------------------------------------------------
TEST: testsuite/java_test/compact_test/RT0182-rt-compact-ClinitMethodInvokeInterface/ClassInitMethodInvokeInterface.java
TEST RESULT: Passed. Execution successful
--------------------------------------------------
TEST: testsuite/java_test/compact_test/RT0188-rt-compact-MethodHandleReflectCombineTest/MethodHandleReflectCombineTest.java
TEST RESULT: Passed. Execution successful
--------------------------------------------------
TEST: testsuite/java_test/eh_test/issue-0000-rt-eh-JvmInterfaceUnsatisfiedLinkErrorTest/JvmInterfaceUnsatisfiedLinkErrorTest.java
TEST RESULT: Passed. Execution successful
--------------------------------------------------
TEST: testsuite/java_test/compact_test/RT0203-rt-compact-ReflectSpecialClassNameTest/ReflectClassNameTest.java
TEST RESULT: Passed. Execution successful
--------------------------------------------------
TEST: testsuite/java_test/compact_test/RT0183-rt-compact-FieldMultiThreadTest/FieldMultiThreadTest.java
TEST RESULT: Passed. Execution successful
--------------------------------------------------
TEST: testsuite/java_test/eh_test/issue-0000-rt-runtime-eh-MethodGetDefaultValueExceptionTest/MethodGetDefaultValueExceptionTest.java
TEST JDK: /home/yansendao/JDK/binary/openjdk/jdk25u

ACTION: build -- Failed. Compilation failed: Compilation failed
REASON: Named class compiled on demand
TIME:   1.266 seconds
messages:
command: build MethodGetDefaultValueExceptionTest
reason: Named class compiled on demand
started: Mon Oct 27 15:01:43.501 UTC 2025
Test directory:
  compile: MethodGetDefaultValueExceptionTest
finished: Mon Oct 27 15:01:44.767 UTC 2025
elapsed time (seconds): 1.266

ACTION: compile -- Failed. Compilation failed: Compilation failed
REASON: .class file out of date or does not exist
TIME:   1.266 seconds
messages:
command: compile /home/yansendao/git/ArkTests/testsuite/java_test/eh_test/issue-0000-rt-runtime-eh-MethodGetDefaultValueExceptionTest/MethodGetDefaultValueExceptionTest.java
reason: .class file out of date or does not exist
started: Mon Oct 27 15:01:43.501 UTC 2025
Mode: othervm
Process id: 536124
finished: Mon Oct 27 15:01:44.767 UTC 2025
elapsed time (seconds): 1.266
configuration:
javac compilation environment
  source path: /home/yansendao/git/ArkTests/testsuite/java_test/eh_test/issue-0000-rt-runtime-eh-MethodGetDefaultValueExceptionTest
  class path:  /home/yansendao/git/ArkTests/testsuite/java_test/eh_test/issue-0000-rt-runtime-eh-MethodGetDefaultValueExceptionTest
               /home/yansendao/git/ArkTests/build/jt-work-singletest/classes/48/testsuite/java_test/eh_test/issue-0000-rt-runtime-eh-MethodGetDefaultValueExceptionTest

rerun:
cd /home/yansendao/git/ArkTests/build/jt-work-singletest/scratch/1 && \
DBUS_SESSION_BUS_ADDRESS=unix:path=/run/user/998/bus \
DISPLAY=localhost:10.0 \
HOME=/home/yansendao \
JTREG_HOME=/home/yansendao/JDK/tools/jtreg/jtreg-8.1 \
LANG=en_US.UTF-8 \
PATH=/bin:/usr/bin:/usr/sbin \
XDG_DATA_DIRS=/usr/local/share:/usr/share:/var/lib/snapd/desktop \
XDG_RUNTIME_DIR=/run/user/998 \
XDG_SESSION_CLASS=user \
XDG_SESSION_ID=3019 \
XDG_SESSION_TYPE=tty \
    /home/yansendao/JDK/binary/openjdk/jdk25u/bin/javac \
        -J-Dtest.vm.opts= \
        -J-Dtest.tool.vm.opts= \
        -J-Dtest.compiler.opts= \
        -J-Dtest.java.opts= \
        -J-Dtest.jdk=/home/yansendao/JDK/binary/openjdk/jdk25u \
        -J-Dcompile.jdk=/home/yansendao/JDK/binary/openjdk/jdk25u \
        -J-Dtest.timeout.factor=1.0 \
        -J-Dtest.root=/home/yansendao/git/ArkTests \
        -J-Dtest.name=testsuite/java_test/eh_test/issue-0000-rt-runtime-eh-MethodGetDefaultValueExceptionTest/MethodGetDefaultValueExceptionTest.java \
        -J-Dtest.verbose=Verbose[p=BRIEF,f=FULL,e=FULL,t=false,m=false] \
        -J-Dtest.file=/home/yansendao/git/ArkTests/testsuite/java_test/eh_test/issue-0000-rt-runtime-eh-MethodGetDefaultValueExceptionTest/MethodGetDefaultValueExceptionTest.java \
        -J-Dtest.main.class=MethodGetDefaultValueExceptionTest \
        -J-Dtest.src=/home/yansendao/git/ArkTests/testsuite/java_test/eh_test/issue-0000-rt-runtime-eh-MethodGetDefaultValueExceptionTest \
        -J-Dtest.src.path=/home/yansendao/git/ArkTests/testsuite/java_test/eh_test/issue-0000-rt-runtime-eh-MethodGetDefaultValueExceptionTest \
        -J-Dtest.classes=/home/yansendao/git/ArkTests/build/jt-work-singletest/classes/48/testsuite/java_test/eh_test/issue-0000-rt-runtime-eh-MethodGetDefaultValueExceptionTest \
        -J-Dtest.class.path=/home/yansendao/git/ArkTests/build/jt-work-singletest/classes/48/testsuite/java_test/eh_test/issue-0000-rt-runtime-eh-MethodGetDefaultValueExceptionTest \
        -d /home/yansendao/git/ArkTests/build/jt-work-singletest/classes/48/testsuite/java_test/eh_test/issue-0000-rt-runtime-eh-MethodGetDefaultValueExceptionTest \
        -sourcepath /home/yansendao/git/ArkTests/testsuite/java_test/eh_test/issue-0000-rt-runtime-eh-MethodGetDefaultValueExceptionTest \
        -classpath /home/yansendao/git/ArkTests/testsuite/java_test/eh_test/issue-0000-rt-runtime-eh-MethodGetDefaultValueExceptionTest:/home/yansendao/git/ArkTests/build/jt-work-singletest/classes/48/testsuite/java_test/eh_test/issue-0000-rt-runtime-eh-MethodGetDefaultValueExceptionTest /home/yansendao/git/ArkTests/testsuite/java_test/eh_test/issue-0000-rt-runtime-eh-MethodGetDefaultValueExceptionTest/MethodGetDefaultValueExceptionTest.java
STDOUT:
STDERR:
/home/yansendao/git/ArkTests/testsuite/java_test/eh_test/issue-0000-rt-runtime-eh-MethodGetDefaultValueExceptionTest/MethodGetDefaultValueExceptionTest.java:73: error: cannot find symbol
    Class<Tt01> cTest() default Tt01.class;
          ^
  symbol:   class Tt01
  location: @interface RequestForEnhancementDefault
/home/yansendao/git/ArkTests/testsuite/java_test/eh_test/issue-0000-rt-runtime-eh-MethodGetDefaultValueExceptionTest/MethodGetDefaultValueExceptionTest.java:73: error: cannot find symbol
    Class<Tt01> cTest() default Tt01.class;
                                ^
  symbol:   class Tt01
  location: @interface RequestForEnhancementDefault
2 errors

TEST RESULT: Failed. Compilation failed: Compilation failed
--------------------------------------------------
TEST: testsuite/java_test/compact_test/RT0198-rt-compact-AnnotationAnnotationTypeSetTest/AnnotationAnnotationTypeSetTest.java
TEST RESULT: Passed. Execution successful
--------------------------------------------------
TEST: testsuite/java_test/compact_test/RT0191-rt-compact-AnnotationTypeInterfaceSetTest/AnnotationTypeInterfaceSetTest.java
TEST RESULT: Passed. Execution successful
--------------------------------------------------
TEST: testsuite/java_test/eh_test/RT0039-rt-eh-TryCatchThrowExceptionTest/TryCatchThrowExceptionTest.java
TEST RESULT: Passed. Execution successful
--------------------------------------------------
TEST: testsuite/java_test/eh_test/RT0033-rt-eh-TryCatchExceptionTest/TryCatchExceptionTest.java
TEST RESULT: Passed. Execution successful
--------------------------------------------------
TEST: testsuite/java_test/eh_test/issue-RT0638-rt-eh-ResourceExNumberFormatExceptionTest/ResourceExNumberFormatExceptionTest.java
TEST RESULT: Passed. Execution successful
--------------------------------------------------
TEST: testsuite/java_test/eh_test/issue-RT0065-rt-eh-UninitializedExNullPointerExceptionTest/UninitializedExNullPointerExceptionTest.java
TEST RESULT: Passed. Execution successful
--------------------------------------------------
TEST: testsuite/java_test/compact_test/RT0190-rt-compact-AnnotationTypeSetTest/AnnotationTypeSetTest.java
TEST RESULT: Passed. Execution successful
--------------------------------------------------
TEST: testsuite/java_test/eh_test/RT0040-rt-eh-TryExceptionFinallyExceptionTest/TryExceptionFinallyExceptionTest.java
TEST RESULT: Passed. Execution successful
--------------------------------------------------
TEST: testsuite/java_test/eh_test/RT0036-rt-eh-TryCatchPipelineExceptionTest/TryCatchPipelineExceptionTest.java
TEST RESULT: Passed. Execution successful
--------------------------------------------------
TEST: testsuite/java_test/eh_test/RT0035-rt-eh-TryMultiCatchMatchFirstExceptionTest/TryMultiCatchMatchFirstExceptionTest.java
TEST RESULT: Passed. Execution successful
--------------------------------------------------
TEST: testsuite/java_test/compact_test/RT0187-rt-compact-ConstructorMultiThreadTest/ConstructorMultiThreadTest.java
TEST RESULT: Passed. Execution successful
--------------------------------------------------
TEST: testsuite/java_test/eh_test/issue-RT0540-rt-eh-FieldGetGenericTypeExceptionTest/FieldGetGenericTypeExceptionTest.java
TEST RESULT: Passed. Execution successful
--------------------------------------------------
TEST: testsuite/java_test/eh_test/issue-0000-rt-runtime-eh-StringMethodsNullPointExceptionTest/StringMethodsNullPointExceptionTest.java
TEST RESULT: Passed. Execution successful
--------------------------------------------------
TEST: testsuite/java_test/compact_test/RT0185-rt-compact-MethodMultiThreadTest/MethodMultiThreadTest.java
TEST RESULT: Passed. Execution successful
--------------------------------------------------
TEST: testsuite/java_test/eh_test/RT0034-rt-eh-TryMultiCatchExceptionTest/TryMultiCatchExceptionTest.java
TEST RESULT: Passed. Execution successful
--------------------------------------------------
TEST: testsuite/java_test/compact_test/RT0206-rt-compact-AnnotationTypeInnerClassSet/AnnotationTypeInnerClassSet.java
TEST RESULT: Passed. Execution successful
--------------------------------------------------
TEST: testsuite/java_test/eh_test/RT0041-rt-eh-TryTryThrowExceptionTest/TryTryThrowExceptionTest.java
TEST RESULT: Passed. Execution successful
--------------------------------------------------
TEST: testsuite/java_test/compact_test/RT0197-rt-compact-AnnotationConstructorSetTest/AnnotationConstructorSetTest.java
TEST RESULT: Passed. Execution successful
--------------------------------------------------
TEST: testsuite/java_test/eh_test/RT0042-rt-eh-TryTryCatchExceptionTest/TryTryCatchExceptionTest.java
TEST RESULT: Passed. Execution successful
--------------------------------------------------
TEST: testsuite/java_test/eh_test/RT0043-rt-eh-TryCatchTryExceptionTest/TryCatchTryExceptionTest.java
TEST RESULT: Passed. Execution successful
--------------------------------------------------
TEST: testsuite/java_test/eh_test/RT0037-rt-eh-TryMultiCatchFinallyExceptionTest/TryMultiCatchFinallyExceptionTest.java
TEST RESULT: Passed. Execution successful
--------------------------------------------------
TEST: testsuite/java_test/compact_test/RT0193-rt-compact-AnnotationFieldSetTest/AnnotationFieldSetTest.java
TEST RESULT: Passed. Execution successful
--------------------------------------------------
TEST: testsuite/java_test/eh_test/RT0046-rt-eh-TryCatchTryCatchExceptionFinallyTest/TryCatchTryCatchExceptionFinallyTest.java
TEST RESULT: Passed. Execution successful
--------------------------------------------------
TEST: testsuite/java_test/eh_test/RT0038-rt-eh-TryCatchResourceExceptionTest/TryCatchResourceExceptionTest.java
TEST RESULT: Passed. Execution successful
--------------------------------------------------
TEST: testsuite/java_test/compact_test/RT0204-rt-compact-AnnotationSpecialCharacter/AnnotationNotAscii.java
TEST RESULT: Passed. Execution successful
--------------------------------------------------
TEST: testsuite/java_test/eh_test/RT0052-rt-eh-FinallyTryThrowExceptionTest/FinallyTryThrowExceptionTest.java
TEST RESULT: Passed. Execution successful
--------------------------------------------------
TEST: testsuite/java_test/eh_test/RT0048-rt-eh-CatchTryCatchNewExceptionTest/CatchTryCatchNewExceptionTest.java
TEST RESULT: Passed. Execution successful
--------------------------------------------------
TEST: testsuite/java_test/eh_test/RT0044-rt-eh-DoubleTryCatchFinallyExceptionTest/DoubleTryCatchFinallyExceptionTest.java
TEST RESULT: Passed. Execution successful
--------------------------------------------------
TEST: testsuite/java_test/compact_test/RT0186-rt-compact-ConstructorTest/ConstructorTest.java
TEST RESULT: Passed. Execution successful
--------------------------------------------------
TEST: testsuite/java_test/eh_test/RT0050-rt-eh-FinallyThrowExceptionTest/FinallyThrowExceptionTest.java
TEST RESULT: Passed. Execution successful
--------------------------------------------------
TEST: testsuite/java_test/eh_test/RT0049-rt-eh-CatchTryThrowNewExceptionTest/CatchTryThrowNewExceptionTest.java
TEST RESULT: Passed. Execution successful
--------------------------------------------------
TEST: testsuite/java_test/eh_test/RT0045-rt-eh-TryCatchTryCatchFinallyExceptionTest/TryCatchTryCatchFinallyExceptionTest.java
TEST RESULT: Passed. Execution successful
--------------------------------------------------
TEST: testsuite/java_test/compact_test/RT0195-rt-compact-AnnotationMethodSetTest/AnnotationMethodSetTest.java
TEST RESULT: Passed. Execution successful
--------------------------------------------------
TEST: testsuite/java_test/compact_test/RT0192-rt-compact-AnnotationTypeEnumSetTest/AnnotationTypeEnumSetTest.java
TEST RESULT: Passed. Execution successful
--------------------------------------------------
TEST: testsuite/java_test/compact_test/RT0196-rt-compact-AnnotationParameterSetTest/AnnotationParameterSetTest.java
TEST RESULT: Passed. Execution successful
--------------------------------------------------
TEST: testsuite/java_test/eh_test/RT0056-rt-eh-MultiTryCatchExceptionTest/MultiTryCatchExceptionTest.java
TEST RESULT: Passed. Execution successful
--------------------------------------------------
TEST: testsuite/java_test/eh_test/RT0051-rt-eh-FinallyTryCatchExceptionTest/FinallyTryCatchExceptionTest.java
TEST RESULT: Passed. Execution successful
--------------------------------------------------
TEST: testsuite/java_test/eh_test/RT0054-rt-eh-TryResourceCloseThrowExceptionTest/TryResourceCloseThrowExceptionTest.java
TEST RESULT: Passed. Execution successful
--------------------------------------------------
TEST: testsuite/java_test/eh_test/RT0032-rt-eh-TryFinallyExceptionTest/TryFinallyExceptionTest.java
TEST RESULT: Passed. Execution successful
--------------------------------------------------
TEST: testsuite/java_test/eh_test/RT0058-rt-eh-FunctionNestMultiTryCatchExceptionTest/FunctionNestMultiTryCatchExceptionTest.java
TEST RESULT: Passed. Execution successful
--------------------------------------------------
TEST: testsuite/java_test/eh_test/RT0060-rt-eh-CatchMultiTryCatchThrowExceptionTest/CatchMultiTryCatchThrowExceptionTest.java
TEST RESULT: Passed. Execution successful
--------------------------------------------------
TEST: testsuite/java_test/compact_test/RT0189-rt-compact-FieldTest/FieldTest.java
TEST RESULT: Passed. Execution successful
--------------------------------------------------
TEST: testsuite/java_test/eh_test/RT0057-rt-eh-MultiTryCatchThrowExceptionTest/MultiTryCatchThrowExceptionTest.java
TEST RESULT: Passed. Execution successful
--------------------------------------------------
TEST: testsuite/java_test/eh_test/RT0059-rt-eh-CatchMultiTryCatchExceptionTest/CatchMultiTryCatchExceptionTest.java
TEST RESULT: Passed. Execution successful
--------------------------------------------------
TEST: testsuite/java_test/eh_test/RT0053-rt-eh-TryResourceStartThrowExceptionTest/TryResourceStartThrowExceptionTest.java
TEST RESULT: Passed. Execution successful
--------------------------------------------------
TEST: testsuite/java_test/eh_test/RT0075-rt-eh-TryReturnValueExceptionTest/TryReturnValueExceptionTest.java
TEST RESULT: Passed. Execution successful
--------------------------------------------------
TEST: testsuite/java_test/eh_test/RT0064-rt-eh-MultiTryRecursiveThrowExceptionTest/MultiTryRecursiveThrowExceptionTest.java
TEST RESULT: Passed. Execution successful
--------------------------------------------------
TEST: testsuite/java_test/eh_test/RT0055-rt-eh-TryResourceStartAndCloseExceptionTest/TryResourceStartAndCloseExceptionTest.java
TEST RESULT: Passed. Execution successful
--------------------------------------------------
TEST: testsuite/java_test/compact_test/RT0207-rt-compact-AnnotationTypeLocalClassSet/AnnotationTypeLocalClassSet.java
TEST RESULT: Passed. Execution successful
--------------------------------------------------
TEST: testsuite/java_test/eh_test/RT0047-rt-eh-CatchThrowNewExceptionTest/CatchThrowNewExceptionTest.java
TEST RESULT: Passed. Execution successful
--------------------------------------------------
TEST: testsuite/java_test/compact_test/RT0205-rt-compact-AnnotationRepeatable/AnnotationRepeatable.java
TEST RESULT: Passed. Execution successful
--------------------------------------------------
TEST: testsuite/java_test/eh_test/RT0074-rt-eh-TryCatchReturnExceptionTest/TryCatchReturnExceptionTest.java
TEST RESULT: Passed. Execution successful
--------------------------------------------------
TEST: testsuite/java_test/eh_test/RT0077-rt-eh-ExcpReturn04140/ExcpReturn04140.java
TEST RESULT: Passed. Execution successful
--------------------------------------------------
TEST: testsuite/java_test/eh_test/RT0066-rt-eh-JvmArrayIndexOutOfBoundsExceptionTest/JvmArrayIndexOutOfBoundsExceptionTest.java
TEST RESULT: Passed. Execution successful
--------------------------------------------------
TEST: testsuite/java_test/eh_test/RT0078-rt-eh-ExcpReturn04150/ExcpReturn04150.java
TEST RESULT: Passed. Execution successful
--------------------------------------------------
TEST: testsuite/java_test/eh_test/RT0073-rt-eh-MultiTryNoExceptionTest/MultiTryNoExceptionTest.java
TEST RESULT: Passed. Execution successful
--------------------------------------------------
TEST: testsuite/java_test/eh_test/RT0067-rt-eh-JvmStaticExceptionInInitializerErrorTest/JvmStaticExceptionInInitializerErrorTest.java
TEST RESULT: Passed. Execution successful
--------------------------------------------------
TEST: testsuite/java_test/eh_test/RT0519-rt-eh-CharacterCodePointCountIndexOutOfBoundsExceptionTest/CharacterCodePointCountIndexOutOfBoundsExceptionTest.java
TEST RESULT: Passed. Execution successful
--------------------------------------------------
TEST: testsuite/java_test/eh_test/RT0063-rt-eh-FinallyMultiTryThrowExceptionTest/FinallyMultiTryThrowExceptionTest.java
TEST RESULT: Passed. Execution successful
--------------------------------------------------
TEST: testsuite/java_test/eh_test/RT0521-rt-eh-CharacteroffsetByCodePointsIndexOutOfBoundsException/CharacteroffsetByCodePointsIndexOutOfBoundsException.java
TEST RESULT: Passed. Execution successful
--------------------------------------------------
TEST: testsuite/java_test/eh_test/RT0061-rt-eh-FunctionNestCatchMultiTryExceptionTest/FunctionNestCatchMultiTryExceptionTest.java
TEST RESULT: Passed. Execution successful
--------------------------------------------------
TEST: testsuite/java_test/eh_test/RT0517-rt-eh-AccessibleObjectGetDeclaredAnnotationExceptionTest/AccessibleObjectGetDeclaredAnnotationExceptionTest.java
TEST RESULT: Passed. Execution successful
--------------------------------------------------
TEST: testsuite/java_test/eh_test/RT0076-rt-eh-TryCatchReturnValueExceptionTest/TryCatchReturnValueExceptionTest.java
TEST RESULT: Passed. Execution successful
--------------------------------------------------
TEST: testsuite/java_test/eh_test/RT0520-rt-eh-CharactercodePointCountNullPointerException/CharactercodePointCountNullPointerException.java
TEST RESULT: Passed. Execution successful
--------------------------------------------------
TEST: testsuite/java_test/eh_test/RT0516-rt-eh-AccessibleObjectGetAnnotationsByTypeNullPointerExceptionTest/AccessibleObjectGetAnnotationsByTypeNullPointerExceptionTest.java
TEST RESULT: Passed. Execution successful
--------------------------------------------------
TEST: testsuite/java_test/eh_test/RT0079-rt-eh-ExcpReturn04160/ExcpReturn04160.java
TEST RESULT: Passed. Execution successful
--------------------------------------------------
TEST: testsuite/java_test/eh_test/RT0062-rt-eh-FinallyMultiTryCatchExceptionTest/FinallyMultiTryCatchExceptionTest.java
TEST RESULT: Passed. Execution successful
--------------------------------------------------
TEST: testsuite/java_test/compact_test/RT0202-rt-compact-AnnotationMultiThread/AnnotationMultiThread.java
TEST RESULT: Passed. Execution successful
--------------------------------------------------
TEST: testsuite/java_test/compact_test/RT0184-rt-compact-MethodTest/MethodTest.java
TEST RESULT: Passed. Execution successful
--------------------------------------------------
TEST: testsuite/java_test/eh_test/RT0524-rt-eh-ClasscastClassCastException/ClasscastClassCastException.java
TEST RESULT: Passed. Execution successful
--------------------------------------------------
TEST: testsuite/java_test/eh_test/RT0518-rt-eh-AccessibleObjectGetDeclaredAnnotationsByTypeExceptionTest/AccessibleObjectGetDeclaredAnnotationsByTypeExceptionTest.java
TEST RESULT: Passed. Execution successful
--------------------------------------------------
TEST: testsuite/java_test/eh_test/RT0523-rt-eh-ClassasSubclassClassCastException/ClassasSubclassClassCastException.java
TEST RESULT: Passed. Execution successful
--------------------------------------------------
TEST: testsuite/java_test/eh_test/RT0525-rt-eh-ClassforName1ParExceptionInInitializerError/ClassforName1ParExceptionInInitializerError.java
TEST RESULT: Passed. Execution successful
--------------------------------------------------
TEST: testsuite/java_test/eh_test/RT0522-rt-eh-CharacteroffsetByCodePointsNullPointerException/CharacteroffsetByCodePointsNullPointerException.java
TEST RESULT: Passed. Execution successful
--------------------------------------------------
TEST: testsuite/java_test/eh_test/RT0527-rt-eh-ClassgAnnotationsByTypeNullPointerException/ClassgAnnotationsByTypeNullPointerException.java
TEST RESULT: Passed. Execution successful
--------------------------------------------------
TEST: testsuite/java_test/eh_test/RT0526-rt-eh-ClassforNameExceptionInInitializerError/ClassforNameExceptionInInitializerError.java
TEST RESULT: Passed. Execution successful
--------------------------------------------------
TEST: testsuite/java_test/eh_test/RT0530-rt-eh-ClassgetDeclaredFieldNullPointerException/ClassgetDeclaredFieldNullPointerException.java
TEST RESULT: Passed. Execution successful
--------------------------------------------------
TEST: testsuite/java_test/eh_test/RT0529-rt-eh-ClassgetDeclaredFieldNoSuchFieldException/ClassgetDeclaredFieldNoSuchFieldException.java
TEST RESULT: Passed. Execution successful
--------------------------------------------------
TEST: testsuite/java_test/eh_test/RT0528-rt-eh-ClassgetDeclaredAnnotationNullPointerException/ClassgetDeclaredAnnotationNullPointerException.java
TEST RESULT: Passed. Execution successful
--------------------------------------------------
TEST: testsuite/java_test/eh_test/RT0534-rt-eh-FieldgetAnnotationsByTypeNullPointerException/FieldgetAnnotationsByTypeNullPointerException.java
TEST RESULT: Passed. Execution successful
--------------------------------------------------
TEST: test/testsuite/ouroboros/thread_test/issue-RT0475-rt-Thread-GenerifyStackTraces/GenerifyStackTraces.java
TEST RESULT: Passed. Execution successful
--------------------------------------------------
TEST: testsuite/java_test/eh_test/RT0533-rt-eh-FieldgetAnnotationNullPointerException/FieldgetAnnotationNullPointerException.java
TEST RESULT: Passed. Execution successful
--------------------------------------------------
TEST: testsuite/java_test/eh_test/RT0536-rt-eh-FieldgetCharExceptionInInitializerError/FieldgetCharExceptionInInitializerError.java
TEST RESULT: Passed. Execution successful
--------------------------------------------------
TEST: testsuite/java_test/eh_test/RT0546-rt-eh-FieldSetCharExceptionInInitializerErrorTest/FieldSetCharExceptionInInitializerErrorTest.java
TEST RESULT: Passed. Execution successful
--------------------------------------------------
TEST: testsuite/java_test/eh_test/RT0539-rt-eh-FieldgetFloatExceptionInInitializerError/FieldgetFloatExceptionInInitializerError.java
TEST RESULT: Passed. Execution successful
--------------------------------------------------
TEST: testsuite/java_test/eh_test/RT0543-rt-eh-FieldGetShortExceptionInInitializerErrorTest/FieldGetShortExceptionInInitializerErrorTest.java
TEST RESULT: Passed. Execution successful
--------------------------------------------------
TEST: testsuite/java_test/eh_test/RT0531-rt-eh-ConstructorgAnnotationNullPointerException/ConstructorgAnnotationNullPointerException.java
TEST RESULT: Passed. Execution successful
--------------------------------------------------
TEST: testsuite/java_test/eh_test/RT0541-rt-eh-FieldGetIntExceptionInInitializerErrorTest/FieldGetIntExceptionInInitializerErrorTest.java
TEST RESULT: Passed. Execution successful
--------------------------------------------------
TEST: testsuite/java_test/eh_test/RT0532-rt-eh-ConstructornewInstanceExceptionInInitializerError/ConstructornewInstanceExceptionInInitializerError.java
TEST RESULT: Passed. Execution successful
--------------------------------------------------
TEST: testsuite/java_test/eh_test/RT0544-rt-eh-FieldSetBooleanExceptionInInitializerErrorTest/FieldSetBooleanExceptionInInitializerErrorTest.java
TEST RESULT: Passed. Execution successful
--------------------------------------------------
TEST: testsuite/java_test/eh_test/RT0538-rt-eh-FieldgetExceptionInInitializerError/FieldgetExceptionInInitializerError.java
TEST RESULT: Passed. Execution successful
--------------------------------------------------
TEST: testsuite/java_test/eh_test/RT0535-rt-eh-FieldgetByteExceptionInInitializerError/FieldgetByteExceptionInInitializerError.java
TEST RESULT: Passed. Execution successful
--------------------------------------------------
TEST: testsuite/java_test/eh_test/RT0537-rt-eh-FieldgetDoubleExceptionInInitializerError/FieldgetDoubleExceptionInInitializerError.java
TEST RESULT: Passed. Execution successful
--------------------------------------------------
TEST: testsuite/java_test/eh_test/RT0552-rt-eh-FieldSetShortExceptionTest/FieldSetShortExceptionTest.java
TEST RESULT: Passed. Execution successful
--------------------------------------------------
TEST: testsuite/java_test/eh_test/RT0551-rt-eh-FieldSetLongExceptionTest/FieldSetLongExceptionTest.java
TEST RESULT: Passed. Execution successful
--------------------------------------------------
TEST: testsuite/java_test/eh_test/RT0561-rt-eh-ThrowableAddSuppressedNullPointerExceptionTest/ThrowableAddSuppressedNullPointerExceptionTest.java
TEST RESULT: Passed. Execution successful
--------------------------------------------------
TEST: testsuite/java_test/eh_test/RT0542-rt-eh-FieldGetLongExceptionInInitializerErrorTest/FieldGetLongExceptionInInitializerErrorTest.java
TEST RESULT: Passed. Execution successful
--------------------------------------------------
TEST: testsuite/java_test/eh_test/RT0547-rt-eh-FieldSetDoubleExceptionInInitializerErrorTest/FieldSetDoubleExceptionInInitializerErrorTest.java
TEST RESULT: Passed. Execution successful
--------------------------------------------------
TEST: testsuite/java_test/eh_test/RT0553-rt-eh-MethodGetAnnotationExceptionTest/MethodGetAnnotationExceptionTest.java
TEST RESULT: Passed. Execution successful
--------------------------------------------------
TEST: testsuite/java_test/eh_test/RT0556-rt-eh-ParameterGetAnnotationNullPointerExceptionTest/ParameterGetAnnotationNullPointerExceptionTest.java
TEST RESULT: Passed. Execution successful
--------------------------------------------------
TEST: testsuite/java_test/eh_test/RT0555-rt-eh-MethodInvokeExceptionInInitializerErrorTest/MethodInvokeExceptionInInitializerErrorTest.java
TEST RESULT: Passed. Execution successful
--------------------------------------------------
TEST: testsuite/java_test/eh_test/RT0549-rt-eh-FieldSetFloatExceptionInInitializerErrorTest/FieldSetFloatExceptionInInitializerErrorTest.java
TEST RESULT: Passed. Execution successful
--------------------------------------------------
TEST: testsuite/java_test/gconly_test/GC0009-GCOnly_ThreadList01/GCOnly_ThreadList.java
TEST JDK: /home/yansendao/JDK/binary/openjdk/jdk25u

ACTION: build -- Failed. Compilation failed: Compilation failed
REASON: Named class compiled on demand
TIME:   1.084 seconds
messages:
command: build GCOnly_ThreadList
reason: Named class compiled on demand
started: Mon Oct 27 15:01:45.120 UTC 2025
Test directory:
  compile: GCOnly_ThreadList
finished: Mon Oct 27 15:01:46.204 UTC 2025
elapsed time (seconds): 1.084

ACTION: compile -- Failed. Compilation failed: Compilation failed
REASON: .class file out of date or does not exist
TIME:   1.084 seconds
messages:
command: compile /home/yansendao/git/ArkTests/testsuite/java_test/gconly_test/GC0009-GCOnly_ThreadList01/GCOnly_ThreadList.java
reason: .class file out of date or does not exist
started: Mon Oct 27 15:01:45.120 UTC 2025
Mode: othervm
Process id: 544669
finished: Mon Oct 27 15:01:46.204 UTC 2025
elapsed time (seconds): 1.084
configuration:
javac compilation environment
  source path: /home/yansendao/git/ArkTests/testsuite/java_test/gconly_test/GC0009-GCOnly_ThreadList01
  class path:  /home/yansendao/git/ArkTests/testsuite/java_test/gconly_test/GC0009-GCOnly_ThreadList01
               /home/yansendao/git/ArkTests/build/jt-work-singletest/classes/27/testsuite/java_test/gconly_test/GC0009-GCOnly_ThreadList01

rerun:
cd /home/yansendao/git/ArkTests/build/jt-work-singletest/scratch/64 && \
DBUS_SESSION_BUS_ADDRESS=unix:path=/run/user/998/bus \
DISPLAY=localhost:10.0 \
HOME=/home/yansendao \
JTREG_HOME=/home/yansendao/JDK/tools/jtreg/jtreg-8.1 \
LANG=en_US.UTF-8 \
PATH=/bin:/usr/bin:/usr/sbin \
XDG_DATA_DIRS=/usr/local/share:/usr/share:/var/lib/snapd/desktop \
XDG_RUNTIME_DIR=/run/user/998 \
XDG_SESSION_CLASS=user \
XDG_SESSION_ID=3019 \
XDG_SESSION_TYPE=tty \
    /home/yansendao/JDK/binary/openjdk/jdk25u/bin/javac \
        -J-Dtest.vm.opts= \
        -J-Dtest.tool.vm.opts= \
        -J-Dtest.compiler.opts= \
        -J-Dtest.java.opts= \
        -J-Dtest.jdk=/home/yansendao/JDK/binary/openjdk/jdk25u \
        -J-Dcompile.jdk=/home/yansendao/JDK/binary/openjdk/jdk25u \
        -J-Dtest.timeout.factor=1.0 \
        -J-Dtest.root=/home/yansendao/git/ArkTests \
        -J-Dtest.name=testsuite/java_test/gconly_test/GC0009-GCOnly_ThreadList01/GCOnly_ThreadList.java \
        -J-Dtest.verbose=Verbose[p=BRIEF,f=FULL,e=FULL,t=false,m=false] \
        -J-Dtest.file=/home/yansendao/git/ArkTests/testsuite/java_test/gconly_test/GC0009-GCOnly_ThreadList01/GCOnly_ThreadList.java \
        -J-Dtest.main.class=GCOnly_ThreadList \
        -J-Dtest.src=/home/yansendao/git/ArkTests/testsuite/java_test/gconly_test/GC0009-GCOnly_ThreadList01 \
        -J-Dtest.src.path=/home/yansendao/git/ArkTests/testsuite/java_test/gconly_test/GC0009-GCOnly_ThreadList01 \
        -J-Dtest.classes=/home/yansendao/git/ArkTests/build/jt-work-singletest/classes/27/testsuite/java_test/gconly_test/GC0009-GCOnly_ThreadList01 \
        -J-Dtest.class.path=/home/yansendao/git/ArkTests/build/jt-work-singletest/classes/27/testsuite/java_test/gconly_test/GC0009-GCOnly_ThreadList01 \
        -d /home/yansendao/git/ArkTests/build/jt-work-singletest/classes/27/testsuite/java_test/gconly_test/GC0009-GCOnly_ThreadList01 \
        -sourcepath /home/yansendao/git/ArkTests/testsuite/java_test/gconly_test/GC0009-GCOnly_ThreadList01 \
        -classpath /home/yansendao/git/ArkTests/testsuite/java_test/gconly_test/GC0009-GCOnly_ThreadList01:/home/yansendao/git/ArkTests/build/jt-work-singletest/classes/27/testsuite/java_test/gconly_test/GC0009-GCOnly_ThreadList01 /home/yansendao/git/ArkTests/testsuite/java_test/gconly_test/GC0009-GCOnly_ThreadList01/GCOnly_ThreadList.java
STDOUT:
STDERR:
/home/yansendao/git/ArkTests/testsuite/java_test/gconly_test/GC0009-GCOnly_ThreadList01/GCOnly_ThreadList.java:19: error: cannot find symbol
      int tid = java.lang.Thread.getLockOwnerThreadId(this);
                                ^
  symbol:   method getLockOwnerThreadId(GCOnly_ThreadList)
  location: class Thread
1 error

TEST RESULT: Failed. Compilation failed: Compilation failed
--------------------------------------------------
TEST: testsuite/java_test/eh_test/RT0557-rt-eh-ParameterGetAnnotationsByTypeNullPointerExceptionTest/ParameterGetAnnotationsByTypeNullPointerExceptionTest.java
TEST RESULT: Passed. Execution successful
--------------------------------------------------
TEST: testsuite/java_test/eh_test/RT0545-rt-eh-FieldSetByteExceptionInInitializerErrorTest/FieldSetByteExceptionInInitializerErrorTest.java
TEST RESULT: Passed. Execution successful
--------------------------------------------------
TEST: testsuite/java_test/eh_test/RT0548-rt-eh-FieldsetExceptionInInitializerErrorTest/FieldSetExceptionInInitializerErrorTest.java
TEST RESULT: Passed. Execution successful
--------------------------------------------------
TEST: testsuite/java_test/eh_test/RT0550-rt-eh-FieldSetIntExceptionTest/FieldSetIntExceptionTest.java
TEST RESULT: Passed. Execution successful
--------------------------------------------------
TEST: testsuite/java_test/eh_test/RT0560-rt-eh-ThrowableAddSuppressedExceptionTest/ThrowableAddSuppressedExceptionTest.java
TEST RESULT: Passed. Execution successful
--------------------------------------------------
TEST: testsuite/java_test/fuzzapi_test/issue-RT0901-rt-fuzzapi-Message61004-subStringOOM/Message61004.java
TEST RESULT: Passed. Execution successful
--------------------------------------------------
TEST: testsuite/java_test/fuzzapi_test/RT0001-rt-fuzzapi-PipedReaderEH/Message125004.java
TEST RESULT: Passed. Execution successful
--------------------------------------------------
TEST: testsuite/java_test/eh_test/RT0558-rt-eh-ParameterGetDeclaredAnnotationNullPointerExceptionTest/ParameterGetDeclaredAnnotationNullPointerExceptionTest.java
TEST RESULT: Passed. Execution successful
--------------------------------------------------
TEST: testsuite/java_test/eh_test/RT1075-rt-EH-MethodInvokeInvocationTargetExceptionTest/MethodInvokeInvocationTargetExceptionTest.java
TEST RESULT: Passed. Execution successful
--------------------------------------------------
TEST: testsuite/java_test/fuzzapi_test/RT0004-rt-fuzzapi-stackframeless/Message021404.java
TEST RESULT: Passed. Execution successful
--------------------------------------------------
TEST: testsuite/java_test/eh_test/RT0817-rt-mrtUT-MethodInvokeExceptionTest/MethodInvokeExceptionTest.java
TEST RESULT: Passed. Execution successful
--------------------------------------------------
TEST: testsuite/java_test/other_test/RT0006-rt-other-ThreadNativeUncover/ThreadNativeUncover.java
TEST RESULT: Passed. Execution successful
--------------------------------------------------
TEST: testsuite/java_test/other_test/RT0003-rt-other-ConstructorNativeUncover/ConstructorNativeUncover.java
TEST RESULT: Passed. Execution successful
--------------------------------------------------
TEST: testsuite/java_test/parent_test/RT0006-rt-parent-AccessibleObjectExObjectwaitIllegalMonitorStateException/AccessibleObjectExObjectwaitIllegalMonitorStateException.java
TEST RESULT: Passed. Execution successful
--------------------------------------------------
TEST: testsuite/java_test/other_test/issue-RT0630-rt-other-ArrayNativeUncover/ArrayNativeUncover.java
TEST RESULT: Passed. Execution successful
--------------------------------------------------
TEST: testsuite/java_test/eh_test/RT0559-rt-eh-ParameterGetDeclaredAnnotationsByTypeExceptionTest/ParameterGetDeclaredAnnotationsByTypeExceptionTest.java
TEST RESULT: Passed. Execution successful
--------------------------------------------------
TEST: testsuite/java_test/other_test/RT0005-rt-other-MethodNativeUncover/MethodNativeUncover.java
TEST RESULT: Passed. Execution successful
--------------------------------------------------
TEST: testsuite/java_test/parent_test/RT0005-rt-parent-AccessibleObjectExObjecttoString/AccessibleObjectExObjecttoString.java
TEST RESULT: Passed. Execution successful
--------------------------------------------------
TEST: testsuite/java_test/parent_test/RT0002-rt-parent-AccessibleObjectExObjecthashCode/AccessibleObjectExObjecthashCode.java
TEST RESULT: Passed. Execution successful
--------------------------------------------------
TEST: testsuite/java_test/gconly_test/GC0006-GCOnly_WeakRefTest06/GCOnly_WeakRefTest06.java
TEST RESULT: Passed. Execution successful
--------------------------------------------------
TEST: testsuite/java_test/other_test/RT0001-rt-other-CharacterNativeUncover/CharacterNativeUncover.java
TEST RESULT: Passed. Execution successful
--------------------------------------------------
TEST: testsuite/java_test/parent_test/RT0007-rt-parent-ArrayExObjecthashCode/ArrayExObjecthashCode.java
TEST RESULT: Passed. Execution successful
--------------------------------------------------
TEST: testsuite/java_test/parent_test/RT0013-rt-parent-CharacterExObjectgetClass/CharacterExObjectgetClass.java
TEST RESULT: Passed. Execution successful
--------------------------------------------------
TEST: testsuite/java_test/parent_test/RT0001-rt-parent-AccessibleObjectExObjectequals/AccessibleObjectExObjectequals.java
TEST RESULT: Passed. Execution successful
--------------------------------------------------
TEST: testsuite/java_test/parent_test/RT0018-rt-parent-CharacterSubsetExObjectgetClass/CharacterSubsetExObjectgetClass.java
TEST RESULT: Passed. Execution successful
--------------------------------------------------
TEST: testsuite/java_test/parent_test/RT0022-rt-parent-CharacterSubsetExObjectwaitIllegalMonitorStateException/CharacterSubsetExObjectwaitIllegalMonitorStateException.java
TEST RESULT: Passed. Execution successful
--------------------------------------------------
TEST: testsuite/java_test/parent_test/RT0015-rt-parent-CharacterExObjectwaitIllegalMonitorStateException/CharacterExObjectwaitIllegalMonitorStateException.java
TEST RESULT: Passed. Execution successful
--------------------------------------------------
TEST: testsuite/java_test/other_test/RT0007-rt-other-ThrowableNativeUncover/ThrowableNativeUncover.java
TEST RESULT: Passed. Execution successful
--------------------------------------------------
TEST: testsuite/java_test/gconly_test/GC0005-GCOnly_WeakRefTest05/GCOnly_WeakRefTest05.java
TEST RESULT: Passed. Execution successful
--------------------------------------------------
TEST: testsuite/java_test/other_test/RT0002-rt-other-ClassNativeUncover/ClassNativeUncover.java
TEST RESULT: Passed. Execution successful
--------------------------------------------------
TEST: testsuite/java_test/parent_test/issue-RT0654-rt-parent-CharacterExObjectnotifyAllIllegalMonitorStateException/CharacterExObjectnotifyAllIllegalMonitorStateException.java
TEST RESULT: Passed. Execution successful
--------------------------------------------------
TEST: testsuite/java_test/eh_test/RT0904-rt-fuzzapi-MethodInvokeObjectObjectsTest/MethodInvokeObjectObjectsTest.java
TEST RESULT: Passed. Execution successful
--------------------------------------------------
TEST: testsuite/java_test/parent_test/RT0010-rt-parent-ArrayExObjectwaitIllegalMonitorStateException/ArrayExObjectwaitIllegalMonitorStateException.java
TEST RESULT: Passed. Execution successful
--------------------------------------------------
TEST: testsuite/java_test/parent_test/RT0033-rt-parent-ClassLoaderExObjectwaitIllegalMonitorStateException/ClassLoaderExObjectwaitIllegalMonitorStateException.java
TEST RESULT: Passed. Execution successful
--------------------------------------------------
TEST: testsuite/java_test/fuzzapi_test/RT0002-rt-fuzzapi-EHOrder/Message011706.java
TEST RESULT: Passed. Execution successful
--------------------------------------------------
TEST: testsuite/java_test/parent_test/RT0024-rt-parent-ClassExObjectHashcode/ClassExObjectHashcode.java
TEST RESULT: Passed. Execution successful
--------------------------------------------------
TEST: testsuite/java_test/other_test/RT0004-rt-other-FieldNativeUncover/FieldNativeUncover.java
TEST RESULT: Passed. Execution successful
--------------------------------------------------
TEST: testsuite/java_test/parent_test/RT0008-rt-parent-ArrayExObjectnotifyAllIllegalMonitorStateException/ArrayExObjectnotifyAllIllegalMonitorStateException.java
TEST RESULT: Passed. Execution successful
--------------------------------------------------
TEST: testsuite/java_test/parent_test/RT0014-rt-parent-CharacterExObjectnotifyIllegalMonitorStateException/CharacterExObjectnotifyIllegalMonitorStateException.java
TEST RESULT: Passed. Execution successful
--------------------------------------------------
TEST: testsuite/java_test/parent_test/RT0009-rt-parent-ArrayExObjectnotifyIllegalMonitorStateException/ArrayExObjectnotifyIllegalMonitorStateException.java
TEST RESULT: Passed. Execution successful
--------------------------------------------------
TEST: testsuite/java_test/parent_test/RT0038-rt-parent-ConstructorExAccessibleObjectgetAnnotations/ConstructorExAccessibleObjectgetAnnotations.java
TEST RESULT: Passed. Execution successful
--------------------------------------------------
TEST: testsuite/java_test/parent_test/RT0036-rt-parent-ConstructorExAccessibleObjectgetAnnotationNullPointerException/ConstructorExAccessibleObjectgetAnnotationNullPointerException.java
TEST RESULT: Passed. Execution successful
--------------------------------------------------
TEST: testsuite/java_test/parent_test/RT0039-rt-parent-ConstructorExAccessibleObjectgetDeclaredAnnotationNullPointerException/ConstructorExAccessibleObjectgetDeclaredAnnotationNullPointerException.java
TEST RESULT: Passed. Execution successful
--------------------------------------------------
TEST: testsuite/java_test/parent_test/RT0037-rt-parent-ConstructorExAccessibleObjectgetAnnotationsByTypeNullPointerException/ConstructorExAccessibleObjectgetAnnotationsByTypeNullPointerException.java
TEST RESULT: Passed. Execution successful
--------------------------------------------------
TEST: testsuite/java_test/parent_test/RT0017-rt-parent-CharacterExObjectwait/CharacterExObjectwait.java
TEST RESULT: Passed. Execution successful
--------------------------------------------------
TEST: testsuite/java_test/parent_test/RT0029-rt-parent-ClassExObjectwait/ClassExObjectwait.java
TEST RESULT: Passed. Execution successful
--------------------------------------------------
TEST: testsuite/java_test/parent_test/RT0042-rt-parent-ConstructorExAccessibleObjectisAccessible/ConstructorExAccessibleObjectisAccessible.java
TEST RESULT: Passed. Execution successful
--------------------------------------------------
TEST: testsuite/java_test/parent_test/RT0041-rt-parent-ConstructorExAccessibleObjectgetDeclaredAnnotations/ConstructorExAccessibleObjectgetDeclaredAnnotations.java
TEST RESULT: Passed. Execution successful
--------------------------------------------------
TEST: testsuite/java_test/parent_test/RT0044-rt-parent-ConstructorExAccessibleObjectsetAccessibleSecurityException/ConstructorExAccessibleObjectsetAccessibleSecurityException.java
TEST RESULT: Passed. Execution successful
--------------------------------------------------
TEST: testsuite/java_test/parent_test/RT0016-rt-parent-CharacterExObjectwaitInterruptedException/CharacterExObjectwaitInterruptedException.java
TEST RESULT: Passed. Execution successful
--------------------------------------------------
TEST: testsuite/java_test/parent_test/RT0049-rt-parent-ConstructorExExecutablegetGenericParameterTypes/ConstructorExExecutablegetGenericParameterTypes.java
TEST RESULT: Passed. Execution successful
--------------------------------------------------
TEST: testsuite/java_test/parent_test/RT0046-rt-parent-ConstructorExExecutablegetAnnotationsByTypeNullPointerException/ConstructorExExecutablegetAnnotationsByTypeNullPointerException.java
TEST RESULT: Passed. Execution successful
--------------------------------------------------
TEST: testsuite/java_test/parent_test/RT0064-rt-parent-FieldExObjectgetClass/FieldExObjectgetClass.java
TEST RESULT: Passed. Execution successful
--------------------------------------------------
TEST: testsuite/java_test/parent_test/RT0053-rt-parent-ConstructorExObjectwaitIllegalMonitorStateException/ConstructorExObjectwaitIllegalMonitorStateException.java
TEST RESULT: Passed. Execution successful
--------------------------------------------------
TEST: testsuite/java_test/parent_test/RT0040-rt-parent-ConstructorExAccessibleObjectgetDeclaredAnnotationsByTypeNullPointerException/ConstructorExAccessibleObjectgetDeclaredAnnotationsByTypeNullPointerException.java
TEST RESULT: Passed. Execution successful
--------------------------------------------------
TEST: testsuite/java_test/parent_test/RT0048-rt-parent-ConstructorExExecutablegetExceptionTypes/ConstructorExExecutablegetExceptionTypes.java
TEST RESULT: Passed. Execution successful
--------------------------------------------------
TEST: testsuite/java_test/parent_test/issue-RT0646-rt-parent-AccessibleObjectExObjectwaitInterruptedException/AccessibleObjectExObjectwaitInterruptedException.java
TEST RESULT: Passed. Execution successful
--------------------------------------------------
TEST: testsuite/java_test/parent_test/RT0043-rt-parent-ConstructorExAccessibleObjectisAnnotationPresentNullPointerException/ConstructorExAccessibleObjectisAnnotationPresentNullPointerException.java
TEST RESULT: Passed. Execution successful
--------------------------------------------------
TEST: testsuite/java_test/parent_test/RT0023-rt-parent-CharacterSubsetExObjectwaitInterruptedException/CharacterSubsetExObjectwaitInterruptedException.java
TEST RESULT: Passed. Execution successful
--------------------------------------------------
TEST: testsuite/java_test/parent_test/RT0028-rt-parent-ClassExObjectwaitInterruptedException/ClassExObjectwaitInterruptedException.java
TEST RESULT: Passed. Execution successful
--------------------------------------------------
TEST: testsuite/java_test/parent_test/RT0056-rt-parent-FieldExAccessibleObjectgetAnnotationsByTypeNullPointerException/FieldExAccessibleObjectgetAnnotationsByTypeNullPointerException.java
TEST RESULT: Passed. Execution successful
--------------------------------------------------
TEST: testsuite/java_test/parent_test/RT0077-rt-parent-MethodExAccessibleObjectSetAccessible/MethodExAccessibleObjectSetAccessible.java
TEST RESULT: Passed. Execution successful
--------------------------------------------------
TEST: testsuite/java_test/parent_test/RT0047-rt-parent-ConstructorExExecutablegetDeclaredAnnotations/ConstructorExExecutablegetDeclaredAnnotations.java
TEST RESULT: Passed. Execution successful
--------------------------------------------------
TEST: testsuite/java_test/parent_test/RT0063-rt-parent-FieldExAccessibleObjectsetAccessibleSecurityException/FieldExAccessibleObjectsetAccessibleSecurityException.java
TEST RESULT: Passed. Execution successful
--------------------------------------------------
TEST: testsuite/java_test/parent_test/RT0061-rt-parent-FieldExAccessibleObjectisAccessible/FieldExAccessibleObjectisAccessible.java
TEST RESULT: Passed. Execution successful
--------------------------------------------------
TEST: testsuite/java_test/parent_test/RT0059-rt-parent-FieldExAccessibleObjectgetDeclaredAnnotationsByTypeNullPointerException/FieldExAccessibleObjectgetDeclaredAnnotationsByTypeNullPointerException.java
TEST RESULT: Passed. Execution successful
--------------------------------------------------
TEST: testsuite/java_test/parent_test/RT0045-rt-parent-ConstructorExExecutablegetAnnotationNullPointerException/ConstructorExExecutablegetAnnotationNullPointerException.java
TEST RESULT: Passed. Execution successful
--------------------------------------------------
TEST: testsuite/java_test/parent_test/RT0072-rt-parent-MethodExAccessibleObjectgetAnnotations/MethodExAccessibleObjectgetAnnotations.java
TEST RESULT: Passed. Execution successful
--------------------------------------------------
TEST: testsuite/java_test/parent_test/RT0004-rt-parent-AccessibleObjectExObjectnotifyIllegalMonitorStateException/AccessibleObjectExObjectnotifyIllegalMonitorStateException.java
TEST RESULT: Passed. Execution successful
--------------------------------------------------
TEST: testsuite/java_test/parent_test/RT0075-rt-parent-MethodExAccessibleObjectisAccessible/MethodExAccessibleObjectisAccessible.java
TEST RESULT: Passed. Execution successful
--------------------------------------------------
TEST: testsuite/java_test/gconly_test/GC0004-GCOnly_WeakRefTest04/GCOnly_WeakRefTest04.java
TEST RESULT: Passed. Execution successful
--------------------------------------------------
TEST: testsuite/java_test/parent_test/RT0068-rt-parent-FieldExObjectwaitIllegalMonitorStateException/FieldExObjectwaitIllegalMonitorStateException.java
TEST RESULT: Passed. Execution successful
--------------------------------------------------
TEST: testsuite/java_test/parent_test/RT0062-rt-parent-FieldExAccessibleObjectisAnnotationPresentNullPointerException/FieldExAccessibleObjectisAnnotationPresentNullPointerException.java
TEST RESULT: Passed. Execution successful
--------------------------------------------------
TEST: testsuite/java_test/parent_test/RT0057-rt-parent-FieldExAccessibleObjectgetAnnotations/FieldExAccessibleObjectgetAnnotations.java
TEST RESULT: Passed. Execution successful
--------------------------------------------------
TEST: testsuite/java_test/parent_test/RT0071-rt-parent-MethodExAccessibleObjectgetAnnotationNullPointerException/MethodExAccessibleObjectgetAnnotationNullPointerException.java
TEST RESULT: Passed. Execution successful
--------------------------------------------------
TEST: testsuite/java_test/parent_test/RT0011-rt-parent-ArrayExObjectwaitInterruptedException/ArrayExObjectwaitInterruptedException.java
TEST RESULT: Passed. Execution successful
--------------------------------------------------
TEST: testsuite/java_test/parent_test/RT0078-rt-parent-MethodExecutablegetDeclaredAnnotations/MethodExecutablegetDeclaredAnnotations.java
TEST RESULT: Passed. Execution successful
--------------------------------------------------
TEST: testsuite/java_test/parent_test/RT0058-rt-parent-FieldExAccessibleObjectgetDeclaredAnnotation/FieldExAccessibleObjectgetDeclaredAnnotation.java
TEST RESULT: Passed. Execution successful
--------------------------------------------------
TEST: testsuite/java_test/parent_test/RT0080-rt-parent-MethodExExecutablegetGenericExceptionTypesExceptions/MethodExExecutablegetGenericExceptionTypesExceptions.java
TEST RESULT: Passed. Execution successful
--------------------------------------------------
TEST: testsuite/java_test/parent_test/RT0060-rt-parent-FieldExAccessibleObjectgetDeclaredAnnotations/FieldExAccessibleObjectgetDeclaredAnnotations.java
TEST RESULT: Passed. Execution successful
--------------------------------------------------
TEST: testsuite/java_test/parent_test/RT0019-rt-parent-CharacterSubsetExObjectnotifyAllIllegalMonitorStateException/CharacterSubsetExObjectnotifyAllIllegalMonitorStateException.java
TEST RESULT: Passed. Execution successful
--------------------------------------------------
TEST: testsuite/java_test/parent_test/RT0076-rt-parent-MethodExAccessibleObjectisAnnotationPresentNullPointerException/MethodExAccessibleObjectisAnnotationPresentNullPointerException.java
TEST RESULT: Passed. Execution successful
--------------------------------------------------
TEST: testsuite/java_test/eh_test/issue-RT0068-rt-eh-JvmInitializeOutOfMemoryErrorTest/JvmInitializeOutOfMemoryErrorTest.java
TEST RESULT: Passed. Execution successful
--------------------------------------------------
TEST: testsuite/java_test/parent_test/RT0073-rt-parent-MethodExAccessibleObjectgetDeclaredAnnotationNullPointerException/MethodExAccessibleObjectgetDeclaredAnnotationNullPointerException.java
TEST RESULT: Passed. Execution successful
--------------------------------------------------
TEST: testsuite/java_test/parent_test/RT0085-rt-parent-MethodExObjectwaitIllegalMonitorStateException/MethodExObjectwaitIllegalMonitorStateException.java
TEST RESULT: Passed. Execution successful
--------------------------------------------------
TEST: testsuite/java_test/parent_test/RT0074-rt-parent-MethodExAccessibleObjectgetDeclaredAnnotationsByTypeNullPointerException/MethodExAccessibleObjectgetDeclaredAnnotationsByTypeNullPointerException.java
TEST RESULT: Passed. Execution successful
--------------------------------------------------
TEST: testsuite/java_test/parent_test/RT0020-rt-parent-CharacterSubsetExObjectnotifyIllegalMonitorStateException/CharacterSubsetExObjectnotifyIllegalMonitorStateException.java
TEST RESULT: Passed. Execution successful
--------------------------------------------------
TEST: testsuite/java_test/parent_test/RT0081-rt-parent-MethodExExecutablegetGenericParameterTypesExceptions/MethodExExecutablegetGenericParameterTypesExceptions.java
TEST RESULT: Passed. Execution successful
--------------------------------------------------
TEST: testsuite/java_test/parent_test/RT0079-rt-parent-MethodExExecutablegetAnnotationsByTypeNullPointerException/MethodExExecutablegetAnnotationsByTypeNullPointerException.java
TEST RESULT: Passed. Execution successful
--------------------------------------------------
TEST: testsuite/java_test/parent_test/RT0102-rt-parent-ProxyExObjectwaitIllegalMonitorStateException/ProxyExObjectwaitIllegalMonitorStateException.java
TEST RESULT: Passed. Execution successful
--------------------------------------------------
TEST: testsuite/java_test/parent_test/RT0030-rt-parent-ClassLoaderExObjectnotifyAllIllegalMonitorStateException/ClassLoaderExObjectnotifyAllIllegalMonitorStateException.java
TEST RESULT: Passed. Execution successful
--------------------------------------------------
TEST: testsuite/java_test/parent_test/RT0025-rt-parent-ClassExObjectnotifyAllIllegalMonitorStateException/ClassExObjectnotifyAllIllegalMonitorStateException.java
TEST RESULT: Passed. Execution successful
--------------------------------------------------
TEST: testsuite/java_test/parent_test/RT0003-rt-parent-AccessibleObjectExObjectnotifyAllIllegalMonitorStateException/AccessibleObjectExObjectnotifyAllIllegalMonitorStateException.java
TEST RESULT: Passed. Execution successful
--------------------------------------------------
TEST: testsuite/java_test/parent_test/RT0094-rt-parent-ParameterExObjectgetClass/ParameterExObjectgetClass.java
TEST RESULT: Passed. Execution successful
--------------------------------------------------
TEST: testsuite/java_test/parent_test/RT0021-rt-parent-CharacterSubsetExObjectwaitIllegalArgumentException/CharacterSubsetExObjectwaitIllegalArgumentException.java
TEST RESULT: Passed. Execution successful
--------------------------------------------------
TEST: testsuite/java_test/parent_test/RT0098-rt-parent-ProxyExObjecthashCode/ProxyExObjecthashCode.java
TEST RESULT: Passed. Execution successful
--------------------------------------------------
TEST: testsuite/java_test/parent_test/RT0105-rt-parent-ReflectPermissionExBasicPermissionimplies/ReflectPermissionExBasicPermissionimplies.java
TEST RESULT: Passed. Execution successful
--------------------------------------------------
TEST: testsuite/java_test/parent_test/RT0031-rt-parent-ClassLoaderExObjectnotifyIllegalMonitorStateException/ClassLoaderExObjectnotifyIllegalMonitorStateException.java
TEST RESULT: Passed. Execution successful
--------------------------------------------------
TEST: testsuite/java_test/parent_test/RT0032-rt-parent-ClassLoaderExObjectwaitIllegalArgumentException/ClassLoaderExObjectwaitIllegalArgumentException.java
TEST RESULT: Passed. Execution successful
--------------------------------------------------
TEST: testsuite/java_test/parent_test/RT0026-rt-parent-ClassExObjectnotifyIllegalMonitorStateException/ClassExObjectnotifyIllegalMonitorStateException.java
TEST RESULT: Passed. Execution successful
--------------------------------------------------
TEST: testsuite/java_test/parent_test/RT0027-rt-parent-ClassExObjectwaitIllegalArgumentException/ClassExObjectwaitIllegalArgumentException.java
TEST RESULT: Passed. Execution successful
--------------------------------------------------
TEST: testsuite/java_test/parent_test/RT0106-rt-parent-ReflectPermissionExObjectgetClass/ReflectPermissionExObjectgetClass.java
TEST RESULT: Passed. Execution successful
--------------------------------------------------
TEST: testsuite/java_test/parent_test/RT0109-rt-parent-ReflectPermissionExObjecttoString/ReflectPermissionExObjecttoString.java
TEST RESULT: Passed. Execution successful
--------------------------------------------------
TEST: testsuite/java_test/parent_test/RT0097-rt-parent-ParameterExObjectwait/ParameterExObjectwait.java
TEST RESULT: Passed. Execution successful
--------------------------------------------------
TEST: testsuite/java_test/parent_test/RT0114-rt-parent-StringBufferExObjectgetClass/StringBufferExObjectgetClass.java
TEST RESULT: Passed. Execution successful
--------------------------------------------------
TEST: testsuite/java_test/parent_test/RT0113-rt-parent-ReflectPermissionExPermissioncheckGuard/ReflectPermissionExPermissioncheckGuard.java
TEST RESULT: Passed. Execution successful
--------------------------------------------------
TEST: testsuite/java_test/parent_test/RT0128-rt-parent-StringExObjectgetClass/StringExObjectgetClass.java
TEST RESULT: Passed. Execution successful
--------------------------------------------------
TEST: testsuite/java_test/parent_test/RT0115-rt-parent-StringBufferExObjecthashCode/StringBufferExObjecthashCode.java
TEST RESULT: Passed. Execution successful
--------------------------------------------------
TEST: testsuite/java_test/parent_test/RT0122-rt-parent-StringBuilderExObjecthashCode/StringBuilderExObjecthashCode.java
TEST RESULT: Passed. Execution successful
--------------------------------------------------
TEST: testsuite/java_test/parent_test/RT0119-rt-parent-StringBufferExObjectwaitIllegalMonitorStateException/StringBufferExObjectwaitIllegalMonitorStateException.java
TEST RESULT: Passed. Execution successful
--------------------------------------------------
TEST: testsuite/java_test/parent_test/RT0110-rt-parent-ReflectPermissionExObjectwaitIllegalMonitorStateException/ReflectPermissionExObjectwaitIllegalMonitorStateException.java
TEST RESULT: Passed. Execution successful
--------------------------------------------------
TEST: testsuite/java_test/parent_test/RT0132-rt-parent-StringExObjectwaitIllegalMonitorStateException/StringExObjectwaitIllegalMonitorStateException.java
TEST RESULT: Passed. Execution successful
--------------------------------------------------
TEST: testsuite/java_test/parent_test/RT0066-rt-parent-FieldExObjectnotifyIllegalMonitorStateException/FieldExObjectnotifyIllegalMonitorStateException.java
TEST RESULT: Passed. Execution successful
--------------------------------------------------
TEST: testsuite/java_test/parent_test/RT0104-rt-parent-ProxyExObjectwait/ProxyExObjectwait.java
TEST RESULT: Passed. Execution successful
--------------------------------------------------
TEST: testsuite/java_test/gconly_test/GC0002-GCOnly_WeakRefTest02/GCOnly_WeakRefTest02.java
TEST RESULT: Passed. Execution successful
--------------------------------------------------
TEST: testsuite/java_test/parent_test/RT0065-rt-parent-FieldExObjectnotifyAllIllegalMonitorStateException/FieldExObjectnotifyAllIllegalMonitorStateException.java
TEST RESULT: Passed. Execution successful
--------------------------------------------------
TEST: testsuite/java_test/parent_test/RT0050-rt-parent-ConstructorExObjectnotifyAllIllegalMonitorStateException/ConstructorExObjectnotifyAllIllegalMonitorStateException.java
TEST RESULT: Passed. Execution successful
--------------------------------------------------
TEST: testsuite/java_test/parent_test/RT0140-rt-parent-ThreadGroupExObjectequals/ThreadGroupExObjectequals.java
TEST RESULT: Passed. Execution successful
--------------------------------------------------
TEST: testsuite/java_test/parent_test/RT0083-rt-parent-MethodExObjectnotifyIllegalMonitorStateException/MethodExObjectnotifyIllegalMonitorStateException.java
TEST RESULT: Passed. Execution successful
--------------------------------------------------
TEST: testsuite/java_test/parent_test/RT0121-rt-parent-StringBuilderExObjectgetClass/StringBuilderExObjectgetClass.java
TEST RESULT: Passed. Execution successful
--------------------------------------------------
TEST: testsuite/java_test/parent_test/RT0126-rt-parent-StringBuilderExObjectwaitIllegalMonitorStateException/StringBuilderExObjectwaitIllegalMonitorStateException.java
TEST RESULT: Passed. Execution successful
--------------------------------------------------
TEST: testsuite/java_test/parent_test/RT0142-rt-parent-ThreadGroupExObjecthashCode/ThreadGroupExObjecthashCode.java
TEST RESULT: Passed. Execution successful
--------------------------------------------------
TEST: testsuite/java_test/parent_test/RT0051-rt-parent-ConstructorExObjectnotifyIllegalMonitorStateException/ConstructorExObjectnotifyIllegalMonitorStateException.java
TEST RESULT: Passed. Execution successful
--------------------------------------------------
TEST: testsuite/java_test/parent_test/RT0145-rt-parent-ThreadGroupExObjecttoString/ThreadGroupExObjecttoString.java
TEST RESULT: Passed. Execution successful
--------------------------------------------------
TEST: testsuite/java_test/parent_test/RT0149-rt-parent-ThreadLocalExObjectgetClass/ThreadLocalExObjectgetClass.java
TEST RESULT: Passed. Execution successful
--------------------------------------------------
TEST: testsuite/java_test/parent_test/RT0153-rt-parent-ThreadLocalExObjecttoString/ThreadLocalExObjecttoString.java
TEST RESULT: Passed. Execution successful
--------------------------------------------------
TEST: testsuite/java_test/gconly_test/GC0003-GCOnly_WeakRefTest03/GCOnly_WeakRefTest03.java
TEST RESULT: Passed. Execution successful
--------------------------------------------------
TEST: testsuite/java_test/parent_test/RT0141-rt-parent-ThreadGroupExObjectgetClass/ThreadGroupExObjectgetClass.java
TEST RESULT: Passed. Execution successful
--------------------------------------------------
TEST: testsuite/java_test/parent_test/RT0138-rt-parent-ThreadExObjectwaitIllegalMonitorStateException/ThreadExObjectwaitIllegalMonitorStateException.java
TEST RESULT: Passed. Execution successful
--------------------------------------------------
TEST: testsuite/java_test/parent_test/RT0134-rt-parent-ThreadExObjecthashCode/ThreadExObjecthashCode.java
TEST RESULT: Passed. Execution successful
--------------------------------------------------
TEST: testsuite/java_test/parent_test/RT0161-rt-parent-ThrowableExObjectwaitIllegalMonitorStateException/ThrowableExObjectwaitIllegalMonitorStateException.java
TEST RESULT: Passed. Execution successful
--------------------------------------------------
TEST: testsuite/java_test/parent_test/RT0147-rt-parent-ThreadGroupExObjectwaitIllegalMonitorStateException/ThreadGroupExObjectwaitIllegalMonitorStateException.java
TEST RESULT: Passed. Execution successful
--------------------------------------------------
TEST: testsuite/java_test/parent_test/RT0164-rt-parent-UnicodeBlockExObjectgetClass/UnicodeBlockExObjectgetClass.java
TEST RESULT: Passed. Execution successful
--------------------------------------------------
TEST: testsuite/java_test/parent_test/RT0150-rt-parent-ThreadLocalExObjecthashCode/ThreadLocalExObjecthashCode.java
TEST RESULT: Passed. Execution successful
--------------------------------------------------
TEST: testsuite/java_test/parent_test/RT0084-rt-parent-MethodExObjectwaitIllegalArgumentException/MethodExObjectwaitIllegalArgumentException.java
TEST RESULT: Passed. Execution successful
--------------------------------------------------
TEST: testsuite/java_test/parent_test/RT0157-rt-parent-ThrowableExObjecthashCode/ThrowableExObjecthashCode.java
TEST RESULT: Passed. Execution successful
--------------------------------------------------
TEST: testsuite/java_test/parent_test/RT0155-rt-parent-ThreadLocalExObjectwaitIllegalMonitorStateException/ThreadLocalExObjectwaitIllegalMonitorStateException.java
TEST RESULT: Passed. Execution successful
--------------------------------------------------
TEST: testsuite/java_test/parent_test/RT0067-rt-parent-FieldExObjectwaitIllegalArgumentException/FieldExObjectwaitIllegalArgumentException.java
TEST RESULT: Passed. Execution successful
--------------------------------------------------
TEST: testsuite/java_test/parent_test/RT0082-rt-parent-MethodExObjectnotifyAllIllegalMonitorStateException/MethodExObjectnotifyAllIllegalMonitorStateException.java
TEST RESULT: Passed. Execution successful
--------------------------------------------------
TEST: testsuite/java_test/parent_test/RT0165-rt-parent-UnicodeBlockExObjecthashCode/UnicodeBlockExObjecthashCode.java
TEST RESULT: Passed. Execution successful
--------------------------------------------------
TEST: testsuite/java_test/parent_test/RT0101-rt-parent-ProxyExObjectwaitIllegalArgumentException/ProxyExObjectwaitIllegalArgumentException.java
TEST RESULT: Passed. Execution successful
--------------------------------------------------
TEST: testsuite/java_test/parent_test/RT0096-rt-parent-ParameterExObjectnotifyIllegalMonitorStateException/ParameterExObjectnotifyIllegalMonitorStateException.java
TEST RESULT: Passed. Execution successful
--------------------------------------------------
TEST: testsuite/java_test/parent_test/RT0095-rt-parent-ParameterExObjectnotifyAllIllegalMonitorStateException/ParameterExObjectnotifyAllIllegalMonitorStateException.java
TEST RESULT: Passed. Execution successful
--------------------------------------------------
TEST: testsuite/java_test/parent_test/RT0111-rt-parent-ReflectPermissionExObjectwaitInterruptedException/ReflectPermissionExObjectwaitInterruptedException.java
TEST RESULT: Passed. Execution successful
--------------------------------------------------
TEST: testsuite/java_test/parent_test/RT0100-rt-parent-ProxyExObjectnotifyIllegalMonitorStateException/ProxyExObjectnotifyIllegalMonitorStateException.java
TEST RESULT: Passed. Execution successful
--------------------------------------------------
TEST: testsuite/java_test/parent_test/RT0099-rt-parent-ProxyExObjectnotifyAllIllegalMonitorStateException/ProxyExObjectnotifyAllIllegalMonitorStateException.java
TEST RESULT: Passed. Execution successful
--------------------------------------------------
TEST: testsuite/java_test/parent_test/RT0168-rt-parent-UnicodeBlockExObjecttoString/UnicodeBlockExObjecttoString.java
TEST RESULT: Passed. Execution successful
--------------------------------------------------
TEST: testsuite/java_test/parent_test/RT0169-rt-parent-UnicodeBlockExObjectwaitIllegalMonitorStateException/UnicodeBlockExObjectwaitIllegalMonitorStateException.java
TEST RESULT: Passed. Execution successful
--------------------------------------------------
TEST: testsuite/java_test/parent_test/RT0127-rt-parent-StringBuilderExObjectwait/StringBuilderExObjectwait.java
TEST RESULT: Passed. Execution successful
--------------------------------------------------
TEST: testsuite/java_test/rc_test/common_test/RC0305-rc-function-SubsumeRC01/SubsumeRC01.java
TEST RESULT: Passed. Execution successful
--------------------------------------------------
TEST: testsuite/java_test/rc_test/common_test/RC0307-rc-function-SubsumeRC03/SubsumeRC03.java
TEST RESULT: Passed. Execution successful
--------------------------------------------------
TEST: testsuite/java_test/rc_test/common_test/RC0306-rc-function-SubsumeRC02/SubsumeRC02.java
TEST RESULT: Passed. Execution successful
--------------------------------------------------
TEST: testsuite/java_test/parent_test/RT0108-rt-parent-ReflectPermissionExObjectnotifyIllegalMonitorStateException/ReflectPermissionExObjectnotifyIllegalMonitorStateException.java
TEST RESULT: Passed. Execution successful
--------------------------------------------------
TEST: testsuite/java_test/rc_test/common_test/RC0308-rc-function-CondBasedRC01/CondBasedRC01.java
TEST RESULT: Passed. Execution successful
--------------------------------------------------
TEST: testsuite/java_test/parent_test/RT0107-rt-parent-ReflectPermissionExObjectnotifyAllIllegalMonitorStateException/ReflectPermissionExObjectnotifyAllIllegalMonitorStateException.java
TEST RESULT: Passed. Execution successful
--------------------------------------------------
TEST: test/testsuite/ouroboros/thread_test/RT0184-rt-Thread-GenerifyStackTraces2/GenerifyStackTraces.java
TEST RESULT: Passed. Execution successful
--------------------------------------------------
TEST: testsuite/java_test/rc_test/common_test/RC0471-rc-BindingMethod-UnsafeTest01/UnsafeTest01.java
TEST RESULT: Passed. Execution successful
--------------------------------------------------
TEST: testsuite/java_test/gconly_test/GC0001-GCOnly_WeakRefTest01/GCOnly_WeakRefTest01.java
TEST RESULT: Passed. Execution successful
--------------------------------------------------
TEST: test/testsuite/ouroboros/thread_test/RT0185-rt-Thread-GenerifyAllStackTraces/GenerifyAllStackTraces.java
TEST RESULT: Passed. Execution successful
--------------------------------------------------
TEST: testsuite/java_test/parent_test/RT0117-rt-parent-StringBufferExObjectnotifyIllegalMonitorStateException/StringBufferExObjectnotifyIllegalMonitorStateException.java
TEST RESULT: Passed. Execution successful
--------------------------------------------------
TEST: testsuite/java_test/rc_test/RC0009-rc-function-Cycle_a_00260/Cycle_a_00260.java
TEST RESULT: Passed. Execution successful
--------------------------------------------------
TEST: test/testsuite/ouroboros/rc_test/RC0344-rc-rp-test_aged_ref/Ref_Processor_Aged_Ref.java
TEST RESULT: Passed. Execution successful
--------------------------------------------------
TEST: testsuite/java_test/parent_test/RT0143-rt-parent-ThreadGroupExObjectnotifyAllIllegalMonitorStateException/ThreadGroupExObjectnotifyAllIllegalMonitorStateException.java
TEST RESULT: Passed. Execution successful
--------------------------------------------------
TEST: testsuite/java_test/rc_test/common_test/RC0472-rc-BindingMethod-UnsafeTest02/UnsafeTest02.java
TEST RESULT: Passed. Execution successful
--------------------------------------------------
TEST: testsuite/java_test/parent_test/RT0156-rt-parent-ThreadLocalExObjectwaitInterruptedException/ThreadLocalExObjectwaitInterruptedException.java
TEST RESULT: Passed. Execution successful
--------------------------------------------------
TEST: testsuite/java_test/rc_test/RC0004-rc-function-Cycle_a_00210/Cycle_a_00210.java
TEST RESULT: Passed. Execution successful
--------------------------------------------------
TEST: testsuite/java_test/parent_test/RT0118-rt-parent-StringBufferExObjectwaitIllegalArgumentException/StringBufferExObjectwaitIllegalArgumentException.java
TEST RESULT: Passed. Execution successful
--------------------------------------------------
TEST: testsuite/java_test/rc_test/common_test/RC0436-rc-SoftRef-SoftRefTest06/SoftRefTest06.java
TEST RESULT: Passed. Execution successful
--------------------------------------------------
TEST: testsuite/java_test/rc_test/common_test/RC0473-rc-BindingMethod-UnsafeTest03/UnsafeTest03.java
TEST RESULT: Passed. Execution successful
--------------------------------------------------
TEST: testsuite/java_test/rc_test/common_test/RC0474-rc-BindingMethod-UnsafeTest04/UnsafeTest04.java
TEST RESULT: Passed. Execution successful
--------------------------------------------------
TEST: testsuite/java_test/parent_test/RT0162-rt-parent-ThrowableExObjectwaitInterruptedException/ThrowableExObjectwaitInterruptedException.java
TEST RESULT: Passed. Execution successful
--------------------------------------------------
TEST: testsuite/java_test/parent_test/RT0124-rt-parent-StringBuilderExObjectnotifyIllegalMonitorStateException/StringBuilderExObjectnotifyIllegalMonitorStateException.java
TEST RESULT: Passed. Execution successful
--------------------------------------------------
TEST: testsuite/java_test/parent_test/RT0123-rt-parent-StringBuilderExObjectnotifyAllIllegalMonitorStateException/StringBuilderExObjectnotifyAllIllegalMonitorStateException.java
TEST RESULT: Passed. Execution successful
--------------------------------------------------
TEST: testsuite/java_test/parent_test/RT0116-rt-parent-StringBufferExObjectnotifyAllIllegalMonitorStateException/StringBufferExObjectnotifyAllIllegalMonitorStateException.java
TEST RESULT: Passed. Execution successful
--------------------------------------------------
TEST: testsuite/java_test/parent_test/RT0136-rt-parent-ThreadExObjectnotifyIllegalMonitorStateException/ThreadExObjectnotifyIllegalMonitorStateException.java
TEST RESULT: Passed. Execution successful
--------------------------------------------------
TEST: testsuite/java_test/parent_test/RT0125-rt-parent-StringBuilderExObjectwaitIllegalArgumentException/StringBuilderExObjectwaitIllegalArgumentException.java
TEST RESULT: Passed. Execution successful
--------------------------------------------------
TEST: testsuite/java_test/parent_test/RT0131-rt-parent-StringExObjectwaitIllegalArgumentException/StringExObjectwaitIllegalArgumentException.java
TEST RESULT: Passed. Execution successful
--------------------------------------------------
TEST: testsuite/java_test/parent_test/RT0129-rt-parent-StringExObjectnotifyAllIllegalMonitorStateException/StringExObjectnotifyAllIllegalMonitorStateException.java
TEST RESULT: Passed. Execution successful
--------------------------------------------------
TEST: testsuite/java_test/parent_test/RT0135-rt-parent-ThreadExObjectnotifyAllIllegalMonitorStateException/ThreadExObjectnotifyAllIllegalMonitorStateException.java
TEST RESULT: Passed. Execution successful
--------------------------------------------------
TEST: testsuite/java_test/rc_test/RC0001-rc-function-Cycle_a_00180/Cycle_a_00180.java
TEST RESULT: Passed. Execution successful
--------------------------------------------------
TEST: testsuite/java_test/rc_test/common_test/RC0475-rc-BindingMethod-UnsafeTest05/UnsafeTest05.java
TEST RESULT: Passed. Execution successful
--------------------------------------------------
TEST: testsuite/java_test/rc_test/RC0002-rc-function-Cycle_a_00190/Cycle_a_00190.java
TEST RESULT: Passed. Execution successful
--------------------------------------------------
TEST: testsuite/java_test/rc_test/RC0006-rc-function-Cycle_a_00230/Cycle_a_00230.java
TEST RESULT: Passed. Execution successful
--------------------------------------------------
TEST: testsuite/java_test/parent_test/RT0146-rt-parent-ThreadGroupExObjectwaitIllegalArgumentException/ThreadGroupExObjectwaitIllegalArgumentException.java
TEST RESULT: Passed. Execution successful
--------------------------------------------------
TEST: testsuite/java_test/rc_test/RC0008-rc-function-Cycle_a_00250/Cycle_a_00250.java
TEST RESULT: Passed. Execution successful
--------------------------------------------------
TEST: testsuite/java_test/rc_test/common_test/RC0476-rc-BindingMethod-UnsafeTest06/UnsafeTest06.java
TEST RESULT: Passed. Execution successful
--------------------------------------------------
TEST: testsuite/java_test/parent_test/RT0137-rt-parent-ThreadExObjectwaitIllegalArgumentException/ThreadExObjectwaitIllegalArgumentException.java
TEST RESULT: Passed. Execution successful
--------------------------------------------------
TEST: testsuite/java_test/rc_test/RC0013-rc-function-Cycle_a_00300/Cycle_a_00300.java
TEST RESULT: Passed. Execution successful
--------------------------------------------------
TEST: testsuite/java_test/parent_test/RT0130-rt-parent-StringExObjectnotifyIllegalMonitorStateException/StringExObjectnotifyIllegalMonitorStateException.java
TEST RESULT: Passed. Execution successful
--------------------------------------------------
TEST: testsuite/java_test/rc_test/common_test/RC0445-rc-PlacementRC-PlacementRCTest03/PlacementRCTest03.java
TEST RESULT: Passed. Execution successful
--------------------------------------------------
TEST: testsuite/java_test/parent_test/RT0151-rt-parent-ThreadLocalExObjectnotifyAllIllegalMonitorStateException/ThreadLocalExObjectnotifyAllIllegalMonitorStateException.java
TEST RESULT: Passed. Execution successful
--------------------------------------------------
TEST: testsuite/java_test/parent_test/RT0012-rt-parent-ArrayExObjectwait/ArrayExObjectwait.java
TEST RESULT: Passed. Execution successful
--------------------------------------------------
TEST: testsuite/java_test/rc_test/RC0007-rc-function-Cycle_a_00240/Cycle_a_00240.java
TEST RESULT: Passed. Execution successful
--------------------------------------------------
TEST: testsuite/java_test/rc_test/RC0018-rc-function-Cycle_a_00350/Cycle_a_00350.java
TEST RESULT: Passed. Execution successful
--------------------------------------------------
TEST: testsuite/java_test/rc_test/RC0003-rc-function-Cycle_a_00200/Cycle_a_00200.java
TEST RESULT: Passed. Execution successful
--------------------------------------------------
TEST: test/testsuite/ouroboros/rc_test/RC0347-rc-rp-simulthread/SimulThreadInRef.java
TEST RESULT: Passed. Execution successful
--------------------------------------------------
TEST: testsuite/java_test/rc_test/RC0015-rc-function-Cycle_a_00320/Cycle_a_00320.java
TEST RESULT: Passed. Execution successful
--------------------------------------------------
TEST: testsuite/java_test/rc_test/RC0014-rc-function-Cycle_a_00310/Cycle_a_00310.java
TEST RESULT: Passed. Execution successful
--------------------------------------------------
TEST: testsuite/java_test/rc_test/RC0012-rc-function-Cycle_a_00290/Cycle_a_00290.java
TEST RESULT: Passed. Execution successful
--------------------------------------------------
TEST: testsuite/java_test/rc_test/RC0010-rc-function-Cycle_a_00270/Cycle_a_00270.java
TEST RESULT: Passed. Execution successful
--------------------------------------------------
TEST: testsuite/java_test/parent_test/RT0144-rt-parent-ThreadGroupExObjectnotifyIllegalMonitorStateException/ThreadGroupExObjectnotifyIllegalMonitorStateException.java
TEST RESULT: Passed. Execution successful
--------------------------------------------------
TEST: testsuite/java_test/rc_test/RC0011-rc-function-Cycle_a_00280/Cycle_a_00280.java
TEST RESULT: Passed. Execution successful
--------------------------------------------------
TEST: testsuite/java_test/parent_test/RT0159-rt-parent-ThrowableExObjectnotifyIllegalMonitorStateException/ThrowableExObjectnotifyIllegalMonitorStateException.java
TEST RESULT: Passed. Execution successful
--------------------------------------------------
TEST: testsuite/java_test/rc_test/RC0005-rc-function-Cycle_a_00220/Cycle_a_00220.java
TEST RESULT: Passed. Execution successful
--------------------------------------------------
TEST: testsuite/java_test/rc_test/RC0017-rc-function-Cycle_a_00340/Cycle_a_00340.java
TEST RESULT: Passed. Execution successful
--------------------------------------------------
TEST: testsuite/java_test/rc_test/RC0016-rc-function-Cycle_a_00330/Cycle_a_00330.java
TEST RESULT: Passed. Execution successful
--------------------------------------------------
TEST: testsuite/java_test/rc_test/RC0022-rc-function-Cycle_a_00390/Cycle_a_00390.java
TEST RESULT: Passed. Execution successful
--------------------------------------------------
TEST: testsuite/java_test/rc_test/RC0019-rc-function-Cycle_a_00360/Cycle_a_00360.java
TEST RESULT: Passed. Execution successful
--------------------------------------------------
TEST: testsuite/java_test/rc_test/RC0020-rc-function-Cycle_a_00370/Cycle_a_00370.java
TEST RESULT: Passed. Execution successful
--------------------------------------------------
TEST: testsuite/java_test/rc_test/RC0024-rc-function-Cycle_a_00410/Cycle_a_00410.java
TEST RESULT: Passed. Execution successful
--------------------------------------------------
TEST: testsuite/java_test/parent_test/RT0152-rt-parent-ThreadLocalExObjectnotifyIllegalMonitorStateException/ThreadLocalExObjectnotifyIllegalMonitorStateException.java
TEST RESULT: Passed. Execution successful
--------------------------------------------------
TEST: testsuite/java_test/parent_test/RT0154-rt-parent-ThreadLocalExObjectwaitIllegalArgumentException/ThreadLocalExObjectwaitIllegalArgumentException.java
TEST RESULT: Passed. Execution successful
--------------------------------------------------
TEST: testsuite/java_test/rc_test/RC0023-rc-function-Cycle_a_00400/Cycle_a_00400.java
TEST RESULT: Passed. Execution successful
--------------------------------------------------
TEST: testsuite/java_test/rc_test/RC0025-rc-function-Cycle_a_00420/Cycle_a_00420.java
TEST RESULT: Passed. Execution successful
--------------------------------------------------
TEST: testsuite/java_test/rc_test/RC0021-rc-function-Cycle_a_00380/Cycle_a_00380.java
TEST RESULT: Passed. Execution successful
--------------------------------------------------
TEST: testsuite/java_test/parent_test/RT0158-rt-parent-ThrowableExObjectnotifyAllIllegalMonitorStateException/ThrowableExObjectnotifyAllIllegalMonitorStateException.java
TEST RESULT: Passed. Execution successful
--------------------------------------------------
TEST: testsuite/java_test/rc_test/RC0026-rc-function-Cycle_a_00430/Cycle_a_00430.java
TEST RESULT: Passed. Execution successful
--------------------------------------------------
TEST: testsuite/java_test/rc_test/common_test/RC0434-rc-SoftRef-SoftRefTest04/SoftRefTest04.java
TEST RESULT: Passed. Execution successful
--------------------------------------------------
TEST: testsuite/java_test/parent_test/RT0034-rt-parent-ClassLoaderExObjectwaitInterruptedException/ClassLoaderExObjectwaitInterruptedException.java
TEST RESULT: Passed. Execution successful
--------------------------------------------------
TEST: testsuite/java_test/parent_test/RT0160-rt-parent-ThrowableExObjectwaitIllegalArgumentException/ThrowableExObjectwaitIllegalArgumentException.java
TEST RESULT: Passed. Execution successful
--------------------------------------------------
TEST: testsuite/java_test/rc_test/RC0027-rc-function-Cycle_a_00440/Cycle_a_00440.java
TEST RESULT: Passed. Execution successful
--------------------------------------------------
TEST: testsuite/java_test/parent_test/RT0166-rt-parent-UnicodeBlockExObjectnotifyAllIllegalMonitorStateException/UnicodeBlockExObjectnotifyAllIllegalMonitorStateException.java
TEST RESULT: Passed. Execution successful
--------------------------------------------------
TEST: testsuite/java_test/rc_test/RC0029-rc-function-Cycle_a_00460/Cycle_a_00460.java
TEST RESULT: Passed. Execution successful
--------------------------------------------------
TEST: testsuite/java_test/parent_test/RT0167-rt-parent-UnicodeBlockExObjectnotifyIllegalMonitorStateException/UnicodeBlockExObjectnotifyIllegalMonitorStateException.java
TEST RESULT: Passed. Execution successful
--------------------------------------------------
TEST: testsuite/java_test/parent_test/RT0035-rt-parent-ClassLoaderExObjectwait/ClassLoaderExObjectwait.java
TEST RESULT: Passed. Execution successful
--------------------------------------------------
TEST: testsuite/java_test/rc_test/RC0028-rc-function-Cycle_a_00450/Cycle_a_00450.java
TEST RESULT: Passed. Execution successful
--------------------------------------------------
TEST: testsuite/java_test/rc_test/RC0034-rc-function-Cycle_a_10010/Cycle_a_10010.java
TEST RESULT: Passed. Execution successful
--------------------------------------------------
TEST: testsuite/java_test/rc_test/RC0031-rc-function-Cycle_a_00480/Cycle_a_00480.java
TEST RESULT: Passed. Execution successful
--------------------------------------------------
TEST: testsuite/java_test/rc_test/RC0033-rc-function-Cycle_a_00500/Cycle_a_00500.java
TEST RESULT: Passed. Execution successful
--------------------------------------------------
TEST: testsuite/java_test/rc_test/RC0030-rc-function-Cycle_a_00470/Cycle_a_00470.java
TEST RESULT: Passed. Execution successful
--------------------------------------------------
TEST: testsuite/java_test/rc_test/RC0035-rc-function-Cycle_a_10020/Cycle_a_10020.java
TEST RESULT: Passed. Execution successful
--------------------------------------------------
TEST: testsuite/java_test/rc_test/RC0038-rc-function-Cycle_B_1_00030/Cycle_B_1_00030.java
TEST RESULT: Passed. Execution successful
--------------------------------------------------
TEST: testsuite/java_test/rc_test/RC0042-rc-function-Cycle_B_1_00070/Cycle_B_1_00070.java
TEST RESULT: Passed. Execution successful
--------------------------------------------------
TEST: testsuite/java_test/rc_test/RC0039-rc-function-Cycle_B_1_00040/Cycle_B_1_00040.java
TEST RESULT: Passed. Execution successful
--------------------------------------------------
TEST: testsuite/java_test/rc_test/RC0032-rc-function-Cycle_a_00490/Cycle_a_00490.java
TEST RESULT: Passed. Execution successful
--------------------------------------------------
TEST: testsuite/java_test/parent_test/RT0069-rt-parent-FieldExObjectwaitInterruptedException/FieldExObjectwaitInterruptedException.java
TEST RESULT: Passed. Execution successful
--------------------------------------------------
TEST: testsuite/java_test/rc_test/RC0036-rc-function-Cycle_B_1_00010/Cycle_B_1_00010.java
TEST RESULT: Passed. Execution successful
--------------------------------------------------
TEST: testsuite/java_test/rc_test/RC0041-rc-function-Cycle_B_1_00060/Cycle_B_1_00060.java
TEST RESULT: Passed. Execution successful
--------------------------------------------------
TEST: testsuite/java_test/parent_test/RT0070-rt-parent-FieldExObjectwait/FieldExObjectwait.java
TEST RESULT: Passed. Execution successful
--------------------------------------------------
TEST: testsuite/java_test/parent_test/RT0055-rt-parent-ConstructorExObjectwait/ConstructorExObjectwait.java
TEST RESULT: Passed. Execution successful
--------------------------------------------------
TEST: testsuite/java_test/rc_test/RC0044-rc-function-Cycle_B_1_00090/Cycle_B_1_00090.java
TEST RESULT: Passed. Execution successful
--------------------------------------------------
TEST: testsuite/java_test/rc_test/RC0047-rc-function-Cycle_B_1_00120/Cycle_B_1_00120.java
TEST RESULT: Passed. Execution successful
--------------------------------------------------
TEST: testsuite/java_test/rc_test/RC0055-rc-function-Cycle_B_1_00200/Cycle_B_1_00200.java
TEST RESULT: Passed. Execution successful
--------------------------------------------------
TEST: testsuite/java_test/rc_test/RC0043-rc-function-Cycle_B_1_00080/Cycle_B_1_00080.java
TEST RESULT: Passed. Execution successful
--------------------------------------------------
TEST: testsuite/java_test/rc_test/RC0037-rc-function-Cycle_B_1_00020/Cycle_B_1_00020.java
TEST RESULT: Passed. Execution successful
--------------------------------------------------
TEST: testsuite/java_test/rc_test/RC0053-rc-function-Cycle_B_1_00180/Cycle_B_1_00180.java
TEST RESULT: Passed. Execution successful
--------------------------------------------------
TEST: testsuite/java_test/parent_test/RT0086-rt-parent-MethodExObjectwaitInterruptedException/MethodExObjectwaitInterruptedException.java
TEST RESULT: Passed. Execution successful
--------------------------------------------------
TEST: testsuite/java_test/rc_test/RC0040-rc-function-Cycle_B_1_00050/Cycle_B_1_00050.java
TEST RESULT: Passed. Execution successful
--------------------------------------------------
TEST: testsuite/java_test/rc_test/RC0064-rc-function-Cycle_B_2_00070/Cycle_B_2_00070.java
TEST RESULT: Passed. Execution successful
--------------------------------------------------
TEST: testsuite/java_test/rc_test/RC0071-rc-function-Cycle_B_2_00140/Cycle_B_2_00140.java
TEST RESULT: Passed. Execution successful
--------------------------------------------------
TEST: testsuite/java_test/rc_test/RC0063-rc-function-Cycle_B_2_00060/Cycle_B_2_00060.java
TEST RESULT: Passed. Execution successful
--------------------------------------------------
TEST: testsuite/java_test/rc_test/RC0066-rc-function-Cycle_B_2_00090/Cycle_B_2_00090.java
TEST RESULT: Passed. Execution successful
--------------------------------------------------
TEST: testsuite/java_test/rc_test/RC0048-rc-function-Cycle_B_1_00130/Cycle_B_1_00130.java
TEST RESULT: Passed. Execution successful
--------------------------------------------------
TEST: testsuite/java_test/rc_test/RC0052-rc-function-Cycle_B_1_00170/Cycle_B_1_00170.java
TEST RESULT: Passed. Execution successful
--------------------------------------------------
TEST: testsuite/java_test/rc_test/RC0056-rc-function-Cycle_B_1_10010/Cycle_B_1_10010.java
TEST RESULT: Passed. Execution successful
--------------------------------------------------
TEST: testsuite/java_test/rc_test/RC0045-rc-function-Cycle_B_1_00100/Cycle_B_1_00100.java
TEST RESULT: Passed. Execution successful
--------------------------------------------------
TEST: testsuite/java_test/rc_test/RC0072-rc-function-Cycle_B_2_00150/Cycle_B_2_00150.java
TEST RESULT: Passed. Execution successful
--------------------------------------------------
TEST: testsuite/java_test/rc_test/RC0051-rc-function-Cycle_B_1_00160/Cycle_B_1_00160.java
TEST RESULT: Passed. Execution successful
--------------------------------------------------
TEST: testsuite/java_test/rc_test/RC0046-rc-function-Cycle_B_1_00110/Cycle_B_1_00110.java
TEST RESULT: Passed. Execution successful
--------------------------------------------------
TEST: testsuite/java_test/rc_test/RC0070-rc-function-Cycle_B_2_00130/Cycle_B_2_00130.java
TEST RESULT: Passed. Execution successful
--------------------------------------------------
TEST: testsuite/java_test/rc_test/RC0083-rc-function-Nocycle_a_00020/Nocycle_a_00020.java
TEST RESULT: Passed. Execution successful
--------------------------------------------------
TEST: testsuite/java_test/rc_test/RC0065-rc-function-Cycle_B_2_00080/Cycle_B_2_00080.java
TEST RESULT: Passed. Execution successful
--------------------------------------------------
TEST: testsuite/java_test/rc_test/RC0074-rc-function-Cycle_B_2_00170/Cycle_B_2_00170.java
TEST RESULT: Passed. Execution successful
--------------------------------------------------
TEST: testsuite/java_test/rc_test/RC0069-rc-function-Cycle_B_2_00120/Cycle_B_2_00120.java
TEST RESULT: Passed. Execution successful
--------------------------------------------------
TEST: testsuite/java_test/parent_test/RT0087-rt-parent-MethodExObjectwait/MethodExObjectwait.java
TEST RESULT: Passed. Execution successful
--------------------------------------------------
TEST: testsuite/java_test/rc_test/RC0054-rc-function-Cycle_B_1_00190/Cycle_B_1_00190.java
TEST RESULT: Passed. Execution successful
--------------------------------------------------
TEST: testsuite/java_test/rc_test/RC0059-rc-function-Cycle_B_2_00020/Cycle_B_2_00020.java
TEST RESULT: Passed. Execution successful
--------------------------------------------------
TEST: testsuite/java_test/rc_test/RC0058-rc-function-Cycle_B_2_00010/Cycle_B_2_00010.java
TEST RESULT: Passed. Execution successful
--------------------------------------------------
TEST: testsuite/java_test/rc_test/RC0050-rc-function-Cycle_B_1_00150/Cycle_B_1_00150.java
TEST RESULT: Passed. Execution successful
--------------------------------------------------
TEST: testsuite/java_test/rc_test/RC0075-rc-function-Cycle_B_2_00180/Cycle_B_2_00180.java
TEST RESULT: Passed. Execution successful
--------------------------------------------------
TEST: testsuite/java_test/rc_test/RC0057-rc-function-Cycle_B_1_10020/Cycle_B_1_10020.java
TEST RESULT: Passed. Execution successful
--------------------------------------------------
TEST: testsuite/java_test/rc_test/RC0061-rc-function-Cycle_B_2_00040/Cycle_B_2_00040.java
TEST RESULT: Passed. Execution successful
--------------------------------------------------
TEST: testsuite/java_test/rc_test/RC0049-rc-function-Cycle_B_1_00140/Cycle_B_1_00140.java
TEST RESULT: Passed. Execution successful
--------------------------------------------------
TEST: testsuite/java_test/rc_test/RC0067-rc-function-Cycle_B_2_00100/Cycle_B_2_00100.java
TEST RESULT: Passed. Execution successful
--------------------------------------------------
TEST: testsuite/java_test/rc_test/RC0082-rc-function-Nocycle_a_00010/Nocycle_a_00010.java
TEST RESULT: Passed. Execution successful
--------------------------------------------------
TEST: testsuite/java_test/rc_test/RC0077-rc-function-Cycle_B_2_00200/Cycle_B_2_00200.java
TEST RESULT: Passed. Execution successful
--------------------------------------------------
TEST: testsuite/java_test/rc_test/RC0073-rc-function-Cycle_B_2_00160/Cycle_B_2_00160.java
TEST RESULT: Passed. Execution successful
--------------------------------------------------
TEST: testsuite/java_test/rc_test/RC0089-rc-function-Nocycle_a_00080/Nocycle_a_00080.java
TEST RESULT: Passed. Execution successful
--------------------------------------------------
TEST: testsuite/java_test/rc_test/RC0062-rc-function-Cycle_B_2_00050/Cycle_B_2_00050.java
TEST RESULT: Passed. Execution successful
--------------------------------------------------
TEST: testsuite/java_test/rc_test/RC0060-rc-function-Cycle_B_2_00030/Cycle_B_2_00030.java
TEST RESULT: Passed. Execution successful
--------------------------------------------------
TEST: testsuite/java_test/rc_test/RC0076-rc-function-Cycle_B_2_00190/Cycle_B_2_00190.java
TEST RESULT: Passed. Execution successful
--------------------------------------------------
TEST: testsuite/java_test/rc_test/RC0096-rc-function-Nocycle_a_00150/Nocycle_a_00150.java
TEST RESULT: Passed. Execution successful
--------------------------------------------------
TEST: testsuite/java_test/rc_test/RC0068-rc-function-Cycle_B_2_00110/Cycle_B_2_00110.java
TEST RESULT: Passed. Execution successful
--------------------------------------------------
TEST: testsuite/java_test/rc_test/RC0084-rc-function-Nocycle_a_00030/Nocycle_a_00030.java
TEST RESULT: Passed. Execution successful
--------------------------------------------------
TEST: testsuite/java_test/rc_test/RC0078-rc-function-Cycle_B_2_00210/Cycle_B_2_00210.java
TEST RESULT: Passed. Execution successful
--------------------------------------------------
TEST: testsuite/java_test/rc_test/RC0081-rc-function-Cycle_B_2_00240/Cycle_B_2_00240.java
TEST RESULT: Passed. Execution successful
--------------------------------------------------
TEST: testsuite/java_test/rc_test/RC0086-rc-function-Nocycle_a_00050/Nocycle_a_00050.java
TEST RESULT: Passed. Execution successful
--------------------------------------------------
TEST: testsuite/java_test/rc_test/RC0090-rc-function-Nocycle_a_00090/Nocycle_a_00090.java
TEST RESULT: Passed. Execution successful
--------------------------------------------------
TEST: testsuite/java_test/parent_test/RT0120-rt-parent-StringBufferExObjectwait/StringBufferExObjectwait.java
TEST RESULT: Passed. Execution successful
--------------------------------------------------
TEST: testsuite/java_test/rc_test/RC0080-rc-function-Cycle_B_2_00230/Cycle_B_2_00230.java
TEST RESULT: Passed. Execution successful
--------------------------------------------------
TEST: testsuite/java_test/rc_test/RC0094-rc-function-Nocycle_a_00130/Nocycle_a_00130.java
TEST RESULT: Passed. Execution successful
--------------------------------------------------
TEST: testsuite/java_test/rc_test/RC0092-rc-function-Nocycle_a_00110/Nocycle_a_00110.java
TEST RESULT: Passed. Execution successful
--------------------------------------------------
TEST: testsuite/java_test/rc_test/RC0093-rc-function-Nocycle_a_00120/Nocycle_a_00120.java
TEST RESULT: Passed. Execution successful
--------------------------------------------------
TEST: testsuite/java_test/rc_test/RC0087-rc-function-Nocycle_a_00060/Nocycle_a_00060.java
TEST RESULT: Passed. Execution successful
--------------------------------------------------
TEST: testsuite/java_test/rc_test/RC0105-rc-function-RC_flow/RC_flow.java
TEST RESULT: Passed. Execution successful
--------------------------------------------------
TEST: testsuite/java_test/rc_test/RC0079-rc-function-Cycle_B_2_00220/Cycle_B_2_00220.java
TEST RESULT: Passed. Execution successful
--------------------------------------------------
TEST: testsuite/java_test/rc_test/RC0085-rc-function-Nocycle_a_00040/Nocycle_a_00040.java
TEST RESULT: Passed. Execution successful
--------------------------------------------------
TEST: testsuite/java_test/parent_test/RT0112-rt-parent-ReflectPermissionExObjectwait/ReflectPermissionExObjectwait.java
TEST RESULT: Passed. Execution successful
--------------------------------------------------
TEST: testsuite/java_test/rc_test/RC0109-rc-function-RC_Dec-Cycle_BDec_00010/Cycle_BDec_00010.java
TEST RESULT: Passed. Execution successful
--------------------------------------------------
TEST: testsuite/java_test/parent_test/RT0133-rt-parent-StringExObjectwait/StringExObjectwait.java
TEST RESULT: Passed. Execution successful
--------------------------------------------------
TEST: testsuite/java_test/rc_test/RC0097-rc-function-Nocycle_a_00160/Nocycle_a_00160.java
TEST RESULT: Passed. Execution successful
--------------------------------------------------
TEST: testsuite/java_test/rc_test/RC0091-rc-function-Nocycle_a_00100/Nocycle_a_00100.java
TEST RESULT: Passed. Execution successful
--------------------------------------------------
TEST: testsuite/java_test/rc_test/RC0095-rc-function-Nocycle_a_00140/Nocycle_a_00140.java
TEST RESULT: Passed. Execution successful
--------------------------------------------------
TEST: testsuite/java_test/rc_test/RC0088-rc-function-Nocycle_a_00070/Nocycle_a_00070.java
TEST RESULT: Passed. Execution successful
--------------------------------------------------
TEST: testsuite/java_test/rc_test/RC0100-rc-function-Nocycle_a_2_00010/Nocycle_a_2_00010.java
TEST RESULT: Passed. Execution successful
--------------------------------------------------
TEST: testsuite/java_test/parent_test/RT0139-rt-parent-ThreadExObjectwait/ThreadExObjectwait.java
TEST RESULT: Passed. Execution successful
--------------------------------------------------
TEST: testsuite/java_test/rc_test/RC0099-rc-function-Nocycle_a_00180/Nocycle_a_00180.java
TEST RESULT: Passed. Execution successful
--------------------------------------------------
TEST: testsuite/java_test/rc_test/RC0102-rc-function-RC_basic/RC_basic.java
TEST RESULT: Passed. Execution successful
--------------------------------------------------
TEST: testsuite/java_test/rc_test/RC0112-rc-function-RC_Dec-Cycle_BDec_00040/Cycle_BDec_00040.java
TEST RESULT: Passed. Execution successful
--------------------------------------------------
TEST: testsuite/java_test/rc_test/RC0106-rc-function-RC_multest/RC_multest.java
TEST RESULT: Passed. Execution successful
--------------------------------------------------
TEST: testsuite/java_test/rc_test/RC0103-rc-function-RC_eh_01/RC_eh_01.java
TEST RESULT: Passed. Execution successful
--------------------------------------------------
TEST: testsuite/java_test/parent_test/RT0163-rt-parent-ThrowableExObjectwait/ThrowableExObjectwait.java
TEST RESULT: Passed. Execution successful
--------------------------------------------------
TEST: testsuite/java_test/rc_test/RC0114-rc-function-RC_Dec-Nocycle_aDec_00010/Nocycle_aDec_00010.java
TEST RESULT: Passed. Execution successful
--------------------------------------------------
TEST: testsuite/java_test/rc_test/RC0108-rc-function-RC_Dec-Cycle_aDec_00020/Cycle_aDec_00020.java
TEST RESULT: Passed. Execution successful
--------------------------------------------------
TEST: testsuite/java_test/rc_test/RC0098-rc-function-Nocycle_a_00170/Nocycle_a_00170.java
TEST RESULT: Passed. Execution successful
--------------------------------------------------
TEST: testsuite/java_test/rc_test/RC0111-rc-function-RC_Dec-Cycle_BDec_00030/Cycle_BDec_00030.java
TEST RESULT: Passed. Execution successful
--------------------------------------------------
TEST: testsuite/java_test/rc_test/RC0107-rc-function-RC_Dec-Cycle_aDec_00010/Cycle_aDec_00010.java
TEST RESULT: Passed. Execution successful
--------------------------------------------------
TEST: testsuite/java_test/rc_test/RC0110-rc-function-RC_Dec-Cycle_BDec_00020/Cycle_BDec_00020.java
TEST RESULT: Passed. Execution successful
--------------------------------------------------
TEST: testsuite/java_test/rc_test/RC0113-rc-function-RC_Dec-Cycle_BDec_00050/Cycle_BDec_00050.java
TEST RESULT: Passed. Execution successful
--------------------------------------------------
TEST: testsuite/java_test/rc_test/RC0121-rc-function-RC_Thread01-Cycle_am_00190/Cycle_am_00190.java
TEST RESULT: Passed. Execution successful
--------------------------------------------------
TEST: testsuite/java_test/rc_test/RC0115-rc-function-RC_Dec-Nocycle_aDec_00020/Nocycle_aDec_00020.java
TEST RESULT: Passed. Execution successful
--------------------------------------------------
TEST: testsuite/java_test/rc_test/issue-RC0462-rc-GC-TriggerGCTest06_Phone/TriggerGCTest06.java
TEST RESULT: Passed. Execution successful
--------------------------------------------------
TEST: testsuite/java_test/rc_test/issue-RC0467-rc-GC-TriggerGCTest11-Phone/TriggerGCTest11.java
TEST RESULT: Passed. Execution successful
--------------------------------------------------
TEST: testsuite/java_test/rc_test/RC0101-rc-function-Nocycle_a_2_00020/Nocycle_a_2_00020.java
TEST RESULT: Passed. Execution successful
--------------------------------------------------
TEST: testsuite/java_test/rc_test/RC0117-rc-function-RC_Dec-Nocycle_aDec_00040/Nocycle_aDec_00040.java
TEST RESULT: Passed. Execution successful
--------------------------------------------------
TEST: testsuite/java_test/rc_test/RC0116-rc-function-RC_Dec-Nocycle_aDec_00030/Nocycle_aDec_00030.java
TEST RESULT: Passed. Execution successful
--------------------------------------------------
TEST: testsuite/java_test/rc_test/RC0123-rc-function-RC_Thread01-Cycle_am_00210/Cycle_am_00210.java
TEST RESULT: Passed. Execution successful
--------------------------------------------------
TEST: testsuite/java_test/rc_test/RC0119-rc-function-RC_Dec-Nocycle_aDec_00060/Nocycle_aDec_00060.java
TEST RESULT: Passed. Execution successful
--------------------------------------------------
TEST: testsuite/java_test/rc_test/RC0118-rc-function-RC_Dec-Nocycle_aDec_00050/Nocycle_aDec_00050.java
TEST RESULT: Passed. Execution successful
--------------------------------------------------
TEST: testsuite/java_test/rc_test/RC0131-rc-function-RC_Thread01-Cycle_am_00290/Cycle_am_00290.java
TEST RESULT: Passed. Execution successful
--------------------------------------------------
TEST: testsuite/java_test/rc_test/RC0158-rc-function-RC_Thread01-Cycle_Bm_1_00020/Cycle_Bm_1_00020.java
TEST RESULT: Passed. Execution successful
--------------------------------------------------
TEST: testsuite/java_test/rc_test/RC0130-rc-function-RC_Thread01-Cycle_am_00280/Cycle_am_00280.java
TEST RESULT: Passed. Execution successful
--------------------------------------------------
TEST: testsuite/java_test/rc_test/RC0127-rc-function-RC_Thread01-Cycle_am_00250/Cycle_am_00250.java
TEST RESULT: Passed. Execution successful
--------------------------------------------------
TEST: testsuite/java_test/rc_test/RC0137-rc-function-RC_Thread01-Cycle_am_00350/Cycle_am_00350.java
TEST RESULT: Passed. Execution successful
--------------------------------------------------
TEST: testsuite/java_test/rc_test/RC0145-rc-function-RC_Thread01-Cycle_am_00430/Cycle_am_00430.java
TEST RESULT: Passed. Execution successful
--------------------------------------------------
TEST: testsuite/java_test/rc_test/RC0120-rc-function-RC_Thread01-Cycle_am_00180/Cycle_am_00180.java
TEST RESULT: Passed. Execution successful
--------------------------------------------------
TEST: testsuite/java_test/rc_test/RC0125-rc-function-RC_Thread01-Cycle_am_00230/Cycle_am_00230.java
TEST RESULT: Passed. Execution successful
--------------------------------------------------
TEST: testsuite/java_test/rc_test/RC0124-rc-function-RC_Thread01-Cycle_am_00220/Cycle_am_00220.java
TEST RESULT: Passed. Execution successful
--------------------------------------------------
TEST: testsuite/java_test/rc_test/RC0144-rc-function-RC_Thread01-Cycle_am_00420/Cycle_am_00420.java
TEST RESULT: Passed. Execution successful
--------------------------------------------------
TEST: testsuite/java_test/rc_test/RC0168-rc-function-RC_Thread01-Cycle_Bm_1_00120/Cycle_Bm_1_00120.java
TEST RESULT: Passed. Execution successful
--------------------------------------------------
TEST: testsuite/java_test/rc_test/RC0126-rc-function-RC_Thread01-Cycle_am_00240/Cycle_am_00240.java
TEST RESULT: Passed. Execution successful
--------------------------------------------------
TEST: testsuite/java_test/rc_test/RC0122-rc-function-RC_Thread01-Cycle_am_00200/Cycle_am_00200.java
TEST RESULT: Passed. Execution successful
--------------------------------------------------
TEST: testsuite/java_test/rc_test/RC0146-rc-function-RC_Thread01-Cycle_am_00440/Cycle_am_00440.java
TEST RESULT: Passed. Execution successful
--------------------------------------------------
TEST: testsuite/java_test/rc_test/RC0142-rc-function-RC_Thread01-Cycle_am_00400/Cycle_am_00400.java
TEST RESULT: Passed. Execution successful
--------------------------------------------------
TEST: testsuite/java_test/rc_test/RC0162-rc-function-RC_Thread01-Cycle_Bm_1_00060/Cycle_Bm_1_00060.java
TEST RESULT: Passed. Execution successful
--------------------------------------------------
TEST: testsuite/java_test/rc_test/RC0128-rc-function-RC_Thread01-Cycle_am_00260/Cycle_am_00260.java
TEST RESULT: Passed. Execution successful
--------------------------------------------------
TEST: testsuite/java_test/rc_test/RC0129-rc-function-RC_Thread01-Cycle_am_00270/Cycle_am_00270.java
TEST RESULT: Passed. Execution successful
--------------------------------------------------
TEST: testsuite/java_test/rc_test/RC0140-rc-function-RC_Thread01-Cycle_am_00380/Cycle_am_00380.java
TEST RESULT: Passed. Execution successful
--------------------------------------------------
TEST: testsuite/java_test/rc_test/RC0139-rc-function-RC_Thread01-Cycle_am_00370/Cycle_am_00370.java
TEST RESULT: Passed. Execution successful
--------------------------------------------------
TEST: testsuite/java_test/parent_test/RT0171-rt-parent-UnicodeBlockExObjectwait/UnicodeBlockExObjectwait.java
TEST RESULT: Passed. Execution successful
--------------------------------------------------
TEST: testsuite/java_test/rc_test/RC0132-rc-function-RC_Thread01-Cycle_am_00300/Cycle_am_00300.java
TEST RESULT: Passed. Execution successful
--------------------------------------------------
TEST: testsuite/java_test/rc_test/RC0173-rc-function-RC_Thread01-Cycle_Bm_1_00170/Cycle_Bm_1_00170.java
TEST RESULT: Passed. Execution successful
--------------------------------------------------
TEST: testsuite/java_test/parent_test/RT0054-rt-parent-ConstructorExObjectwaitInterruptedException/ConstructorExObjectwaitInterruptedException.java
TEST RESULT: Passed. Execution successful
--------------------------------------------------
TEST: testsuite/java_test/rc_test/RC0149-rc-function-RC_Thread01-Cycle_am_00470/Cycle_am_00470.java
TEST RESULT: Passed. Execution successful
--------------------------------------------------
TEST: testsuite/java_test/rc_test/RC0134-rc-function-RC_Thread01-Cycle_am_00320/Cycle_am_00320.java
TEST RESULT: Passed. Execution successful
--------------------------------------------------
TEST: testsuite/java_test/rc_test/RC0141-rc-function-RC_Thread01-Cycle_am_00390/Cycle_am_00390.java
TEST RESULT: Passed. Execution successful
--------------------------------------------------
TEST: testsuite/java_test/rc_test/RC0133-rc-function-RC_Thread01-Cycle_am_00310/Cycle_am_00310.java
TEST RESULT: Passed. Execution successful
--------------------------------------------------
TEST: testsuite/java_test/rc_test/RC0135-rc-function-RC_Thread01-Cycle_am_00330/Cycle_am_00330.java
TEST RESULT: Passed. Execution successful
--------------------------------------------------
TEST: testsuite/java_test/rc_test/RC0138-rc-function-RC_Thread01-Cycle_am_00360/Cycle_am_00360.java
TEST RESULT: Passed. Execution successful
--------------------------------------------------
TEST: testsuite/java_test/rc_test/RC0143-rc-function-RC_Thread01-Cycle_am_00410/Cycle_am_00410.java
TEST RESULT: Passed. Execution successful
--------------------------------------------------
TEST: testsuite/java_test/parent_test/RT0052-rt-parent-ConstructorExObjectwaitIllegalArgumentException/ConstructorExObjectwaitIllegalArgumentException.java
TEST RESULT: Passed. Execution successful
--------------------------------------------------
TEST: testsuite/java_test/rc_test/RC0160-rc-function-RC_Thread01-Cycle_Bm_1_00040/Cycle_Bm_1_00040.java
TEST RESULT: Passed. Execution successful
--------------------------------------------------
TEST: testsuite/java_test/rc_test/RC0169-rc-function-RC_Thread01-Cycle_Bm_1_00130/Cycle_Bm_1_00130.java
TEST RESULT: Passed. Execution successful
--------------------------------------------------
TEST: testsuite/java_test/rc_test/RC0163-rc-function-RC_Thread01-Cycle_Bm_1_00070/Cycle_Bm_1_00070.java
TEST RESULT: Passed. Execution successful
--------------------------------------------------
TEST: testsuite/java_test/rc_test/RC0161-rc-function-RC_Thread01-Cycle_Bm_1_00050/Cycle_Bm_1_00050.java
TEST RESULT: Passed. Execution successful
--------------------------------------------------
TEST: testsuite/java_test/rc_test/RC0157-rc-function-RC_Thread01-Cycle_Bm_1_00010/Cycle_Bm_1_00010.java
TEST RESULT: Passed. Execution successful
--------------------------------------------------
TEST: testsuite/java_test/rc_test/RC0151-rc-function-RC_Thread01-Cycle_am_00490/Cycle_am_00490.java
TEST RESULT: Passed. Execution successful
--------------------------------------------------
TEST: testsuite/java_test/rc_test/RC0165-rc-function-RC_Thread01-Cycle_Bm_1_00090/Cycle_Bm_1_00090.java
TEST RESULT: Passed. Execution successful
--------------------------------------------------
TEST: testsuite/java_test/rc_test/RC0148-rc-function-RC_Thread01-Cycle_am_00460/Cycle_am_00460.java
TEST RESULT: Passed. Execution successful
--------------------------------------------------
TEST: testsuite/java_test/rc_test/RC0136-rc-function-RC_Thread01-Cycle_am_00340/Cycle_am_00340.java
TEST RESULT: Passed. Execution successful
--------------------------------------------------
TEST: testsuite/java_test/rc_test/RC0167-rc-function-RC_Thread01-Cycle_Bm_1_00110/Cycle_Bm_1_00110.java
TEST RESULT: Passed. Execution successful
--------------------------------------------------
TEST: testsuite/java_test/rc_test/RC0159-rc-function-RC_Thread01-Cycle_Bm_1_00030/Cycle_Bm_1_00030.java
TEST RESULT: Passed. Execution successful
--------------------------------------------------
TEST: testsuite/java_test/rc_test/RC0147-rc-function-RC_Thread01-Cycle_am_00450/Cycle_am_00450.java
TEST RESULT: Passed. Execution successful
--------------------------------------------------
TEST: testsuite/java_test/rc_test/RC0174-rc-function-RC_Thread01-Cycle_Bm_1_00180/Cycle_Bm_1_00180.java
TEST RESULT: Passed. Execution successful
--------------------------------------------------
TEST: testsuite/java_test/rc_test/RC0171-rc-function-RC_Thread01-Cycle_Bm_1_00150/Cycle_Bm_1_00150.java
TEST RESULT: Passed. Execution successful
--------------------------------------------------
TEST: testsuite/java_test/rc_test/RC0156-rc-function-RC_Thread01-Cycle_am_10030/Cycle_am_10030.java
TEST RESULT: Passed. Execution successful
--------------------------------------------------
TEST: testsuite/java_test/rc_test/RC0170-rc-function-RC_Thread01-Cycle_Bm_1_00140/Cycle_Bm_1_00140.java
TEST RESULT: Passed. Execution successful
--------------------------------------------------
TEST: testsuite/java_test/rc_test/RC0172-rc-function-RC_Thread01-Cycle_Bm_1_00160/Cycle_Bm_1_00160.java
TEST RESULT: Passed. Execution successful
--------------------------------------------------
TEST: testsuite/java_test/rc_test/RC0152-rc-function-RC_Thread01-Cycle_am_00500/Cycle_am_00500.java
TEST RESULT: Passed. Execution successful
--------------------------------------------------
TEST: testsuite/java_test/rc_test/RC0166-rc-function-RC_Thread01-Cycle_Bm_1_00100/Cycle_Bm_1_00100.java
TEST RESULT: Passed. Execution successful
--------------------------------------------------
TEST: testsuite/java_test/rc_test/RC0155-rc-function-RC_Thread01-Cycle_am_10020/Cycle_am_10020.java
TEST RESULT: Passed. Execution successful
--------------------------------------------------
TEST: testsuite/java_test/rc_test/RC0154-rc-function-RC_Thread01-Cycle_am_10010/Cycle_am_10010.java
TEST RESULT: Passed. Execution successful
--------------------------------------------------
TEST: testsuite/java_test/rc_test/RC0150-rc-function-RC_Thread01-Cycle_am_00480/Cycle_am_00480.java
TEST RESULT: Passed. Execution successful
--------------------------------------------------
TEST: testsuite/java_test/parent_test/RT0103-rt-parent-ProxyExObjectwaitInterruptedException/ProxyExObjectwaitInterruptedException.java
TEST RESULT: Passed. Execution successful
--------------------------------------------------
TEST: testsuite/java_test/rc_test/RC0183-rc-function-RC_Thread01-Cycle_Bm_2_00030/Cycle_Bm_2_00030.java
TEST RESULT: Passed. Execution successful
--------------------------------------------------
TEST: testsuite/java_test/rc_test/RC0178-rc-function-RC_Thread01-Cycle_Bm_1_10010/Cycle_Bm_1_10010.java
TEST RESULT: Passed. Execution successful
--------------------------------------------------
TEST: testsuite/java_test/rc_test/RC0164-rc-function-RC_Thread01-Cycle_Bm_1_00080/Cycle_Bm_1_00080.java
TEST RESULT: Passed. Execution successful
--------------------------------------------------
TEST: testsuite/java_test/rc_test/RC0175-rc-function-RC_Thread01-Cycle_Bm_1_00190/Cycle_Bm_1_00190.java
TEST RESULT: Passed. Execution successful
--------------------------------------------------
TEST: testsuite/java_test/rc_test/RC0187-rc-function-RC_Thread01-Cycle_Bm_2_00070/Cycle_Bm_2_00070.java
TEST RESULT: Passed. Execution successful
--------------------------------------------------
TEST: testsuite/java_test/rc_test/RC0192-rc-function-RC_Thread01-Cycle_Bm_2_00120/Cycle_Bm_2_00120.java
TEST RESULT: Passed. Execution successful
--------------------------------------------------
TEST: testsuite/java_test/rc_test/RC0176-rc-function-RC_Thread01-Cycle_Bm_1_00200/Cycle_Bm_1_00200.java
TEST RESULT: Passed. Execution successful
--------------------------------------------------
TEST: testsuite/java_test/rc_test/RC0179-rc-function-RC_Thread01-Cycle_Bm_1_10020/Cycle_Bm_1_10020.java
TEST RESULT: Passed. Execution successful
--------------------------------------------------
TEST: testsuite/java_test/rc_test/RC0186-rc-function-RC_Thread01-Cycle_Bm_2_00060/Cycle_Bm_2_00060.java
TEST RESULT: Passed. Execution successful
--------------------------------------------------
TEST: testsuite/java_test/rc_test/RC0181-rc-function-RC_Thread01-Cycle_Bm_2_00010/Cycle_Bm_2_00010.java
TEST RESULT: Passed. Execution successful
--------------------------------------------------
TEST: testsuite/java_test/rc_test/RC0182-rc-function-RC_Thread01-Cycle_Bm_2_00020/Cycle_Bm_2_00020.java
TEST RESULT: Passed. Execution successful
--------------------------------------------------
TEST: testsuite/java_test/rc_test/RC0188-rc-function-RC_Thread01-Cycle_Bm_2_00080/Cycle_Bm_2_00080.java
TEST RESULT: Passed. Execution successful
--------------------------------------------------
TEST: testsuite/java_test/rc_test/RC0184-rc-function-RC_Thread01-Cycle_Bm_2_00040/Cycle_Bm_2_00040.java
TEST RESULT: Passed. Execution successful
--------------------------------------------------
TEST: testsuite/java_test/rc_test/RC0189-rc-function-RC_Thread01-Cycle_Bm_2_00090/Cycle_Bm_2_00090.java
TEST RESULT: Passed. Execution successful
--------------------------------------------------
TEST: testsuite/java_test/rc_test/RC0194-rc-function-RC_Thread01-Cycle_Bm_2_00140/Cycle_Bm_2_00140.java
TEST RESULT: Passed. Execution successful
--------------------------------------------------
TEST: testsuite/java_test/rc_test/RC0196-rc-function-RC_Thread01-Cycle_Bm_2_00160/Cycle_Bm_2_00160.java
TEST RESULT: Passed. Execution successful
--------------------------------------------------
TEST: testsuite/java_test/rc_test/RC0197-rc-function-RC_Thread01-Cycle_Bm_2_00170/Cycle_Bm_2_00170.java
TEST RESULT: Passed. Execution successful
--------------------------------------------------
TEST: testsuite/java_test/rc_test/RC0191-rc-function-RC_Thread01-Cycle_Bm_2_00110/Cycle_Bm_2_00110.java
TEST RESULT: Passed. Execution successful
--------------------------------------------------
TEST: testsuite/java_test/rc_test/RC0195-rc-function-RC_Thread01-Cycle_Bm_2_00150/Cycle_Bm_2_00150.java
TEST RESULT: Passed. Execution successful
--------------------------------------------------
TEST: testsuite/java_test/rc_test/RC0185-rc-function-RC_Thread01-Cycle_Bm_2_00050/Cycle_Bm_2_00050.java
TEST RESULT: Passed. Execution successful
--------------------------------------------------
TEST: testsuite/java_test/rc_test/RC0180-rc-function-RC_Thread01-Cycle_Bm_1_10030/Cycle_Bm_1_10030.java
TEST RESULT: Passed. Execution successful
--------------------------------------------------
TEST: testsuite/java_test/rc_test/RC0190-rc-function-RC_Thread01-Cycle_Bm_2_00100/Cycle_Bm_2_00100.java
TEST RESULT: Passed. Execution successful
--------------------------------------------------
TEST: testsuite/java_test/rc_test/RC0198-rc-function-RC_Thread01-Cycle_Bm_2_00180/Cycle_Bm_2_00180.java
TEST RESULT: Passed. Execution successful
--------------------------------------------------
TEST: testsuite/java_test/rc_test/RC0199-rc-function-RC_Thread01-Cycle_Bm_2_00190/Cycle_Bm_2_00190.java
TEST RESULT: Passed. Execution successful
--------------------------------------------------
TEST: testsuite/java_test/parent_test/RT0148-rt-parent-ThreadGroupExObjectwaitInterruptedException/ThreadGroupExObjectwaitInterruptedException.java
TEST RESULT: Passed. Execution successful
--------------------------------------------------
TEST: testsuite/java_test/rc_test/RC0201-rc-function-RC_Thread01-Cycle_Bm_2_00210/Cycle_Bm_2_00210.java
TEST RESULT: Passed. Execution successful
--------------------------------------------------
TEST: testsuite/java_test/rc_test/RC0206-rc-function-RC_Thread01-Nocycle_am_00010/Nocycle_am_00010.java
TEST RESULT: Passed. Execution successful
--------------------------------------------------
TEST: testsuite/java_test/rc_test/RC0193-rc-function-RC_Thread01-Cycle_Bm_2_00130/Cycle_Bm_2_00130.java
TEST RESULT: Passed. Execution successful
--------------------------------------------------
TEST: testsuite/java_test/rc_test/RC0203-rc-function-RC_Thread01-Cycle_Bm_2_00230/Cycle_Bm_2_00230.java
TEST RESULT: Passed. Execution successful
--------------------------------------------------
TEST: testsuite/java_test/rc_test/RC0207-rc-function-RC_Thread01-Nocycle_am_00020/Nocycle_am_00020.java
TEST RESULT: Passed. Execution successful
--------------------------------------------------
TEST: testsuite/java_test/rc_test/RC0200-rc-function-RC_Thread01-Cycle_Bm_2_00200/Cycle_Bm_2_00200.java
TEST RESULT: Passed. Execution successful
--------------------------------------------------
TEST: testsuite/java_test/rc_test/RC0205-rc-function-RC_Thread01-Cycle_Bm_2_10240/Cycle_Bm_2_10240.java
TEST RESULT: Passed. Execution successful
--------------------------------------------------
TEST: testsuite/java_test/rc_test/RC0177-rc-function-RC_Thread01-Cycle_Bm_1_00210/Cycle_Bm_1_00210.java
TEST RESULT: Passed. Execution successful
--------------------------------------------------
TEST: testsuite/java_test/rc_test/RC0209-rc-function-RC_Thread01-Nocycle_am_00040/Nocycle_am_00040.java
TEST RESULT: Passed. Execution successful
--------------------------------------------------
TEST: testsuite/java_test/rc_test/RC0208-rc-function-RC_Thread01-Nocycle_am_00030/Nocycle_am_00030.java
TEST RESULT: Passed. Execution successful
--------------------------------------------------
TEST: testsuite/java_test/parent_test/RT0170-rt-parent-UnicodeBlockExObjectwaitInterruptedException/UnicodeBlockExObjectwaitInterruptedException.java
TEST RESULT: Passed. Execution successful
--------------------------------------------------
TEST: testsuite/java_test/rc_test/RC0211-rc-function-RC_Thread01-Nocycle_am_00060/Nocycle_am_00060.java
TEST RESULT: Passed. Execution successful
--------------------------------------------------
TEST: testsuite/java_test/rc_test/RC0216-rc-function-RC_Thread01-Nocycle_am_00110/Nocycle_am_00110.java
TEST RESULT: Passed. Execution successful
--------------------------------------------------
TEST: testsuite/java_test/rc_test/RC0217-rc-function-RC_Thread01-Nocycle_am_00120/Nocycle_am_00120.java
TEST RESULT: Passed. Execution successful
--------------------------------------------------
TEST: testsuite/java_test/rc_test/RC0202-rc-function-RC_Thread01-Cycle_Bm_2_00220/Cycle_Bm_2_00220.java
TEST RESULT: Passed. Execution successful
--------------------------------------------------
TEST: testsuite/java_test/rc_test/RC0218-rc-function-RC_Thread01-Nocycle_am_00130/Nocycle_am_00130.java
TEST RESULT: Passed. Execution successful
--------------------------------------------------
TEST: testsuite/java_test/rc_test/RC0212-rc-function-RC_Thread01-Nocycle_am_00070/Nocycle_am_00070.java
TEST RESULT: Passed. Execution successful
--------------------------------------------------
TEST: testsuite/java_test/rc_test/RC0213-rc-function-RC_Thread01-Nocycle_am_00080/Nocycle_am_00080.java
TEST RESULT: Passed. Execution successful
--------------------------------------------------
TEST: testsuite/java_test/rc_test/RC0257-rc-function-ROSAlloc-Alloc_3_10x8B/Alloc_3_10x8B.java
TEST RESULT: Passed. Execution successful
--------------------------------------------------
TEST: testsuite/java_test/rc_test/RC0219-rc-function-RC_Thread01-Nocycle_am_00140/Nocycle_am_00140.java
TEST RESULT: Passed. Execution successful
--------------------------------------------------
TEST: testsuite/java_test/rc_test/RC0254-rc-function-ROSAlloc-Alloc_21_25x8B/Alloc_21_25x8B.java
TEST RESULT: Passed. Execution successful
--------------------------------------------------
TEST: testsuite/java_test/rc_test/RC0222-rc-function-RC_Thread01-Nocycle_am_00170/Nocycle_am_00170.java
TEST RESULT: Passed. Execution successful
--------------------------------------------------
TEST: testsuite/java_test/rc_test/RC0235-rc-function-RC_Thread02-RC_Thread_08/RC_Thread_08.java
TEST RESULT: Passed. Execution successful
--------------------------------------------------
TEST: testsuite/java_test/rc_test/RC0215-rc-function-RC_Thread01-Nocycle_am_00100/Nocycle_am_00100.java
TEST RESULT: Passed. Execution successful
--------------------------------------------------
TEST: testsuite/java_test/rc_test/RC0214-rc-function-RC_Thread01-Nocycle_am_00090/Nocycle_am_00090.java
TEST RESULT: Passed. Execution successful
--------------------------------------------------
TEST: testsuite/java_test/rc_test/RC0239-rc-function-RC_Thread02-RC_Thread_12/RC_Thread_12.java
TEST RESULT: Passed. Execution successful
--------------------------------------------------
TEST: testsuite/java_test/rc_test/RC0241-rc-function-RC_Thread02-RC_Thread_14/RC_Thread_14.java
TEST RESULT: Passed. Execution successful
--------------------------------------------------
TEST: testsuite/java_test/rc_test/RC0210-rc-function-RC_Thread01-Nocycle_am_00050/Nocycle_am_00050.java
TEST RESULT: Passed. Execution successful
--------------------------------------------------
TEST: testsuite/java_test/rc_test/RC0234-rc-function-RC_Thread02-RC_Thread_07/RC_Thread_07.java
TEST RESULT: Passed. Execution successful
--------------------------------------------------
TEST: testsuite/java_test/rc_test/RC0251-rc-function-ROSAlloc-Alloc_128x8B/Alloc_128x8B.java
TEST RESULT: Passed. Execution successful
--------------------------------------------------
TEST: testsuite/java_test/rc_test/RC0243-rc-function-RC_Thread02-RC_Thread_16/RC_Thread_16.java
TEST RESULT: Passed. Execution successful
--------------------------------------------------
TEST: testsuite/java_test/rc_test/RC0264-rc-function-ROSAlloc-Alloc_61_64x8B/Alloc_61_64x8B.java
TEST RESULT: Passed. Execution successful
--------------------------------------------------
TEST: testsuite/java_test/rc_test/RC0258-rc-function-ROSAlloc-Alloc_31_35x8B/Alloc_31_35x8B.java
TEST RESULT: Passed. Execution successful
--------------------------------------------------
TEST: testsuite/java_test/rc_test/RC0220-rc-function-RC_Thread01-Nocycle_am_00150/Nocycle_am_00150.java
TEST RESULT: Passed. Execution successful
--------------------------------------------------
TEST: testsuite/java_test/rc_test/RC0259-rc-function-ROSAlloc-Alloc_36_40x8B/Alloc_36_40x8B.java
TEST RESULT: Passed. Execution successful
--------------------------------------------------
TEST: testsuite/java_test/rc_test/RC0256-rc-function-ROSAlloc-Alloc_26_30x8B/Alloc_26_30x8B.java
TEST RESULT: Passed. Execution successful
--------------------------------------------------
TEST: testsuite/java_test/rc_test/RC0261-rc-function-ROSAlloc-Alloc_46_50x8B/Alloc_46_50x8B.java
TEST RESULT: Passed. Execution successful
--------------------------------------------------
TEST: testsuite/java_test/rc_test/RC0221-rc-function-RC_Thread01-Nocycle_am_00160/Nocycle_am_00160.java
TEST RESULT: Passed. Execution successful
--------------------------------------------------
TEST: testsuite/java_test/rc_test/RC0244-rc-function-RC_Thread02-RC_Thread_17/RC_Thread_17.java
TEST RESULT: Passed. Execution successful
--------------------------------------------------
TEST: testsuite/java_test/rc_test/RC0225-rc-function-RC_Thread01-Nocycle_am_2_00010/Nocycle_am_2_00010.java
TEST RESULT: Passed. Execution successful
--------------------------------------------------
TEST: testsuite/java_test/rc_test/RC0245-rc-function-RC_Thread02-RC_Thread_18/RC_Thread_18.java
TEST RESULT: Passed. Execution successful
--------------------------------------------------
TEST: testsuite/java_test/rc_test/RC0236-rc-function-RC_Thread02-RC_Thread_09/RC_Thread_09.java
TEST RESULT: Passed. Execution successful
--------------------------------------------------
TEST: testsuite/java_test/rc_test/RC0260-rc-function-ROSAlloc-Alloc_41_45x8B/Alloc_41_45x8B.java
TEST RESULT: Passed. Execution successful
--------------------------------------------------
TEST: testsuite/java_test/rc_test/RC0252-rc-function-ROSAlloc-Alloc_16_20x8B/Alloc_16_20x8B.java
TEST RESULT: Passed. Execution successful
--------------------------------------------------
TEST: testsuite/java_test/rc_test/RC0250-rc-function-ROSAlloc-Alloc_11_15x8B/Alloc_11_15x8B.java
TEST RESULT: Passed. Execution successful
--------------------------------------------------
TEST: testsuite/java_test/rc_test/RC0228-rc-function-RC_Thread02-RC_Thread_01/RC_Thread_01.java
TEST RESULT: Passed. Execution successful
--------------------------------------------------
TEST: testsuite/java_test/rc_test/RC0223-rc-function-RC_Thread01-Nocycle_am_00180/Nocycle_am_00180.java
TEST RESULT: Passed. Execution successful
--------------------------------------------------
TEST: testsuite/java_test/rc_test/RC0242-rc-function-RC_Thread02-RC_Thread_15/RC_Thread_15.java
TEST RESULT: Passed. Execution successful
--------------------------------------------------
TEST: testsuite/java_test/rc_test/RC0249-rc-function-RC_Finalize_03/RC_Finalize_03.java
TEST RESULT: Passed. Execution successful
--------------------------------------------------
TEST: testsuite/java_test/rc_test/RC0263-rc-function-ROSAlloc-Alloc_56_60x8B/Alloc_56_60x8B.java
TEST RESULT: Passed. Execution successful
--------------------------------------------------
TEST: testsuite/java_test/rc_test/RC0267-rc-function-ROSAlloc-Alloc_Thread_18x8B/Alloc_Thread_18x8B.java
TEST RESULT: Passed. Execution successful
--------------------------------------------------
TEST: testsuite/java_test/rc_test/RC0255-rc-function-ROSAlloc-Alloc_256x8B/Alloc_256x8B.java
TEST RESULT: Passed. Execution successful
--------------------------------------------------
TEST: testsuite/java_test/rc_test/RC0238-rc-function-RC_Thread02-RC_Thread_11/RC_Thread_11.java
TEST RESULT: Passed. Execution successful
--------------------------------------------------
TEST: testsuite/java_test/rc_test/RC0284-rc-function-ROSAlloc-Alloc_Thread_40x8B/Alloc_Thread_40x8B.java
TEST RESULT: Passed. Execution successful
--------------------------------------------------
TEST: testsuite/java_test/rc_test/RC0227-rc-function-RC_Thread01-Nocycle_am_2_00030/Nocycle_am_2_00030.java
TEST RESULT: Passed. Execution successful
--------------------------------------------------
TEST: testsuite/java_test/rc_test/RC0231-rc-function-RC_Thread02-RC_Thread_04/RC_Thread_04.java
TEST RESULT: Passed. Execution successful
--------------------------------------------------
TEST: testsuite/java_test/rc_test/RC0240-rc-function-RC_Thread02-RC_Thread_13/RC_Thread_13.java
TEST RESULT: Passed. Execution successful
--------------------------------------------------
TEST: testsuite/java_test/rc_test/RC0153-rc-function-RC_Thread01-Cycle_am_00510/Cycle_am_00510.java
TEST RESULT: Passed. Execution successful
--------------------------------------------------
TEST: testsuite/java_test/rc_test/RC0286-rc-function-ROSAlloc-Alloc_Thread_60x8B/Alloc_Thread_60x8B.java
TEST RESULT: Passed. Execution successful
--------------------------------------------------
TEST: testsuite/java_test/rc_test/RC0281-rc-function-ROSAlloc-Alloc_Thread2_64x8B/Alloc_Thread2_64x8B.java
TEST RESULT: Passed. Execution successful
--------------------------------------------------
TEST: testsuite/java_test/rc_test/RC0247-rc-function-RC_Thread02-RC_Thread_20/RC_Thread_20.java
TEST RESULT: Passed. Execution successful
--------------------------------------------------
TEST: testsuite/java_test/rc_test/RC0230-rc-function-RC_Thread02-RC_Thread_03/RC_Thread_03.java
TEST RESULT: Passed. Execution successful
--------------------------------------------------
TEST: testsuite/java_test/rc_test/RC0266-rc-function-ROSAlloc-Alloc_Thread_128x8B/Alloc_Thread_128x8B.java
TEST RESULT: Passed. Execution successful
--------------------------------------------------
TEST: testsuite/java_test/rc_test/RC0237-rc-function-RC_Thread02-RC_Thread_10/RC_Thread_10.java
TEST RESULT: Passed. Execution successful
--------------------------------------------------
TEST: testsuite/java_test/rc_test/RC0262-rc-function-ROSAlloc-Alloc_51_55x8B/Alloc_51_55x8B.java
TEST RESULT: Passed. Execution successful
--------------------------------------------------
TEST: testsuite/java_test/rc_test/RC0232-rc-function-RC_Thread02-RC_Thread_05/RC_Thread_05.java
TEST RESULT: Passed. Execution successful
--------------------------------------------------
TEST: testsuite/java_test/rc_test/RC0229-rc-function-RC_Thread02-RC_Thread_02/RC_Thread_02.java
TEST RESULT: Passed. Execution successful
--------------------------------------------------
TEST: testsuite/java_test/rc_test/RC0271-rc-function-ROSAlloc-Alloc_Thread2_18x8B/Alloc_Thread2_18x8B.java
TEST RESULT: Passed. Execution successful
--------------------------------------------------
TEST: testsuite/java_test/rc_test/RC0279-rc-function-ROSAlloc-Alloc_Thread_256x8B/Alloc_Thread_256x8B.java
TEST RESULT: Passed. Execution successful
--------------------------------------------------
TEST: testsuite/java_test/rc_test/RC0246-rc-function-RC_Thread02-RC_Thread_19/RC_Thread_19.java
TEST RESULT: Passed. Execution successful
--------------------------------------------------
TEST: testsuite/java_test/rc_test/RC0278-rc-function-ROSAlloc-Alloc_Thread2_50x8B/Alloc_Thread2_50x8B.java
TEST RESULT: Passed. Execution successful
--------------------------------------------------
TEST: testsuite/java_test/rc_test/RC0253-rc-function-ROSAlloc-Alloc_192x8B/Alloc_192x8B.java
TEST RESULT: Passed. Execution successful
--------------------------------------------------
TEST: testsuite/java_test/rc_test/RC0276-rc-function-ROSAlloc-Alloc_Thread2_30x8B/Alloc_Thread2_30x8B.java
TEST RESULT: Passed. Execution successful
--------------------------------------------------
TEST: testsuite/java_test/rc_test/RC0233-rc-function-RC_Thread02-RC_Thread_06/RC_Thread_06.java
TEST RESULT: Passed. Execution successful
--------------------------------------------------
TEST: testsuite/java_test/rc_test/RC0277-rc-function-ROSAlloc-Alloc_Thread2_40x8B/Alloc_Thread2_40x8B.java
TEST RESULT: Passed. Execution successful
--------------------------------------------------
TEST: testsuite/java_test/rc_test/RC0270-rc-function-ROSAlloc-Alloc_Thread2_128x8B/Alloc_Thread2_128x8B.java
TEST RESULT: Passed. Execution successful
--------------------------------------------------
TEST: testsuite/java_test/rc_test/RC0287-rc-function-ROSAlloc-Alloc_Thread_64x8B/Alloc_Thread_64x8B.java
TEST RESULT: Passed. Execution successful
--------------------------------------------------
TEST: testsuite/java_test/rc_test/RC0268-rc-function-ROSAlloc-Alloc_Thread_192x8B/Alloc_Thread_192x8B.java
TEST RESULT: Passed. Execution successful
--------------------------------------------------
TEST: testsuite/java_test/rc_test/RC0280-rc-function-ROSAlloc-Alloc_Thread2_60x8B/Alloc_Thread2_60x8B.java
TEST RESULT: Passed. Execution successful
--------------------------------------------------
TEST: testsuite/java_test/rc_test/RC0273-rc-function-ROSAlloc-Alloc_Thread2_192x8B/Alloc_Thread2_192x8B.java
TEST RESULT: Passed. Execution successful
--------------------------------------------------
TEST: testsuite/java_test/rc_test/RC0104-rc-function-RC_Finalize_01/RC_Finalize_01.java
TEST RESULT: Passed. Execution successful
--------------------------------------------------
TEST: testsuite/java_test/rc_test/RC0226-rc-function-RC_Thread01-Nocycle_am_2_00020/Nocycle_am_2_00020.java
TEST RESULT: Passed. Execution successful
--------------------------------------------------
TEST: testsuite/java_test/rc_test/RC0204-rc-function-RC_Thread01-Cycle_Bm_2_00240/Cycle_Bm_2_00240.java
TEST RESULT: Passed. Execution successful
--------------------------------------------------
TEST: testsuite/java_test/rc_test/RC0275-rc-function-ROSAlloc-Alloc_Thread2_256x8B/Alloc_Thread2_256x8B.java
TEST RESULT: Passed. Execution successful
--------------------------------------------------
TEST: testsuite/java_test/rc_test/RC0290-rc-function-ROSAlloc-Alloc_Threadm_128x8B/Alloc_Threadm_128x8B.java
TEST RESULT: Passed. Execution successful
--------------------------------------------------
TEST: testsuite/java_test/rc_test/RC0283-rc-function-ROSAlloc-Alloc_Thread_30x8B/Alloc_Thread_30x8B.java
TEST RESULT: Passed. Execution successful
--------------------------------------------------
TEST: testsuite/java_test/rc_test/RC0296-rc-function-ROSAlloc-Alloc_Threadm_30x8B/Alloc_Threadm_30x8B.java
TEST RESULT: Passed. Execution successful
--------------------------------------------------
TEST: testsuite/java_test/rc_test/RC0295-rc-function-ROSAlloc-Alloc_Threadm_256x8B/Alloc_Threadm_256x8B.java
TEST RESULT: Passed. Execution successful
--------------------------------------------------
TEST: testsuite/java_test/rc_test/RC0298-rc-function-ROSAlloc-Alloc_Threadm_50x8B/Alloc_Threadm_50x8B.java
TEST RESULT: Passed. Execution successful
--------------------------------------------------
TEST: testsuite/java_test/rc_test/RC0291-rc-function-ROSAlloc-Alloc_Threadm_18x8B/Alloc_Threadm_18x8B.java
TEST RESULT: Passed. Execution successful
--------------------------------------------------
TEST: testsuite/java_test/rc_test/RC0294-rc-function-ROSAlloc-Alloc_Threadm_256x8B_2/Alloc_Threadm_256x8B_2.java
TEST RESULT: Passed. Execution successful
--------------------------------------------------
TEST: testsuite/java_test/rc_test/RC0285-rc-function-ROSAlloc-Alloc_Thread_50x8B/Alloc_Thread_50x8B.java
TEST RESULT: Passed. Execution successful
--------------------------------------------------
TEST: testsuite/java_test/rc_test/RC0293-rc-function-ROSAlloc-Alloc_Threadm_192x8B/Alloc_Threadm_192x8B.java
TEST RESULT: Passed. Execution successful
--------------------------------------------------
TEST: testsuite/java_test/rc_test/RC0300-rc-function-ROSAlloc-Alloc_Threadm_64x8B/Alloc_Threadm_64x8B.java
TEST RESULT: Passed. Execution successful
--------------------------------------------------
TEST: testsuite/java_test/rc_test/RC0310-rc-function-Optimization-RC_newObjectIassign_02/RC_newObjectIassign_02.java
TEST RESULT: Passed. Execution successful
--------------------------------------------------
TEST: testsuite/java_test/rc_test/RC0313-rc-function-Optimization-RC_staticInput/RC_staticInput.java
TEST RESULT: Passed. Execution successful
--------------------------------------------------
TEST: testsuite/java_test/rc_test/RC0299-rc-function-ROSAlloc-Alloc_Threadm_60x8B/Alloc_Threadm_60x8B.java
TEST RESULT: Passed. Execution successful
--------------------------------------------------
TEST: testsuite/java_test/rc_test/RC0224-rc-function-RC_Thread01-Nocycle_am_00190/Nocycle_am_00190.java
TEST RESULT: Passed. Execution successful
--------------------------------------------------
TEST: testsuite/java_test/rc_test/RC0309-rc-function-Optimization-RC_newObjectIassign_01/RC_newObjectIassign_01.java
TEST RESULT: Passed. Execution successful
--------------------------------------------------
TEST: testsuite/java_test/rc_test/RC0297-rc-function-ROSAlloc-Alloc_Threadm_40x8B/Alloc_Threadm_40x8B.java
TEST RESULT: Passed. Execution successful
--------------------------------------------------
TEST: testsuite/java_test/rc_test/RC0311-rc-function-Optimization-RC_newObjectToField/RC_newObjectToField.java
TEST RESULT: Passed. Execution successful
--------------------------------------------------
TEST: testsuite/java_test/rc_test/RC0337-rc-Memory-normalTestCase27/Memory_normalTestCase27.java
TEST RESULT: Passed. Execution successful
--------------------------------------------------
TEST: testsuite/java_test/rc_test/RC0314-rc-function-Optimization-RC_staticInput_02/RC_staticInput_02.java
TEST RESULT: Passed. Execution successful
--------------------------------------------------
TEST: testsuite/java_test/rc_test/RC0355-rc-rp-simpleweakref_08/NotIsCleanerNotInDeadCycleNotSetWCBFailAtomic.java
TEST RESULT: Passed. Execution successful
--------------------------------------------------
TEST: testsuite/java_test/rc_test/RC0312-rc-function-Optimization-RC_newObjectToField_02/RC_newObjectToField_02.java
TEST RESULT: Passed. Execution successful
--------------------------------------------------
TEST: testsuite/java_test/rc_test/RC0363-rc-Memory-leaktestsupplycase-04/FrequentGCAndFinalize.java
TEST RESULT: Passed. Execution successful
--------------------------------------------------
TEST: testsuite/java_test/rc_test/RC0366-rc-ArrayOptimization-RC_Array_01/RC_Array_01.java
TEST RESULT: Passed. Execution successful
--------------------------------------------------
TEST: testsuite/java_test/rc_test/RC0361-rc-Memory-leaktestsupplycase-02/FinalizerRef.java
TEST RESULT: Passed. Execution successful
--------------------------------------------------
TEST: testsuite/java_test/rc_test/RC0431-rc-SoftRef-SoftRefTest/SoftRefTest.java
TEST RESULT: Passed. Execution successful
--------------------------------------------------
TEST: testsuite/java_test/rc_test/RC0373-rc-ArrayOptimization-RC_Array_08/RC_Array_08.java
TEST RESULT: Passed. Execution successful
--------------------------------------------------
TEST: testsuite/java_test/rc_test/RC0409-rc-DTS-Ex_eight_arguments/Ex_eight_arguments.java
TEST RESULT: Passed. Execution successful
--------------------------------------------------
TEST: testsuite/java_test/rc_test/RC0372-rc-ArrayOptimization-RC_Array_07/RC_Array_07.java
TEST RESULT: Passed. Execution successful
--------------------------------------------------
TEST: testsuite/java_test/rc_test/RC0451-rc-RP-FinalizerReferenceTest03/FinalizerReferenceTest03.java
TEST RESULT: Passed. Execution successful
--------------------------------------------------
TEST: testsuite/java_test/rc_test/RC0469-rc-BindingMethod-ArrayCloneTest02/ArrayCloneTest02.java
TEST RESULT: Passed. Execution successful
--------------------------------------------------
TEST: testsuite/java_test/rc_test/RC0406-rc-DTS-stringIntern/stringIntern.java
TEST RESULT: Passed. Execution successful
--------------------------------------------------
TEST: testsuite/java_test/rc_test/RC0433-rc-SoftRef-SoftRefTest03/SoftRefTest03.java
TEST RESULT: Passed. Execution successful
--------------------------------------------------
TEST: testsuite/java_test/rc_test/RC0458-rc-GC-TriggerGCTest02/TriggerGCTest02.java
TEST RESULT: Passed. Execution successful
--------------------------------------------------
TEST: testsuite/java_test/rc_test/RC0468-rc-BindingMethod-ArrayCloneTest/ArrayCloneTest.java
TEST RESULT: Passed. Execution successful
--------------------------------------------------
TEST: testsuite/java_test/rc_test/RC0367-rc-ArrayOptimization-RC_Array_02/RC_Array_02.java
TEST RESULT: Passed. Execution successful
--------------------------------------------------
TEST: testsuite/java_test/rc_test/RC0374-rc-ArrayOptimization-RC_Array_09/RC_Array_09.java
TEST RESULT: Passed. Execution successful
--------------------------------------------------
TEST: testsuite/java_test/rc_test/RC0432-rc-SoftRef-SoftRefTest02/SoftRefTest02.java
TEST RESULT: Passed. Execution successful
--------------------------------------------------
TEST: testsuite/java_test/rc_test/RC0368-rc-ArrayOptimization-RC_Array_03/RC_Array_03.java
TEST RESULT: Passed. Execution successful
--------------------------------------------------
TEST: testsuite/java_test/rc_test/RC0408-rc-DTS-OOMtest/OOMtest.java
TEST RESULT: Passed. Execution successful
--------------------------------------------------
TEST: testsuite/java_test/rc_test/RC0450-rc-RP-FinalizerReferenceTest02/FinalizerReferenceTest02.java
TEST RESULT: Passed. Execution successful
--------------------------------------------------
TEST: testsuite/java_test/rc_test/RC0444-rc-PlacementRC-PlacementRCTest02/PlacementRCTest02.java
TEST RESULT: Passed. Execution successful
--------------------------------------------------
TEST: testsuite/java_test/rc_test/RC0482-rc-StackScan-CB_06/CB_06.java
TEST RESULT: Passed. Execution successful
--------------------------------------------------
TEST: testsuite/java_test/rc_test/RC0369-rc-ArrayOptimization-RC_Array_04/RC_Array_04.java
TEST RESULT: Passed. Execution successful
--------------------------------------------------
TEST: testsuite/java_test/rc_test/RC0454-rc-RP-FinalizerReferenceTest06/FinalizerReferenceTest06.java
TEST RESULT: Passed. Execution successful
--------------------------------------------------
TEST: testsuite/java_test/rc_test/RC0371-rc-ArrayOptimization-RC_Array_06/RC_Array_06.java
TEST RESULT: Passed. Execution successful
--------------------------------------------------
TEST: testsuite/java_test/rc_test/RC0370-rc-ArrayOptimization-RC_Array_05/RC_Array_05.java
TEST RESULT: Passed. Execution successful
--------------------------------------------------
TEST: testsuite/java_test/rc_test/RC0379-rc-ArrayOptimization-RC_Array_14/RC_Array_14.java
TEST RESULT: Passed. Execution successful
--------------------------------------------------
TEST: testsuite/java_test/rc_test/RC0375-rc-ArrayOptimization-RC_Array_10/RC_Array_10.java
TEST RESULT: Passed. Execution successful
--------------------------------------------------
TEST: testsuite/java_test/rc_test/RC0407-rc-DTS-stackAllocField/stackAllocField.java
TEST RESULT: Passed. Execution successful
--------------------------------------------------
TEST: testsuite/java_test/rc_test/RC0378-rc-ArrayOptimization-RC_Array_13/RC_Array_13.java
TEST RESULT: Passed. Execution successful
--------------------------------------------------
TEST: testsuite/java_test/rc_test/RC0292-rc-function-ROSAlloc-Alloc_Threadm_192x8B_2/Alloc_Threadm_192x8B_2.java
TEST RESULT: Passed. Execution successful
--------------------------------------------------
TEST: testsuite/java_test/rc_test/RC0443-rc-PlacementRC-PlacementRCTest01/PlacementRCTest01.java
TEST RESULT: Passed. Execution successful
--------------------------------------------------
TEST: testsuite/java_test/rc_test/RC0481-rc-StackScan-CB_05/CB_05.java
TEST RESULT: Passed. Execution successful
--------------------------------------------------
TEST: testsuite/java_test/rc_test/RC0488-rc-StackScan-CP_Thread_03/CP_Thread_03.java
TEST RESULT: Passed. Execution successful
--------------------------------------------------
TEST: testsuite/java_test/rc_test/RC0470-rc-BindingMethod-ArrayCopyTest/ArrayCopyTest.java
TEST RESULT: Passed. Execution successful
--------------------------------------------------
TEST: testsuite/java_test/rc_test/RC0377-rc-ArrayOptimization-RC_Array_12/RC_Array_12.java
TEST RESULT: Passed. Execution successful
--------------------------------------------------
TEST: testsuite/java_test/rc_test/RC0479-rc-StackScan-CB_03/CB_03.java
TEST RESULT: Passed. Execution successful
--------------------------------------------------
TEST: testsuite/java_test/rc_test/RC0486-rc-StackScan-CB_Thread_01/CB_Thread_01.java
TEST RESULT: Passed. Execution successful
--------------------------------------------------
TEST: testsuite/java_test/rc_test/RC0489-rc-StackScan-CP_Thread_04/CP_Thread_04.java
TEST RESULT: Passed. Execution successful
--------------------------------------------------
TEST: testsuite/java_test/rc_test/RC0376-rc-ArrayOptimization-RC_Array_11/RC_Array_11.java
TEST RESULT: Passed. Execution successful
--------------------------------------------------
TEST: testsuite/java_test/rc_test/RC0302-rc-function-Ref-PhantomRefTest/PhantomRefTest.java
TEST RESULT: Passed. Execution successful
--------------------------------------------------
TEST: testsuite/java_test/rc_test/RC0272-rc-function-ROSAlloc-Alloc_Thread2_192x8B_2/Alloc_Thread2_192x8B_2.java
TEST RESULT: Passed. Execution successful
--------------------------------------------------
TEST: testsuite/java_test/rc_test/RC0480-rc-StackScan-CB_04/CB_04.java
TEST RESULT: Passed. Execution successful
--------------------------------------------------
TEST: testsuite/java_test/rc_test/RC0478-rc-StackScan-CB_02/CB_02.java
TEST RESULT: Passed. Execution successful
--------------------------------------------------
TEST: testsuite/java_test/rc_test/RC0490-rc-StackScan-CP_Thread_05/CP_Thread_05.java
TEST RESULT: Passed. Execution successful
--------------------------------------------------
TEST: testsuite/java_test/rc_test/RC0477-rc-StackScan-CB_01/CB_01.java
TEST RESULT: Passed. Execution successful
--------------------------------------------------
TEST: testsuite/java_test/rc_test/RC0493-rc-StackScan-CP_Thread_08/CP_Thread_08.java
TEST RESULT: Passed. Execution successful
--------------------------------------------------
TEST: testsuite/java_test/rc_test/RC0491-rc-StackScan-CP_Thread_06/CP_Thread_06.java
TEST RESULT: Passed. Execution successful
--------------------------------------------------
TEST: testsuite/java_test/rc_test/RC0457-rc-GC-TriggerGCTest01/TriggerGCTest01.java
TEST RESULT: Passed. Execution successful
--------------------------------------------------
TEST: testsuite/java_test/rc_test/RC0510-JTreg-T4711694/T4711694.java
TEST RESULT: Passed. Execution successful
--------------------------------------------------
TEST: testsuite/java_test/rc_test/RC0494-rc-StackScan-CP_Thread_09/CP_Thread_09.java
TEST RESULT: Passed. Execution successful
--------------------------------------------------
TEST: testsuite/java_test/rc_test/RC0483-rc-StackScan-CB_07/CB_07.java
TEST RESULT: Passed. Execution successful
--------------------------------------------------
TEST: testsuite/java_test/rc_test/RC0487-rc-StackScan-CB_Thread_02/CB_Thread_02.java
TEST RESULT: Passed. Execution successful
--------------------------------------------------
TEST: testsuite/java_test/rc_test/RC0511-JTreg-T7040104/T7040104.java
TEST RESULT: Passed. Execution successful
--------------------------------------------------
TEST: testsuite/java_test/rc_test/RC0485-rc-StackScan-CB_09/CB_09.java
TEST RESULT: Passed. Execution successful
--------------------------------------------------
TEST: testsuite/java_test/rc_test/RC0455-rc-RP-FinalizerReferenceTest07/FinalizerReferenceTest07.java
TEST RESULT: Passed. Execution successful
--------------------------------------------------
TEST: testsuite/java_test/rc_test/RC0492-rc-StackScan-CP_Thread_07/CP_Thread_07.java
TEST RESULT: Passed. Execution successful
--------------------------------------------------
TEST: testsuite/java_test/rc_test/RC0509-JTreg-RelaxedArrays/RelaxedArrays.java
TEST RESULT: Passed. Execution successful
--------------------------------------------------
TEST: testsuite/java_test/rc_test/RC0508-JTreg-ConstCharAppend/ConstCharAppend.java
TEST RESULT: Passed. Execution successful
--------------------------------------------------
TEST: testsuite/java_test/rc_test/RC0513-JTreg-T6481655/T6481655.java
TEST RESULT: Passed. Execution successful
--------------------------------------------------
TEST: testsuite/java_test/rc_test/RC0303-rc-function-Ref-SoftRefTest/SoftRefTest.java
TEST RESULT: Passed. Execution successful
--------------------------------------------------
TEST: testsuite/java_test/rc_test/RC0274-rc-function-ROSAlloc-Alloc_Thread2_256x8B_2/Alloc_Thread2_256x8B_2.java
TEST RESULT: Passed. Execution successful
--------------------------------------------------
TEST: testsuite/java_test/reflection_test/issue-0000-rt-Reflection-ReflectionforName2/ReflectionForName2.java
TEST RESULT: Passed. Execution successful
--------------------------------------------------
TEST: testsuite/java_test/rc_test/RC0348-rc-rp-simpleweakref_01/DeadReferenceTest.java
TEST RESULT: Passed. Execution successful
--------------------------------------------------
TEST: testsuite/java_test/rc_test/RC0304-rc-function-Ref-WeakRefTest/WeakRefTest.java
TEST RESULT: Passed. Execution successful
--------------------------------------------------
TEST: testsuite/java_test/rc_test/RC0446-rc-PlacementRC-PlacementRCTest04/PlacementRCTest04.java
TEST RESULT: Passed. Execution successful
--------------------------------------------------
TEST: testsuite/java_test/rc_test/RC0484-rc-StackScan-CB_08/CB_08.java
TEST RESULT: Passed. Execution successful
--------------------------------------------------
TEST: testsuite/java_test/rc_test/RC0516-GC-FrequentGCTest02/FrequentGCTest02.java
TEST RESULT: Passed. Execution successful
--------------------------------------------------
TEST: testsuite/java_test/rc_test/RC0495-rc-GC-TaskQueue-FrequentSystemGC_01/FrequentSystemGC_01.java
TEST RESULT: Passed. Execution successful
--------------------------------------------------
TEST: testsuite/java_test/rc_test/RC0512-JTreg-WrongNew/WrongNew.java
TEST RESULT: Passed. Execution successful
--------------------------------------------------
TEST: testsuite/java_test/rc_test/RC0514-JTreg-SingleLocalTest/SingleLocalTest.java
TEST RESULT: Passed. Execution successful
--------------------------------------------------
TEST: testsuite/java_test/rc_test/RC0269-rc-function-ROSAlloc-Alloc_Thread2_128x8B_2/Alloc_Thread2_128x8B_2.java
TEST RESULT: Passed. Execution successful
--------------------------------------------------
TEST: testsuite/java_test/reflection_test/issue-RT0096-rt-Reflection-ReflectionforName3/ReflectionForName3.java
TEST RESULT: Passed. Execution successful
--------------------------------------------------
TEST: testsuite/java_test/reflection_test/RT0002-rt-reflection-ReflectingetConstructor2/ReflectingGetConstructor2.java
TEST RESULT: Passed. Execution successful
--------------------------------------------------
TEST: testsuite/java_test/reflection_test/RT0015-rt-reflection-ReflectionforName1/ReflectionForName1.java
TEST RESULT: Passed. Execution successful
--------------------------------------------------
TEST: testsuite/java_test/rc_test/RC0507-JTreg-CheckLoops/CheckLoops.java
TEST RESULT: Passed. Execution successful
--------------------------------------------------
TEST: testsuite/java_test/reflection_test/issue-RT0893-rt-Reflection-ClinitFieldSetCharInterface/ClassInitFieldSetCharInterface.java
TEST RESULT: Passed. Execution successful
--------------------------------------------------
TEST: testsuite/java_test/reflection_test/RT0003-rt-reflection-ReflectingetConstructors/ReflectingGetConstructors.java
TEST RESULT: Passed. Execution successful
--------------------------------------------------
TEST: testsuite/java_test/reflection_test/RT0013-rt-reflection-Reflectioncast4/ReflectionCast4.java
TEST RESULT: Passed. Execution successful
--------------------------------------------------
TEST: testsuite/java_test/reflection_test/issue-RT0894-rt-Reflection-ClinitFieldSetDoubleInterface/ClassInitFieldSetDoubleInterface.java
TEST RESULT: Passed. Execution successful
--------------------------------------------------
TEST: testsuite/java_test/reflection_test/issue-RT0209-rt-reflection-ReflectiongetAnnotation1/ReflectionGetAnnotation1.java
TEST RESULT: Passed. Execution successful
--------------------------------------------------
TEST: testsuite/java_test/reflection_test/RT0005-rt-reflection-ReflectingetDeclaredConstructor2/ReflectingGetDeclaredConstructor2.java
TEST RESULT: Passed. Execution successful
--------------------------------------------------
TEST: testsuite/java_test/reflection_test/RT0007-rt-reflection-ReflectionasSubclass1/ReflectionAsSubclass1.java
TEST RESULT: Passed. Execution successful
--------------------------------------------------
TEST: testsuite/java_test/reflection_test/RT0009-rt-reflection-ReflectionasSubclass3/ReflectionAsSubclass3.java
TEST RESULT: Passed. Execution successful
--------------------------------------------------
TEST: testsuite/java_test/reflection_test/RT0001-rt-reflection-ReflectingetConstructor1/ReflectingGetConstructor1.java
TEST RESULT: Passed. Execution successful
--------------------------------------------------
TEST: testsuite/java_test/reflection_test/RT0012-rt-reflection-Reflectioncast3/ReflectionCast3.java
TEST RESULT: Passed. Execution successful
--------------------------------------------------
TEST: testsuite/java_test/reflection_test/issue-RT0210-rt-reflection-ReflectiongetAnnotation1/HelloWorld.java
TEST RESULT: Passed. Execution successful
--------------------------------------------------
TEST: testsuite/java_test/reflection_test/RT0014-rt-reflection-ReflectiondesiredAssertionStatus/ReflectionDesiredAssertionStatus.java
TEST RESULT: Passed. Execution successful
--------------------------------------------------
TEST: testsuite/java_test/reflection_test/RT0011-rt-reflection-Reflectioncast2/ReflectionCast2.java
TEST RESULT: Passed. Execution successful
--------------------------------------------------
TEST: testsuite/java_test/reflection_test/issue-RT0208-rt-reflection-MetadataCheck/FieldTest.java
TEST RESULT: Passed. Execution successful
--------------------------------------------------
TEST: testsuite/java_test/reflection_test/RT0004-rt-reflection-ReflectingetDeclaredConstructor1/ReflectingGetDeclaredConstructor1.java
TEST RESULT: Passed. Execution successful
--------------------------------------------------
TEST: testsuite/java_test/reflection_test/RT0020-rt-reflection-ReflectiongetAnnotation3/ReflectionGetAnnotation3.java
TEST RESULT: Passed. Execution successful
--------------------------------------------------
TEST: testsuite/java_test/reflection_test/RT0008-rt-reflection-ReflectionasSubclass2/ReflectionAsSubclass2.java
TEST RESULT: Passed. Execution successful
--------------------------------------------------
TEST: testsuite/java_test/reflection_test/RT0010-rt-reflection-Reflectioncast1/ReflectionCast1.java
TEST RESULT: Passed. Execution successful
--------------------------------------------------
TEST: testsuite/java_test/reflection_test/RT0006-rt-reflection-ReflectingetDeclaredConstructors/ReflectingGetDeclaredConstructors.java
TEST RESULT: Passed. Execution successful
--------------------------------------------------
TEST: testsuite/java_test/reflection_test/RT0034-rt-reflection-ReflectiongetDeclaredClasses/ReflectionGetDeclaredClasses.java
TEST RESULT: Passed. Execution successful
--------------------------------------------------
TEST: testsuite/java_test/reflection_test/RT0017-rt-reflection-ReflectionforName5/ReflectionForName5.java
TEST RESULT: Passed. Execution successful
--------------------------------------------------
TEST: testsuite/java_test/reflection_test/RT0018-rt-reflection-ReflectiongetAnnotation1/ReflectionGetAnnotation1.java
TEST RESULT: Passed. Execution successful
--------------------------------------------------
TEST: testsuite/java_test/reflection_test/RT0016-rt-reflection-ReflectionforName4/ReflectionForName4.java
TEST RESULT: Passed. Execution successful
--------------------------------------------------
TEST: testsuite/java_test/rc_test/RC0466-rc-GC-TriggerGCTest10/TriggerGCTest10.java
TEST RESULT: Passed. Execution successful
--------------------------------------------------
TEST: testsuite/java_test/rc_test/RC0362-rc-Memory-leaktestsupplycase-03/FinalizerTest.java
TEST RESULT: Passed. Execution successful
--------------------------------------------------
TEST: testsuite/java_test/reflection_test/RT0019-rt-reflection-ReflectiongetAnnotation2/ReflectionGetAnnotation2.java
TEST RESULT: Passed. Execution successful
--------------------------------------------------
TEST: testsuite/java_test/reflection_test/RT0021-rt-reflection-ReflectiongetAnnotation4/ReflectionGetAnnotation4.java
TEST RESULT: Passed. Execution successful
--------------------------------------------------
TEST: testsuite/java_test/rc_test/RC0463-rc-GC-TriggerGCTest07/TriggerGCTest07.java
TEST RESULT: Passed. Execution successful
--------------------------------------------------
TEST: testsuite/java_test/reflection_test/RT0032-rt-reflection-ReflectiongetDeclaredAnnotationsByType1/ReflectionGetDeclaredAnnotationsByType1.java
TEST RESULT: Passed. Execution successful
--------------------------------------------------
TEST: testsuite/java_test/reflection_test/RT0022-rt-reflection-ReflectiongetAnnotation5/ReflectionGetAnnotation5.java
TEST RESULT: Passed. Execution successful
--------------------------------------------------
TEST: testsuite/java_test/reflection_test/RT0030-rt-reflection-ReflectiongetDeclaredAnnotations1/ReflectionGetDeclaredAnnotations1.java
TEST RESULT: Passed. Execution successful
--------------------------------------------------
TEST: testsuite/java_test/reflection_test/RT0023-rt-reflection-ReflectiongetAnnotation6/ReflectionGetAnnotation6.java
TEST RESULT: Passed. Execution successful
--------------------------------------------------
TEST: testsuite/java_test/reflection_test/RT0028-rt-reflection-ReflectiongetCanonicalName/ReflectionGetCanonicalName.java
TEST RESULT: Passed. Execution successful
--------------------------------------------------
TEST: testsuite/java_test/reflection_test/RT0033-rt-reflection-ReflectionGetDeclaredAnnotationsByTypeNullPointerException/ReflectionGetDeclaredAnnotationsByTypeNullPointerException.java
TEST RESULT: Passed. Execution successful
--------------------------------------------------
TEST: testsuite/java_test/rc_test/RC0359-rc-rp-simpleweakref_12/NotIsCleanerFreeRef.java
TEST RESULT: Passed. Execution successful
--------------------------------------------------
TEST: testsuite/java_test/reflection_test/RT0026-rt-reflection-ReflectiongetAnnotationsByType2/ReflectionGetAnnotationsByType2.java
TEST RESULT: Passed. Execution successful
--------------------------------------------------
TEST: testsuite/java_test/reflection_test/RT0029-rt-reflection-ReflectiongetComponentType/ReflectionGetComponentType.java
TEST RESULT: Passed. Execution successful
--------------------------------------------------
TEST: testsuite/java_test/rc_test/RC0289-rc-function-ROSAlloc-Alloc_Threadm_128x8B_2/Alloc_Threadm_128x8B_2.java
TEST RESULT: Passed. Execution successful
--------------------------------------------------
TEST: testsuite/java_test/rc_test/RC0356-rc-rp-simpleweakref_09/NotIsCleanerNotInDeadCycleNotFreeRefSetWCB.java
TEST RESULT: Passed. Execution successful
--------------------------------------------------
TEST: testsuite/java_test/reflection_test/RT0027-rt-reflection-ReflectiongetAnnotationsByType3/ReflectionGetAnnotationsByType3.java
TEST RESULT: Passed. Execution successful
--------------------------------------------------
TEST: testsuite/java_test/reflection_test/RT0024-rt-reflection-ReflectiongetAnnotation7/ReflectionGetAnnotation7.java
TEST RESULT: Passed. Execution successful
--------------------------------------------------
TEST: testsuite/java_test/rc_test/RC0346-rc-rp-strong_and_weak/Ref_Processor_Strong_And_Weak_Ref.java
TEST RESULT: Passed. Execution successful
--------------------------------------------------
TEST: testsuite/java_test/reflection_test/RT0025-rt-reflection-ReflectiongetAnnotationsByType1/ReflectionGetAnnotationsByType1.java
TEST RESULT: Passed. Execution successful
--------------------------------------------------
TEST: testsuite/java_test/reflection_test/RT0036-rt-reflection-ReflectionGetDeclaredFieldNullPointerException/ReflectionGetDeclaredFieldNullPointerException.java
TEST RESULT: Passed. Execution successful
--------------------------------------------------
TEST: testsuite/java_test/reflection_test/RT0037-rt-reflection-ReflectiongetDeclaredFields1/ReflectionGetDeclaredFields1.java
TEST RESULT: Passed. Execution successful
--------------------------------------------------
TEST: testsuite/java_test/reflection_test/issue-RT0208-rt-reflection-MetadataCheck/MethodTest.java
TEST RESULT: Passed. Execution successful
--------------------------------------------------
TEST: testsuite/java_test/reflection_test/RT0041-rt-reflection-ReflectiongetDeclaredMethod3/ReflectionGetDeclaredMethod3.java
TEST RESULT: Passed. Execution successful
--------------------------------------------------
TEST: testsuite/java_test/reflection_test/RT0038-rt-reflection-ReflectiongetDeclaredFields2/ReflectionGetDeclaredFields.java
TEST RESULT: Passed. Execution successful
--------------------------------------------------
TEST: testsuite/java_test/reflection_test/RT0042-rt-reflection-ReflectiongetDeclaredMethods1/ReflectionGetDeclaredMethods1.java
TEST RESULT: Passed. Execution successful
--------------------------------------------------
TEST: testsuite/java_test/reflection_test/RT0055-rt-reflection-ReflectiongetTypeParameters/ReflectionGetTypeParameters.java
TEST RESULT: Passed. Execution successful
--------------------------------------------------
TEST: testsuite/java_test/reflection_test/RT0040-rt-reflection-ReflectiongetDeclaredMethod2/ReflectionGetDeclaredMethod2.java
TEST RESULT: Passed. Execution successful
--------------------------------------------------
TEST: testsuite/java_test/reflection_test/RT0035-rt-reflection-ReflectiongetDeclaredField1/ReflectionGetDeclaredField1.java
TEST RESULT: Passed. Execution successful
--------------------------------------------------
TEST: testsuite/java_test/reflection_test/RT0043-rt-reflection-ReflectiongetDeclaredMethods2/ReflectionGetDeclaredMethods2.java
TEST RESULT: Passed. Execution successful
--------------------------------------------------
TEST: testsuite/java_test/reflection_test/RT0044-rt-reflection-ReflectiongetDeclaringClass/ReflectionGetDeclaringClass.java
TEST RESULT: Passed. Execution successful
--------------------------------------------------
TEST: testsuite/java_test/reflection_test/RT0049-rt-reflection-ReflectiongetField2/ReflectionGetField2.java
TEST RESULT: Passed. Execution successful
--------------------------------------------------
TEST: testsuite/java_test/reflection_test/RT0054-rt-reflection-ReflectiongetSimpleName/ReflectionGetSimpleName.java
TEST RESULT: Passed. Execution successful
--------------------------------------------------
TEST: testsuite/java_test/reflection_test/RT0050-rt-reflection-ReflectiongetFields/ReflectionGetFields.java
TEST RESULT: Passed. Execution successful
--------------------------------------------------
TEST: testsuite/java_test/reflection_test/RT0031-rt-reflection-ReflectiongetDeclaredAnnotations2/ReflectionGetDeclaredAnnotations2.java
TEST RESULT: Passed. Execution successful
--------------------------------------------------
TEST: testsuite/java_test/reflection_test/RT0045-rt-reflection-ReflectiongetEnclosingClass1/ReflectionGetEnclosingClass1.java
TEST RESULT: Passed. Execution successful
--------------------------------------------------
TEST: testsuite/java_test/reflection_test/RT0048-rt-reflection-ReflectiongetField1/ReflectionGetField1.java
TEST RESULT: Passed. Execution successful
--------------------------------------------------
TEST: testsuite/java_test/reflection_test/RT0039-rt-reflection-ReflectiongetDeclaredMethod1/ReflectionGetDeclaredMethod1.java
TEST RESULT: Passed. Execution successful
--------------------------------------------------
TEST: testsuite/java_test/reflection_test/RT0047-rt-reflection-ReflectiongetEnumConstants/ReflectionGetEnumConstants.java
TEST RESULT: Passed. Execution successful
--------------------------------------------------
TEST: testsuite/java_test/reflection_test/RT0071-rt-reflection-RTConstructorgetExceptionTypes/RTConstructorGetExceptionTypes.java
TEST RESULT: Passed. Execution successful
--------------------------------------------------
TEST: testsuite/java_test/reflection_test/RT0053-rt-reflection-ReflectiongetSigners/ReflectionGetSigners.java
TEST RESULT: Passed. Execution successful
--------------------------------------------------
TEST: testsuite/java_test/reflection_test/RT0056-rt-reflection-ReflectionisArray/ReflectionIsArray.java
TEST RESULT: Passed. Execution successful
--------------------------------------------------
TEST: testsuite/java_test/reflection_test/RT0046-rt-reflection-ReflectiongetEnclosingClass2/ReflectionGetEnclosingClass2.java
TEST RESULT: Passed. Execution successful
--------------------------------------------------
TEST: testsuite/java_test/reflection_test/RT0058-rt-reflection-ReflectionisAssignableFrom2/ReflectionIsAssignableFromNullPointerException.java
TEST RESULT: Passed. Execution successful
--------------------------------------------------
TEST: testsuite/java_test/rc_test/RC0496-rc-GC-TaskQueue-StartupInvoke_01/StartupInvoke_01.java
TEST RESULT: Passed. Execution successful
--------------------------------------------------
TEST: testsuite/java_test/reflection_test/RT0051-rt-reflection-ReflectiongetMethod1/ReflectionGetMethod1.java
TEST RESULT: Passed. Execution successful
--------------------------------------------------
TEST: testsuite/java_test/reflection_test/RT0062-rt-reflection-ReflectionisSynthetic/ReflectionIsSynthetic.java
TEST RESULT: Passed. Execution successful
--------------------------------------------------
TEST: testsuite/java_test/reflection_test/RT0052-rt-reflection-ReflectiongetMethod2/ReflectionGetMethod2.java
TEST RESULT: Passed. Execution successful
--------------------------------------------------
TEST: testsuite/java_test/reflection_test/RT0057-rt-reflection-ReflectionisAssignableFrom1/ReflectionIsAssignableFrom1.java
TEST RESULT: Passed. Execution successful
--------------------------------------------------
TEST: testsuite/java_test/reflection_test/RT0061-rt-reflection-ReflectionisPrimitive/ReflectionIsPrimitive.java
TEST RESULT: Passed. Execution successful
--------------------------------------------------
TEST: testsuite/java_test/reflection_test/RT0065-rt-reflection-ReflectiontoGenericString/ReflectionToGenericString.java
TEST RESULT: Passed. Execution successful
--------------------------------------------------
TEST: testsuite/java_test/reflection_test/RT0064-rt-reflection-ReflectionnewInstance2/ReflectionNewInstanceInstantiationExceptionIllegalAccessException.java
TEST RESULT: Passed. Execution successful
--------------------------------------------------
TEST: testsuite/java_test/reflection_test/RT0069-rt-reflection-RTConstructorgetDeclaredAnnotations1/RTConstructorGetDeclaredAnnotations1.java
TEST RESULT: Passed. Execution successful
--------------------------------------------------
TEST: testsuite/java_test/reflection_test/RT0072-rt-reflection-RTConstructorgetTypeParameters/RTConstructorGetTypeParameters.java
TEST RESULT: Passed. Execution successful
--------------------------------------------------
TEST: testsuite/java_test/reflection_test/RT0066-rt-reflection-ReflectiontoString/ReflectionToString.java
TEST RESULT: Passed. Execution successful
--------------------------------------------------
TEST: testsuite/java_test/reflection_test/RT0059-rt-reflection-ReflectionisLocalClass/ReflectionIsLocalClass.java
TEST RESULT: Passed. Execution successful
--------------------------------------------------
TEST: testsuite/java_test/reflection_test/RT0075-rt-reflection-RTFieldget2/RTFieldGet2.java
TEST RESULT: Passed. Execution successful
--------------------------------------------------
TEST: testsuite/java_test/reflection_test/RT0063-rt-reflection-ReflectionnewInstance1/ReflectionNewInstance1.java
TEST RESULT: Passed. Execution successful
--------------------------------------------------
TEST: testsuite/java_test/reflection_test/RT0083-rt-reflection-RTFieldgetType/RTFieldGetType.java
TEST RESULT: Passed. Execution successful
--------------------------------------------------
TEST: testsuite/java_test/reflection_test/RT0073-rt-reflection-RTConstructortoGenericString/RTConstructorToGenericString1.java
TEST RESULT: Passed. Execution successful
--------------------------------------------------
TEST: testsuite/java_test/reflection_test/RT0067-rt-reflection-RTConstructorgetAnnotation1/RTConstructorGetAnnotation1.java
TEST RESULT: Passed. Execution successful
--------------------------------------------------
TEST: testsuite/java_test/reflection_test/RT0074-rt-reflection-RTFieldget1/RTFieldGet1.java
TEST RESULT: Passed. Execution successful
--------------------------------------------------
TEST: testsuite/java_test/reflection_test/RT0089-rt-reflection-RTFieldtoString/RTFieldToString.java
TEST RESULT: Passed. Execution successful
--------------------------------------------------
TEST: testsuite/java_test/reflection_test/RT0098-rt-reflection-RTMethontoGenericString/RTMethodToGenericString.java
TEST RESULT: Passed. Execution successful
--------------------------------------------------
TEST: testsuite/java_test/rc_test/RC0465-rc-GC-TriggerGCTest09/TriggerGCTest09.java
TEST RESULT: Passed. Execution successful
--------------------------------------------------
TEST: testsuite/java_test/reflection_test/RT0070-rt-reflection-RTConstructorgetDeclaredAnnotations2/RTConstructorGetDeclaredAnnotations2.java
TEST RESULT: Passed. Execution successful
--------------------------------------------------
TEST: testsuite/java_test/rc_test/RC0343-rc-rp-wcb_test_ref/Ref_Processor_Wcb_Test_Ref.java
TEST RESULT: Passed. Execution successful
--------------------------------------------------
TEST: testsuite/java_test/reflection_test/RT0060-rt-reflection-ReflectionisMemberClass/ReflectionIsMemberClass.java
TEST RESULT: Passed. Execution successful
--------------------------------------------------
TEST: testsuite/java_test/rc_test/RC0464-rc-GC-TriggerGCTest08/TriggerGCTest08.java
TEST RESULT: Passed. Execution successful
--------------------------------------------------
TEST: testsuite/java_test/reflection_test/RT0084-rt-reflection-RTFieldset1/RTFieldSet1.java
TEST RESULT: Passed. Execution successful
--------------------------------------------------
TEST: testsuite/java_test/reflection_test/RT0068-rt-reflection-RTConstructorgetAnnotation2/RTConstructorGetAnnotation2.java
TEST RESULT: Passed. Execution successful
--------------------------------------------------
TEST: testsuite/java_test/reflection_test/RT0077-rt-reflection-RTFieldgetAnnotation/RTFieldGetAnnotation1.java
TEST RESULT: Passed. Execution successful
--------------------------------------------------
TEST: testsuite/java_test/reflection_test/RT0076-rt-reflection-RTFieldget3/RTFieldGet3.java
TEST RESULT: Passed. Execution successful
--------------------------------------------------
TEST: testsuite/java_test/reflection_test/RT0080-rt-reflection-RTFieldgetDeclaringClass/RTFieldGetDeclaringClass.java
TEST RESULT: Passed. Execution successful
--------------------------------------------------
TEST: testsuite/java_test/reflection_test/RT0090-rt-reflection-RTMethodgetAnnotation1/RTMethodGetAnnotation1.java
TEST RESULT: Passed. Execution successful
--------------------------------------------------
TEST: testsuite/java_test/reflection_test/RT0081-rt-reflection-RTFieldgetModifiers/RTFieldGetModifiers.java
TEST RESULT: Passed. Execution successful
--------------------------------------------------
TEST: testsuite/java_test/reflection_test/RT0094-rt-reflection-RTMethodgetDefaultValue1/RTMethodGetDefaultValue1.java
TEST RESULT: Passed. Execution successful
--------------------------------------------------
TEST: testsuite/java_test/reflection_test/RT0079-rt-reflection-RTFieldgetDeclaredAnnotations2/RTFieldGetDeclaredAnnotations2.java
TEST RESULT: Passed. Execution successful
--------------------------------------------------
TEST: testsuite/java_test/reflection_test/RT0097-rt-reflection-RTMethonisDefault/RTMethodIsDefault.java
TEST RESULT: Passed. Execution successful
--------------------------------------------------
TEST: testsuite/java_test/reflection_test/RT0088-rt-reflection-RTFieldtoGenericString/RTFieldToGenericString.java
TEST RESULT: Passed. Execution successful
--------------------------------------------------
TEST: testsuite/java_test/reflection_test/RT0092-rt-reflection-RTMethodgetDeclaredAnnotations1/RTMethodGetDeclaredAnnotations1.java
TEST RESULT: Passed. Execution successful
--------------------------------------------------
TEST: testsuite/java_test/reflection_test/RT0093-rt-reflection-RTMethodgetDeclaredAnnotations2/RTMethodGetDeclaredAnnotations2.java
TEST RESULT: Passed. Execution successful
--------------------------------------------------
TEST: testsuite/java_test/reflection_test/RT0107-rt-reflection-RTParametergetDeclaredAnnotations2/RTParameterGetDeclaredAnnotations2.java
TEST RESULT: Passed. Execution successful
--------------------------------------------------
TEST: testsuite/java_test/reflection_test/RT0078-rt-reflection-RTFieldgetDeclaredAnnotations1/RTFieldGetDeclaredAnnotations1.java
TEST RESULT: Passed. Execution successful
--------------------------------------------------
TEST: testsuite/java_test/reflection_test/RT0087-rt-reflection-RTFieldset4/RTFieldSet4.java
TEST RESULT: Passed. Execution successful
--------------------------------------------------
TEST: testsuite/java_test/reflection_test/RT0102-rt-reflection-RTParametergetAnnotations1/RTParameterGetAnnotations1.java
TEST RESULT: Passed. Execution successful
--------------------------------------------------
TEST: testsuite/java_test/reflection_test/RT0111-rt-reflection-reflectClasssetisAssignableFrom/ClassIsAssignableFromNPE.java
TEST RESULT: Passed. Execution successful
--------------------------------------------------
TEST: testsuite/java_test/reflection_test/RT0082-rt-reflection-RTFieldgetName/RTFieldGetName.java
TEST RESULT: Passed. Execution successful
--------------------------------------------------
TEST: testsuite/java_test/reflection_test/RT0095-rt-reflection-RTMethodgetParameterCount/RTMethodGetParameterCount.java
TEST RESULT: Passed. Execution successful
--------------------------------------------------
TEST: testsuite/java_test/rc_test/RC0301-rc-function-ROSAlloc-Alloc_Threadm_B256x8B/Alloc_Threadm_B256x8B.java
TEST RESULT: Passed. Execution successful
--------------------------------------------------
TEST: testsuite/java_test/reflection_test/RT0086-rt-reflection-RTFieldset3/RTFieldSet3.java
TEST RESULT: Passed. Execution successful
--------------------------------------------------
TEST: testsuite/java_test/reflection_test/RT0101-rt-reflection-RTParametergetAnnotation2/RTParameterGetAnnotation2.java
TEST RESULT: Passed. Execution successful
--------------------------------------------------
TEST: testsuite/java_test/reflection_test/RT0104-rt-reflection-RTParametergetAnnotationsByType2/RTParameterGetAnnotationsByType2.java
TEST RESULT: Passed. Execution successful
--------------------------------------------------
TEST: testsuite/java_test/reflection_test/RT0085-rt-reflection-RTFieldset2/RTFieldSet2.java
TEST RESULT: Passed. Execution successful
--------------------------------------------------
TEST: testsuite/java_test/reflection_test/RT0099-rt-reflection-RTModifierparameterModifiers/RTModifierParameterModifiers.java
TEST RESULT: Passed. Execution successful
--------------------------------------------------
TEST: testsuite/java_test/reflection_test/RT0091-rt-reflection-RTMethodgetAnnotation2/RTMethodGetAnnotation2.java
TEST RESULT: Passed. Execution successful
--------------------------------------------------
TEST: testsuite/java_test/reflection_test/RT0096-rt-reflection-RTMethodgetTypeParameters/RTMethodGetTypeParameters.java
TEST RESULT: Passed. Execution successful
--------------------------------------------------
TEST: testsuite/java_test/reflection_test/RT0103-rt-reflection-RTParametergetAnnotationsByType1/RTParameterGetAnnotationsByType1.java
TEST RESULT: Passed. Execution successful
--------------------------------------------------
TEST: testsuite/java_test/rc_test/RC0339-rc-rp-cycle_all_weak/Ref_Processor_Cycle_All_Weak_Ref.java
TEST RESULT: Passed. Execution successful
--------------------------------------------------
TEST: testsuite/java_test/reflection_test/RT0117-rt-reflection-ClassGetTypeParameters/ClassGetTypeParameters.java
TEST RESULT: Passed. Execution successful
--------------------------------------------------
TEST: testsuite/java_test/reflection_test/RT0106-rt-reflection-RTParametergetDeclaredAnnotations1/RTParameterGetDeclaredAnnotations1.java
TEST RESULT: Passed. Execution successful
--------------------------------------------------
TEST: testsuite/java_test/reflection_test/RT0109-rt-reflection-RTProxygetProxyClass1/RTProxyGetProxyClass1.java
TEST RESULT: Passed. Execution successful
--------------------------------------------------
TEST: testsuite/java_test/reflection_test/RT0110-rt-reflection-ClassgetDeclaredAnnotationNPE/ClassGetDeclaredAnnotationNPE.java
TEST RESULT: Passed. Execution successful
--------------------------------------------------
TEST: testsuite/java_test/reflection_test/RT0105-rt-reflection-RTParametergetDeclaredAnnotation1/RTParameterGetDeclaredAnnotation1.java
TEST RESULT: Passed. Execution successful
--------------------------------------------------
TEST: testsuite/java_test/reflection_test/RT0100-rt-reflection-RTParametergetAnnotation1/RTParameterGetAnnotation1.java
TEST RESULT: Passed. Execution successful
--------------------------------------------------
TEST: testsuite/java_test/reflection_test/RT0113-rt-reflection-ClassGetCanonicalName/ClassGetCanonicalName.java
TEST RESULT: Passed. Execution successful
--------------------------------------------------
TEST: testsuite/java_test/reflection_test/RT0115-rt-reflection-ClassGetEnumConstants/ClassGetEnumConstants.java
TEST RESULT: Passed. Execution successful
--------------------------------------------------
TEST: testsuite/java_test/reflection_test/RT0112-rt-reflection-ClassGetAnnotationsByType/ClassGetAnnotationsByType.java
TEST RESULT: Passed. Execution successful
--------------------------------------------------
TEST: testsuite/java_test/reflection_test/RT0108-rt-reflection-RTParametergetDeclaredAnnotationsByType1/RTParameterGetDeclaredAnnotationsByType1.java
TEST RESULT: Passed. Execution successful
--------------------------------------------------
TEST: testsuite/java_test/reflection_test/RT0116-rt-reflection-ClassGetSimpleName/ClassGetSimpleName.java
TEST RESULT: Passed. Execution successful
--------------------------------------------------
TEST: testsuite/java_test/reflection_test/RT0119-rt-reflection-ConstructorGetAnnotation/ConstructorGetAnnotation.java
TEST RESULT: Passed. Execution successful
--------------------------------------------------
TEST: testsuite/java_test/reflection_test/RT0118-rt-reflection-ClassToGenericString/ClassToGenericString.java
TEST RESULT: Passed. Execution successful
--------------------------------------------------
TEST: testsuite/java_test/reflection_test/RT0122-rt-reflection-ConstructorGetTypeParameters/ConstructorGetTypeParameters.java
TEST RESULT: Passed. Execution successful
--------------------------------------------------
TEST: testsuite/java_test/reflection_test/RT0120-rt-reflection-ConstructorGetDeclaredAnnotations/ConstructorGetDeclaredAnnotations.java
TEST RESULT: Passed. Execution successful
--------------------------------------------------
TEST: testsuite/java_test/reflection_test/RT0114-rt-reflection-ClassGetEnclosingClass/ClassGetEnclosingClass.java
TEST RESULT: Passed. Execution successful
--------------------------------------------------
TEST: testsuite/java_test/reflection_test/RT0124-rt-reflection-FieldGetAnnotation/FieldGetAnnotation.java
TEST RESULT: Passed. Execution successful
--------------------------------------------------
TEST: testsuite/java_test/reflection_test/RT0121-rt-reflection-ConstructorGetExceptionTypes/ConstructorGetExceptionTypes.java
TEST RESULT: Passed. Execution successful
--------------------------------------------------
TEST: testsuite/java_test/rc_test/RC0340-rc-rp-cycle_weak_strong/Ref_Processor_Cycle_Weak_Strong_Ref.java
TEST RESULT: Passed. Execution successful
--------------------------------------------------
TEST: testsuite/java_test/reflection_test/RT0131-rt-reflection-MethodgetDefaultValue/MethodGetDefaultValue.java
TEST RESULT: Passed. Execution successful
--------------------------------------------------
TEST: testsuite/java_test/reflection_test/RT0125-rt-reflection-FieldGetAnnotationsByType/FieldGetAnnotationsByType.java
TEST RESULT: Passed. Execution successful
--------------------------------------------------
TEST: testsuite/java_test/reflection_test/RT0126-rt-reflection-FieldGetDeclaredAnnotations/FieldGetDeclaredAnnotations.java
TEST RESULT: Passed. Execution successful
--------------------------------------------------
TEST: testsuite/java_test/reflection_test/RT0130-rt-reflection-MethodGetDeclaredAnnotations/MethodGetDeclaredAnnotations.java
TEST RESULT: Passed. Execution successful
--------------------------------------------------
TEST: testsuite/java_test/rc_test/RC0360-rc-Memory-leaktestsupplycase-01/BackupTracingAndRefPro.java
TEST RESULT: Passed. Execution successful
--------------------------------------------------
TEST: testsuite/java_test/reflection_test/RT0129-rt-reflection-MethodGetAnnotation/MethodGetAnnotation.java
TEST RESULT: Passed. Execution successful
--------------------------------------------------
TEST: testsuite/java_test/reflection_test/RT0127-rt-reflection-FieldIsAnnotationPresent/FieldIsAnnotationPresent.java
TEST RESULT: Passed. Execution successful
--------------------------------------------------
TEST: testsuite/java_test/reflection_test/RT0123-rt-reflection-ConstructorToGenericString/ConstructorToGenericString.java
TEST RESULT: Passed. Execution successful
--------------------------------------------------
TEST: testsuite/java_test/reflection_test/RT0144-rt-reflection-ClinitConstructorNewInstance/ClassInitConstructorNewInstance.java
TEST RESULT: Passed. Execution successful
--------------------------------------------------
TEST: testsuite/java_test/reflection_test/RT0133-rt-reflection-MethodGetTypeParameters/MethodGetTypeParameters.java
TEST RESULT: Passed. Execution successful
--------------------------------------------------
TEST: testsuite/java_test/reflection_test/RT0135-rt-reflection-MethodToGenericString/MethodToGenericString.java
TEST RESULT: Passed. Execution successful
--------------------------------------------------
TEST: testsuite/java_test/reflection_test/RT0134-rt-reflection-MethodIsDefault/MethodIsDefault.java
TEST RESULT: Passed. Execution successful
--------------------------------------------------
TEST: testsuite/java_test/reflection_test/RT0128-rt-reflection-FieldToGenericString/FieldToGenericString.java
TEST RESULT: Passed. Execution successful
--------------------------------------------------
TEST: testsuite/java_test/reflection_test/RT0139-rt-reflection-ParameterGetDeclaredAnnotation/ParameterGetDeclaredAnnotation.java
TEST RESULT: Passed. Execution successful
--------------------------------------------------
TEST: testsuite/java_test/reflection_test/RT0146-rt-reflection-ClinitFieldGetByteStatic/ClassInitFieldGetByteStatic.java
TEST RESULT: Passed. Execution successful
--------------------------------------------------
TEST: testsuite/java_test/reflection_test/RT0140-rt-reflection-ParameterGetDeclaredAnnotations/ParameterGetDeclaredAnnotations.java
TEST RESULT: Passed. Execution successful
--------------------------------------------------
TEST: testsuite/java_test/reflection_test/RT0132-rt-reflection-MethodGetParameterCount/MethodGetParameterCount.java
TEST RESULT: Passed. Execution successful
--------------------------------------------------
TEST: testsuite/java_test/reflection_test/RT0137-rt-reflection-ParameterGetAnnotations/ParameterGetAnnotations.java
TEST RESULT: Passed. Execution successful
--------------------------------------------------
TEST: testsuite/java_test/reflection_test/RT0138-rt-reflection-ParameterGetAnnotationsByType/ParameterGetAnnotationsByType.java
TEST RESULT: Passed. Execution successful
--------------------------------------------------
TEST: testsuite/java_test/rc_test/RC0435-rc-SoftRef-SoftRefTest05/SoftRefTest05.java
TEST RESULT: Passed. Execution successful
--------------------------------------------------
TEST: testsuite/java_test/reflection_test/RT0147-rt-reflection-ClinitFieldGetCharStatic/ClassInitFieldGetCharStatic.java
TEST RESULT: Passed. Execution successful
--------------------------------------------------
TEST: testsuite/java_test/reflection_test/RT0158-rt-reflection-ClinitFieldSetDoubleStatic/ClassInitFieldSetDoubleStatic.java
TEST RESULT: Passed. Execution successful
--------------------------------------------------
TEST: testsuite/java_test/rc_test/RC0364-rc-Memory-leaktestsupplycase-05/RaceInLoadAndWriteWeakRef.java
TEST RESULT: Passed. Execution successful
--------------------------------------------------
TEST: testsuite/java_test/reflection_test/RT0152-rt-reflection-ClinitFieldGetShortStatic/ClassInitFieldGetShortStatic.java
TEST RESULT: Passed. Execution successful
--------------------------------------------------
TEST: testsuite/java_test/reflection_test/RT0153-rt-reflection-ClinitFieldGetStatic/ClassInitFieldGetStatic.java
TEST RESULT: Passed. Execution successful
--------------------------------------------------
TEST: testsuite/java_test/reflection_test/RT0142-rt-reflection-ReflectionAnnotationGetClass/ReflectionAnnotationGetClass.java
TEST RESULT: Passed. Execution successful
--------------------------------------------------
TEST: testsuite/java_test/reflection_test/RT0154-rt-reflection-ClinitFieldOtherMethod/ClassInitFieldOtherMethod.java
TEST RESULT: Passed. Execution successful
--------------------------------------------------
TEST: testsuite/java_test/reflection_test/RT0141-rt-reflection-ParameterGetDeclaredAnnotationsByType/ParameterGetDeclaredAnnotationsByType.java
TEST RESULT: Passed. Execution successful
--------------------------------------------------
TEST: testsuite/java_test/reflection_test/RT0136-rt-reflection-ParameterGetAnnotation/ParameterGetAnnotation.java
TEST RESULT: Passed. Execution successful
--------------------------------------------------
TEST: testsuite/java_test/reflection_test/RT0150-rt-reflection-ClinitFieldGetIntStatic/ClassInitFieldGetIntStatic.java
TEST RESULT: Passed. Execution successful
--------------------------------------------------
TEST: testsuite/java_test/reflection_test/RT0156-rt-reflection-ClinitFieldSetByteStatic/ClassInitFieldSetByteStatic.java
TEST RESULT: Passed. Execution successful
--------------------------------------------------
TEST: testsuite/java_test/reflection_test/RT0149-rt-reflection-ClinitFieldGetFloatStatic/ClassInitFieldGetFloatStatic.java
TEST RESULT: Passed. Execution successful
--------------------------------------------------
TEST: testsuite/java_test/reflection_test/RT0145-rt-reflection-ClinitFieldGetBooleanStatic/ClassInitFieldGetBooleanStatic.java
TEST RESULT: Passed. Execution successful
--------------------------------------------------
TEST: testsuite/java_test/reflection_test/RT0170-rt-reflection-ClinitFieldGetInterface/ClassInitFieldGetInterface.java
TEST RESULT: Passed. Execution successful
--------------------------------------------------
TEST: testsuite/java_test/reflection_test/RT0166-rt-reflection-ClinitFieldGetByteInterface/ClassInitFieldGetByteInterface.java
TEST RESULT: Passed. Execution successful
--------------------------------------------------
TEST: testsuite/java_test/reflection_test/RT0151-rt-reflection-ClinitFieldGetLongStatic/ClassInitFieldGetLongStatic.java
TEST RESULT: Passed. Execution successful
--------------------------------------------------
TEST: testsuite/java_test/reflection_test/RT0148-rt-reflection-ClinitFieldGetDoubleStatic/ClassInitFieldGetDoubleStatic.java
TEST RESULT: Passed. Execution successful
--------------------------------------------------
TEST: testsuite/java_test/reflection_test/RT0161-rt-reflection-ClinitFieldSetLongStatic/ClassInitFieldSetLongStatic.java
TEST RESULT: Passed. Execution successful
--------------------------------------------------
TEST: testsuite/java_test/reflection_test/RT0155-rt-reflection-ClinitFieldSetBooleanStatic/ClassInitFieldSetBooleanStatic.java
TEST RESULT: Passed. Execution successful
--------------------------------------------------
TEST: testsuite/java_test/reflection_test/RT0143-rt-reflection-ClinitClassNewInstance/ClassInitClassNewInstance.java
TEST RESULT: Passed. Execution successful
--------------------------------------------------
TEST: testsuite/java_test/reflection_test/RT0176-rt-reflection-ClinitFieldSetByteInterface/ClassInitFieldSetByteInterface.java
TEST RESULT: Passed. Execution successful
--------------------------------------------------
TEST: testsuite/java_test/reflection_test/RT0168-rt-reflection-ClinitFieldGetDoubleInterface/ClassInitFieldGetDoubleInterface.java
TEST RESULT: Passed. Execution successful
--------------------------------------------------
TEST: testsuite/java_test/reflection_test/RT0172-rt-reflection-ClinitFieldGetLongInterface/ClassInitFieldGetLongInterface.java
TEST RESULT: Passed. Execution successful
--------------------------------------------------
TEST: testsuite/java_test/reflection_test/RT0165-rt-reflection-ClinitFieldGetBooleanInterface/ClassInitFieldGetBooleanInterface.java
TEST RESULT: Passed. Execution successful
--------------------------------------------------
TEST: testsuite/java_test/reflection_test/RT0160-rt-reflection-ClinitFieldSetIntStatic/ClassInitFieldSetIntStatic.java
TEST RESULT: Passed. Execution successful
--------------------------------------------------
TEST: testsuite/java_test/reflection_test/RT0163-rt-reflection-ClinitFieldSetStatic/ClassInitFieldSetStatic.java
TEST RESULT: Passed. Execution successful
--------------------------------------------------
TEST: testsuite/java_test/reflection_test/RT0164-rt-reflection-ClinitMethodInvokeStatic/ClassInitMethodInvokeStatic.java
TEST RESULT: Passed. Execution successful
--------------------------------------------------
TEST: testsuite/java_test/reflection_test/RT0157-rt-reflection-ClinitFieldSetCharStatic/ClassInitFieldSetCharStatic.java
TEST RESULT: Passed. Execution successful
--------------------------------------------------
TEST: testsuite/java_test/reflection_test/RT0171-rt-reflection-ClinitFieldGetIntInterface/ClassInitFieldGetIntInterface.java
TEST RESULT: Passed. Execution successful
--------------------------------------------------
TEST: testsuite/java_test/reflection_test/RT0162-rt-reflection-ClinitFieldSetShortStatic/ClassInitFieldSetShortStatic.java
TEST RESULT: Passed. Execution successful
--------------------------------------------------
TEST: testsuite/java_test/reflection_test/RT0167-rt-reflection-ClinitFieldGetCharInterface/ClassInitFieldGetCharInterface.java
TEST RESULT: Passed. Execution successful
--------------------------------------------------
TEST: testsuite/java_test/reflection_test/RT0173-rt-reflection-ClinitFieldGetShortInterface/ClassInitFieldGetShortInterface.java
TEST RESULT: Passed. Execution successful
--------------------------------------------------
TEST: testsuite/java_test/rc_test/RC0341-rc-rp-mutator/Ref_Processor_Mutator_Ref.java
TEST RESULT: Passed. Execution successful
--------------------------------------------------
TEST: testsuite/java_test/reflection_test/RT0174-rt-reflection-ClinitFieldOtherMethodInterface/ClassInitFieldOtherMethodInterface.java
TEST RESULT: Passed. Execution successful
--------------------------------------------------
TEST: testsuite/java_test/reflection_test/RT0180-rt-reflection-ClinitFieldSetLongInterface/ClassInitFieldSetLongInterface.java
TEST RESULT: Passed. Execution successful
--------------------------------------------------
TEST: testsuite/java_test/reflection_test/RT0159-rt-reflection-ClinitFieldSetFloatStatic/ClassInitFieldSetFloatStatic.java
TEST RESULT: Passed. Execution successful
--------------------------------------------------
TEST: testsuite/java_test/reflection_test/RT0169-rt-reflection-ClinitFieldGetFloatInterface/ClassInitFieldGetFloatInterface.java
TEST RESULT: Passed. Execution successful
--------------------------------------------------
TEST: testsuite/java_test/reflection_test/RT0175-rt-reflection-ClinitFieldSetBooleanInterface/ClassInitFieldSetBooleanInterface.java
TEST RESULT: Passed. Execution successful
--------------------------------------------------
TEST: testsuite/java_test/reflection_test/RT0179-rt-reflection-ClinitFieldSetIntInterface/ClassInitFieldSetIntInterface.java
TEST RESULT: Passed. Execution successful
--------------------------------------------------
TEST: testsuite/java_test/reflection_test/RT0181-rt-reflection-ClinitFieldSetShortInterface/ClassInitFieldSetShortInterface.java
TEST RESULT: Passed. Execution successful
--------------------------------------------------
TEST: testsuite/java_test/reflection_test/RT0178-rt-reflection-ClinitFieldSetInterface/ClassInitFieldSetInterface.java
TEST RESULT: Passed. Execution successful
--------------------------------------------------
TEST: testsuite/java_test/reflection_test/RT0177-rt-reflection-ClinitFieldSetFloatInterface/ClassInitFieldSetFloatInterface.java
TEST RESULT: Passed. Execution successful
--------------------------------------------------
TEST: testsuite/java_test/reflection_test/RT0182-rt-reflection-ClinitMethodInvokeInterface/ClassInitMethodInvokeInterface.java
TEST RESULT: Passed. Execution successful
--------------------------------------------------
TEST: testsuite/java_test/reflection_test/RT0187-rt-reflection-ConstructorMultiThreadTest/ConstructorMultiThreadTest.java
TEST RESULT: Passed. Execution successful
--------------------------------------------------
TEST: testsuite/java_test/reflection_test/RT0199-rt-reflection-AnnotationPackageSetTest/com/huawei/AnnotationPackageSetTest.java
TEST JDK: /home/yansendao/JDK/binary/openjdk/jdk25u

ACTION: build -- Failed. Compilation failed: Compilation failed
REASON: Named class compiled on demand
TIME:   2.637 seconds
messages:
command: build AnnotationPackageSetTest
reason: Named class compiled on demand
started: Mon Oct 27 15:02:06.812 UTC 2025
Test directory:
  compile: AnnotationPackageSetTest
finished: Mon Oct 27 15:02:09.449 UTC 2025
elapsed time (seconds): 2.637

ACTION: compile -- Failed. Compilation failed: Compilation failed
REASON: .class file out of date or does not exist
TIME:   2.637 seconds
messages:
command: compile /home/yansendao/git/ArkTests/testsuite/java_test/reflection_test/RT0199-rt-reflection-AnnotationPackageSetTest/com/huawei/AnnotationPackageSetTest.java
reason: .class file out of date or does not exist
started: Mon Oct 27 15:02:06.812 UTC 2025
Mode: othervm
Process id: 616663
finished: Mon Oct 27 15:02:09.449 UTC 2025
elapsed time (seconds): 2.637
configuration:
javac compilation environment
  source path: /home/yansendao/git/ArkTests/testsuite/java_test/reflection_test/RT0199-rt-reflection-AnnotationPackageSetTest/com/huawei
  class path:  /home/yansendao/git/ArkTests/testsuite/java_test/reflection_test/RT0199-rt-reflection-AnnotationPackageSetTest/com/huawei
               /home/yansendao/git/ArkTests/build/jt-work-singletest/classes/33/testsuite/java_test/reflection_test/RT0199-rt-reflection-AnnotationPackageSetTest/com/huawei

rerun:
cd /home/yansendao/git/ArkTests/build/jt-work-singletest/scratch/45 && \
DBUS_SESSION_BUS_ADDRESS=unix:path=/run/user/998/bus \
DISPLAY=localhost:10.0 \
HOME=/home/yansendao \
JTREG_HOME=/home/yansendao/JDK/tools/jtreg/jtreg-8.1 \
LANG=en_US.UTF-8 \
PATH=/bin:/usr/bin:/usr/sbin \
XDG_DATA_DIRS=/usr/local/share:/usr/share:/var/lib/snapd/desktop \
XDG_RUNTIME_DIR=/run/user/998 \
XDG_SESSION_CLASS=user \
XDG_SESSION_ID=3019 \
XDG_SESSION_TYPE=tty \
    /home/yansendao/JDK/binary/openjdk/jdk25u/bin/javac \
        -J-Dtest.vm.opts= \
        -J-Dtest.tool.vm.opts= \
        -J-Dtest.compiler.opts= \
        -J-Dtest.java.opts= \
        -J-Dtest.jdk=/home/yansendao/JDK/binary/openjdk/jdk25u \
        -J-Dcompile.jdk=/home/yansendao/JDK/binary/openjdk/jdk25u \
        -J-Dtest.timeout.factor=1.0 \
        -J-Dtest.root=/home/yansendao/git/ArkTests \
        -J-Dtest.name=testsuite/java_test/reflection_test/RT0199-rt-reflection-AnnotationPackageSetTest/com/huawei/AnnotationPackageSetTest.java \
        -J-Dtest.verbose=Verbose[p=BRIEF,f=FULL,e=FULL,t=false,m=false] \
        -J-Dtest.file=/home/yansendao/git/ArkTests/testsuite/java_test/reflection_test/RT0199-rt-reflection-AnnotationPackageSetTest/com/huawei/AnnotationPackageSetTest.java \
        -J-Dtest.main.class=com.huawei.AnnotationPackageSetTest \
        -J-Dtest.src=/home/yansendao/git/ArkTests/testsuite/java_test/reflection_test/RT0199-rt-reflection-AnnotationPackageSetTest/com/huawei \
        -J-Dtest.src.path=/home/yansendao/git/ArkTests/testsuite/java_test/reflection_test/RT0199-rt-reflection-AnnotationPackageSetTest/com/huawei \
        -J-Dtest.classes=/home/yansendao/git/ArkTests/build/jt-work-singletest/classes/33/testsuite/java_test/reflection_test/RT0199-rt-reflection-AnnotationPackageSetTest/com/huawei \
        -J-Dtest.class.path=/home/yansendao/git/ArkTests/build/jt-work-singletest/classes/33/testsuite/java_test/reflection_test/RT0199-rt-reflection-AnnotationPackageSetTest/com/huawei \
        -d /home/yansendao/git/ArkTests/build/jt-work-singletest/classes/33/testsuite/java_test/reflection_test/RT0199-rt-reflection-AnnotationPackageSetTest/com/huawei \
        -sourcepath /home/yansendao/git/ArkTests/testsuite/java_test/reflection_test/RT0199-rt-reflection-AnnotationPackageSetTest/com/huawei \
        -classpath /home/yansendao/git/ArkTests/testsuite/java_test/reflection_test/RT0199-rt-reflection-AnnotationPackageSetTest/com/huawei:/home/yansendao/git/ArkTests/build/jt-work-singletest/classes/33/testsuite/java_test/reflection_test/RT0199-rt-reflection-AnnotationPackageSetTest/com/huawei /home/yansendao/git/ArkTests/testsuite/java_test/reflection_test/RT0199-rt-reflection-AnnotationPackageSetTest/com/huawei/AnnotationPackageSetTest.java
STDOUT:
STDERR:
/home/yansendao/git/ArkTests/testsuite/java_test/reflection_test/RT0199-rt-reflection-AnnotationPackageSetTest/com/huawei/AnnotationPackageSetTest.java:22: error: cannot find symbol
        AnnoA anno = packageInfo.getDeclaredAnnotation(AnnoA.class);
        ^
  symbol:   class AnnoA
  location: class AnnotationPackageSetTest
/home/yansendao/git/ArkTests/testsuite/java_test/reflection_test/RT0199-rt-reflection-AnnotationPackageSetTest/com/huawei/AnnotationPackageSetTest.java:22: error: cannot find symbol
        AnnoA anno = packageInfo.getDeclaredAnnotation(AnnoA.class);
                                                       ^
  symbol:   class AnnoA
  location: class AnnotationPackageSetTest
Note: /home/yansendao/git/ArkTests/testsuite/java_test/reflection_test/RT0199-rt-reflection-AnnotationPackageSetTest/com/huawei/AnnotationPackageSetTest.java uses or overrides a deprecated API.
Note: Recompile with -Xlint:deprecation for details.
2 errors

TEST RESULT: Failed. Compilation failed: Compilation failed
--------------------------------------------------
TEST: testsuite/java_test/reflection_test/RT0183-rt-reflection-FieldMultiThreadTest/FieldMultiThreadTest.java
TEST RESULT: Passed. Execution successful
--------------------------------------------------
TEST: testsuite/java_test/stmtpre_test/RT0002-rt-String-StmtTest02/StmtTest02.java
TEST RESULT: Passed. Execution successful
--------------------------------------------------
TEST: testsuite/java_test/stmtpre_test/RT0009-rt-String-StmtTest09/StmtTest09.java
TEST RESULT: Passed. Execution successful
--------------------------------------------------
TEST: testsuite/java_test/stmtpre_test/RT0001-rt-String-StmtTest01/StmtTest01.java
TEST RESULT: Passed. Execution successful
--------------------------------------------------
TEST: testsuite/java_test/reflection_test/RT0185-rt-reflection-MethodMultiThreadTest/MethodMultiThreadTest.java
TEST RESULT: Passed. Execution successful
--------------------------------------------------
TEST: testsuite/java_test/reflection_test/RT0194-rt-reflection-AnnotationStaticFieldSetTest/AnnotationStaticFieldSetTest.java
TEST RESULT: Passed. Execution successful
--------------------------------------------------
TEST: testsuite/java_test/reflection_test/RT0200-rt-reflection-AnnotationTypeParameterSetTest/AnnotationTypeParameterSetTest.java
TEST RESULT: Passed. Execution successful
--------------------------------------------------
TEST: testsuite/java_test/reflection_test/RT0192-rt-reflection-AnnotationTypeEnumSetTest/AnnotationTypeEnumSetTest.java
TEST RESULT: Passed. Execution successful
--------------------------------------------------
TEST: testsuite/java_test/reflection_test/RT0188-rt-reflection-MethodHandleReflectCombineTest/MethodHandleReflectCombineTest.java
TEST RESULT: Passed. Execution successful
--------------------------------------------------
TEST: testsuite/java_test/stmtpre_test/RT0011-rt-String-StmtTest11/StmtTest11.java
TEST RESULT: Passed. Execution successful
--------------------------------------------------
TEST: testsuite/java_test/reflection_test/RT0196-rt-reflection-AnnotationParameterSetTest/AnnotationParameterSetTest.java
TEST RESULT: Passed. Execution successful
--------------------------------------------------
TEST: testsuite/java_test/reflection_test/RT0189-rt-reflection-FieldTest/FieldTest.java
TEST RESULT: Passed. Execution successful
--------------------------------------------------
TEST: testsuite/java_test/reflection_test/RT0191-rt-reflection-AnnotationTypeInterfaceSetTest/AnnotationTypeInterfaceSetTest.java
TEST RESULT: Passed. Execution successful
--------------------------------------------------
TEST: testsuite/java_test/reflection_test/RT0198-rt-reflection-AnnotationAnnotationTypeSetTest/AnnotationAnnotationTypeSetTest.java
TEST RESULT: Passed. Execution successful
--------------------------------------------------
TEST: testsuite/java_test/reflection_test/RT0201-rt-reflection-AnnotationTypeUseSetTest/AnnotationTypeUseSetTest.java
TEST RESULT: Passed. Execution successful
--------------------------------------------------
TEST: testsuite/java_test/stmtpre_test/RT0007-rt-String-StmtTest07/StmtTest07.java
TEST RESULT: Passed. Execution successful
--------------------------------------------------
TEST: testsuite/java_test/reflection_test/RT0195-rt-reflection-AnnotationMethodSetTest/AnnotationMethodSetTest.java
TEST RESULT: Passed. Execution successful
--------------------------------------------------
TEST: testsuite/java_test/reflection_test/RT0193-rt-reflection-AnnotationFieldSetTest/AnnotationFieldSetTest.java
TEST RESULT: Passed. Execution successful
--------------------------------------------------
TEST: testsuite/java_test/reflection_test/RT0203-rt-reflection-ReflectSpecialClassNameTest/ReflectClassNameTest.java
TEST RESULT: Passed. Execution successful
--------------------------------------------------
TEST: testsuite/java_test/reflection_test/RT0197-rt-reflection-AnnotationConstructorSetTest/AnnotationConstructorSetTest.java
TEST RESULT: Passed. Execution successful
--------------------------------------------------
TEST: testsuite/java_test/stmtpre_test/RT0008-rt-String-StmtTest08/StmtTest08.java
TEST RESULT: Passed. Execution successful
--------------------------------------------------
TEST: testsuite/java_test/stmtpre_test/RT0004-rt-String-StmtTest04/StmtTest04.java
TEST RESULT: Passed. Execution successful
--------------------------------------------------
TEST: testsuite/java_test/stmtpre_test/RT0003-rt-String-StmtTest03/StmtTest03.java
TEST RESULT: Passed. Execution successful
--------------------------------------------------
TEST: testsuite/java_test/reflection_test/RT0186-rt-reflection-ConstructorTest/ConstructorTest.java
TEST RESULT: Passed. Execution successful
--------------------------------------------------
TEST: testsuite/java_test/string_test/issue-0000-rt-String-StringMatchesPatternSyntaxExceptionTest/StringMatchesPatternSyntaxExceptionTest.java
TEST RESULT: Passed. Execution successful
--------------------------------------------------
TEST: testsuite/java_test/reflection_test/RT0184-rt-reflection-MethodTest/MethodTest.java
TEST RESULT: Passed. Execution successful
--------------------------------------------------
TEST: testsuite/java_test/stmtpre_test/RT0005-rt-String-StmtTest05/StmtTest05.java
TEST RESULT: Passed. Execution successful
--------------------------------------------------
TEST: testsuite/java_test/stmtpre_test/RT0006-rt-String-StmtTest06/StmtTest06.java
TEST RESULT: Passed. Execution successful
--------------------------------------------------
TEST: testsuite/java_test/string_test/issue-0000-rt-String-StringReplaceAllTest/StringReplaceAllTest.java
TEST RESULT: Passed. Execution successful
--------------------------------------------------
TEST: testsuite/java_test/string_test/issue-0000-rt-String-StringSplitPatternSyntaxExceptionTest/StringSplitPatternSyntaxExceptionTest.java
TEST RESULT: Passed. Execution successful
--------------------------------------------------
TEST: testsuite/java_test/stmtpre_test/RT0013-rt-String-StmtTest13/StmtTest13.java
TEST RESULT: Passed. Execution successful
--------------------------------------------------
TEST: testsuite/java_test/reflection_test/RT0207-rt-reflection-AnnotationTypeLocalClassSet/AnnotationTypeLocalClassSet.java
TEST RESULT: Passed. Execution successful
--------------------------------------------------
TEST: testsuite/java_test/string_test/issue-0000-rt-String-StringUserCaseCharsetTest/StringUserCaseCharsetTest.java
TEST RESULT: Passed. Execution successful
--------------------------------------------------
TEST: testsuite/java_test/string_test/issue-0000-rt-String-StringUnsupportedEncodingExceptionTest/StringUnsupportedEncodingExceptionTest.java
TEST RESULT: Passed. Execution successful
--------------------------------------------------
TEST: testsuite/java_test/string_test/issue-0000-rt-String-StringGetBytesUnsupportedEncodingExceptionTest/StringGetBytesUnsupportedEncodingExceptionTest.java
TEST RESULT: Passed. Execution successful
--------------------------------------------------
TEST: testsuite/java_test/reflection_test/RT0190-rt-reflection-AnnotationTypeSetTest/AnnotationTypeSetTest.java
TEST RESULT: Passed. Execution successful
--------------------------------------------------
TEST: testsuite/java_test/reflection_test/RT0211-rt-reflection-AnnotationDefaultTest/AnnotationDefaultTest.java
TEST RESULT: Passed. Execution successful
--------------------------------------------------
TEST: testsuite/java_test/stmtpre_test/RT0014-rt-String-StmtTest14/StmtTest14.java
TEST RESULT: Passed. Execution successful
--------------------------------------------------
TEST: testsuite/java_test/string_test/issue-0000-rt-String-StringMatchesTest/StringMatchesTest.java
TEST RESULT: Passed. Execution successful
--------------------------------------------------
TEST: testsuite/java_test/string_test/issue-RT0246-rt-String-StringConsBytesIntIntIntAndBytesTest/StringConsBytesIntIntIntAndBytesTest.java
TEST RESULT: Passed. Execution successful
--------------------------------------------------
TEST: testsuite/java_test/reflection_test/RT0204-rt-reflection-AnnotationSpecialCharacter/AnnotationNotAscii.java
TEST RESULT: Passed. Execution successful
--------------------------------------------------
TEST: testsuite/java_test/string_test/issue-0000-rt-String-StringFormatTest/StringFormatTest.java
TEST RESULT: Passed. Execution successful
--------------------------------------------------
TEST: testsuite/java_test/string_test/issue-0000-rt-String-StringUserCaseLiteralsISO88591Test/StringUserCaseLiteralsISO88591Test.java
TEST RESULT: Passed. Execution successful
--------------------------------------------------
TEST: testsuite/java_test/string_test/issue-RT0153-rt-string-StringEqualsNull0002n-DTS2020052106893/TestStringEqualsNull.java
TEST RESULT: Passed. Execution successful
--------------------------------------------------
TEST: testsuite/java_test/string_test/issue-0000-rt-String-StringStringIndexOutOfBoundsExceptionTest/StringStringIndexOutOfBoundsExceptionTest.java
TEST RESULT: Passed. Execution successful
--------------------------------------------------
TEST: testsuite/java_test/string_test/issue-0000-rt-String-StringReplaceFirstTest/StringReplaceFirstTest.java
TEST RESULT: Passed. Execution successful
--------------------------------------------------
TEST: testsuite/java_test/string_test/issue-0000-rt-String-StringUserCaseLongToStringTest/StringUserCaseLongToStringTest.java
TEST RESULT: Passed. Execution successful
--------------------------------------------------
TEST: testsuite/java_test/string_test/issue-RT0162-rt-string-StringEqualsCompress-Phone/TestStringEqualsCompress.java
TEST RESULT: Passed. Execution successful
--------------------------------------------------
TEST: testsuite/java_test/stmtpre_test/RT0012-rt-String-StmtTest12/StmtTest12.java
TEST RESULT: Passed. Execution successful
--------------------------------------------------
TEST: testsuite/java_test/string_test/issue-RT0510-rt-String-StringChineseClassTest/StringChineseClassTest.java
TEST RESULT: Passed. Execution successful
--------------------------------------------------
TEST: testsuite/java_test/reflection_test/RT0206-rt-reflection-AnnotationTypeInnerClassSet/AnnotationTypeInnerClassSet.java
TEST RESULT: Passed. Execution successful
--------------------------------------------------
TEST: testsuite/java_test/string_test/issue-RT0513-rt-String-StringReflectNPTest/StringReflectNPTest.java
TEST RESULT: Passed. Execution successful
--------------------------------------------------
TEST: testsuite/java_test/string_test/issue-0000-rt-String-StringReplaceAllPatternSyntaxExceptionTest/StringReplaceAllPatternSyntaxExceptionTest.java
TEST RESULT: Passed. Execution successful
--------------------------------------------------
TEST: testsuite/java_test/string_test/issue-0000-rt-String-StringReplaceFirstPatternSyntaxExceptionTest/StringReplaceFirstPatternSyntaxExceptionTest.java
TEST RESULT: Passed. Execution successful
--------------------------------------------------
TEST: testsuite/java_test/string_test/RT0005-rt-String-BufferDeleteAndDeleteCharAtTest/StringBufferDeleteAndDeleteCharAtTest.java
TEST RESULT: Passed. Execution successful
--------------------------------------------------
TEST: testsuite/java_test/stmtpre_test/RT0010-rt-String-StmtTest10/StmtTest10.java
TEST RESULT: Passed. Execution successful
--------------------------------------------------
TEST: testsuite/java_test/string_test/issue-RT0237-rt-String-StringFormatIllegalFormatExceptionTest/StringFormatIllegalFormatExceptionTest.java
TEST RESULT: Passed. Execution successful
--------------------------------------------------
TEST: testsuite/java_test/rc_test/RC0358-rc-rp-simpleweakref_11/NotIsCleanerInDeadCycleNotFreeRefFailSetWCBFailAtomicWCB.java
TEST RESULT: Passed. Execution successful
--------------------------------------------------
TEST: testsuite/java_test/reflection_test/RT0205-rt-reflection-AnnotationRepeatable/AnnotationRepeatable.java
TEST RESULT: Passed. Execution successful
--------------------------------------------------
TEST: testsuite/java_test/reflection_test/RT0202-rt-reflection-AnnotationMultiThread/AnnotationMultiThread.java
TEST RESULT: Passed. Execution successful
--------------------------------------------------
TEST: testsuite/java_test/string_test/RT0002-rt-String-BufferConstructorsTest/StringBufferConstructorsTest.java
TEST RESULT: Passed. Execution successful
--------------------------------------------------
TEST: testsuite/java_test/string_test/RT0003-rt-String-BufferAppendAndAppendCodePointTest/StringBufferAppendAndAppendCodePointTest.java
TEST RESULT: Passed. Execution successful
--------------------------------------------------
TEST: testsuite/java_test/rc_test/RC0357-rc-rp-simpleweakref_10/NotIsCleanerNotFreeRefFailSetWCBSetAtomicWCB.java
TEST RESULT: Passed. Execution successful
--------------------------------------------------
TEST: testsuite/java_test/string_test/RT0010-rt-String-BufferIndexOfAndLastIndexOfTest/StringBufferIndexOfAndLastIndexOfTest.java
TEST RESULT: Passed. Execution successful
--------------------------------------------------
TEST: testsuite/java_test/string_test/RT0001-rt-string-ReflectString/ReflectString.java
TEST RESULT: Passed. Execution successful
--------------------------------------------------
TEST: testsuite/java_test/string_test/RT0016-rt-String-BuilderDeleteAndDeleteCharAtTest/StringBuilderDeleteAndDeleteCharAtTest.java
TEST RESULT: Passed. Execution successful
--------------------------------------------------
TEST: testsuite/java_test/string_test/RT0004-rt-String-BufferInsertTest/StringBufferInsertTest.java
TEST RESULT: Passed. Execution successful
--------------------------------------------------
TEST: testsuite/java_test/string_test/RT0024-rt-String-ConsBytesIntIntIndexOutOfBoundsExceptionTest/StringConsBytesIntIntIndexOutOfBoundsExceptionTest.java
TEST RESULT: Passed. Execution successful
--------------------------------------------------
TEST: testsuite/java_test/string_test/RT0022-rt-String-BuilderReplaceAndReverseTest/StringBuilderReplaceAndReverseTest.java
TEST RESULT: Passed. Execution successful
--------------------------------------------------
TEST: testsuite/java_test/string_test/RT0012-rt-String-BufferSubstringAndToStringTest/StringBufferSubstringAndToStringTest.java
TEST RESULT: Passed. Execution successful
--------------------------------------------------
TEST: testsuite/java_test/string_test/RT0009-rt-String-BufferGetCharsTest/StringBufferGetCharsTest.java
TEST RESULT: Passed. Execution successful
--------------------------------------------------
TEST: testsuite/java_test/string_test/RT0011-rt-String-BufferReplaceAndReverseTest/StringBufferReplaceAndReverseTest.java
TEST RESULT: Passed. Execution successful
--------------------------------------------------
TEST: testsuite/java_test/string_test/RT0006-rt-String-BufferCodePointExceptionTest/StringBufferCodePointExceptionTest.java
TEST RESULT: Passed. Execution successful
--------------------------------------------------
TEST: testsuite/java_test/string_test/RT0008-rt-String-BufferCharAtAndSetCharAtExceptionTest/StringBufferCharAtAndSetCharAtExceptionTest.java
TEST RESULT: Passed. Execution successful
--------------------------------------------------
TEST: testsuite/java_test/string_test/RT0027-rt-String-ConsBytesIntIntIntIndexOutOfBoundsExceptionTest/StringConsBytesIntIntIntIndexOutOfBoundsExceptionTest.java
TEST RESULT: Passed. Execution successful
--------------------------------------------------
TEST: testsuite/java_test/string_test/RT0007-rt-String-BufferCapacityAndEnsureCapacityTest/StringBufferCapacityAndEnsureCapacityTest.java
TEST RESULT: Passed. Execution successful
--------------------------------------------------
TEST: testsuite/java_test/string_test/RT0025-rt-String-ConsCharArrayIndexOutOfBoundsExceptionTest/StringConsCharArrayIndexOutOfBoundsExceptionTest.java
TEST RESULT: Passed. Execution successful
--------------------------------------------------
TEST: testsuite/java_test/string_test/RT0023-rt-String-BuilderSubstringAndToStringTest/StringBuilderSubstringAndToStringTest.java
TEST RESULT: Passed. Execution successful
--------------------------------------------------
TEST: testsuite/java_test/string_test/RT0013-rt-String-BuilderConstructorsTest/StringBuilderConstructorsTest.java
TEST RESULT: Passed. Execution successful
--------------------------------------------------
TEST: testsuite/java_test/string_test/RT0014-rt-String-BuilderAppendAndAppendCodePointTest/StringBuilderAppendAndAppendCodePointTest.java
TEST RESULT: Passed. Execution successful
--------------------------------------------------
TEST: testsuite/java_test/string_test/RT0018-rt-String-BuilderCapacityAndEnsureCapacityTest/StringBuilderCapacityAndEnsureCapacityTest.java
TEST RESULT: Passed. Execution successful
--------------------------------------------------
TEST: testsuite/java_test/string_test/issue-RT0512-rt-String-StringReflectAPITest/StringReflectAPITest.java
TEST RESULT: Passed. Execution successful
--------------------------------------------------
TEST: testsuite/java_test/string_test/RT0026-rt-String-ConsIntArrayExceptionsTest/StringConsIntArrayExceptionsTest.java
TEST RESULT: Passed. Execution successful
--------------------------------------------------
TEST: testsuite/java_test/string_test/RT0020-rt-String-BuilderGetCharsTest/StringBuilderGetCharsTest.java
TEST RESULT: Passed. Execution successful
--------------------------------------------------
TEST: testsuite/java_test/string_test/RT0029-rt-String-CharAtIndexOutOfBoundsExceptionTest/StringCharAtIndexOutOfBoundsExceptionTest.java
TEST RESULT: Passed. Execution successful
--------------------------------------------------
TEST: testsuite/java_test/string_test/RT0037-rt-String-SubstringIntIntExceptionTest/StringSubstringIntIntExceptionTest.java
TEST RESULT: Passed. Execution successful
--------------------------------------------------
TEST: testsuite/java_test/string_test/RT0015-rt-String-BuilderInsertTest/StringBuilderInsertTest.java
TEST RESULT: Passed. Execution successful
--------------------------------------------------
TEST: testsuite/java_test/string_test/RT0017-rt-String-BuilderCodePointExceptionTest/StringBuilderCodePointExceptionTest.java
TEST RESULT: Passed. Execution successful
--------------------------------------------------
TEST: testsuite/java_test/string_test/RT0028-rt-String-ConsBytesIntIntCharsetExceptionTest/StringConsBytesIntIntCharsetExceptionTest.java
TEST RESULT: Passed. Execution successful
--------------------------------------------------
TEST: testsuite/java_test/string_test/RT0038-rt-String-SubSequenceIndexOutOfBoundsExceptionTest/StringSubSequenceIndexOutOfBoundsExceptionTest.java
TEST RESULT: Passed. Execution successful
--------------------------------------------------
TEST: testsuite/java_test/string_test/RT0019-rt-String-BuilderCharAtAndSetCharAtExceptionTest/StringBuilderCharAtAndSetCharAtExceptionTest.java
TEST RESULT: Passed. Execution successful
--------------------------------------------------
TEST: testsuite/java_test/string_test/RT0021-rt-String-BuilderIndexOfAndLastIndexOfTest/StringBuilderIndexOfAndLastIndexOfTest.java
TEST RESULT: Passed. Execution successful
--------------------------------------------------
TEST: testsuite/java_test/string_test/RT0035-rt-String-GetBytesExceptionTest/StringGetBytesExceptionTest.java
TEST RESULT: Passed. Execution successful
--------------------------------------------------
TEST: testsuite/java_test/string_test/RT0033-rt-String-OffsetByCodePointsIndexOutOfBoundsExceptionTest/StringOffsetByCodePointsIndexOutOfBoundsExceptionTest.java
TEST RESULT: Passed. Execution successful
--------------------------------------------------
TEST: testsuite/java_test/string_test/RT0030-rt-String-CodePointAtStringIndexOutOfBoundsExceptionTest/StringCodePointAtStringIndexOutOfBoundsExceptionTest.java
TEST RESULT: Passed. Execution successful
--------------------------------------------------
TEST: testsuite/java_test/string_test/RT0052-rt-String-ConsBytesCharsetTest/StringConsBytesCharsetTest.java
TEST RESULT: Passed. Execution successful
--------------------------------------------------
TEST: testsuite/java_test/string_test/RT0032-rt-String-CodePointCountIndexOutOfBoundsExceptionTest/StringCodePointCountIndexOutOfBoundsExceptionTest.java
TEST RESULT: Passed. Execution successful
--------------------------------------------------
TEST: testsuite/java_test/string_test/RT0039-rt-String-ReplaceNullPointerExceptionTest/StringReplaceNullPointerExceptionTest.java
TEST RESULT: Passed. Execution successful
--------------------------------------------------
TEST: testsuite/java_test/string_test/RT0044-rt-String-ConsStringTest/StringConsStringTest.java
TEST RESULT: Passed. Execution successful
--------------------------------------------------
TEST: testsuite/java_test/string_test/RT0040-rt-String-ValueOfAndCopyValueOfExceptionTest/StringValueOfAndCopyValueOfExceptionTest.java
TEST RESULT: Passed. Execution successful
--------------------------------------------------
TEST: testsuite/java_test/string_test/RT0043-rt-String-NoParamConstructorTest/StringNoParamConstructorTest.java
TEST RESULT: Passed. Execution successful
--------------------------------------------------
TEST: testsuite/java_test/string_test/RT0034-rt-String-GetCharsExceptionsTest/StringGetCharsExceptionsTest.java
TEST RESULT: Passed. Execution successful
--------------------------------------------------
TEST: testsuite/java_test/string_test/RT0036-rt-String-SubstringStringIndexOutOfBoundsExceptionTest/StringSubstringStringIndexOutOfBoundsExceptionTest.java
TEST RESULT: Passed. Execution successful
--------------------------------------------------
TEST: testsuite/java_test/string_test/RT0041-rt-String-GetClassTest/StringGetClassTest.java
TEST RESULT: Passed. Execution successful
--------------------------------------------------
TEST: testsuite/java_test/string_test/RT0046-rt-String-ConsCharIntIntTest/StringConsCharIntIntTest.java
TEST RESULT: Passed. Execution successful
--------------------------------------------------
TEST: testsuite/java_test/string_test/RT0051-rt-String-ConsBytesStringTest/StringConsBytesStringTest.java
TEST RESULT: Passed. Execution successful
--------------------------------------------------
TEST: testsuite/java_test/string_test/RT0054-rt-String-ConsBytesTest/StringConsBytesTest.java
TEST RESULT: Passed. Execution successful
--------------------------------------------------
TEST: testsuite/java_test/string_test/issue-RT0514-rt-String-StringReflectStringBufferAPITest/StringReflectStringBufferAPITest.java
TEST RESULT: Passed. Execution successful
--------------------------------------------------
TEST: testsuite/java_test/string_test/RT0042-rt-String-EqualsAndEqualsIgnoreCaseAndLengthTest/StringEqualsAndEqualsIgnoreCaseAndLengthTest.java
TEST RESULT: Passed. Execution successful
--------------------------------------------------
TEST: testsuite/java_test/string_test/RT0045-rt-String-ConsCharTest/StringConsCharTest.java
TEST RESULT: Passed. Execution successful
--------------------------------------------------
TEST: testsuite/java_test/string_test/RT0031-rt-String-CodePointBeforeExceptionTest/StringCodePointBeforeExceptionTest.java
TEST RESULT: Passed. Execution successful
--------------------------------------------------
TEST: testsuite/java_test/string_test/RT0047-rt-String-ConsIntsIntIntTest/StringConsIntsIntIntTest.java
TEST RESULT: Passed. Execution successful
--------------------------------------------------
TEST: testsuite/java_test/string_test/RT0049-rt-String-ConsBytesIntIntStringTest/StringConsBytesIntIntStringTest.java
TEST RESULT: Passed. Execution successful
--------------------------------------------------
TEST: testsuite/java_test/string_test/RT0058-rt-String-IsEmptyTest/StringIsEmptyTest.java
TEST RESULT: Passed. Execution successful
--------------------------------------------------
TEST: testsuite/java_test/string_test/RT0056-rt-String-ConsStringBuilderTest/StringConsStringBuilderTest.java
TEST RESULT: Passed. Execution successful
--------------------------------------------------
TEST: testsuite/java_test/string_test/issue-RT0515-rt-String-StringReflectStringBuilderAPITest/StringReflectStringBuilderAPITest.java
TEST RESULT: Passed. Execution successful
--------------------------------------------------
TEST: testsuite/java_test/string_test/RT0063-rt-String-OffsetByCodePointsTest/StringOffsetByCodePointsTest.java
TEST RESULT: Passed. Execution successful
--------------------------------------------------
TEST: testsuite/java_test/string_test/RT0059-rt-String-CharAtTest/StringCharAtTest.java
TEST RESULT: Passed. Execution successful
--------------------------------------------------
TEST: testsuite/java_test/string_test/RT0057-rt-String-LengthTest/StringLengthTest.java
TEST RESULT: Passed. Execution successful
--------------------------------------------------
TEST: testsuite/java_test/string_test/RT0066-rt-String-GetBytesStringTest/StringGetBytesStringTest.java
TEST RESULT: Passed. Execution successful
--------------------------------------------------
TEST: testsuite/java_test/string_test/RT0048-rt-String-ConsBytesIntTest/StringConsBytesIntTest.java
TEST RESULT: Passed. Execution successful
--------------------------------------------------
TEST: testsuite/java_test/string_test/RT0067-rt-String-GetBytesCharsetTest/StringGetBytesCharsetTest.java
TEST RESULT: Passed. Execution successful
--------------------------------------------------
TEST: testsuite/java_test/string_test/RT0050-rt-String-CosBytesIntIntCharsetTest/StringCosBytesIntIntCharsetTest.java
TEST RESULT: Passed. Execution successful
--------------------------------------------------
TEST: testsuite/java_test/string_test/RT0068-rt-String-GetBytesTest/StringGetBytesTest.java
TEST RESULT: Passed. Execution successful
--------------------------------------------------
TEST: testsuite/java_test/string_test/RT0053-rt-String-ConsBytesIntIntTest/StringConsBytesIntIntTest.java
TEST RESULT: Passed. Execution successful
--------------------------------------------------
TEST: testsuite/java_test/string_test/RT0074-rt-String-CompareToIgnoreCaseTest/StringCompareToIgnoreCaseTest.java
TEST RESULT: Passed. Execution successful
--------------------------------------------------
TEST: testsuite/java_test/string_test/RT0076-rt-String-RegionMatchesBooleanIntStringIntIntTest/StringRegionMatchesBooleanIntStringIntIntTest.java
TEST RESULT: Passed. Execution successful
--------------------------------------------------
TEST: testsuite/java_test/string_test/RT0064-rt-String-GetCharsTest/StringGetCharsTest.java
TEST RESULT: Passed. Execution successful
--------------------------------------------------
TEST: testsuite/java_test/string_test/RT0065-rt-String-GetBytesIntIntBytesIntTest/StringGetBytesIntIntBytesIntTest.java
TEST RESULT: Passed. Execution successful
--------------------------------------------------
TEST: testsuite/java_test/string_test/RT0071-rt-String-ContentEqualsCharSequenceTest/StringContentEqualsCharSequenceTest.java
TEST RESULT: Passed. Execution successful
--------------------------------------------------
TEST: testsuite/java_test/string_test/RT0061-rt-String-CodePointBeforeTest/StringCodePointBeforeTest.java
TEST RESULT: Passed. Execution successful
--------------------------------------------------
TEST: testsuite/java_test/string_test/RT0055-rt-String-ConsStringBufferTest/StringConsStringBufferTest.java
TEST RESULT: Passed. Execution successful
--------------------------------------------------
TEST: testsuite/java_test/string_test/RT0083-rt-String-LastIndexOfIntTest/StringLastIndexOfIntTest.java
TEST RESULT: Passed. Execution successful
--------------------------------------------------
TEST: testsuite/java_test/string_test/RT0078-rt-String-StartsWithStringTest/StringStartsWithStringTest.java
TEST RESULT: Passed. Execution successful
--------------------------------------------------
TEST: testsuite/java_test/string_test/RT0084-rt-String-LastIndexOfIntIntTest/StringLastIndexOfIntIntTest.java
TEST RESULT: Passed. Execution successful
--------------------------------------------------
TEST: testsuite/java_test/string_test/RT0087-rt-String-LastIndexOfStringTest/StringLastIndexOfStringTest.java
TEST RESULT: Passed. Execution successful
--------------------------------------------------
TEST: testsuite/java_test/string_test/RT0062-rt-String-CodePointCountTest/StringCodePointCountTest.java
TEST RESULT: Passed. Execution successful
--------------------------------------------------
TEST: testsuite/java_test/string_test/RT0060-rt-String-CodePointAtTest/StringCodePointAtTest.java
TEST RESULT: Passed. Execution successful
--------------------------------------------------
TEST: testsuite/java_test/string_test/RT0079-rt-String-EndsWithTest/StringEndsWithTest.java
TEST RESULT: Passed. Execution successful
--------------------------------------------------
TEST: testsuite/java_test/string_test/RT0081-rt-String-IndexOfIntTest/StringIndexOfIntTest.java
TEST RESULT: Passed. Execution successful
--------------------------------------------------
TEST: testsuite/java_test/string_test/RT0072-rt-String-EqualsIgnoreCaseTest/StringEqualsIgnoreCaseTest.java
TEST RESULT: Passed. Execution successful
--------------------------------------------------
TEST: testsuite/java_test/string_test/RT0073-rt-String-CompareToTest/StringCompareToTest.java
TEST RESULT: Passed. Execution successful
--------------------------------------------------
TEST: testsuite/java_test/string_test/RT0082-rt-String-IndexOfIntIntTest/StringIndexOfIntIntTest.java
TEST RESULT: Passed. Execution successful
--------------------------------------------------
TEST: testsuite/java_test/string_test/RT0069-rt-String-EqualsTest/StringEqualsTest.java
TEST RESULT: Passed. Execution successful
--------------------------------------------------
TEST: testsuite/java_test/string_test/RT0077-rt-String-StartsWithStringIntTest/StringStartsWithStringIntTest.java
TEST RESULT: Passed. Execution successful
--------------------------------------------------
TEST: testsuite/java_test/string_test/RT0070-rt-String-ContentEqualsTest/StringContentEqualsTest.java
TEST RESULT: Passed. Execution successful
--------------------------------------------------
TEST: testsuite/java_test/string_test/RT0085-rt-String-IndexOfStringTest/StringIndexOfStringTest.java
TEST RESULT: Passed. Execution successful
--------------------------------------------------
TEST: testsuite/java_test/string_test/RT0080-rt-String-HashCodeTest/StringHashCodeTest.java
TEST RESULT: Passed. Execution successful
--------------------------------------------------
TEST: testsuite/java_test/string_test/RT0075-rt-String-RegionMatchesIntStringIntIntTest/StringRegionMatchesIntStringIntIntTest.java
TEST RESULT: Passed. Execution successful
--------------------------------------------------
TEST: testsuite/java_test/string_test/RT0089-rt-String-SubstringIntTest/StringSubstringIntTest.java
TEST RESULT: Passed. Execution successful
--------------------------------------------------
TEST: testsuite/java_test/rc_test/RC0345-rc-rp-single_or_more/Ref_Processor_Single_Or_More_Weak_Ref.java
TEST RESULT: Passed. Execution successful
--------------------------------------------------
TEST: testsuite/java_test/rc_test/RC0515-GC-FrequentGCTest01/FrequentGCTest01.java
TEST RESULT: Passed. Execution successful
--------------------------------------------------
TEST: testsuite/java_test/string_test/RT0088-rt-String-LastIndexOfStringIntTest/StringLastIndexOfStringIntTest.java
TEST RESULT: Passed. Execution successful
--------------------------------------------------
TEST: testsuite/java_test/string_test/RT0095-rt-String-ReplaceCharSequenceCharSequenceTest/StringReplaceCharSequenceCharSequenceTest.java
TEST RESULT: Passed. Execution successful
--------------------------------------------------
TEST: testsuite/java_test/string_test/RT0090-rt-String-SubstringIntIntTest/StringSubstringIntIntTest.java
TEST RESULT: Passed. Execution successful
--------------------------------------------------
TEST: testsuite/java_test/string_test/RT0086-rt-String-IndexOfStringIntTest/StringIndexOfStringIntTest.java
TEST RESULT: Passed. Execution successful
--------------------------------------------------
TEST: testsuite/java_test/string_test/RT0097-rt-String-SplitStringTest/StringSplitStringTest.java
TEST RESULT: Passed. Execution successful
--------------------------------------------------
TEST: testsuite/java_test/string_test/RT0101-rt-String-ToLowerCaseTest/StringToLowerCaseTest.java
TEST RESULT: Passed. Execution successful
--------------------------------------------------
TEST: testsuite/java_test/string_test/RT0091-rt-String-SubSequenceIntIntTest/StringSubSequenceIntIntTest.java
TEST RESULT: Passed. Execution successful
--------------------------------------------------
TEST: testsuite/java_test/string_test/RT0102-rt-String-ToUpperCaseLocaleTest/StringToUpperCaseLocaleTest.java
TEST RESULT: Passed. Execution successful
--------------------------------------------------
TEST: testsuite/java_test/string_test/RT0094-rt-String-ContainsTest/StringContainsTest.java
TEST RESULT: Passed. Execution successful
--------------------------------------------------
TEST: testsuite/java_test/string_test/RT0093-rt-String-ReplaceCharCharTest/StringReplaceCharCharTest.java
TEST RESULT: Passed. Execution successful
--------------------------------------------------
TEST: testsuite/java_test/string_test/RT0120-rt-String-VoluationTest/StringVoluationTest.java
TEST RESULT: Passed. Execution successful
--------------------------------------------------
TEST: testsuite/java_test/string_test/issue-RT0818-rt-String-StringOOMTest/StringOOMTest.java
TEST RESULT: Passed. Execution successful
--------------------------------------------------
TEST: testsuite/java_test/string_test/RT0114-rt-String-ValueOfCharTest/StringValueOfCharTest.java
TEST RESULT: Passed. Execution successful
--------------------------------------------------
TEST: testsuite/java_test/string_test/RT0103-rt-String-ToUpperCaseTest/StringToUpperCaseTest.java
TEST RESULT: Passed. Execution successful
--------------------------------------------------
TEST: testsuite/java_test/string_test/RT0092-rt-String-ConcatTest/StringConcatTest.java
TEST RESULT: Passed. Execution successful
--------------------------------------------------
TEST: testsuite/java_test/string_test/RT0115-rt-String-ValueOfIntTest/StringValueOfIntTest.java
TEST RESULT: Passed. Execution successful
--------------------------------------------------
TEST: testsuite/java_test/string_test/RT0099-rt-String-JoinCharSequenceIterableTest/StringJoinCharSequenceIterableTest.java
TEST RESULT: Passed. Execution successful
--------------------------------------------------
TEST: testsuite/java_test/string_test/RT0108-rt-String-ValueOfObjectTest/StringValueOfObjectTest.java
TEST RESULT: Passed. Execution successful
--------------------------------------------------
TEST: testsuite/java_test/string_test/RT0096-rt-String-SplitStringIntTest/StringSplitStringIntTest.java
TEST RESULT: Passed. Execution successful
--------------------------------------------------
TEST: testsuite/java_test/string_test/RT0110-rt-String-ValueOfCharIntIntTest/StringValueOfCharIntIntTest.java
TEST RESULT: Passed. Execution successful
--------------------------------------------------
TEST: testsuite/java_test/string_test/RT0113-rt-String-ValueOfBooleanTest/StringValueOfBooleanTest.java
TEST RESULT: Passed. Execution successful
--------------------------------------------------
TEST: testsuite/java_test/string_test/RT0100-rt-String-ToLowerCaseLocaleTest/StringToLowerCaseLocaleTest.java
TEST RESULT: Passed. Execution successful
--------------------------------------------------
TEST: testsuite/java_test/string_test/RT0098-rt-String-JoinCharSequenceCharSequenceTest/StringJoinCharSequenceCharSequenceTest.java
TEST RESULT: Passed. Execution successful
--------------------------------------------------
TEST: testsuite/java_test/string_test/RT0105-rt-String-ToStringTest/StringToStringTest.java
TEST RESULT: Passed. Execution successful
--------------------------------------------------
TEST: testsuite/java_test/string_test/RT0109-rt-String-ValueOfCharsTest/StringValueOfCharsTest.java
TEST RESULT: Passed. Execution successful
--------------------------------------------------
TEST: testsuite/java_test/string_test/RT0107-rt-String-FormatStringObjectTest/StringFormatStringObjectTest.java
TEST RESULT: Passed. Execution successful
--------------------------------------------------
TEST: testsuite/java_test/string_test/RT0123-rt-String-CompareByDoubleEqualSignTest/StringCompareByDoubleEqualSignTest.java
TEST RESULT: Passed. Execution successful
--------------------------------------------------
TEST: testsuite/java_test/string_test/RT0119-rt-String-InternTest/StringInternTest.java
TEST RESULT: Passed. Execution successful
--------------------------------------------------
TEST: testsuite/java_test/string_test/RT0135-rt-String-AsciiToStringTest/AsciiToStringTest.java
TEST RESULT: Passed. Execution successful
--------------------------------------------------
TEST: testsuite/java_test/string_test/RT0112-rt-String-CopyValueOfCharTest/StringCopyValueOfCharTest.java
TEST RESULT: Passed. Execution successful
--------------------------------------------------
TEST: testsuite/java_test/string_test/RT0104-rt-String-TrimTest/StringTrimTest.java
TEST RESULT: Passed. Execution successful
--------------------------------------------------
TEST: testsuite/java_test/string_test/RT0134-rt-String-NullToStringTest/NullToStringTest.java
TEST RESULT: Passed. Execution successful
--------------------------------------------------
TEST: testsuite/java_test/string_test/RT0121-rt-String-VoluationCharsTest/StringVoluationCharsTest.java
TEST RESULT: Passed. Execution successful
--------------------------------------------------
TEST: testsuite/java_test/string_test/RT0137-rt-String-AsVariableAndFieldAndParamTest/StringAsVariableAndFieldAndParamTest.java
TEST RESULT: Passed. Execution successful
--------------------------------------------------
TEST: testsuite/java_test/subsumeRC_test/RT0003-rt-compiler-LiverangeSubsumeRCTest03/LiverangeSubsumeRCTest03.java
TEST RESULT: Passed. Execution successful
--------------------------------------------------
TEST: testsuite/java_test/string_test/RT0131-rt-String-LongToBinaryStringTest/LongToBinaryStringTest.java
TEST RESULT: Passed. Execution successful
--------------------------------------------------
TEST: testsuite/java_test/string_test/RT0111-rt-String-CopyValueOfCharIntIntTest/StringCopyValueOfCharIntIntTest.java
TEST RESULT: Passed. Execution successful
--------------------------------------------------
TEST: testsuite/java_test/string_test/RT0122-rt-String-SpliceStringTest/StringSpliceStringTest.java
TEST RESULT: Passed. Execution successful
--------------------------------------------------
TEST: testsuite/java_test/string_test/RT0157-rt-string-StringEqualsVeryLong/TestStringEqualsVeryLong.java
TEST RESULT: Passed. Execution successful
--------------------------------------------------
TEST: testsuite/java_test/string_test/RT0116-rt-String-ValueOfLongTest/StringValueOfLongTest.java
TEST RESULT: Passed. Execution successful
--------------------------------------------------
TEST: testsuite/java_test/string_test/RT0106-rt-String-ToCharArrayTest/StringToCharArrayTest.java
TEST RESULT: Passed. Execution successful
--------------------------------------------------
TEST: testsuite/java_test/string_test/RT0126-rt-String-ConvertToShortTest/StringConvertToShortTest.java
TEST RESULT: Passed. Execution successful
--------------------------------------------------
TEST: testsuite/java_test/string_test/RT0133-rt-String-BasicToStringTest/BasicToStringTest.java
TEST RESULT: Passed. Execution successful
--------------------------------------------------
TEST: testsuite/java_test/string_test/RT0118-rt-String-ValueOfDoubleTest/StringValueOfDoubleTest.java
TEST RESULT: Passed. Execution successful
--------------------------------------------------
TEST: testsuite/java_test/string_test/RT0132-rt-String-LongToOctalStringTest/LongToOctalStringTest.java
TEST RESULT: Passed. Execution successful
--------------------------------------------------
TEST: testsuite/java_test/string_test/RT0117-rt-String-ValueOfFloatTest/StringValueOfFloatTest.java
TEST RESULT: Passed. Execution successful
--------------------------------------------------
TEST: testsuite/java_test/string_test/RT0130-rt-String-ConvertToDoubleTest/StringConvertToDoubleTest.java
TEST RESULT: Passed. Execution successful
--------------------------------------------------
TEST: testsuite/java_test/string_test/RT0124-rt-String-CompareByEqualsTest/StringCompareByEqualsTest.java
TEST RESULT: Passed. Execution successful
--------------------------------------------------
TEST: testsuite/java_test/string_test/RT0125-rt-String-ConvertToByteTest/StringConvertToByteTest.java
TEST RESULT: Passed. Execution successful
--------------------------------------------------
TEST: testsuite/java_test/string_test/RT0140-rt-String-GenericTest/StringGenericTest.java
TEST RESULT: Passed. Execution successful
--------------------------------------------------
TEST: testsuite/java_test/string_test/RT0128-rt-String-ConvertToLongTest/StringConvertToLongTest.java
TEST RESULT: Passed. Execution successful
--------------------------------------------------
TEST: testsuite/java_test/string_test/RT0127-rt-String-ConvertToIntTest/StringConvertToIntTest.java
TEST RESULT: Passed. Execution successful
--------------------------------------------------
TEST: testsuite/java_test/string_test/RT0139-rt-String-CreateStringArrayTest/StringCreateStringArrayTest.java
TEST RESULT: Passed. Execution successful
--------------------------------------------------
TEST: testsuite/java_test/string_test/RT0154-rt-string-StringEqualsShort/TestStringEqualsShort.java
TEST RESULT: Passed. Execution successful
--------------------------------------------------
TEST: testsuite/java_test/string_test/RT0152-rt-string-StringEqualsNull0001/TestStringEqualsNull.java
TEST RESULT: Passed. Execution successful
--------------------------------------------------
TEST: testsuite/java_test/string_test/RT0155-rt-string-StringEqualsMedium/TestStringEqualsMedium.java
TEST RESULT: Passed. Execution successful
--------------------------------------------------
TEST: testsuite/java_test/string_test/RT0143-rt-String-NullPointExceptionTest/StringNullPointExceptionTest.java
TEST RESULT: Passed. Execution successful
--------------------------------------------------
TEST: testsuite/java_test/string_test/RT0138-rt-String-VariableOfInterfaceTest/StringVariableOfInterfaceTest.java
TEST RESULT: Passed. Execution successful
--------------------------------------------------
TEST: testsuite/java_test/string_test/RT0136-rt-String-ToHexStringCharTest/StringToHexStringCharTest.java
TEST RESULT: Passed. Execution successful
--------------------------------------------------
TEST: testsuite/java_test/string_test/RT0151-rt-String-UncompressTest/StringUnCompressTest.java
TEST RESULT: Passed. Execution successful
--------------------------------------------------
TEST: testsuite/java_test/string_test/RT0129-rt-String-ConvertToFloatTest/StringConvertToFloatTest.java
TEST RESULT: Passed. Execution successful
--------------------------------------------------
TEST: testsuite/java_test/string_test/RT0160-rt-string-StringEqualsNonString/TestStringEqualsNonString.java
TEST RESULT: Passed. Execution successful
--------------------------------------------------
TEST: testsuite/java_test/subsumeRC_test/RT0005-rt-compiler-LiverangeSubsumeRCTest05/LiverangeSubsumeRCTest05.java
TEST RESULT: Passed. Execution successful
--------------------------------------------------
TEST: testsuite/java_test/string_test/RT0145-rt-String-BuilderExceptionsTest/StringBuilderExceptionsTest.java
TEST RESULT: Passed. Execution successful
--------------------------------------------------
TEST: testsuite/java_test/string_test/RT0161-rt-string-StringEqualsList/TestStringEqualsList.java
TEST RESULT: Passed. Execution successful
--------------------------------------------------
TEST: testsuite/java_test/subsumeRC_test/RT0002-rt-compiler-LiverangeSubsumeRCTest02/LiverangeSubsumeRCTest02.java
TEST RESULT: Passed. Execution successful
--------------------------------------------------
TEST: testsuite/java_test/string_test/RT0142-rt-String-JoinNullPointerExceptionTest/StringJoinNullPointerExceptionTest.java
TEST RESULT: Passed. Execution successful
--------------------------------------------------
TEST: testsuite/java_test/subsumeRC_test/RT0001-rt-compiler-LiverangeSubsumeRCTest01/LiverangeSubsumeRCTest01.java
TEST RESULT: Passed. Execution successful
--------------------------------------------------
TEST: testsuite/java_test/string_test/RT0149-rt-String-ClassNewInstance2Test/StringClassNewInstance2Test.java
TEST RESULT: Passed. Execution successful
--------------------------------------------------
TEST: testsuite/java_test/subsumeRC_test/RT0006-rt-compiler-LiverangeSubsumeRCTest06/LiverangeSubsumeRCTest06.java
TEST RESULT: Passed. Execution successful
--------------------------------------------------
TEST: testsuite/java_test/string_test/RT0158-rt-string-StringEqualsNonWordAligned/TestStringEqualsNonWordAligned.java
TEST RESULT: Passed. Execution successful
--------------------------------------------------
TEST: testsuite/java_test/string_test/RT0146-rt-String-ClassNewInstanceTest/StringClassNewInstanceTest.java
TEST RESULT: Passed. Execution successful
--------------------------------------------------
TEST: testsuite/java_test/thread_test/issue-RT0094-rt-thread-ThreadStateyield/ThreadStateyield.java
TEST JDK: /home/yansendao/JDK/binary/openjdk/jdk25u

ACTION: build -- Failed. Compilation failed: Compilation failed
REASON: Named class compiled on demand
TIME:   1.787 seconds
messages:
command: build ThreadStateyield
reason: Named class compiled on demand
started: Mon Oct 27 15:02:15.025 UTC 2025
Test directory:
  compile: ThreadStateyield
finished: Mon Oct 27 15:02:16.812 UTC 2025
elapsed time (seconds): 1.787

ACTION: compile -- Failed. Compilation failed: Compilation failed
REASON: .class file out of date or does not exist
TIME:   1.787 seconds
messages:
command: compile /home/yansendao/git/ArkTests/testsuite/java_test/thread_test/issue-RT0094-rt-thread-ThreadStateyield/ThreadStateyield.java
reason: .class file out of date or does not exist
started: Mon Oct 27 15:02:15.025 UTC 2025
Mode: othervm
Process id: 635065
finished: Mon Oct 27 15:02:16.812 UTC 2025
elapsed time (seconds): 1.787
configuration:
javac compilation environment
  source path: /home/yansendao/git/ArkTests/testsuite/java_test/thread_test/issue-RT0094-rt-thread-ThreadStateyield
  class path:  /home/yansendao/git/ArkTests/testsuite/java_test/thread_test/issue-RT0094-rt-thread-ThreadStateyield
               /home/yansendao/git/ArkTests/build/jt-work-singletest/classes/45/testsuite/java_test/thread_test/issue-RT0094-rt-thread-ThreadStateyield

rerun:
cd /home/yansendao/git/ArkTests/build/jt-work-singletest/scratch/72 && \
DBUS_SESSION_BUS_ADDRESS=unix:path=/run/user/998/bus \
DISPLAY=localhost:10.0 \
HOME=/home/yansendao \
JTREG_HOME=/home/yansendao/JDK/tools/jtreg/jtreg-8.1 \
LANG=en_US.UTF-8 \
PATH=/bin:/usr/bin:/usr/sbin \
XDG_DATA_DIRS=/usr/local/share:/usr/share:/var/lib/snapd/desktop \
XDG_RUNTIME_DIR=/run/user/998 \
XDG_SESSION_CLASS=user \
XDG_SESSION_ID=3019 \
XDG_SESSION_TYPE=tty \
    /home/yansendao/JDK/binary/openjdk/jdk25u/bin/javac \
        -J-Dtest.vm.opts= \
        -J-Dtest.tool.vm.opts= \
        -J-Dtest.compiler.opts= \
        -J-Dtest.java.opts= \
        -J-Dtest.jdk=/home/yansendao/JDK/binary/openjdk/jdk25u \
        -J-Dcompile.jdk=/home/yansendao/JDK/binary/openjdk/jdk25u \
        -J-Dtest.timeout.factor=1.0 \
        -J-Dtest.root=/home/yansendao/git/ArkTests \
        -J-Dtest.name=testsuite/java_test/thread_test/issue-RT0094-rt-thread-ThreadStateyield/ThreadStateyield.java \
        -J-Dtest.verbose=Verbose[p=BRIEF,f=FULL,e=FULL,t=false,m=false] \
        -J-Dtest.file=/home/yansendao/git/ArkTests/testsuite/java_test/thread_test/issue-RT0094-rt-thread-ThreadStateyield/ThreadStateyield.java \
        -J-Dtest.main.class=ThreadStateyield \
        -J-Dtest.src=/home/yansendao/git/ArkTests/testsuite/java_test/thread_test/issue-RT0094-rt-thread-ThreadStateyield \
        -J-Dtest.src.path=/home/yansendao/git/ArkTests/testsuite/java_test/thread_test/issue-RT0094-rt-thread-ThreadStateyield \
        -J-Dtest.classes=/home/yansendao/git/ArkTests/build/jt-work-singletest/classes/45/testsuite/java_test/thread_test/issue-RT0094-rt-thread-ThreadStateyield \
        -J-Dtest.class.path=/home/yansendao/git/ArkTests/build/jt-work-singletest/classes/45/testsuite/java_test/thread_test/issue-RT0094-rt-thread-ThreadStateyield \
        -d /home/yansendao/git/ArkTests/build/jt-work-singletest/classes/45/testsuite/java_test/thread_test/issue-RT0094-rt-thread-ThreadStateyield \
        -sourcepath /home/yansendao/git/ArkTests/testsuite/java_test/thread_test/issue-RT0094-rt-thread-ThreadStateyield \
        -classpath /home/yansendao/git/ArkTests/testsuite/java_test/thread_test/issue-RT0094-rt-thread-ThreadStateyield:/home/yansendao/git/ArkTests/build/jt-work-singletest/classes/45/testsuite/java_test/thread_test/issue-RT0094-rt-thread-ThreadStateyield /home/yansendao/git/ArkTests/testsuite/java_test/thread_test/issue-RT0094-rt-thread-ThreadStateyield/ThreadStateyield.java
STDOUT:
STDERR:
/home/yansendao/git/ArkTests/testsuite/java_test/thread_test/issue-RT0094-rt-thread-ThreadStateyield/ThreadStateyield.java:49: error: invalid use of a restricted identifier 'yield'
                yield();
                ^
  (to invoke a method called yield, qualify the yield with a receiver or type name)
1 error

TEST RESULT: Failed. Compilation failed: Compilation failed
--------------------------------------------------
TEST: testsuite/java_test/string_test/RT0156-rt-string-StringEqualsLong/TestStringEqualsLong.java
TEST RESULT: Passed. Execution successful
--------------------------------------------------
TEST: testsuite/java_test/subsumeRC_test/RT0004-rt-compiler-LiverangeSubsumeRCTest04/LiverangeSubsumeRCTest04.java
TEST RESULT: Passed. Execution successful
--------------------------------------------------
TEST: testsuite/java_test/subsumeRC_test/RT0009-rt-compiler-LiverangeSubsumeRCTest09/LiverangeSubsumeRCTest09.java
TEST RESULT: Passed. Execution successful
--------------------------------------------------
TEST: testsuite/java_test/subsumeRC_test/RT0008-rt-compiler-LiverangeSubsumeRCTest08/LiverangeSubsumeRCTest08.java
TEST RESULT: Passed. Execution successful
--------------------------------------------------
TEST: testsuite/java_test/subsumeRC_test/RT0011-rt-compiler-LiverangeSubsumeRCTest11/LiverangeSubsumeRCTest11.java
TEST RESULT: Passed. Execution successful
--------------------------------------------------
TEST: testsuite/java_test/string_test/RT0150-rt-String-Emoji/StringEmojiTest.java
TEST RESULT: Passed. Execution successful
--------------------------------------------------
TEST: testsuite/java_test/string_test/RT0141-rt-String-MultiThreadsTest/StringMultiThreadsTest.java
TEST RESULT: Passed. Execution successful
--------------------------------------------------
TEST: testsuite/java_test/thread_test/issue-RT0393-rt-Thread-Threadperformance2/ThreadPerformance2Test.java
TEST JDK: /home/yansendao/JDK/binary/openjdk/jdk25u

ACTION: build -- Failed. Compilation failed: Compilation failed
REASON: Named class compiled on demand
TIME:   1.773 seconds
messages:
command: build ThreadPerformance2Test
reason: Named class compiled on demand
started: Mon Oct 27 15:02:15.252 UTC 2025
Test directory:
  compile: ThreadPerformance2Test
finished: Mon Oct 27 15:02:17.025 UTC 2025
elapsed time (seconds): 1.773

ACTION: compile -- Failed. Compilation failed: Compilation failed
REASON: .class file out of date or does not exist
TIME:   1.773 seconds
messages:
command: compile /home/yansendao/git/ArkTests/testsuite/java_test/thread_test/issue-RT0393-rt-Thread-Threadperformance2/ThreadPerformance2Test.java
reason: .class file out of date or does not exist
started: Mon Oct 27 15:02:15.252 UTC 2025
Mode: othervm
Process id: 635478
finished: Mon Oct 27 15:02:17.025 UTC 2025
elapsed time (seconds): 1.773
configuration:
javac compilation environment
  source path: /home/yansendao/git/ArkTests/testsuite/java_test/thread_test/issue-RT0393-rt-Thread-Threadperformance2
  class path:  /home/yansendao/git/ArkTests/testsuite/java_test/thread_test/issue-RT0393-rt-Thread-Threadperformance2
               /home/yansendao/git/ArkTests/build/jt-work-singletest/classes/9/testsuite/java_test/thread_test/issue-RT0393-rt-Thread-Threadperformance2

rerun:
cd /home/yansendao/git/ArkTests/build/jt-work-singletest/scratch/48 && \
DBUS_SESSION_BUS_ADDRESS=unix:path=/run/user/998/bus \
DISPLAY=localhost:10.0 \
HOME=/home/yansendao \
JTREG_HOME=/home/yansendao/JDK/tools/jtreg/jtreg-8.1 \
LANG=en_US.UTF-8 \
PATH=/bin:/usr/bin:/usr/sbin \
XDG_DATA_DIRS=/usr/local/share:/usr/share:/var/lib/snapd/desktop \
XDG_RUNTIME_DIR=/run/user/998 \
XDG_SESSION_CLASS=user \
XDG_SESSION_ID=3019 \
XDG_SESSION_TYPE=tty \
    /home/yansendao/JDK/binary/openjdk/jdk25u/bin/javac \
        -J-Dtest.vm.opts= \
        -J-Dtest.tool.vm.opts= \
        -J-Dtest.compiler.opts= \
        -J-Dtest.java.opts= \
        -J-Dtest.jdk=/home/yansendao/JDK/binary/openjdk/jdk25u \
        -J-Dcompile.jdk=/home/yansendao/JDK/binary/openjdk/jdk25u \
        -J-Dtest.timeout.factor=1.0 \
        -J-Dtest.root=/home/yansendao/git/ArkTests \
        -J-Dtest.name=testsuite/java_test/thread_test/issue-RT0393-rt-Thread-Threadperformance2/ThreadPerformance2Test.java \
        -J-Dtest.verbose=Verbose[p=BRIEF,f=FULL,e=FULL,t=false,m=false] \
        -J-Dtest.file=/home/yansendao/git/ArkTests/testsuite/java_test/thread_test/issue-RT0393-rt-Thread-Threadperformance2/ThreadPerformance2Test.java \
        -J-Dtest.main.class=ThreadPerformance2Test \
        -J-Dtest.src=/home/yansendao/git/ArkTests/testsuite/java_test/thread_test/issue-RT0393-rt-Thread-Threadperformance2 \
        -J-Dtest.src.path=/home/yansendao/git/ArkTests/testsuite/java_test/thread_test/issue-RT0393-rt-Thread-Threadperformance2 \
        -J-Dtest.classes=/home/yansendao/git/ArkTests/build/jt-work-singletest/classes/9/testsuite/java_test/thread_test/issue-RT0393-rt-Thread-Threadperformance2 \
        -J-Dtest.class.path=/home/yansendao/git/ArkTests/build/jt-work-singletest/classes/9/testsuite/java_test/thread_test/issue-RT0393-rt-Thread-Threadperformance2 \
        -d /home/yansendao/git/ArkTests/build/jt-work-singletest/classes/9/testsuite/java_test/thread_test/issue-RT0393-rt-Thread-Threadperformance2 \
        -sourcepath /home/yansendao/git/ArkTests/testsuite/java_test/thread_test/issue-RT0393-rt-Thread-Threadperformance2 \
        -classpath /home/yansendao/git/ArkTests/testsuite/java_test/thread_test/issue-RT0393-rt-Thread-Threadperformance2:/home/yansendao/git/ArkTests/build/jt-work-singletest/classes/9/testsuite/java_test/thread_test/issue-RT0393-rt-Thread-Threadperformance2 /home/yansendao/git/ArkTests/testsuite/java_test/thread_test/issue-RT0393-rt-Thread-Threadperformance2/ThreadPerformance2Test.java
STDOUT:
STDERR:
/home/yansendao/git/ArkTests/testsuite/java_test/thread_test/issue-RT0393-rt-Thread-Threadperformance2/ThreadPerformance2Test.java:29: error: invalid use of a restricted identifier 'yield'
                        yield();
                        ^
  (to invoke a method called yield, qualify the yield with a receiver or type name)
1 error

TEST RESULT: Failed. Compilation failed: Compilation failed
--------------------------------------------------
TEST: testsuite/java_test/subsumeRC_test/RT0013-rt-compiler-LiverangeSubsumeRCTest13/LiverangeSubsumeRCTest13.java
TEST RESULT: Passed. Execution successful
--------------------------------------------------
TEST: testsuite/java_test/thread_test/issue-RT0453-rt-Thread-TLRemoveTest/ThreadLocalRemoveTest.java
TEST JDK: /home/yansendao/JDK/binary/openjdk/jdk25u

ACTION: build -- Failed. Compilation failed: Compilation failed
REASON: Named class compiled on demand
TIME:   1.722 seconds
messages:
command: build ThreadLocalRemoveTest
reason: Named class compiled on demand
started: Mon Oct 27 15:02:15.338 UTC 2025
Test directory:
  compile: ThreadLocalRemoveTest
finished: Mon Oct 27 15:02:17.060 UTC 2025
elapsed time (seconds): 1.722

ACTION: compile -- Failed. Compilation failed: Compilation failed
REASON: .class file out of date or does not exist
TIME:   1.721 seconds
messages:
command: compile /home/yansendao/git/ArkTests/testsuite/java_test/thread_test/issue-RT0453-rt-Thread-TLRemoveTest/ThreadLocalRemoveTest.java
reason: .class file out of date or does not exist
started: Mon Oct 27 15:02:15.339 UTC 2025
Mode: othervm
Process id: 635558
finished: Mon Oct 27 15:02:17.060 UTC 2025
elapsed time (seconds): 1.721
configuration:
javac compilation environment
  source path: /home/yansendao/git/ArkTests/testsuite/java_test/thread_test/issue-RT0453-rt-Thread-TLRemoveTest
  class path:  /home/yansendao/git/ArkTests/testsuite/java_test/thread_test/issue-RT0453-rt-Thread-TLRemoveTest
               /home/yansendao/git/ArkTests/build/jt-work-singletest/classes/10/testsuite/java_test/thread_test/issue-RT0453-rt-Thread-TLRemoveTest

rerun:
cd /home/yansendao/git/ArkTests/build/jt-work-singletest/scratch/71 && \
DBUS_SESSION_BUS_ADDRESS=unix:path=/run/user/998/bus \
DISPLAY=localhost:10.0 \
HOME=/home/yansendao \
JTREG_HOME=/home/yansendao/JDK/tools/jtreg/jtreg-8.1 \
LANG=en_US.UTF-8 \
PATH=/bin:/usr/bin:/usr/sbin \
XDG_DATA_DIRS=/usr/local/share:/usr/share:/var/lib/snapd/desktop \
XDG_RUNTIME_DIR=/run/user/998 \
XDG_SESSION_CLASS=user \
XDG_SESSION_ID=3019 \
XDG_SESSION_TYPE=tty \
    /home/yansendao/JDK/binary/openjdk/jdk25u/bin/javac \
        -J-Dtest.vm.opts= \
        -J-Dtest.tool.vm.opts= \
        -J-Dtest.compiler.opts= \
        -J-Dtest.java.opts= \
        -J-Dtest.jdk=/home/yansendao/JDK/binary/openjdk/jdk25u \
        -J-Dcompile.jdk=/home/yansendao/JDK/binary/openjdk/jdk25u \
        -J-Dtest.timeout.factor=1.0 \
        -J-Dtest.root=/home/yansendao/git/ArkTests \
        -J-Dtest.name=testsuite/java_test/thread_test/issue-RT0453-rt-Thread-TLRemoveTest/ThreadLocalRemoveTest.java \
        -J-Dtest.verbose=Verbose[p=BRIEF,f=FULL,e=FULL,t=false,m=false] \
        -J-Dtest.file=/home/yansendao/git/ArkTests/testsuite/java_test/thread_test/issue-RT0453-rt-Thread-TLRemoveTest/ThreadLocalRemoveTest.java \
        -J-Dtest.main.class=ThreadLocalRemoveTest \
        -J-Dtest.src=/home/yansendao/git/ArkTests/testsuite/java_test/thread_test/issue-RT0453-rt-Thread-TLRemoveTest \
        -J-Dtest.src.path=/home/yansendao/git/ArkTests/testsuite/java_test/thread_test/issue-RT0453-rt-Thread-TLRemoveTest \
        -J-Dtest.classes=/home/yansendao/git/ArkTests/build/jt-work-singletest/classes/10/testsuite/java_test/thread_test/issue-RT0453-rt-Thread-TLRemoveTest \
        -J-Dtest.class.path=/home/yansendao/git/ArkTests/build/jt-work-singletest/classes/10/testsuite/java_test/thread_test/issue-RT0453-rt-Thread-TLRemoveTest \
        -d /home/yansendao/git/ArkTests/build/jt-work-singletest/classes/10/testsuite/java_test/thread_test/issue-RT0453-rt-Thread-TLRemoveTest \
        -sourcepath /home/yansendao/git/ArkTests/testsuite/java_test/thread_test/issue-RT0453-rt-Thread-TLRemoveTest \
        -classpath /home/yansendao/git/ArkTests/testsuite/java_test/thread_test/issue-RT0453-rt-Thread-TLRemoveTest:/home/yansendao/git/ArkTests/build/jt-work-singletest/classes/10/testsuite/java_test/thread_test/issue-RT0453-rt-Thread-TLRemoveTest /home/yansendao/git/ArkTests/testsuite/java_test/thread_test/issue-RT0453-rt-Thread-TLRemoveTest/ThreadLocalRemoveTest.java
STDOUT:
STDERR:
/home/yansendao/git/ArkTests/testsuite/java_test/thread_test/issue-RT0453-rt-Thread-TLRemoveTest/ThreadLocalRemoveTest.java:41: error: invalid use of a restricted identifier 'yield'
                            yield();
                            ^
  (to invoke a method called yield, qualify the yield with a receiver or type name)
1 error

TEST RESULT: Failed. Compilation failed: Compilation failed
--------------------------------------------------
TEST: testsuite/java_test/subsumeRC_test/RT0010-rt-compiler-LiverangeSubsumeRCTest10/LiverangeSubsumeRCTest10.java
TEST RESULT: Passed. Execution successful
--------------------------------------------------
TEST: testsuite/java_test/string_test/RT0144-rt-String-BufferExceptionsTest/StringBufferExceptionsTest.java
TEST RESULT: Passed. Execution successful
--------------------------------------------------
TEST: testsuite/java_test/subsumeRC_test/RT0007-rt-compiler-LiverangeSubsumeRCTest07/LiverangeSubsumeRCTest07.java
TEST RESULT: Passed. Execution successful
--------------------------------------------------
TEST: testsuite/java_test/string_test/RT0159-rt-string-StringEqualsEnd/TestStringEqualsEnd.java
TEST RESULT: Passed. Execution successful
--------------------------------------------------
TEST: testsuite/java_test/thread_test/issue-RT0427-rt-Thread-ThreadStatenew/ThreadStateNewTest.java
TEST RESULT: Passed. Execution successful
--------------------------------------------------
TEST: testsuite/java_test/string_test/RT0148-rt-String-XByteTest/StringXByteTest.java
TEST RESULT: Passed. Execution successful
--------------------------------------------------
TEST: testsuite/java_test/thread_test/issue-RT0579-rt-Thread-ThreadsetName3/ThreadSetName3Test.java
TEST RESULT: Passed. Execution successful
--------------------------------------------------
TEST: testsuite/java_test/subsumeRC_test/RT0014-rt-compiler-LiverangeSubsumeRCTest14/LiverangeSubsumeRCTest14.java
TEST RESULT: Passed. Execution successful
--------------------------------------------------
TEST: testsuite/java_test/thread_test/issue-RT0577-rt-Thread-ThreadsetContextClassLoader2/ThreadSetContextClassLoader2.java
TEST RESULT: Passed. Execution successful
--------------------------------------------------
TEST: testsuite/java_test/thread_test/RT0002-rt-thread-ThreadcheckAccess/ThreadCheckAccess.java
TEST RESULT: Passed. Execution successful
--------------------------------------------------
TEST: testsuite/java_test/string_test/RT0147-rt-String-PoolEnlargeTest/StringPoolEnlargeTest.java
TEST RESULT: Passed. Execution successful
--------------------------------------------------
TEST: testsuite/java_test/thread_test/RT0007-rt-thread-ThreadConstructors3/ThreadConstructors3.java
TEST RESULT: Passed. Execution successful
--------------------------------------------------
TEST: testsuite/java_test/thread_test/RT0009-rt-thread-ThreadConstructors5/ThreadConstructors5.java
TEST RESULT: Passed. Execution successful
--------------------------------------------------
TEST: testsuite/java_test/thread_test/issue-0000-rt-Thread-ThreadStatejoin10/ThreadStateJoin10Test.java
TEST RESULT: Passed. Execution successful
--------------------------------------------------
TEST: testsuite/java_test/thread_test/RT0004-rt-thread-ThreadConstructors1/ThreadConstructors1.java
TEST RESULT: Passed. Execution successful
--------------------------------------------------
TEST: testsuite/java_test/subsumeRC_test/RT0012-rt-compiler-LiverangeSubsumeRCTest12/LiverangeSubsumeRCTest12.java
TEST RESULT: Passed. Execution successful
--------------------------------------------------
TEST: testsuite/java_test/thread_test/RT0018-rt-thread-ThreadDMresume/ThreadDMResume.java
TEST JDK: /home/yansendao/JDK/binary/openjdk/jdk25u

ACTION: build -- Failed. Compilation failed: Compilation failed
REASON: Named class compiled on demand
TIME:   1.552 seconds
messages:
command: build ThreadDMResume
reason: Named class compiled on demand
started: Mon Oct 27 15:02:16.102 UTC 2025
Test directory:
  compile: ThreadDMResume
finished: Mon Oct 27 15:02:17.654 UTC 2025
elapsed time (seconds): 1.552

ACTION: compile -- Failed. Compilation failed: Compilation failed
REASON: .class file out of date or does not exist
TIME:   1.552 seconds
messages:
command: compile /home/yansendao/git/ArkTests/testsuite/java_test/thread_test/RT0018-rt-thread-ThreadDMresume/ThreadDMResume.java
reason: .class file out of date or does not exist
started: Mon Oct 27 15:02:16.102 UTC 2025
Mode: othervm
Process id: 637533
finished: Mon Oct 27 15:02:17.654 UTC 2025
elapsed time (seconds): 1.552
configuration:
javac compilation environment
  source path: /home/yansendao/git/ArkTests/testsuite/java_test/thread_test/RT0018-rt-thread-ThreadDMresume
  class path:  /home/yansendao/git/ArkTests/testsuite/java_test/thread_test/RT0018-rt-thread-ThreadDMresume
               /home/yansendao/git/ArkTests/build/jt-work-singletest/classes/78/testsuite/java_test/thread_test/RT0018-rt-thread-ThreadDMresume

rerun:
cd /home/yansendao/git/ArkTests/build/jt-work-singletest/scratch/28 && \
DBUS_SESSION_BUS_ADDRESS=unix:path=/run/user/998/bus \
DISPLAY=localhost:10.0 \
HOME=/home/yansendao \
JTREG_HOME=/home/yansendao/JDK/tools/jtreg/jtreg-8.1 \
LANG=en_US.UTF-8 \
PATH=/bin:/usr/bin:/usr/sbin \
XDG_DATA_DIRS=/usr/local/share:/usr/share:/var/lib/snapd/desktop \
XDG_RUNTIME_DIR=/run/user/998 \
XDG_SESSION_CLASS=user \
XDG_SESSION_ID=3019 \
XDG_SESSION_TYPE=tty \
    /home/yansendao/JDK/binary/openjdk/jdk25u/bin/javac \
        -J-Dtest.vm.opts= \
        -J-Dtest.tool.vm.opts= \
        -J-Dtest.compiler.opts= \
        -J-Dtest.java.opts= \
        -J-Dtest.jdk=/home/yansendao/JDK/binary/openjdk/jdk25u \
        -J-Dcompile.jdk=/home/yansendao/JDK/binary/openjdk/jdk25u \
        -J-Dtest.timeout.factor=1.0 \
        -J-Dtest.root=/home/yansendao/git/ArkTests \
        -J-Dtest.name=testsuite/java_test/thread_test/RT0018-rt-thread-ThreadDMresume/ThreadDMResume.java \
        -J-Dtest.verbose=Verbose[p=BRIEF,f=FULL,e=FULL,t=false,m=false] \
        -J-Dtest.file=/home/yansendao/git/ArkTests/testsuite/java_test/thread_test/RT0018-rt-thread-ThreadDMresume/ThreadDMResume.java \
        -J-Dtest.main.class=ThreadDMResume \
        -J-Dtest.src=/home/yansendao/git/ArkTests/testsuite/java_test/thread_test/RT0018-rt-thread-ThreadDMresume \
        -J-Dtest.src.path=/home/yansendao/git/ArkTests/testsuite/java_test/thread_test/RT0018-rt-thread-ThreadDMresume \
        -J-Dtest.classes=/home/yansendao/git/ArkTests/build/jt-work-singletest/classes/78/testsuite/java_test/thread_test/RT0018-rt-thread-ThreadDMresume \
        -J-Dtest.class.path=/home/yansendao/git/ArkTests/build/jt-work-singletest/classes/78/testsuite/java_test/thread_test/RT0018-rt-thread-ThreadDMresume \
        -d /home/yansendao/git/ArkTests/build/jt-work-singletest/classes/78/testsuite/java_test/thread_test/RT0018-rt-thread-ThreadDMresume \
        -sourcepath /home/yansendao/git/ArkTests/testsuite/java_test/thread_test/RT0018-rt-thread-ThreadDMresume \
        -classpath /home/yansendao/git/ArkTests/testsuite/java_test/thread_test/RT0018-rt-thread-ThreadDMresume:/home/yansendao/git/ArkTests/build/jt-work-singletest/classes/78/testsuite/java_test/thread_test/RT0018-rt-thread-ThreadDMresume /home/yansendao/git/ArkTests/testsuite/java_test/thread_test/RT0018-rt-thread-ThreadDMresume/ThreadDMResume.java
STDOUT:
STDERR:
/home/yansendao/git/ArkTests/testsuite/java_test/thread_test/RT0018-rt-thread-ThreadDMresume/ThreadDMResume.java:28: error: cannot find symbol
            thread_obj.resume();
                      ^
  symbol:   method resume()
  location: variable thread_obj of type ThreadDMResume
1 error

TEST RESULT: Failed. Compilation failed: Compilation failed
--------------------------------------------------
TEST: testsuite/java_test/thread_test/RT0017-rt-thread-ThreadDMdestroy/ThreadDMDestroy.java
TEST JDK: /home/yansendao/JDK/binary/openjdk/jdk25u

ACTION: build -- Failed. Compilation failed: Compilation failed
REASON: Named class compiled on demand
TIME:   1.639 seconds
messages:
command: build ThreadDMDestroy
reason: Named class compiled on demand
started: Mon Oct 27 15:02:16.058 UTC 2025
Test directory:
  compile: ThreadDMDestroy
finished: Mon Oct 27 15:02:17.697 UTC 2025
elapsed time (seconds): 1.639

ACTION: compile -- Failed. Compilation failed: Compilation failed
REASON: .class file out of date or does not exist
TIME:   1.638 seconds
messages:
command: compile /home/yansendao/git/ArkTests/testsuite/java_test/thread_test/RT0017-rt-thread-ThreadDMdestroy/ThreadDMDestroy.java
reason: .class file out of date or does not exist
started: Mon Oct 27 15:02:16.059 UTC 2025
Mode: othervm
Process id: 637299
finished: Mon Oct 27 15:02:17.697 UTC 2025
elapsed time (seconds): 1.638
configuration:
javac compilation environment
  source path: /home/yansendao/git/ArkTests/testsuite/java_test/thread_test/RT0017-rt-thread-ThreadDMdestroy
  class path:  /home/yansendao/git/ArkTests/testsuite/java_test/thread_test/RT0017-rt-thread-ThreadDMdestroy
               /home/yansendao/git/ArkTests/build/jt-work-singletest/classes/46/testsuite/java_test/thread_test/RT0017-rt-thread-ThreadDMdestroy

rerun:
cd /home/yansendao/git/ArkTests/build/jt-work-singletest/scratch/29 && \
DBUS_SESSION_BUS_ADDRESS=unix:path=/run/user/998/bus \
DISPLAY=localhost:10.0 \
HOME=/home/yansendao \
JTREG_HOME=/home/yansendao/JDK/tools/jtreg/jtreg-8.1 \
LANG=en_US.UTF-8 \
PATH=/bin:/usr/bin:/usr/sbin \
XDG_DATA_DIRS=/usr/local/share:/usr/share:/var/lib/snapd/desktop \
XDG_RUNTIME_DIR=/run/user/998 \
XDG_SESSION_CLASS=user \
XDG_SESSION_ID=3019 \
XDG_SESSION_TYPE=tty \
    /home/yansendao/JDK/binary/openjdk/jdk25u/bin/javac \
        -J-Dtest.vm.opts= \
        -J-Dtest.tool.vm.opts= \
        -J-Dtest.compiler.opts= \
        -J-Dtest.java.opts= \
        -J-Dtest.jdk=/home/yansendao/JDK/binary/openjdk/jdk25u \
        -J-Dcompile.jdk=/home/yansendao/JDK/binary/openjdk/jdk25u \
        -J-Dtest.timeout.factor=1.0 \
        -J-Dtest.root=/home/yansendao/git/ArkTests \
        -J-Dtest.name=testsuite/java_test/thread_test/RT0017-rt-thread-ThreadDMdestroy/ThreadDMDestroy.java \
        -J-Dtest.verbose=Verbose[p=BRIEF,f=FULL,e=FULL,t=false,m=false] \
        -J-Dtest.file=/home/yansendao/git/ArkTests/testsuite/java_test/thread_test/RT0017-rt-thread-ThreadDMdestroy/ThreadDMDestroy.java \
        -J-Dtest.main.class=ThreadDMDestroy \
        -J-Dtest.src=/home/yansendao/git/ArkTests/testsuite/java_test/thread_test/RT0017-rt-thread-ThreadDMdestroy \
        -J-Dtest.src.path=/home/yansendao/git/ArkTests/testsuite/java_test/thread_test/RT0017-rt-thread-ThreadDMdestroy \
        -J-Dtest.classes=/home/yansendao/git/ArkTests/build/jt-work-singletest/classes/46/testsuite/java_test/thread_test/RT0017-rt-thread-ThreadDMdestroy \
        -J-Dtest.class.path=/home/yansendao/git/ArkTests/build/jt-work-singletest/classes/46/testsuite/java_test/thread_test/RT0017-rt-thread-ThreadDMdestroy \
        -d /home/yansendao/git/ArkTests/build/jt-work-singletest/classes/46/testsuite/java_test/thread_test/RT0017-rt-thread-ThreadDMdestroy \
        -sourcepath /home/yansendao/git/ArkTests/testsuite/java_test/thread_test/RT0017-rt-thread-ThreadDMdestroy \
        -classpath /home/yansendao/git/ArkTests/testsuite/java_test/thread_test/RT0017-rt-thread-ThreadDMdestroy:/home/yansendao/git/ArkTests/build/jt-work-singletest/classes/46/testsuite/java_test/thread_test/RT0017-rt-thread-ThreadDMdestroy /home/yansendao/git/ArkTests/testsuite/java_test/thread_test/RT0017-rt-thread-ThreadDMdestroy/ThreadDMDestroy.java
STDOUT:
STDERR:
/home/yansendao/git/ArkTests/testsuite/java_test/thread_test/RT0017-rt-thread-ThreadDMdestroy/ThreadDMDestroy.java:27: error: cannot find symbol
            thread_obj.destroy();
                      ^
  symbol:   method destroy()
  location: variable thread_obj of type ThreadDMDestroy
1 error

TEST RESULT: Failed. Compilation failed: Compilation failed
--------------------------------------------------
TEST: testsuite/java_test/thread_test/RT0021-rt-thread-ThreadDMsuspend/ThreadDMSuspend.java
TEST JDK: /home/yansendao/JDK/binary/openjdk/jdk25u

ACTION: build -- Failed. Compilation failed: Compilation failed
REASON: Named class compiled on demand
TIME:   1.561 seconds
messages:
command: build ThreadDMSuspend
reason: Named class compiled on demand
started: Mon Oct 27 15:02:16.175 UTC 2025
Test directory:
  compile: ThreadDMSuspend
finished: Mon Oct 27 15:02:17.736 UTC 2025
elapsed time (seconds): 1.561

ACTION: compile -- Failed. Compilation failed: Compilation failed
REASON: .class file out of date or does not exist
TIME:   1.56 seconds
messages:
command: compile /home/yansendao/git/ArkTests/testsuite/java_test/thread_test/RT0021-rt-thread-ThreadDMsuspend/ThreadDMSuspend.java
reason: .class file out of date or does not exist
started: Mon Oct 27 15:02:16.176 UTC 2025
Mode: othervm
Process id: 637813
finished: Mon Oct 27 15:02:17.736 UTC 2025
elapsed time (seconds): 1.56
configuration:
javac compilation environment
  source path: /home/yansendao/git/ArkTests/testsuite/java_test/thread_test/RT0021-rt-thread-ThreadDMsuspend
  class path:  /home/yansendao/git/ArkTests/testsuite/java_test/thread_test/RT0021-rt-thread-ThreadDMsuspend
               /home/yansendao/git/ArkTests/build/jt-work-singletest/classes/26/testsuite/java_test/thread_test/RT0021-rt-thread-ThreadDMsuspend

rerun:
cd /home/yansendao/git/ArkTests/build/jt-work-singletest/scratch/4 && \
DBUS_SESSION_BUS_ADDRESS=unix:path=/run/user/998/bus \
DISPLAY=localhost:10.0 \
HOME=/home/yansendao \
JTREG_HOME=/home/yansendao/JDK/tools/jtreg/jtreg-8.1 \
LANG=en_US.UTF-8 \
PATH=/bin:/usr/bin:/usr/sbin \
XDG_DATA_DIRS=/usr/local/share:/usr/share:/var/lib/snapd/desktop \
XDG_RUNTIME_DIR=/run/user/998 \
XDG_SESSION_CLASS=user \
XDG_SESSION_ID=3019 \
XDG_SESSION_TYPE=tty \
    /home/yansendao/JDK/binary/openjdk/jdk25u/bin/javac \
        -J-Dtest.vm.opts= \
        -J-Dtest.tool.vm.opts= \
        -J-Dtest.compiler.opts= \
        -J-Dtest.java.opts= \
        -J-Dtest.jdk=/home/yansendao/JDK/binary/openjdk/jdk25u \
        -J-Dcompile.jdk=/home/yansendao/JDK/binary/openjdk/jdk25u \
        -J-Dtest.timeout.factor=1.0 \
        -J-Dtest.root=/home/yansendao/git/ArkTests \
        -J-Dtest.name=testsuite/java_test/thread_test/RT0021-rt-thread-ThreadDMsuspend/ThreadDMSuspend.java \
        -J-Dtest.verbose=Verbose[p=BRIEF,f=FULL,e=FULL,t=false,m=false] \
        -J-Dtest.file=/home/yansendao/git/ArkTests/testsuite/java_test/thread_test/RT0021-rt-thread-ThreadDMsuspend/ThreadDMSuspend.java \
        -J-Dtest.main.class=ThreadDMSuspend \
        -J-Dtest.src=/home/yansendao/git/ArkTests/testsuite/java_test/thread_test/RT0021-rt-thread-ThreadDMsuspend \
        -J-Dtest.src.path=/home/yansendao/git/ArkTests/testsuite/java_test/thread_test/RT0021-rt-thread-ThreadDMsuspend \
        -J-Dtest.classes=/home/yansendao/git/ArkTests/build/jt-work-singletest/classes/26/testsuite/java_test/thread_test/RT0021-rt-thread-ThreadDMsuspend \
        -J-Dtest.class.path=/home/yansendao/git/ArkTests/build/jt-work-singletest/classes/26/testsuite/java_test/thread_test/RT0021-rt-thread-ThreadDMsuspend \
        -d /home/yansendao/git/ArkTests/build/jt-work-singletest/classes/26/testsuite/java_test/thread_test/RT0021-rt-thread-ThreadDMsuspend \
        -sourcepath /home/yansendao/git/ArkTests/testsuite/java_test/thread_test/RT0021-rt-thread-ThreadDMsuspend \
        -classpath /home/yansendao/git/ArkTests/testsuite/java_test/thread_test/RT0021-rt-thread-ThreadDMsuspend:/home/yansendao/git/ArkTests/build/jt-work-singletest/classes/26/testsuite/java_test/thread_test/RT0021-rt-thread-ThreadDMsuspend /home/yansendao/git/ArkTests/testsuite/java_test/thread_test/RT0021-rt-thread-ThreadDMsuspend/ThreadDMSuspend.java
STDOUT:
STDERR:
/home/yansendao/git/ArkTests/testsuite/java_test/thread_test/RT0021-rt-thread-ThreadDMsuspend/ThreadDMSuspend.java:29: error: cannot find symbol
            thread_obj.suspend();
                      ^
  symbol:   method suspend()
  location: variable thread_obj of type ThreadDMSuspend
/home/yansendao/git/ArkTests/testsuite/java_test/thread_test/RT0021-rt-thread-ThreadDMsuspend/ThreadDMSuspend.java:30: warning: [removal] stop() in Thread has been deprecated and marked for removal
            thread_obj.stop();
                      ^
1 error
1 warning

TEST RESULT: Failed. Compilation failed: Compilation failed
--------------------------------------------------
TEST: testsuite/java_test/thread_test/RT0012-rt-thread-ThreadConstructors8/ThreadConstructors8.java
TEST RESULT: Passed. Execution successful
--------------------------------------------------
TEST: testsuite/java_test/thread_test/RT0026-rt-thread-ThreadgetDefaultUncaughtExceptionHandler2/ThreadGetDefaultUncaughtExceptionHandler2.java
TEST RESULT: Passed. Execution successful
--------------------------------------------------
TEST: testsuite/java_test/thread_test/RT0010-rt-thread-ThreadConstructors6/ThreadConstructors6.java
TEST RESULT: Passed. Execution successful
--------------------------------------------------
TEST: testsuite/java_test/thread_test/RT0005-rt-thread-ThreadConstructors10/ThreadConstructors10.java
TEST RESULT: Passed. Execution successful
--------------------------------------------------
TEST: testsuite/java_test/thread_test/RT0008-rt-thread-ThreadConstructors4/ThreadConstructors4.java
TEST RESULT: Passed. Execution successful
--------------------------------------------------
TEST: testsuite/java_test/thread_test/RT0003-rt-thread-Threadclone/ThreadClone.java
TEST RESULT: Passed. Execution successful
--------------------------------------------------
TEST: testsuite/java_test/thread_test/RT0019-rt-thread-ThreadDMstop/ThreadDMStop.java
TEST RESULT: Passed. Execution successful
--------------------------------------------------
TEST: testsuite/java_test/thread_test/RT0006-rt-thread-ThreadConstructors2/ThreadConstructors2.java
TEST RESULT: Passed. Execution successful
--------------------------------------------------
TEST: testsuite/java_test/thread_test/RT0013-rt-thread-ThreadConstructors9/ThreadConstructors9.java
TEST RESULT: Passed. Execution successful
--------------------------------------------------
TEST: testsuite/java_test/thread_test/RT0033-rt-thread-ThreadgetUncaughtExceptionHandler2/ThreadGetUncaughtExceptionHandler2.java
TEST JDK: /home/yansendao/JDK/binary/openjdk/jdk25u

ACTION: build -- Passed. Build successful
REASON: Named class compiled on demand
TIME:   1.362 seconds
messages:
command: build ThreadGetUncaughtExceptionHandler2
reason: Named class compiled on demand
started: Mon Oct 27 15:02:16.351 UTC 2025
Test directory:
  compile: ThreadGetUncaughtExceptionHandler2
finished: Mon Oct 27 15:02:17.713 UTC 2025
elapsed time (seconds): 1.362

ACTION: compile -- Passed. Compilation successful
REASON: .class file out of date or does not exist
TIME:   1.359 seconds
messages:
command: compile /home/yansendao/git/ArkTests/testsuite/java_test/thread_test/RT0033-rt-thread-ThreadgetUncaughtExceptionHandler2/ThreadGetUncaughtExceptionHandler2.java
reason: .class file out of date or does not exist
started: Mon Oct 27 15:02:16.354 UTC 2025
Mode: othervm
Process id: 638463
finished: Mon Oct 27 15:02:17.713 UTC 2025
elapsed time (seconds): 1.359
configuration:
javac compilation environment
  source path: /home/yansendao/git/ArkTests/testsuite/java_test/thread_test/RT0033-rt-thread-ThreadgetUncaughtExceptionHandler2
  class path:  /home/yansendao/git/ArkTests/testsuite/java_test/thread_test/RT0033-rt-thread-ThreadgetUncaughtExceptionHandler2
               /home/yansendao/git/ArkTests/build/jt-work-singletest/classes/0/testsuite/java_test/thread_test/RT0033-rt-thread-ThreadgetUncaughtExceptionHandler2

rerun:
cd /home/yansendao/git/ArkTests/build/jt-work-singletest/scratch/6 && \
DBUS_SESSION_BUS_ADDRESS=unix:path=/run/user/998/bus \
DISPLAY=localhost:10.0 \
HOME=/home/yansendao \
JTREG_HOME=/home/yansendao/JDK/tools/jtreg/jtreg-8.1 \
LANG=en_US.UTF-8 \
PATH=/bin:/usr/bin:/usr/sbin \
XDG_DATA_DIRS=/usr/local/share:/usr/share:/var/lib/snapd/desktop \
XDG_RUNTIME_DIR=/run/user/998 \
XDG_SESSION_CLASS=user \
XDG_SESSION_ID=3019 \
XDG_SESSION_TYPE=tty \
    /home/yansendao/JDK/binary/openjdk/jdk25u/bin/javac \
        -J-Dtest.vm.opts= \
        -J-Dtest.tool.vm.opts= \
        -J-Dtest.compiler.opts= \
        -J-Dtest.java.opts= \
        -J-Dtest.jdk=/home/yansendao/JDK/binary/openjdk/jdk25u \
        -J-Dcompile.jdk=/home/yansendao/JDK/binary/openjdk/jdk25u \
        -J-Dtest.timeout.factor=1.0 \
        -J-Dtest.root=/home/yansendao/git/ArkTests \
        -J-Dtest.name=testsuite/java_test/thread_test/RT0033-rt-thread-ThreadgetUncaughtExceptionHandler2/ThreadGetUncaughtExceptionHandler2.java \
        -J-Dtest.verbose=Verbose[p=BRIEF,f=FULL,e=FULL,t=false,m=false] \
        -J-Dtest.file=/home/yansendao/git/ArkTests/testsuite/java_test/thread_test/RT0033-rt-thread-ThreadgetUncaughtExceptionHandler2/ThreadGetUncaughtExceptionHandler2.java \
        -J-Dtest.main.class=ThreadGetUncaughtExceptionHandler2 \
        -J-Dtest.src=/home/yansendao/git/ArkTests/testsuite/java_test/thread_test/RT0033-rt-thread-ThreadgetUncaughtExceptionHandler2 \
        -J-Dtest.src.path=/home/yansendao/git/ArkTests/testsuite/java_test/thread_test/RT0033-rt-thread-ThreadgetUncaughtExceptionHandler2 \
        -J-Dtest.classes=/home/yansendao/git/ArkTests/build/jt-work-singletest/classes/0/testsuite/java_test/thread_test/RT0033-rt-thread-ThreadgetUncaughtExceptionHandler2 \
        -J-Dtest.class.path=/home/yansendao/git/ArkTests/build/jt-work-singletest/classes/0/testsuite/java_test/thread_test/RT0033-rt-thread-ThreadgetUncaughtExceptionHandler2 \
        -d /home/yansendao/git/ArkTests/build/jt-work-singletest/classes/0/testsuite/java_test/thread_test/RT0033-rt-thread-ThreadgetUncaughtExceptionHandler2 \
        -sourcepath /home/yansendao/git/ArkTests/testsuite/java_test/thread_test/RT0033-rt-thread-ThreadgetUncaughtExceptionHandler2 \
        -classpath /home/yansendao/git/ArkTests/testsuite/java_test/thread_test/RT0033-rt-thread-ThreadgetUncaughtExceptionHandler2:/home/yansendao/git/ArkTests/build/jt-work-singletest/classes/0/testsuite/java_test/thread_test/RT0033-rt-thread-ThreadgetUncaughtExceptionHandler2 /home/yansendao/git/ArkTests/testsuite/java_test/thread_test/RT0033-rt-thread-ThreadgetUncaughtExceptionHandler2/ThreadGetUncaughtExceptionHandler2.java
STDOUT:
STDERR:

ACTION: main -- Failed. Execution failed: `main' threw exception: java.lang.ArithmeticException: / by zero
REASON: Assumed action based on file name: run main ThreadGetUncaughtExceptionHandler2 
TIME:   0.289 seconds
messages:
command: main ThreadGetUncaughtExceptionHandler2
reason: Assumed action based on file name: run main ThreadGetUncaughtExceptionHandler2 
started: Mon Oct 27 15:02:17.713 UTC 2025
Mode: othervm
Process id: 644286
finished: Mon Oct 27 15:02:18.002 UTC 2025
elapsed time (seconds): 0.289
configuration:
STDOUT:
2
STDERR:
STATUS:Passed.
java.lang.ArithmeticException: / by zero
	at ThreadGetUncaughtExceptionHandler2.run(ThreadGetUncaughtExceptionHandler2.java:20)
STATUS:Failed.`main' threw exception: java.lang.ArithmeticException: / by zero
rerun:
cd /home/yansendao/git/ArkTests/build/jt-work-singletest/scratch/6 && \
DBUS_SESSION_BUS_ADDRESS=unix:path=/run/user/998/bus \
DISPLAY=localhost:10.0 \
HOME=/home/yansendao \
JTREG_HOME=/home/yansendao/JDK/tools/jtreg/jtreg-8.1 \
LANG=en_US.UTF-8 \
PATH=/bin:/usr/bin:/usr/sbin \
XDG_DATA_DIRS=/usr/local/share:/usr/share:/var/lib/snapd/desktop \
XDG_RUNTIME_DIR=/run/user/998 \
XDG_SESSION_CLASS=user \
XDG_SESSION_ID=3019 \
XDG_SESSION_TYPE=tty \
CLASSPATH=/home/yansendao/git/ArkTests/build/jt-work-singletest/classes/0/testsuite/java_test/thread_test/RT0033-rt-thread-ThreadgetUncaughtExceptionHandler2:/home/yansendao/git/ArkTests/testsuite/java_test/thread_test/RT0033-rt-thread-ThreadgetUncaughtExceptionHandler2:/home/yansendao/JDK/tools/jtreg/jtreg-8.1/lib/javatest.jar:/home/yansendao/JDK/tools/jtreg/jtreg-8.1/lib/jtreg.jar \
    /home/yansendao/JDK/binary/openjdk/jdk25u/bin/java \
        -Dtest.vm.opts= \
        -Dtest.tool.vm.opts= \
        -Dtest.compiler.opts= \
        -Dtest.java.opts= \
        -Dtest.jdk=/home/yansendao/JDK/binary/openjdk/jdk25u \
        -Dcompile.jdk=/home/yansendao/JDK/binary/openjdk/jdk25u \
        -Dtest.timeout.factor=1.0 \
        -Dtest.root=/home/yansendao/git/ArkTests \
        -Dtest.name=testsuite/java_test/thread_test/RT0033-rt-thread-ThreadgetUncaughtExceptionHandler2/ThreadGetUncaughtExceptionHandler2.java \
        -Dtest.verbose=Verbose[p=BRIEF,f=FULL,e=FULL,t=false,m=false] \
        -Dtest.file=/home/yansendao/git/ArkTests/testsuite/java_test/thread_test/RT0033-rt-thread-ThreadgetUncaughtExceptionHandler2/ThreadGetUncaughtExceptionHandler2.java \
        -Dtest.main.class=ThreadGetUncaughtExceptionHandler2 \
        -Dtest.src=/home/yansendao/git/ArkTests/testsuite/java_test/thread_test/RT0033-rt-thread-ThreadgetUncaughtExceptionHandler2 \
        -Dtest.src.path=/home/yansendao/git/ArkTests/testsuite/java_test/thread_test/RT0033-rt-thread-ThreadgetUncaughtExceptionHandler2 \
        -Dtest.classes=/home/yansendao/git/ArkTests/build/jt-work-singletest/classes/0/testsuite/java_test/thread_test/RT0033-rt-thread-ThreadgetUncaughtExceptionHandler2 \
        -Dtest.class.path=/home/yansendao/git/ArkTests/build/jt-work-singletest/classes/0/testsuite/java_test/thread_test/RT0033-rt-thread-ThreadgetUncaughtExceptionHandler2 \
        com.sun.javatest.regtest.agent.MainWrapper /home/yansendao/git/ArkTests/build/jt-work-singletest/testsuite/java_test/thread_test/RT0033-rt-thread-ThreadgetUncaughtExceptionHandler2/ThreadGetUncaughtExceptionHandler2.d/main.0.jta

TEST RESULT: Failed. Execution failed: `main' threw exception: java.lang.ArithmeticException: / by zero
--------------------------------------------------
TEST: testsuite/java_test/thread_test/RT0024-rt-thread-Threadextends2/ThreadExtends2.java
TEST JDK: /home/yansendao/JDK/binary/openjdk/jdk25u

ACTION: build -- Passed. Build successful
REASON: Named class compiled on demand
TIME:   1.577 seconds
messages:
command: build ThreadExtends2
reason: Named class compiled on demand
started: Mon Oct 27 15:02:16.192 UTC 2025
Test directory:
  compile: ThreadExtends2
finished: Mon Oct 27 15:02:17.769 UTC 2025
elapsed time (seconds): 1.577

ACTION: compile -- Passed. Compilation successful
REASON: .class file out of date or does not exist
TIME:   1.575 seconds
messages:
command: compile /home/yansendao/git/ArkTests/testsuite/java_test/thread_test/RT0024-rt-thread-Threadextends2/ThreadExtends2.java
reason: .class file out of date or does not exist
started: Mon Oct 27 15:02:16.193 UTC 2025
Mode: othervm
Process id: 637841
finished: Mon Oct 27 15:02:17.768 UTC 2025
elapsed time (seconds): 1.575
configuration:
javac compilation environment
  source path: /home/yansendao/git/ArkTests/testsuite/java_test/thread_test/RT0024-rt-thread-Threadextends2
  class path:  /home/yansendao/git/ArkTests/testsuite/java_test/thread_test/RT0024-rt-thread-Threadextends2
               /home/yansendao/git/ArkTests/build/jt-work-singletest/classes/59/testsuite/java_test/thread_test/RT0024-rt-thread-Threadextends2

rerun:
cd /home/yansendao/git/ArkTests/build/jt-work-singletest/scratch/12 && \
DBUS_SESSION_BUS_ADDRESS=unix:path=/run/user/998/bus \
DISPLAY=localhost:10.0 \
HOME=/home/yansendao \
JTREG_HOME=/home/yansendao/JDK/tools/jtreg/jtreg-8.1 \
LANG=en_US.UTF-8 \
PATH=/bin:/usr/bin:/usr/sbin \
XDG_DATA_DIRS=/usr/local/share:/usr/share:/var/lib/snapd/desktop \
XDG_RUNTIME_DIR=/run/user/998 \
XDG_SESSION_CLASS=user \
XDG_SESSION_ID=3019 \
XDG_SESSION_TYPE=tty \
    /home/yansendao/JDK/binary/openjdk/jdk25u/bin/javac \
        -J-Dtest.vm.opts= \
        -J-Dtest.tool.vm.opts= \
        -J-Dtest.compiler.opts= \
        -J-Dtest.java.opts= \
        -J-Dtest.jdk=/home/yansendao/JDK/binary/openjdk/jdk25u \
        -J-Dcompile.jdk=/home/yansendao/JDK/binary/openjdk/jdk25u \
        -J-Dtest.timeout.factor=1.0 \
        -J-Dtest.root=/home/yansendao/git/ArkTests \
        -J-Dtest.name=testsuite/java_test/thread_test/RT0024-rt-thread-Threadextends2/ThreadExtends2.java \
        -J-Dtest.verbose=Verbose[p=BRIEF,f=FULL,e=FULL,t=false,m=false] \
        -J-Dtest.file=/home/yansendao/git/ArkTests/testsuite/java_test/thread_test/RT0024-rt-thread-Threadextends2/ThreadExtends2.java \
        -J-Dtest.main.class=ThreadExtends2 \
        -J-Dtest.src=/home/yansendao/git/ArkTests/testsuite/java_test/thread_test/RT0024-rt-thread-Threadextends2 \
        -J-Dtest.src.path=/home/yansendao/git/ArkTests/testsuite/java_test/thread_test/RT0024-rt-thread-Threadextends2 \
        -J-Dtest.classes=/home/yansendao/git/ArkTests/build/jt-work-singletest/classes/59/testsuite/java_test/thread_test/RT0024-rt-thread-Threadextends2 \
        -J-Dtest.class.path=/home/yansendao/git/ArkTests/build/jt-work-singletest/classes/59/testsuite/java_test/thread_test/RT0024-rt-thread-Threadextends2 \
        -d /home/yansendao/git/ArkTests/build/jt-work-singletest/classes/59/testsuite/java_test/thread_test/RT0024-rt-thread-Threadextends2 \
        -sourcepath /home/yansendao/git/ArkTests/testsuite/java_test/thread_test/RT0024-rt-thread-Threadextends2 \
        -classpath /home/yansendao/git/ArkTests/testsuite/java_test/thread_test/RT0024-rt-thread-Threadextends2:/home/yansendao/git/ArkTests/build/jt-work-singletest/classes/59/testsuite/java_test/thread_test/RT0024-rt-thread-Threadextends2 /home/yansendao/git/ArkTests/testsuite/java_test/thread_test/RT0024-rt-thread-Threadextends2/ThreadExtends2.java
STDOUT:
STDERR:

ACTION: main -- Error. java.lang.IllegalAccessException: class com.sun.javatest.regtest.agent.MainWrapper$MainTask cannot access a member of class ThreadExtends2 with modifiers "public static"
REASON: Assumed action based on file name: run main ThreadExtends2 
TIME:   0.241 seconds
messages:
command: main ThreadExtends2
reason: Assumed action based on file name: run main ThreadExtends2 
started: Mon Oct 27 15:02:17.769 UTC 2025
Mode: othervm
Process id: 644919
finished: Mon Oct 27 15:02:18.010 UTC 2025
elapsed time (seconds): 0.241
configuration:
STDOUT:
STDERR:
java.lang.IllegalAccessException: class com.sun.javatest.regtest.agent.MainWrapper$MainTask cannot access a member of class ThreadExtends2 with modifiers "public static"
	at java.base/jdk.internal.reflect.Reflection.newIllegalAccessException(Reflection.java:400)
	at java.base/java.lang.reflect.AccessibleObject.checkAccess(AccessibleObject.java:670)
	at java.base/java.lang.reflect.Method.invoke(Method.java:556)
	at com.sun.javatest.regtest.agent.MainWrapper$MainTask.run(MainWrapper.java:138)
	at java.base/java.lang.Thread.run(Thread.java:1474)

JavaTest Message: Verify that the class defining the test is
JavaTest Message: declared public (test invoked via reflection)

STATUS:Error.java.lang.IllegalAccessException: class com.sun.javatest.regtest.agent.MainWrapper$MainTask cannot access a member of class ThreadExtends2 with modifiers "public static"
rerun:
cd /home/yansendao/git/ArkTests/build/jt-work-singletest/scratch/12 && \
DBUS_SESSION_BUS_ADDRESS=unix:path=/run/user/998/bus \
DISPLAY=localhost:10.0 \
HOME=/home/yansendao \
JTREG_HOME=/home/yansendao/JDK/tools/jtreg/jtreg-8.1 \
LANG=en_US.UTF-8 \
PATH=/bin:/usr/bin:/usr/sbin \
XDG_DATA_DIRS=/usr/local/share:/usr/share:/var/lib/snapd/desktop \
XDG_RUNTIME_DIR=/run/user/998 \
XDG_SESSION_CLASS=user \
XDG_SESSION_ID=3019 \
XDG_SESSION_TYPE=tty \
CLASSPATH=/home/yansendao/git/ArkTests/build/jt-work-singletest/classes/59/testsuite/java_test/thread_test/RT0024-rt-thread-Threadextends2:/home/yansendao/git/ArkTests/testsuite/java_test/thread_test/RT0024-rt-thread-Threadextends2:/home/yansendao/JDK/tools/jtreg/jtreg-8.1/lib/javatest.jar:/home/yansendao/JDK/tools/jtreg/jtreg-8.1/lib/jtreg.jar \
    /home/yansendao/JDK/binary/openjdk/jdk25u/bin/java \
        -Dtest.vm.opts= \
        -Dtest.tool.vm.opts= \
        -Dtest.compiler.opts= \
        -Dtest.java.opts= \
        -Dtest.jdk=/home/yansendao/JDK/binary/openjdk/jdk25u \
        -Dcompile.jdk=/home/yansendao/JDK/binary/openjdk/jdk25u \
        -Dtest.timeout.factor=1.0 \
        -Dtest.root=/home/yansendao/git/ArkTests \
        -Dtest.name=testsuite/java_test/thread_test/RT0024-rt-thread-Threadextends2/ThreadExtends2.java \
        -Dtest.verbose=Verbose[p=BRIEF,f=FULL,e=FULL,t=false,m=false] \
        -Dtest.file=/home/yansendao/git/ArkTests/testsuite/java_test/thread_test/RT0024-rt-thread-Threadextends2/ThreadExtends2.java \
        -Dtest.main.class=ThreadExtends2 \
        -Dtest.src=/home/yansendao/git/ArkTests/testsuite/java_test/thread_test/RT0024-rt-thread-Threadextends2 \
        -Dtest.src.path=/home/yansendao/git/ArkTests/testsuite/java_test/thread_test/RT0024-rt-thread-Threadextends2 \
        -Dtest.classes=/home/yansendao/git/ArkTests/build/jt-work-singletest/classes/59/testsuite/java_test/thread_test/RT0024-rt-thread-Threadextends2 \
        -Dtest.class.path=/home/yansendao/git/ArkTests/build/jt-work-singletest/classes/59/testsuite/java_test/thread_test/RT0024-rt-thread-Threadextends2 \
        com.sun.javatest.regtest.agent.MainWrapper /home/yansendao/git/ArkTests/build/jt-work-singletest/testsuite/java_test/thread_test/RT0024-rt-thread-Threadextends2/ThreadExtends2.d/main.0.jta

TEST RESULT: Error. java.lang.IllegalAccessException: class com.sun.javatest.regtest.agent.MainWrapper$MainTask cannot access a member of class ThreadExtends2 with modifiers "public static"
--------------------------------------------------
TEST: test/testsuite/ouroboros/rc_test/RC0342-rc-rp-weak_ref_boundary/Ref_Processor_Weak_Ref_Boundary.java
TEST RESULT: Passed. Execution successful
--------------------------------------------------
TEST: testsuite/java_test/thread_test/RT0020-rt-thread-ThreadDMstopTh/ThreadDMStopThrowable.java
TEST JDK: /home/yansendao/JDK/binary/openjdk/jdk25u

ACTION: build -- Failed. Compilation failed: Compilation failed
REASON: Named class compiled on demand
TIME:   1.897 seconds
messages:
command: build ThreadDMStopThrowable
reason: Named class compiled on demand
started: Mon Oct 27 15:02:16.171 UTC 2025
Test directory:
  compile: ThreadDMStopThrowable
finished: Mon Oct 27 15:02:18.068 UTC 2025
elapsed time (seconds): 1.897

ACTION: compile -- Failed. Compilation failed: Compilation failed
REASON: .class file out of date or does not exist
TIME:   1.896 seconds
messages:
command: compile /home/yansendao/git/ArkTests/testsuite/java_test/thread_test/RT0020-rt-thread-ThreadDMstopTh/ThreadDMStopThrowable.java
reason: .class file out of date or does not exist
started: Mon Oct 27 15:02:16.171 UTC 2025
Mode: othervm
Process id: 637795
finished: Mon Oct 27 15:02:18.067 UTC 2025
elapsed time (seconds): 1.896
configuration:
javac compilation environment
  source path: /home/yansendao/git/ArkTests/testsuite/java_test/thread_test/RT0020-rt-thread-ThreadDMstopTh
  class path:  /home/yansendao/git/ArkTests/testsuite/java_test/thread_test/RT0020-rt-thread-ThreadDMstopTh
               /home/yansendao/git/ArkTests/build/jt-work-singletest/classes/48/testsuite/java_test/thread_test/RT0020-rt-thread-ThreadDMstopTh

rerun:
cd /home/yansendao/git/ArkTests/build/jt-work-singletest/scratch/1 && \
DBUS_SESSION_BUS_ADDRESS=unix:path=/run/user/998/bus \
DISPLAY=localhost:10.0 \
HOME=/home/yansendao \
JTREG_HOME=/home/yansendao/JDK/tools/jtreg/jtreg-8.1 \
LANG=en_US.UTF-8 \
PATH=/bin:/usr/bin:/usr/sbin \
XDG_DATA_DIRS=/usr/local/share:/usr/share:/var/lib/snapd/desktop \
XDG_RUNTIME_DIR=/run/user/998 \
XDG_SESSION_CLASS=user \
XDG_SESSION_ID=3019 \
XDG_SESSION_TYPE=tty \
    /home/yansendao/JDK/binary/openjdk/jdk25u/bin/javac \
        -J-Dtest.vm.opts= \
        -J-Dtest.tool.vm.opts= \
        -J-Dtest.compiler.opts= \
        -J-Dtest.java.opts= \
        -J-Dtest.jdk=/home/yansendao/JDK/binary/openjdk/jdk25u \
        -J-Dcompile.jdk=/home/yansendao/JDK/binary/openjdk/jdk25u \
        -J-Dtest.timeout.factor=1.0 \
        -J-Dtest.root=/home/yansendao/git/ArkTests \
        -J-Dtest.name=testsuite/java_test/thread_test/RT0020-rt-thread-ThreadDMstopTh/ThreadDMStopThrowable.java \
        -J-Dtest.verbose=Verbose[p=BRIEF,f=FULL,e=FULL,t=false,m=false] \
        -J-Dtest.file=/home/yansendao/git/ArkTests/testsuite/java_test/thread_test/RT0020-rt-thread-ThreadDMstopTh/ThreadDMStopThrowable.java \
        -J-Dtest.main.class=ThreadDMStopThrowable \
        -J-Dtest.src=/home/yansendao/git/ArkTests/testsuite/java_test/thread_test/RT0020-rt-thread-ThreadDMstopTh \
        -J-Dtest.src.path=/home/yansendao/git/ArkTests/testsuite/java_test/thread_test/RT0020-rt-thread-ThreadDMstopTh \
        -J-Dtest.classes=/home/yansendao/git/ArkTests/build/jt-work-singletest/classes/48/testsuite/java_test/thread_test/RT0020-rt-thread-ThreadDMstopTh \
        -J-Dtest.class.path=/home/yansendao/git/ArkTests/build/jt-work-singletest/classes/48/testsuite/java_test/thread_test/RT0020-rt-thread-ThreadDMstopTh \
        -d /home/yansendao/git/ArkTests/build/jt-work-singletest/classes/48/testsuite/java_test/thread_test/RT0020-rt-thread-ThreadDMstopTh \
        -sourcepath /home/yansendao/git/ArkTests/testsuite/java_test/thread_test/RT0020-rt-thread-ThreadDMstopTh \
        -classpath /home/yansendao/git/ArkTests/testsuite/java_test/thread_test/RT0020-rt-thread-ThreadDMstopTh:/home/yansendao/git/ArkTests/build/jt-work-singletest/classes/48/testsuite/java_test/thread_test/RT0020-rt-thread-ThreadDMstopTh /home/yansendao/git/ArkTests/testsuite/java_test/thread_test/RT0020-rt-thread-ThreadDMstopTh/ThreadDMStopThrowable.java
STDOUT:
STDERR:
/home/yansendao/git/ArkTests/testsuite/java_test/thread_test/RT0020-rt-thread-ThreadDMstopTh/ThreadDMStopThrowable.java:28: error: method stop in class Thread cannot be applied to given types;
            thread_obj.stop(aaa);
                      ^
  required: no arguments
  found:    Throwable
  reason: actual and formal argument lists differ in length
1 error

TEST RESULT: Failed. Compilation failed: Compilation failed
--------------------------------------------------
TEST: testsuite/java_test/thread_test/RT0027-rt-thread-ThreadgetId/ThreadGetId.java
TEST RESULT: Passed. Execution successful
--------------------------------------------------
TEST: testsuite/java_test/thread_test/RT0029-rt-thread-ThreadgetPriority/ThreadGetPriority.java
TEST RESULT: Passed. Execution successful
--------------------------------------------------
TEST: testsuite/java_test/thread_test/RT0023-rt-thread-Threadextends1/ThreadExtends1.java
TEST JDK: /home/yansendao/JDK/binary/openjdk/jdk25u

ACTION: build -- Passed. Build successful
REASON: Named class compiled on demand
TIME:   1.769 seconds
messages:
command: build ThreadExtends1
reason: Named class compiled on demand
started: Mon Oct 27 15:02:16.177 UTC 2025
Test directory:
  compile: ThreadExtends1
finished: Mon Oct 27 15:02:17.946 UTC 2025
elapsed time (seconds): 1.769

ACTION: compile -- Passed. Compilation successful
REASON: .class file out of date or does not exist
TIME:   1.769 seconds
messages:
command: compile /home/yansendao/git/ArkTests/testsuite/java_test/thread_test/RT0023-rt-thread-Threadextends1/ThreadExtends1.java
reason: .class file out of date or does not exist
started: Mon Oct 27 15:02:16.177 UTC 2025
Mode: othervm
Process id: 637816
finished: Mon Oct 27 15:02:17.946 UTC 2025
elapsed time (seconds): 1.769
configuration:
javac compilation environment
  source path: /home/yansendao/git/ArkTests/testsuite/java_test/thread_test/RT0023-rt-thread-Threadextends1
  class path:  /home/yansendao/git/ArkTests/testsuite/java_test/thread_test/RT0023-rt-thread-Threadextends1
               /home/yansendao/git/ArkTests/build/jt-work-singletest/classes/27/testsuite/java_test/thread_test/RT0023-rt-thread-Threadextends1

rerun:
cd /home/yansendao/git/ArkTests/build/jt-work-singletest/scratch/64 && \
DBUS_SESSION_BUS_ADDRESS=unix:path=/run/user/998/bus \
DISPLAY=localhost:10.0 \
HOME=/home/yansendao \
JTREG_HOME=/home/yansendao/JDK/tools/jtreg/jtreg-8.1 \
LANG=en_US.UTF-8 \
PATH=/bin:/usr/bin:/usr/sbin \
XDG_DATA_DIRS=/usr/local/share:/usr/share:/var/lib/snapd/desktop \
XDG_RUNTIME_DIR=/run/user/998 \
XDG_SESSION_CLASS=user \
XDG_SESSION_ID=3019 \
XDG_SESSION_TYPE=tty \
    /home/yansendao/JDK/binary/openjdk/jdk25u/bin/javac \
        -J-Dtest.vm.opts= \
        -J-Dtest.tool.vm.opts= \
        -J-Dtest.compiler.opts= \
        -J-Dtest.java.opts= \
        -J-Dtest.jdk=/home/yansendao/JDK/binary/openjdk/jdk25u \
        -J-Dcompile.jdk=/home/yansendao/JDK/binary/openjdk/jdk25u \
        -J-Dtest.timeout.factor=1.0 \
        -J-Dtest.root=/home/yansendao/git/ArkTests \
        -J-Dtest.name=testsuite/java_test/thread_test/RT0023-rt-thread-Threadextends1/ThreadExtends1.java \
        -J-Dtest.verbose=Verbose[p=BRIEF,f=FULL,e=FULL,t=false,m=false] \
        -J-Dtest.file=/home/yansendao/git/ArkTests/testsuite/java_test/thread_test/RT0023-rt-thread-Threadextends1/ThreadExtends1.java \
        -J-Dtest.main.class=ThreadExtends1 \
        -J-Dtest.src=/home/yansendao/git/ArkTests/testsuite/java_test/thread_test/RT0023-rt-thread-Threadextends1 \
        -J-Dtest.src.path=/home/yansendao/git/ArkTests/testsuite/java_test/thread_test/RT0023-rt-thread-Threadextends1 \
        -J-Dtest.classes=/home/yansendao/git/ArkTests/build/jt-work-singletest/classes/27/testsuite/java_test/thread_test/RT0023-rt-thread-Threadextends1 \
        -J-Dtest.class.path=/home/yansendao/git/ArkTests/build/jt-work-singletest/classes/27/testsuite/java_test/thread_test/RT0023-rt-thread-Threadextends1 \
        -d /home/yansendao/git/ArkTests/build/jt-work-singletest/classes/27/testsuite/java_test/thread_test/RT0023-rt-thread-Threadextends1 \
        -sourcepath /home/yansendao/git/ArkTests/testsuite/java_test/thread_test/RT0023-rt-thread-Threadextends1 \
        -classpath /home/yansendao/git/ArkTests/testsuite/java_test/thread_test/RT0023-rt-thread-Threadextends1:/home/yansendao/git/ArkTests/build/jt-work-singletest/classes/27/testsuite/java_test/thread_test/RT0023-rt-thread-Threadextends1 /home/yansendao/git/ArkTests/testsuite/java_test/thread_test/RT0023-rt-thread-Threadextends1/ThreadExtends1.java
STDOUT:
STDERR:

ACTION: main -- Error. java.lang.IllegalAccessException: class com.sun.javatest.regtest.agent.MainWrapper$MainTask cannot access a member of class ThreadExtends1 with modifiers "public static"
REASON: Assumed action based on file name: run main ThreadExtends1 
TIME:   0.19 seconds
messages:
command: main ThreadExtends1
reason: Assumed action based on file name: run main ThreadExtends1 
started: Mon Oct 27 15:02:17.946 UTC 2025
Mode: othervm
Process id: 645701
finished: Mon Oct 27 15:02:18.136 UTC 2025
elapsed time (seconds): 0.19
configuration:
STDOUT:
STDERR:
java.lang.IllegalAccessException: class com.sun.javatest.regtest.agent.MainWrapper$MainTask cannot access a member of class ThreadExtends1 with modifiers "public static"
	at java.base/jdk.internal.reflect.Reflection.newIllegalAccessException(Reflection.java:400)
	at java.base/java.lang.reflect.AccessibleObject.checkAccess(AccessibleObject.java:670)
	at java.base/java.lang.reflect.Method.invoke(Method.java:556)
	at com.sun.javatest.regtest.agent.MainWrapper$MainTask.run(MainWrapper.java:138)
	at java.base/java.lang.Thread.run(Thread.java:1474)

JavaTest Message: Verify that the class defining the test is
JavaTest Message: declared public (test invoked via reflection)

STATUS:Error.java.lang.IllegalAccessException: class com.sun.javatest.regtest.agent.MainWrapper$MainTask cannot access a member of class ThreadExtends1 with modifiers "public static"
rerun:
cd /home/yansendao/git/ArkTests/build/jt-work-singletest/scratch/64 && \
DBUS_SESSION_BUS_ADDRESS=unix:path=/run/user/998/bus \
DISPLAY=localhost:10.0 \
HOME=/home/yansendao \
JTREG_HOME=/home/yansendao/JDK/tools/jtreg/jtreg-8.1 \
LANG=en_US.UTF-8 \
PATH=/bin:/usr/bin:/usr/sbin \
XDG_DATA_DIRS=/usr/local/share:/usr/share:/var/lib/snapd/desktop \
XDG_RUNTIME_DIR=/run/user/998 \
XDG_SESSION_CLASS=user \
XDG_SESSION_ID=3019 \
XDG_SESSION_TYPE=tty \
CLASSPATH=/home/yansendao/git/ArkTests/build/jt-work-singletest/classes/27/testsuite/java_test/thread_test/RT0023-rt-thread-Threadextends1:/home/yansendao/git/ArkTests/testsuite/java_test/thread_test/RT0023-rt-thread-Threadextends1:/home/yansendao/JDK/tools/jtreg/jtreg-8.1/lib/javatest.jar:/home/yansendao/JDK/tools/jtreg/jtreg-8.1/lib/jtreg.jar \
    /home/yansendao/JDK/binary/openjdk/jdk25u/bin/java \
        -Dtest.vm.opts= \
        -Dtest.tool.vm.opts= \
        -Dtest.compiler.opts= \
        -Dtest.java.opts= \
        -Dtest.jdk=/home/yansendao/JDK/binary/openjdk/jdk25u \
        -Dcompile.jdk=/home/yansendao/JDK/binary/openjdk/jdk25u \
        -Dtest.timeout.factor=1.0 \
        -Dtest.root=/home/yansendao/git/ArkTests \
        -Dtest.name=testsuite/java_test/thread_test/RT0023-rt-thread-Threadextends1/ThreadExtends1.java \
        -Dtest.verbose=Verbose[p=BRIEF,f=FULL,e=FULL,t=false,m=false] \
        -Dtest.file=/home/yansendao/git/ArkTests/testsuite/java_test/thread_test/RT0023-rt-thread-Threadextends1/ThreadExtends1.java \
        -Dtest.main.class=ThreadExtends1 \
        -Dtest.src=/home/yansendao/git/ArkTests/testsuite/java_test/thread_test/RT0023-rt-thread-Threadextends1 \
        -Dtest.src.path=/home/yansendao/git/ArkTests/testsuite/java_test/thread_test/RT0023-rt-thread-Threadextends1 \
        -Dtest.classes=/home/yansendao/git/ArkTests/build/jt-work-singletest/classes/27/testsuite/java_test/thread_test/RT0023-rt-thread-Threadextends1 \
        -Dtest.class.path=/home/yansendao/git/ArkTests/build/jt-work-singletest/classes/27/testsuite/java_test/thread_test/RT0023-rt-thread-Threadextends1 \
        com.sun.javatest.regtest.agent.MainWrapper /home/yansendao/git/ArkTests/build/jt-work-singletest/testsuite/java_test/thread_test/RT0023-rt-thread-Threadextends1/ThreadExtends1.d/main.0.jta

TEST RESULT: Error. java.lang.IllegalAccessException: class com.sun.javatest.regtest.agent.MainWrapper$MainTask cannot access a member of class ThreadExtends1 with modifiers "public static"
--------------------------------------------------
TEST: testsuite/java_test/thread_test/RT0039-rt-thread-ThreadisAlive2/ThreadIsAlive2.java
TEST RESULT: Passed. Execution successful
--------------------------------------------------
TEST: testsuite/java_test/thread_test/RT0028-rt-thread-ThreadgetName/ThreadGetName.java
TEST RESULT: Passed. Execution successful
--------------------------------------------------
TEST: testsuite/java_test/thread_test/RT0044-rt-thread-ThreadsetDaemon1/ThreadSetDaemon1.java
TEST RESULT: Passed. Execution successful
--------------------------------------------------
TEST: testsuite/java_test/thread_test/RT0040-rt-thread-ThreadisAlive3/ThreadIsAlive3.java
TEST RESULT: Passed. Execution successful
--------------------------------------------------
TEST: testsuite/java_test/thread_test/RT0001-rt-thread-ThreadactiveCount/ThreadActiveCount.java
TEST RESULT: Passed. Execution successful
--------------------------------------------------
TEST: testsuite/java_test/thread_test/RT0042-rt-thread-ThreadisDaemon2/ThreadIsDaemon2.java
TEST RESULT: Passed. Execution successful
--------------------------------------------------
TEST: testsuite/java_test/thread_test/RT0032-rt-thread-ThreadgetUncaughtExceptionHandler1/ThreadGetUncaughtExceptionHandler1.java
TEST RESULT: Passed. Execution successful
--------------------------------------------------
TEST: testsuite/java_test/thread_test/RT0025-rt-thread-ThreadgetDefaultUncaughtExceptionHandler1/ThreadGetDefaultUncaughtExceptionHandler1.java
TEST JDK: /home/yansendao/JDK/binary/openjdk/jdk25u

ACTION: build -- Passed. Build successful
REASON: Named class compiled on demand
TIME:   1.751 seconds
messages:
command: build ThreadGetDefaultUncaughtExceptionHandler1
reason: Named class compiled on demand
started: Mon Oct 27 15:02:16.228 UTC 2025
Test directory:
  compile: ThreadGetDefaultUncaughtExceptionHandler1
finished: Mon Oct 27 15:02:17.979 UTC 2025
elapsed time (seconds): 1.751

ACTION: compile -- Passed. Compilation successful
REASON: .class file out of date or does not exist
TIME:   1.75 seconds
messages:
command: compile /home/yansendao/git/ArkTests/testsuite/java_test/thread_test/RT0025-rt-thread-ThreadgetDefaultUncaughtExceptionHandler1/ThreadGetDefaultUncaughtExceptionHandler1.java
reason: .class file out of date or does not exist
started: Mon Oct 27 15:02:16.229 UTC 2025
Mode: othervm
Process id: 637913
finished: Mon Oct 27 15:02:17.979 UTC 2025
elapsed time (seconds): 1.75
configuration:
javac compilation environment
  source path: /home/yansendao/git/ArkTests/testsuite/java_test/thread_test/RT0025-rt-thread-ThreadgetDefaultUncaughtExceptionHandler1
  class path:  /home/yansendao/git/ArkTests/testsuite/java_test/thread_test/RT0025-rt-thread-ThreadgetDefaultUncaughtExceptionHandler1
               /home/yansendao/git/ArkTests/build/jt-work-singletest/classes/79/testsuite/java_test/thread_test/RT0025-rt-thread-ThreadgetDefaultUncaughtExceptionHandler1

rerun:
cd /home/yansendao/git/ArkTests/build/jt-work-singletest/scratch/38 && \
DBUS_SESSION_BUS_ADDRESS=unix:path=/run/user/998/bus \
DISPLAY=localhost:10.0 \
HOME=/home/yansendao \
JTREG_HOME=/home/yansendao/JDK/tools/jtreg/jtreg-8.1 \
LANG=en_US.UTF-8 \
PATH=/bin:/usr/bin:/usr/sbin \
XDG_DATA_DIRS=/usr/local/share:/usr/share:/var/lib/snapd/desktop \
XDG_RUNTIME_DIR=/run/user/998 \
XDG_SESSION_CLASS=user \
XDG_SESSION_ID=3019 \
XDG_SESSION_TYPE=tty \
    /home/yansendao/JDK/binary/openjdk/jdk25u/bin/javac \
        -J-Dtest.vm.opts= \
        -J-Dtest.tool.vm.opts= \
        -J-Dtest.compiler.opts= \
        -J-Dtest.java.opts= \
        -J-Dtest.jdk=/home/yansendao/JDK/binary/openjdk/jdk25u \
        -J-Dcompile.jdk=/home/yansendao/JDK/binary/openjdk/jdk25u \
        -J-Dtest.timeout.factor=1.0 \
        -J-Dtest.root=/home/yansendao/git/ArkTests \
        -J-Dtest.name=testsuite/java_test/thread_test/RT0025-rt-thread-ThreadgetDefaultUncaughtExceptionHandler1/ThreadGetDefaultUncaughtExceptionHandler1.java \
        -J-Dtest.verbose=Verbose[p=BRIEF,f=FULL,e=FULL,t=false,m=false] \
        -J-Dtest.file=/home/yansendao/git/ArkTests/testsuite/java_test/thread_test/RT0025-rt-thread-ThreadgetDefaultUncaughtExceptionHandler1/ThreadGetDefaultUncaughtExceptionHandler1.java \
        -J-Dtest.main.class=ThreadGetDefaultUncaughtExceptionHandler1 \
        -J-Dtest.src=/home/yansendao/git/ArkTests/testsuite/java_test/thread_test/RT0025-rt-thread-ThreadgetDefaultUncaughtExceptionHandler1 \
        -J-Dtest.src.path=/home/yansendao/git/ArkTests/testsuite/java_test/thread_test/RT0025-rt-thread-ThreadgetDefaultUncaughtExceptionHandler1 \
        -J-Dtest.classes=/home/yansendao/git/ArkTests/build/jt-work-singletest/classes/79/testsuite/java_test/thread_test/RT0025-rt-thread-ThreadgetDefaultUncaughtExceptionHandler1 \
        -J-Dtest.class.path=/home/yansendao/git/ArkTests/build/jt-work-singletest/classes/79/testsuite/java_test/thread_test/RT0025-rt-thread-ThreadgetDefaultUncaughtExceptionHandler1 \
        -d /home/yansendao/git/ArkTests/build/jt-work-singletest/classes/79/testsuite/java_test/thread_test/RT0025-rt-thread-ThreadgetDefaultUncaughtExceptionHandler1 \
        -sourcepath /home/yansendao/git/ArkTests/testsuite/java_test/thread_test/RT0025-rt-thread-ThreadgetDefaultUncaughtExceptionHandler1 \
        -classpath /home/yansendao/git/ArkTests/testsuite/java_test/thread_test/RT0025-rt-thread-ThreadgetDefaultUncaughtExceptionHandler1:/home/yansendao/git/ArkTests/build/jt-work-singletest/classes/79/testsuite/java_test/thread_test/RT0025-rt-thread-ThreadgetDefaultUncaughtExceptionHandler1 /home/yansendao/git/ArkTests/testsuite/java_test/thread_test/RT0025-rt-thread-ThreadgetDefaultUncaughtExceptionHandler1/ThreadGetDefaultUncaughtExceptionHandler1.java
STDOUT:
STDERR:

ACTION: main -- Failed. Execution failed: `main' threw exception: java.lang.ArithmeticException: / by zero
REASON: Assumed action based on file name: run main ThreadGetDefaultUncaughtExceptionHandler1 
TIME:   0.329 seconds
messages:
command: main ThreadGetDefaultUncaughtExceptionHandler1
reason: Assumed action based on file name: run main ThreadGetDefaultUncaughtExceptionHandler1 
started: Mon Oct 27 15:02:17.979 UTC 2025
Mode: othervm
Process id: 645822
finished: Mon Oct 27 15:02:18.308 UTC 2025
elapsed time (seconds): 0.329
configuration:
STDOUT:
STDERR:
java.lang.ArithmeticException: / by zero
	at ThreadGetDefaultUncaughtExceptionHandler1.run(ThreadGetDefaultUncaughtExceptionHandler1.java:20)
STATUS:Failed.`main' threw exception: java.lang.ArithmeticException: / by zero
rerun:
cd /home/yansendao/git/ArkTests/build/jt-work-singletest/scratch/38 && \
DBUS_SESSION_BUS_ADDRESS=unix:path=/run/user/998/bus \
DISPLAY=localhost:10.0 \
HOME=/home/yansendao \
JTREG_HOME=/home/yansendao/JDK/tools/jtreg/jtreg-8.1 \
LANG=en_US.UTF-8 \
PATH=/bin:/usr/bin:/usr/sbin \
XDG_DATA_DIRS=/usr/local/share:/usr/share:/var/lib/snapd/desktop \
XDG_RUNTIME_DIR=/run/user/998 \
XDG_SESSION_CLASS=user \
XDG_SESSION_ID=3019 \
XDG_SESSION_TYPE=tty \
CLASSPATH=/home/yansendao/git/ArkTests/build/jt-work-singletest/classes/79/testsuite/java_test/thread_test/RT0025-rt-thread-ThreadgetDefaultUncaughtExceptionHandler1:/home/yansendao/git/ArkTests/testsuite/java_test/thread_test/RT0025-rt-thread-ThreadgetDefaultUncaughtExceptionHandler1:/home/yansendao/JDK/tools/jtreg/jtreg-8.1/lib/javatest.jar:/home/yansendao/JDK/tools/jtreg/jtreg-8.1/lib/jtreg.jar \
    /home/yansendao/JDK/binary/openjdk/jdk25u/bin/java \
        -Dtest.vm.opts= \
        -Dtest.tool.vm.opts= \
        -Dtest.compiler.opts= \
        -Dtest.java.opts= \
        -Dtest.jdk=/home/yansendao/JDK/binary/openjdk/jdk25u \
        -Dcompile.jdk=/home/yansendao/JDK/binary/openjdk/jdk25u \
        -Dtest.timeout.factor=1.0 \
        -Dtest.root=/home/yansendao/git/ArkTests \
        -Dtest.name=testsuite/java_test/thread_test/RT0025-rt-thread-ThreadgetDefaultUncaughtExceptionHandler1/ThreadGetDefaultUncaughtExceptionHandler1.java \
        -Dtest.verbose=Verbose[p=BRIEF,f=FULL,e=FULL,t=false,m=false] \
        -Dtest.file=/home/yansendao/git/ArkTests/testsuite/java_test/thread_test/RT0025-rt-thread-ThreadgetDefaultUncaughtExceptionHandler1/ThreadGetDefaultUncaughtExceptionHandler1.java \
        -Dtest.main.class=ThreadGetDefaultUncaughtExceptionHandler1 \
        -Dtest.src=/home/yansendao/git/ArkTests/testsuite/java_test/thread_test/RT0025-rt-thread-ThreadgetDefaultUncaughtExceptionHandler1 \
        -Dtest.src.path=/home/yansendao/git/ArkTests/testsuite/java_test/thread_test/RT0025-rt-thread-ThreadgetDefaultUncaughtExceptionHandler1 \
        -Dtest.classes=/home/yansendao/git/ArkTests/build/jt-work-singletest/classes/79/testsuite/java_test/thread_test/RT0025-rt-thread-ThreadgetDefaultUncaughtExceptionHandler1 \
        -Dtest.class.path=/home/yansendao/git/ArkTests/build/jt-work-singletest/classes/79/testsuite/java_test/thread_test/RT0025-rt-thread-ThreadgetDefaultUncaughtExceptionHandler1 \
        com.sun.javatest.regtest.agent.MainWrapper /home/yansendao/git/ArkTests/build/jt-work-singletest/testsuite/java_test/thread_test/RT0025-rt-thread-ThreadgetDefaultUncaughtExceptionHandler1/ThreadGetDefaultUncaughtExceptionHandler1.d/main.0.jta

TEST RESULT: Failed. Execution failed: `main' threw exception: java.lang.ArithmeticException: / by zero
--------------------------------------------------
TEST: testsuite/java_test/thread_test/RT0011-rt-thread-ThreadConstructors7/ThreadConstructors7.java
TEST RESULT: Passed. Execution successful
--------------------------------------------------
TEST: testsuite/java_test/thread_test/issue-RT0508-rt-Thread-JGFSyncBench/JGFSyncBench.java
TEST RESULT: Passed. Execution successful
--------------------------------------------------
TEST: testsuite/java_test/thread_test/RT0031-rt-thread-ThreadgetThreadGroup2/ThreadGetThreadGroup2.java
TEST RESULT: Passed. Execution successful
--------------------------------------------------
TEST: testsuite/java_test/thread_test/RT0043-rt-thread-ThreadRunnable/ThreadRunnable.java
TEST RESULT: Passed. Execution successful
--------------------------------------------------
TEST: testsuite/java_test/thread_test/RT0041-rt-thread-ThreadisDaemon1/ThreadIsDaemon1.java
TEST RESULT: Passed. Execution successful
--------------------------------------------------
TEST: testsuite/java_test/thread_test/RT0030-rt-thread-ThreadgetThreadGroup1/ThreadGetThreadGroup1.java
TEST RESULT: Passed. Execution successful
--------------------------------------------------
TEST: testsuite/java_test/thread_test/RT0034-rt-thread-ThreadgetUncaughtExceptionHandler3/ThreadGetUncaughtExceptionHandler3.java
TEST RESULT: Passed. Execution successful
--------------------------------------------------
TEST: testsuite/java_test/thread_test/RT0014-rt-thread-ThreadcurrentThread/ThreadCurrentThread.java
TEST RESULT: Passed. Execution successful
--------------------------------------------------
TEST: testsuite/java_test/thread_test/RT0058-rt-thread-ThreadStateinterrupt1/ThreadStateInterrupt1.java
TEST RESULT: Passed. Execution successful
--------------------------------------------------
TEST: testsuite/java_test/thread_test/RT0037-rt-thread-ThreadholdsLock3/ThreadHoldsLock3.java
TEST RESULT: Passed. Execution successful
--------------------------------------------------
TEST: testsuite/java_test/thread_test/RT0048-rt-thread-ThreadsetName1/ThreadSetName1.java
TEST RESULT: Passed. Execution successful
--------------------------------------------------
TEST: test/testsuite/ouroboros/thread_test/issue-RT0392-rt-Thread-Threadperformance1/ThreadPerformance1Test.java
TEST RESULT: Passed. Execution successful
--------------------------------------------------
TEST: testsuite/java_test/thread_test/RT0035-rt-thread-ThreadholdsLock1/ThreadHoldsLock1.java
TEST RESULT: Passed. Execution successful
--------------------------------------------------
TEST: testsuite/java_test/thread_test/RT0065-rt-thread-ThreadStatejoin15/ThreadStateJoin15.java
TEST RESULT: Passed. Execution successful
--------------------------------------------------
TEST: testsuite/java_test/thread_test/RT0064-rt-thread-ThreadStatejoin14/ThreadStateJoin14.java
TEST RESULT: Passed. Execution successful
--------------------------------------------------
TEST: testsuite/java_test/thread_test/RT0045-rt-thread-ThreadsetDaemon2/ThreadSetDaemon2.java
TEST RESULT: Passed. Execution successful
--------------------------------------------------
TEST: testsuite/java_test/thread_test/RT0052-rt-thread-ThreadsetPriority3/ThreadsSetPriority3.java
TEST RESULT: Passed. Execution successful
--------------------------------------------------
TEST: testsuite/java_test/thread_test/RT0038-rt-thread-ThreadisAlive1/ThreadIsAlive1.java
TEST RESULT: Passed. Execution successful
--------------------------------------------------
TEST: testsuite/java_test/thread_test/RT0054-rt-thread-ThreadsetPriority5/ThreadSetPriority5.java
TEST RESULT: Passed. Execution successful
--------------------------------------------------
TEST: testsuite/java_test/thread_test/RT0057-rt-thread-ThreadsetUncaughtExceptionHandler/ThreadSetUncaughtExceptionHandler.java
TEST RESULT: Passed. Execution successful
--------------------------------------------------
TEST: testsuite/java_test/thread_test/RT0060-rt-thread-ThreadStatejoin1/ThreadStateJoin1.java
TEST RESULT: Passed. Execution successful
--------------------------------------------------
TEST: testsuite/java_test/thread_test/RT0055-rt-thread-ThreadsetPriority6/ThreadSetPriority6.java
TEST RESULT: Passed. Execution successful
--------------------------------------------------
TEST: testsuite/java_test/thread_test/RT0036-rt-thread-ThreadholdsLock2/ThreadHoldsLock2.java
TEST RESULT: Passed. Execution successful
--------------------------------------------------
TEST: testsuite/java_test/thread_test/RT0053-rt-thread-ThreadsetPriority4/ThreadSetPriority4.java
TEST RESULT: Passed. Execution successful
--------------------------------------------------
TEST: testsuite/java_test/thread_test/RT0047-rt-thread-ThreadsetDefaultUncaughtExceptionHandler/ThreadSetDefaultUncaughtExceptionHandler.java
TEST JDK: /home/yansendao/JDK/binary/openjdk/jdk25u

ACTION: build -- Passed. Build successful
REASON: Named class compiled on demand
TIME:   1.986 seconds
messages:
command: build ThreadSetDefaultUncaughtExceptionHandler
reason: Named class compiled on demand
started: Mon Oct 27 15:02:16.688 UTC 2025
Test directory:
  compile: ThreadSetDefaultUncaughtExceptionHandler
finished: Mon Oct 27 15:02:18.674 UTC 2025
elapsed time (seconds): 1.986

ACTION: compile -- Passed. Compilation successful
REASON: .class file out of date or does not exist
TIME:   1.985 seconds
messages:
command: compile /home/yansendao/git/ArkTests/testsuite/java_test/thread_test/RT0047-rt-thread-ThreadsetDefaultUncaughtExceptionHandler/ThreadSetDefaultUncaughtExceptionHandler.java
reason: .class file out of date or does not exist
started: Mon Oct 27 15:02:16.689 UTC 2025
Mode: othervm
Process id: 639709
finished: Mon Oct 27 15:02:18.674 UTC 2025
elapsed time (seconds): 1.985
configuration:
javac compilation environment
  source path: /home/yansendao/git/ArkTests/testsuite/java_test/thread_test/RT0047-rt-thread-ThreadsetDefaultUncaughtExceptionHandler
  class path:  /home/yansendao/git/ArkTests/testsuite/java_test/thread_test/RT0047-rt-thread-ThreadsetDefaultUncaughtExceptionHandler
               /home/yansendao/git/ArkTests/build/jt-work-singletest/classes/64/testsuite/java_test/thread_test/RT0047-rt-thread-ThreadsetDefaultUncaughtExceptionHandler

rerun:
cd /home/yansendao/git/ArkTests/build/jt-work-singletest/scratch/3 && \
DBUS_SESSION_BUS_ADDRESS=unix:path=/run/user/998/bus \
DISPLAY=localhost:10.0 \
HOME=/home/yansendao \
JTREG_HOME=/home/yansendao/JDK/tools/jtreg/jtreg-8.1 \
LANG=en_US.UTF-8 \
PATH=/bin:/usr/bin:/usr/sbin \
XDG_DATA_DIRS=/usr/local/share:/usr/share:/var/lib/snapd/desktop \
XDG_RUNTIME_DIR=/run/user/998 \
XDG_SESSION_CLASS=user \
XDG_SESSION_ID=3019 \
XDG_SESSION_TYPE=tty \
    /home/yansendao/JDK/binary/openjdk/jdk25u/bin/javac \
        -J-Dtest.vm.opts= \
        -J-Dtest.tool.vm.opts= \
        -J-Dtest.compiler.opts= \
        -J-Dtest.java.opts= \
        -J-Dtest.jdk=/home/yansendao/JDK/binary/openjdk/jdk25u \
        -J-Dcompile.jdk=/home/yansendao/JDK/binary/openjdk/jdk25u \
        -J-Dtest.timeout.factor=1.0 \
        -J-Dtest.root=/home/yansendao/git/ArkTests \
        -J-Dtest.name=testsuite/java_test/thread_test/RT0047-rt-thread-ThreadsetDefaultUncaughtExceptionHandler/ThreadSetDefaultUncaughtExceptionHandler.java \
        -J-Dtest.verbose=Verbose[p=BRIEF,f=FULL,e=FULL,t=false,m=false] \
        -J-Dtest.file=/home/yansendao/git/ArkTests/testsuite/java_test/thread_test/RT0047-rt-thread-ThreadsetDefaultUncaughtExceptionHandler/ThreadSetDefaultUncaughtExceptionHandler.java \
        -J-Dtest.main.class=ThreadSetDefaultUncaughtExceptionHandler \
        -J-Dtest.src=/home/yansendao/git/ArkTests/testsuite/java_test/thread_test/RT0047-rt-thread-ThreadsetDefaultUncaughtExceptionHandler \
        -J-Dtest.src.path=/home/yansendao/git/ArkTests/testsuite/java_test/thread_test/RT0047-rt-thread-ThreadsetDefaultUncaughtExceptionHandler \
        -J-Dtest.classes=/home/yansendao/git/ArkTests/build/jt-work-singletest/classes/64/testsuite/java_test/thread_test/RT0047-rt-thread-ThreadsetDefaultUncaughtExceptionHandler \
        -J-Dtest.class.path=/home/yansendao/git/ArkTests/build/jt-work-singletest/classes/64/testsuite/java_test/thread_test/RT0047-rt-thread-ThreadsetDefaultUncaughtExceptionHandler \
        -d /home/yansendao/git/ArkTests/build/jt-work-singletest/classes/64/testsuite/java_test/thread_test/RT0047-rt-thread-ThreadsetDefaultUncaughtExceptionHandler \
        -sourcepath /home/yansendao/git/ArkTests/testsuite/java_test/thread_test/RT0047-rt-thread-ThreadsetDefaultUncaughtExceptionHandler \
        -classpath /home/yansendao/git/ArkTests/testsuite/java_test/thread_test/RT0047-rt-thread-ThreadsetDefaultUncaughtExceptionHandler:/home/yansendao/git/ArkTests/build/jt-work-singletest/classes/64/testsuite/java_test/thread_test/RT0047-rt-thread-ThreadsetDefaultUncaughtExceptionHandler /home/yansendao/git/ArkTests/testsuite/java_test/thread_test/RT0047-rt-thread-ThreadsetDefaultUncaughtExceptionHandler/ThreadSetDefaultUncaughtExceptionHandler.java
STDOUT:
STDERR:

ACTION: main -- Failed. Execution failed: `main' threw exception: java.lang.ArithmeticException: / by zero
REASON: Assumed action based on file name: run main ThreadSetDefaultUncaughtExceptionHandler 
TIME:   0.196 seconds
messages:
command: main ThreadSetDefaultUncaughtExceptionHandler
reason: Assumed action based on file name: run main ThreadSetDefaultUncaughtExceptionHandler 
started: Mon Oct 27 15:02:18.674 UTC 2025
Mode: othervm
Process id: 651107
finished: Mon Oct 27 15:02:18.870 UTC 2025
elapsed time (seconds): 0.196
configuration:
STDOUT:
STDERR:
java.lang.ArithmeticException: / by zero
	at ThreadSetDefaultUncaughtExceptionHandler.run(ThreadSetDefaultUncaughtExceptionHandler.java:22)
STATUS:Failed.`main' threw exception: java.lang.ArithmeticException: / by zero
java.lang.ArithmeticException: / by zero
	at ThreadSetDefaultUncaughtExceptionHandler.run(ThreadSetDefaultUncaughtExceptionHandler.java:22)
STATUS:Failed.`main' threw exception: java.lang.ArithmeticException: / by zero
rerun:
cd /home/yansendao/git/ArkTests/build/jt-work-singletest/scratch/3 && \
DBUS_SESSION_BUS_ADDRESS=unix:path=/run/user/998/bus \
DISPLAY=localhost:10.0 \
HOME=/home/yansendao \
JTREG_HOME=/home/yansendao/JDK/tools/jtreg/jtreg-8.1 \
LANG=en_US.UTF-8 \
PATH=/bin:/usr/bin:/usr/sbin \
XDG_DATA_DIRS=/usr/local/share:/usr/share:/var/lib/snapd/desktop \
XDG_RUNTIME_DIR=/run/user/998 \
XDG_SESSION_CLASS=user \
XDG_SESSION_ID=3019 \
XDG_SESSION_TYPE=tty \
CLASSPATH=/home/yansendao/git/ArkTests/build/jt-work-singletest/classes/64/testsuite/java_test/thread_test/RT0047-rt-thread-ThreadsetDefaultUncaughtExceptionHandler:/home/yansendao/git/ArkTests/testsuite/java_test/thread_test/RT0047-rt-thread-ThreadsetDefaultUncaughtExceptionHandler:/home/yansendao/JDK/tools/jtreg/jtreg-8.1/lib/javatest.jar:/home/yansendao/JDK/tools/jtreg/jtreg-8.1/lib/jtreg.jar \
    /home/yansendao/JDK/binary/openjdk/jdk25u/bin/java \
        -Dtest.vm.opts= \
        -Dtest.tool.vm.opts= \
        -Dtest.compiler.opts= \
        -Dtest.java.opts= \
        -Dtest.jdk=/home/yansendao/JDK/binary/openjdk/jdk25u \
        -Dcompile.jdk=/home/yansendao/JDK/binary/openjdk/jdk25u \
        -Dtest.timeout.factor=1.0 \
        -Dtest.root=/home/yansendao/git/ArkTests \
        -Dtest.name=testsuite/java_test/thread_test/RT0047-rt-thread-ThreadsetDefaultUncaughtExceptionHandler/ThreadSetDefaultUncaughtExceptionHandler.java \
        -Dtest.verbose=Verbose[p=BRIEF,f=FULL,e=FULL,t=false,m=false] \
        -Dtest.file=/home/yansendao/git/ArkTests/testsuite/java_test/thread_test/RT0047-rt-thread-ThreadsetDefaultUncaughtExceptionHandler/ThreadSetDefaultUncaughtExceptionHandler.java \
        -Dtest.main.class=ThreadSetDefaultUncaughtExceptionHandler \
        -Dtest.src=/home/yansendao/git/ArkTests/testsuite/java_test/thread_test/RT0047-rt-thread-ThreadsetDefaultUncaughtExceptionHandler \
        -Dtest.src.path=/home/yansendao/git/ArkTests/testsuite/java_test/thread_test/RT0047-rt-thread-ThreadsetDefaultUncaughtExceptionHandler \
        -Dtest.classes=/home/yansendao/git/ArkTests/build/jt-work-singletest/classes/64/testsuite/java_test/thread_test/RT0047-rt-thread-ThreadsetDefaultUncaughtExceptionHandler \
        -Dtest.class.path=/home/yansendao/git/ArkTests/build/jt-work-singletest/classes/64/testsuite/java_test/thread_test/RT0047-rt-thread-ThreadsetDefaultUncaughtExceptionHandler \
        com.sun.javatest.regtest.agent.MainWrapper /home/yansendao/git/ArkTests/build/jt-work-singletest/testsuite/java_test/thread_test/RT0047-rt-thread-ThreadsetDefaultUncaughtExceptionHandler/ThreadSetDefaultUncaughtExceptionHandler.d/main.0.jta

TEST RESULT: Failed. Execution failed: `main' threw exception: java.lang.ArithmeticException: / by zero
--------------------------------------------------
TEST: testsuite/java_test/thread_test/RT0049-rt-thread-ThreadsetName2/ThreadSetName2.java
TEST RESULT: Passed. Execution successful
--------------------------------------------------
TEST: testsuite/java_test/thread_test/RT0059-rt-thread-ThreadStateinterrupt2/ThreadStateInterrupt2.java
TEST RESULT: Passed. Execution successful
--------------------------------------------------
TEST: testsuite/java_test/thread_test/RT0046-rt-thread-ThreadsetDaemon3/ThreadSetDaemon3.java
TEST RESULT: Passed. Execution successful
--------------------------------------------------
TEST: testsuite/java_test/thread_test/RT0051-rt-thread-ThreadsetPriority2/ThreadSetPriority2.java
TEST RESULT: Passed. Execution successful
--------------------------------------------------
TEST: testsuite/java_test/thread_test/RT0050-rt-thread-ThreadsetPriority1/ThreadSetPriority1.java
TEST RESULT: Passed. Execution successful
--------------------------------------------------
TEST: testsuite/java_test/thread_test/RT0056-rt-thread-ThreadsetPriority7/ThreadSetPriority7.java
TEST RESULT: Passed. Execution successful
--------------------------------------------------
TEST: testsuite/java_test/thread_test/RT0109-rt-thread-Basic/Basic.java
TEST JDK: /home/yansendao/JDK/binary/openjdk/jdk25u

ACTION: build -- Failed. Compilation failed: Compilation failed
REASON: Named class compiled on demand
TIME:   0.842 seconds
messages:
command: build Basic
reason: Named class compiled on demand
started: Mon Oct 27 15:02:18.304 UTC 2025
Test directory:
  compile: Basic
finished: Mon Oct 27 15:02:19.146 UTC 2025
elapsed time (seconds): 0.842

ACTION: compile -- Failed. Compilation failed: Compilation failed
REASON: .class file out of date or does not exist
TIME:   0.842 seconds
messages:
command: compile /home/yansendao/git/ArkTests/testsuite/java_test/thread_test/RT0109-rt-thread-Basic/Basic.java
reason: .class file out of date or does not exist
started: Mon Oct 27 15:02:18.304 UTC 2025
Mode: othervm
Process id: 648112
finished: Mon Oct 27 15:02:19.146 UTC 2025
elapsed time (seconds): 0.842
configuration:
javac compilation environment
  source path: /home/yansendao/git/ArkTests/testsuite/java_test/thread_test/RT0109-rt-thread-Basic
  class path:  /home/yansendao/git/ArkTests/testsuite/java_test/thread_test/RT0109-rt-thread-Basic
               /home/yansendao/git/ArkTests/build/jt-work-singletest/classes/47/testsuite/java_test/thread_test/RT0109-rt-thread-Basic

rerun:
cd /home/yansendao/git/ArkTests/build/jt-work-singletest/scratch/11 && \
DBUS_SESSION_BUS_ADDRESS=unix:path=/run/user/998/bus \
DISPLAY=localhost:10.0 \
HOME=/home/yansendao \
JTREG_HOME=/home/yansendao/JDK/tools/jtreg/jtreg-8.1 \
LANG=en_US.UTF-8 \
PATH=/bin:/usr/bin:/usr/sbin \
XDG_DATA_DIRS=/usr/local/share:/usr/share:/var/lib/snapd/desktop \
XDG_RUNTIME_DIR=/run/user/998 \
XDG_SESSION_CLASS=user \
XDG_SESSION_ID=3019 \
XDG_SESSION_TYPE=tty \
    /home/yansendao/JDK/binary/openjdk/jdk25u/bin/javac \
        -J-Dtest.vm.opts= \
        -J-Dtest.tool.vm.opts= \
        -J-Dtest.compiler.opts= \
        -J-Dtest.java.opts= \
        -J-Dtest.jdk=/home/yansendao/JDK/binary/openjdk/jdk25u \
        -J-Dcompile.jdk=/home/yansendao/JDK/binary/openjdk/jdk25u \
        -J-Dtest.timeout.factor=1.0 \
        -J-Dtest.root=/home/yansendao/git/ArkTests \
        -J-Dtest.name=testsuite/java_test/thread_test/RT0109-rt-thread-Basic/Basic.java \
        -J-Dtest.verbose=Verbose[p=BRIEF,f=FULL,e=FULL,t=false,m=false] \
        -J-Dtest.file=/home/yansendao/git/ArkTests/testsuite/java_test/thread_test/RT0109-rt-thread-Basic/Basic.java \
        -J-Dtest.main.class=Basic \
        -J-Dtest.src=/home/yansendao/git/ArkTests/testsuite/java_test/thread_test/RT0109-rt-thread-Basic \
        -J-Dtest.src.path=/home/yansendao/git/ArkTests/testsuite/java_test/thread_test/RT0109-rt-thread-Basic \
        -J-Dtest.classes=/home/yansendao/git/ArkTests/build/jt-work-singletest/classes/47/testsuite/java_test/thread_test/RT0109-rt-thread-Basic \
        -J-Dtest.class.path=/home/yansendao/git/ArkTests/build/jt-work-singletest/classes/47/testsuite/java_test/thread_test/RT0109-rt-thread-Basic \
        -d /home/yansendao/git/ArkTests/build/jt-work-singletest/classes/47/testsuite/java_test/thread_test/RT0109-rt-thread-Basic \
        -sourcepath /home/yansendao/git/ArkTests/testsuite/java_test/thread_test/RT0109-rt-thread-Basic \
        -classpath /home/yansendao/git/ArkTests/testsuite/java_test/thread_test/RT0109-rt-thread-Basic:/home/yansendao/git/ArkTests/build/jt-work-singletest/classes/47/testsuite/java_test/thread_test/RT0109-rt-thread-Basic /home/yansendao/git/ArkTests/testsuite/java_test/thread_test/RT0109-rt-thread-Basic/Basic.java
STDOUT:
STDERR:
/home/yansendao/git/ArkTests/testsuite/java_test/thread_test/RT0109-rt-thread-Basic/Basic.java:35: error: invalid use of a restricted identifier 'yield'
                        yield();
                        ^
  (to invoke a method called yield, qualify the yield with a receiver or type name)
1 error

TEST RESULT: Failed. Compilation failed: Compilation failed
--------------------------------------------------
TEST: testsuite/java_test/thread_test/RT0077-rt-thread-ThreadStatenotifyAll2/ThreadStateNotifyAll2.java
TEST RESULT: Passed. Execution successful
--------------------------------------------------
TEST: testsuite/java_test/thread_test/RT0071-rt-thread-ThreadStatejoin7/ThreadStateJoin7.java
TEST RESULT: Passed. Execution successful
--------------------------------------------------
TEST: testsuite/java_test/thread_test/RT0075-rt-thread-ThreadStatenotify2/ThreadStateNotify2.java
TEST RESULT: Passed. Execution successful
--------------------------------------------------
TEST: testsuite/java_test/thread_test/RT0022-rt-thread-Threadenumerate/ThreadEnumerate.java
TEST RESULT: Passed. Execution successful
--------------------------------------------------
TEST: testsuite/java_test/thread_test/RT0079-rt-thread-ThreadStatesleep2/ThreadStateSleep2.java
TEST RESULT: Passed. Execution successful
--------------------------------------------------
TEST: testsuite/java_test/thread_test/RT0082-rt-thread-ThreadStatesleep5/ThreadStateSleep5.java
TEST RESULT: Passed. Execution successful
--------------------------------------------------
TEST: testsuite/java_test/thread_test/RT0083-rt-thread-ThreadStatesleep6/ThreadStateSleep6.java
TEST RESULT: Passed. Execution successful
--------------------------------------------------
TEST: testsuite/java_test/thread_test/RT0084-rt-thread-ThreadStatestart1/ThreadStateStart1.java
TEST RESULT: Passed. Execution successful
--------------------------------------------------
TEST: testsuite/java_test/thread_test/RT0066-rt-thread-ThreadStatejoin2/ThreadStateJoin2.java
TEST RESULT: Passed. Execution successful
--------------------------------------------------
TEST: testsuite/java_test/thread_test/RT0063-rt-thread-ThreadStatejoin13/ThreadStateJoin13.java
TEST RESULT: Passed. Execution successful
--------------------------------------------------
TEST: testsuite/java_test/thread_test/RT0088-rt-thread-ThreadStatewait3/ThreadStateWait3.java
TEST RESULT: Passed. Execution successful
--------------------------------------------------
TEST: testsuite/java_test/thread_test/RT0085-rt-thread-ThreadStatestart2/ThreadStateStart2.java
TEST RESULT: Passed. Execution successful
--------------------------------------------------
TEST: testsuite/java_test/thread_test/RT0080-rt-thread-ThreadStatesleep3/ThreadStateSleep3.java
TEST RESULT: Passed. Execution successful
--------------------------------------------------
TEST: testsuite/java_test/thread_test/RT0089-rt-thread-ThreadStatewait4/ThreadStateWait4.java
TEST RESULT: Passed. Execution successful
--------------------------------------------------
TEST: testsuite/java_test/thread_test/RT0073-rt-thread-ThreadStatejoin9/ThreadStateJoin9.java
TEST RESULT: Passed. Execution successful
--------------------------------------------------
TEST: testsuite/java_test/thread_test/RT0069-rt-thread-ThreadStatejoin5/ThreadStateJoin5.java
TEST RESULT: Passed. Execution successful
--------------------------------------------------
TEST: testsuite/java_test/thread_test/RT0087-rt-thread-ThreadStatewait2/ThreadStateWait2.java
TEST RESULT: Passed. Execution successful
--------------------------------------------------
TEST: testsuite/java_test/thread_test/RT0068-rt-thread-ThreadStatejoin4/ThreadStateJoin4.java
TEST RESULT: Passed. Execution successful
--------------------------------------------------
TEST: testsuite/java_test/thread_test/RT0093-rt-thread-ThreadStatewait8/ThreadStateWait8.java
TEST RESULT: Passed. Execution successful
--------------------------------------------------
TEST: testsuite/java_test/thread_test/RT0091-rt-thread-ThreadStatewait6/ThreadStateWait6.java
TEST RESULT: Passed. Execution successful
--------------------------------------------------
TEST: testsuite/java_test/thread_test/RT0090-rt-thread-ThreadStatewait5/ThreadStateWait5.java
TEST RESULT: Passed. Execution successful
--------------------------------------------------
TEST: testsuite/java_test/rc_test/RC0288-rc-function-ROSAlloc-Alloc_Thread_B256x8B/Alloc_Thread_B256x8B.java
TEST RESULT: Passed. Execution successful
--------------------------------------------------
TEST: testsuite/java_test/thread_test/RT0086-rt-thread-ThreadStatewait1/ThreadStateWait1.java
TEST RESULT: Passed. Execution successful
--------------------------------------------------
TEST: testsuite/java_test/thread_test/RT0070-rt-thread-ThreadStatejoin6/ThreadStateJoin6.java
TEST RESULT: Passed. Execution successful
--------------------------------------------------
TEST: testsuite/java_test/thread_test/RT0101-rt-thread-ThreadTest25/ThreadTest.java
TEST RESULT: Passed. Execution successful
--------------------------------------------------
TEST: testsuite/java_test/thread_test/RT0120-rt-thread-ThreadTest3/ThreadTest.java
TEST RESULT: Passed. Execution successful
--------------------------------------------------
TEST: testsuite/java_test/thread_test/RT0113-rt-thread-ImmutableLocal/ImmutableLocal.java
TEST RESULT: Passed. Execution successful
--------------------------------------------------
TEST: testsuite/java_test/thread_test/RT0095-rt-thread-ThreadtoString/ThreadToString.java
TEST RESULT: Passed. Execution successful
--------------------------------------------------
TEST: testsuite/java_test/thread_test/RT0128-rt-thread-ThreadTest16/ThreadTest.java
TEST JDK: /home/yansendao/JDK/binary/openjdk/jdk25u

ACTION: build -- Failed. Compilation failed: Compilation failed
REASON: Named class compiled on demand
TIME:   1.04 seconds
messages:
command: build ThreadTest
reason: Named class compiled on demand
started: Mon Oct 27 15:02:18.659 UTC 2025
Test directory:
  compile: ThreadTest
finished: Mon Oct 27 15:02:19.699 UTC 2025
elapsed time (seconds): 1.04

ACTION: compile -- Failed. Compilation failed: Compilation failed
REASON: .class file out of date or does not exist
TIME:   1.04 seconds
messages:
command: compile /home/yansendao/git/ArkTests/testsuite/java_test/thread_test/RT0128-rt-thread-ThreadTest16/ThreadTest.java
reason: .class file out of date or does not exist
started: Mon Oct 27 15:02:18.659 UTC 2025
Mode: othervm
Process id: 650779
finished: Mon Oct 27 15:02:19.699 UTC 2025
elapsed time (seconds): 1.04
configuration:
javac compilation environment
  source path: /home/yansendao/git/ArkTests/testsuite/java_test/thread_test/RT0128-rt-thread-ThreadTest16
  class path:  /home/yansendao/git/ArkTests/testsuite/java_test/thread_test/RT0128-rt-thread-ThreadTest16
               /home/yansendao/git/ArkTests/build/jt-work-singletest/classes/62/testsuite/java_test/thread_test/RT0128-rt-thread-ThreadTest16

rerun:
cd /home/yansendao/git/ArkTests/build/jt-work-singletest/scratch/9 && \
DBUS_SESSION_BUS_ADDRESS=unix:path=/run/user/998/bus \
DISPLAY=localhost:10.0 \
HOME=/home/yansendao \
JTREG_HOME=/home/yansendao/JDK/tools/jtreg/jtreg-8.1 \
LANG=en_US.UTF-8 \
PATH=/bin:/usr/bin:/usr/sbin \
XDG_DATA_DIRS=/usr/local/share:/usr/share:/var/lib/snapd/desktop \
XDG_RUNTIME_DIR=/run/user/998 \
XDG_SESSION_CLASS=user \
XDG_SESSION_ID=3019 \
XDG_SESSION_TYPE=tty \
    /home/yansendao/JDK/binary/openjdk/jdk25u/bin/javac \
        -J-Dtest.vm.opts= \
        -J-Dtest.tool.vm.opts= \
        -J-Dtest.compiler.opts= \
        -J-Dtest.java.opts= \
        -J-Dtest.jdk=/home/yansendao/JDK/binary/openjdk/jdk25u \
        -J-Dcompile.jdk=/home/yansendao/JDK/binary/openjdk/jdk25u \
        -J-Dtest.timeout.factor=1.0 \
        -J-Dtest.root=/home/yansendao/git/ArkTests \
        -J-Dtest.name=testsuite/java_test/thread_test/RT0128-rt-thread-ThreadTest16/ThreadTest.java \
        -J-Dtest.verbose=Verbose[p=BRIEF,f=FULL,e=FULL,t=false,m=false] \
        -J-Dtest.file=/home/yansendao/git/ArkTests/testsuite/java_test/thread_test/RT0128-rt-thread-ThreadTest16/ThreadTest.java \
        -J-Dtest.main.class=ThreadTest \
        -J-Dtest.src=/home/yansendao/git/ArkTests/testsuite/java_test/thread_test/RT0128-rt-thread-ThreadTest16 \
        -J-Dtest.src.path=/home/yansendao/git/ArkTests/testsuite/java_test/thread_test/RT0128-rt-thread-ThreadTest16 \
        -J-Dtest.classes=/home/yansendao/git/ArkTests/build/jt-work-singletest/classes/62/testsuite/java_test/thread_test/RT0128-rt-thread-ThreadTest16 \
        -J-Dtest.class.path=/home/yansendao/git/ArkTests/build/jt-work-singletest/classes/62/testsuite/java_test/thread_test/RT0128-rt-thread-ThreadTest16 \
        -d /home/yansendao/git/ArkTests/build/jt-work-singletest/classes/62/testsuite/java_test/thread_test/RT0128-rt-thread-ThreadTest16 \
        -sourcepath /home/yansendao/git/ArkTests/testsuite/java_test/thread_test/RT0128-rt-thread-ThreadTest16 \
        -classpath /home/yansendao/git/ArkTests/testsuite/java_test/thread_test/RT0128-rt-thread-ThreadTest16:/home/yansendao/git/ArkTests/build/jt-work-singletest/classes/62/testsuite/java_test/thread_test/RT0128-rt-thread-ThreadTest16 /home/yansendao/git/ArkTests/testsuite/java_test/thread_test/RT0128-rt-thread-ThreadTest16/ThreadTest.java
STDOUT:
STDERR:
/home/yansendao/git/ArkTests/testsuite/java_test/thread_test/RT0128-rt-thread-ThreadTest16/ThreadTest.java:20: error: invalid use of a restricted identifier 'yield'
            yield();
            ^
  (to invoke a method called yield, qualify the yield with a receiver or type name)
1 error

TEST RESULT: Failed. Compilation failed: Compilation failed
--------------------------------------------------
TEST: testsuite/java_test/thread_test/RT0119-rt-thread-ThreadTest15/ThreadTest.java
TEST RESULT: Passed. Execution successful
--------------------------------------------------
TEST: testsuite/java_test/thread_test/RT0114-rt-thread-ThreadTest24/ThreadTest_24.java
TEST JDK: /home/yansendao/JDK/binary/openjdk/jdk25u

ACTION: build -- Passed. Build successful
REASON: Named class compiled on demand
TIME:   1.256 seconds
messages:
command: build ThreadTest_24
reason: Named class compiled on demand
started: Mon Oct 27 15:02:18.356 UTC 2025
Test directory:
  compile: ThreadTest_24
finished: Mon Oct 27 15:02:19.612 UTC 2025
elapsed time (seconds): 1.256

ACTION: compile -- Passed. Compilation successful
REASON: .class file out of date or does not exist
TIME:   1.256 seconds
messages:
command: compile /home/yansendao/git/ArkTests/testsuite/java_test/thread_test/RT0114-rt-thread-ThreadTest24/ThreadTest_24.java
reason: .class file out of date or does not exist
started: Mon Oct 27 15:02:18.356 UTC 2025
Mode: othervm
Process id: 648432
finished: Mon Oct 27 15:02:19.612 UTC 2025
elapsed time (seconds): 1.256
configuration:
javac compilation environment
  source path: /home/yansendao/git/ArkTests/testsuite/java_test/thread_test/RT0114-rt-thread-ThreadTest24
  class path:  /home/yansendao/git/ArkTests/testsuite/java_test/thread_test/RT0114-rt-thread-ThreadTest24
               /home/yansendao/git/ArkTests/build/jt-work-singletest/classes/70/testsuite/java_test/thread_test/RT0114-rt-thread-ThreadTest24

rerun:
cd /home/yansendao/git/ArkTests/build/jt-work-singletest/scratch/60 && \
DBUS_SESSION_BUS_ADDRESS=unix:path=/run/user/998/bus \
DISPLAY=localhost:10.0 \
HOME=/home/yansendao \
JTREG_HOME=/home/yansendao/JDK/tools/jtreg/jtreg-8.1 \
LANG=en_US.UTF-8 \
PATH=/bin:/usr/bin:/usr/sbin \
XDG_DATA_DIRS=/usr/local/share:/usr/share:/var/lib/snapd/desktop \
XDG_RUNTIME_DIR=/run/user/998 \
XDG_SESSION_CLASS=user \
XDG_SESSION_ID=3019 \
XDG_SESSION_TYPE=tty \
    /home/yansendao/JDK/binary/openjdk/jdk25u/bin/javac \
        -J-Dtest.vm.opts= \
        -J-Dtest.tool.vm.opts= \
        -J-Dtest.compiler.opts= \
        -J-Dtest.java.opts= \
        -J-Dtest.jdk=/home/yansendao/JDK/binary/openjdk/jdk25u \
        -J-Dcompile.jdk=/home/yansendao/JDK/binary/openjdk/jdk25u \
        -J-Dtest.timeout.factor=1.0 \
        -J-Dtest.root=/home/yansendao/git/ArkTests \
        -J-Dtest.name=testsuite/java_test/thread_test/RT0114-rt-thread-ThreadTest24/ThreadTest_24.java \
        -J-Dtest.verbose=Verbose[p=BRIEF,f=FULL,e=FULL,t=false,m=false] \
        -J-Dtest.file=/home/yansendao/git/ArkTests/testsuite/java_test/thread_test/RT0114-rt-thread-ThreadTest24/ThreadTest_24.java \
        -J-Dtest.main.class=ThreadTest_24 \
        -J-Dtest.src=/home/yansendao/git/ArkTests/testsuite/java_test/thread_test/RT0114-rt-thread-ThreadTest24 \
        -J-Dtest.src.path=/home/yansendao/git/ArkTests/testsuite/java_test/thread_test/RT0114-rt-thread-ThreadTest24 \
        -J-Dtest.classes=/home/yansendao/git/ArkTests/build/jt-work-singletest/classes/70/testsuite/java_test/thread_test/RT0114-rt-thread-ThreadTest24 \
        -J-Dtest.class.path=/home/yansendao/git/ArkTests/build/jt-work-singletest/classes/70/testsuite/java_test/thread_test/RT0114-rt-thread-ThreadTest24 \
        -d /home/yansendao/git/ArkTests/build/jt-work-singletest/classes/70/testsuite/java_test/thread_test/RT0114-rt-thread-ThreadTest24 \
        -sourcepath /home/yansendao/git/ArkTests/testsuite/java_test/thread_test/RT0114-rt-thread-ThreadTest24 \
        -classpath /home/yansendao/git/ArkTests/testsuite/java_test/thread_test/RT0114-rt-thread-ThreadTest24:/home/yansendao/git/ArkTests/build/jt-work-singletest/classes/70/testsuite/java_test/thread_test/RT0114-rt-thread-ThreadTest24 /home/yansendao/git/ArkTests/testsuite/java_test/thread_test/RT0114-rt-thread-ThreadTest24/ThreadTest_24.java
STDOUT:
STDERR:

ACTION: main -- Error. java.lang.IllegalAccessException: class com.sun.javatest.regtest.agent.MainWrapper$MainTask cannot access a member of class ThreadTest_24 with modifiers "public static"
REASON: Assumed action based on file name: run main ThreadTest_24 
TIME:   0.118 seconds
messages:
command: main ThreadTest_24
reason: Assumed action based on file name: run main ThreadTest_24 
started: Mon Oct 27 15:02:19.612 UTC 2025
Mode: othervm
Process id: 660053
finished: Mon Oct 27 15:02:19.730 UTC 2025
elapsed time (seconds): 0.118
configuration:
STDOUT:
STDERR:
java.lang.IllegalAccessException: class com.sun.javatest.regtest.agent.MainWrapper$MainTask cannot access a member of class ThreadTest_24 with modifiers "public static"
	at java.base/jdk.internal.reflect.Reflection.newIllegalAccessException(Reflection.java:400)
	at java.base/java.lang.reflect.AccessibleObject.checkAccess(AccessibleObject.java:670)
	at java.base/java.lang.reflect.Method.invoke(Method.java:556)
	at com.sun.javatest.regtest.agent.MainWrapper$MainTask.run(MainWrapper.java:138)
	at java.base/java.lang.Thread.run(Thread.java:1474)

JavaTest Message: Verify that the class defining the test is
JavaTest Message: declared public (test invoked via reflection)

STATUS:Error.java.lang.IllegalAccessException: class com.sun.javatest.regtest.agent.MainWrapper$MainTask cannot access a member of class ThreadTest_24 with modifiers "public static"
rerun:
cd /home/yansendao/git/ArkTests/build/jt-work-singletest/scratch/60 && \
DBUS_SESSION_BUS_ADDRESS=unix:path=/run/user/998/bus \
DISPLAY=localhost:10.0 \
HOME=/home/yansendao \
JTREG_HOME=/home/yansendao/JDK/tools/jtreg/jtreg-8.1 \
LANG=en_US.UTF-8 \
PATH=/bin:/usr/bin:/usr/sbin \
XDG_DATA_DIRS=/usr/local/share:/usr/share:/var/lib/snapd/desktop \
XDG_RUNTIME_DIR=/run/user/998 \
XDG_SESSION_CLASS=user \
XDG_SESSION_ID=3019 \
XDG_SESSION_TYPE=tty \
CLASSPATH=/home/yansendao/git/ArkTests/build/jt-work-singletest/classes/70/testsuite/java_test/thread_test/RT0114-rt-thread-ThreadTest24:/home/yansendao/git/ArkTests/testsuite/java_test/thread_test/RT0114-rt-thread-ThreadTest24:/home/yansendao/JDK/tools/jtreg/jtreg-8.1/lib/javatest.jar:/home/yansendao/JDK/tools/jtreg/jtreg-8.1/lib/jtreg.jar \
    /home/yansendao/JDK/binary/openjdk/jdk25u/bin/java \
        -Dtest.vm.opts= \
        -Dtest.tool.vm.opts= \
        -Dtest.compiler.opts= \
        -Dtest.java.opts= \
        -Dtest.jdk=/home/yansendao/JDK/binary/openjdk/jdk25u \
        -Dcompile.jdk=/home/yansendao/JDK/binary/openjdk/jdk25u \
        -Dtest.timeout.factor=1.0 \
        -Dtest.root=/home/yansendao/git/ArkTests \
        -Dtest.name=testsuite/java_test/thread_test/RT0114-rt-thread-ThreadTest24/ThreadTest_24.java \
        -Dtest.verbose=Verbose[p=BRIEF,f=FULL,e=FULL,t=false,m=false] \
        -Dtest.file=/home/yansendao/git/ArkTests/testsuite/java_test/thread_test/RT0114-rt-thread-ThreadTest24/ThreadTest_24.java \
        -Dtest.main.class=ThreadTest_24 \
        -Dtest.src=/home/yansendao/git/ArkTests/testsuite/java_test/thread_test/RT0114-rt-thread-ThreadTest24 \
        -Dtest.src.path=/home/yansendao/git/ArkTests/testsuite/java_test/thread_test/RT0114-rt-thread-ThreadTest24 \
        -Dtest.classes=/home/yansendao/git/ArkTests/build/jt-work-singletest/classes/70/testsuite/java_test/thread_test/RT0114-rt-thread-ThreadTest24 \
        -Dtest.class.path=/home/yansendao/git/ArkTests/build/jt-work-singletest/classes/70/testsuite/java_test/thread_test/RT0114-rt-thread-ThreadTest24 \
        com.sun.javatest.regtest.agent.MainWrapper /home/yansendao/git/ArkTests/build/jt-work-singletest/testsuite/java_test/thread_test/RT0114-rt-thread-ThreadTest24/ThreadTest_24.d/main.0.jta

TEST RESULT: Error. java.lang.IllegalAccessException: class com.sun.javatest.regtest.agent.MainWrapper$MainTask cannot access a member of class ThreadTest_24 with modifiers "public static"
--------------------------------------------------
TEST: testsuite/java_test/thread_test/RT0062-rt-thread-ThreadStatejoin12/ThreadStateJoin12.java
TEST RESULT: Passed. Execution successful
--------------------------------------------------
TEST: testsuite/java_test/thread_test/RT0107-rt-thread-ThreadTest39/ThreadTest.java
TEST RESULT: Passed. Execution successful
--------------------------------------------------
TEST: testsuite/java_test/thread_test/RT0115-rt-thread-ThreadTest13/ThreadTest_13.java
TEST RESULT: Passed. Execution successful
--------------------------------------------------
TEST: testsuite/java_test/thread_test/RT0099-rt-thread-ThreadTest21/ThreadTest.java
TEST RESULT: Passed. Execution successful
--------------------------------------------------
TEST: testsuite/java_test/thread_test/RT0067-rt-thread-ThreadStatejoin3/ThreadStateJoin3.java
TEST RESULT: Passed. Execution successful
--------------------------------------------------
TEST: testsuite/java_test/thread_test/RT0111-rt-thread-ThreadTest6/ThreadTest.java
TEST RESULT: Passed. Execution successful
--------------------------------------------------
TEST: testsuite/java_test/thread_test/RT0102-rt-thread-ThreadTest9/ThreadTest.java
TEST RESULT: Passed. Execution successful
--------------------------------------------------
TEST: testsuite/java_test/thread_test/RT0116-rt-thread-NullThreadName/NullThreadName.java
TEST RESULT: Passed. Execution successful
--------------------------------------------------
TEST: testsuite/java_test/thread_test/RT0108-rt-thread-HoldsLock/HoldsLock.java
TEST RESULT: Passed. Execution successful
--------------------------------------------------
TEST: testsuite/java_test/thread_test/RT0098-rt-thread-ThreadTest11/ThreadTest.java
TEST RESULT: Passed. Execution successful
--------------------------------------------------
TEST: testsuite/java_test/thread_test/RT0074-rt-thread-ThreadStatenotify1/ThreadStateNotify1.java
TEST RESULT: Passed. Execution successful
--------------------------------------------------
TEST: testsuite/java_test/thread_test/RT0097-rt-thread-ThreadTest31/ThreadTest.java
TEST RESULT: Passed. Execution successful
--------------------------------------------------
TEST: testsuite/java_test/thread_test/RT0061-rt-thread-ThreadStatejoin11/ThreadStateJoin11.java
TEST RESULT: Passed. Execution successful
--------------------------------------------------
TEST: testsuite/java_test/thread_test/RT0125-rt-thread-ThreadTest26/ThreadTest.java
TEST RESULT: Passed. Execution successful
--------------------------------------------------
TEST: testsuite/java_test/thread_test/RT0132-rt-thread-ThreadTest17/ThreadTest.java
TEST RESULT: Passed. Execution successful
--------------------------------------------------
TEST: testsuite/java_test/thread_test/RT0123-rt-thread-ThreadTest7/ThreadTest.java
TEST RESULT: Passed. Execution successful
--------------------------------------------------
TEST: testsuite/java_test/thread_test/RT0134-rt-thread-ThreadTest27/ThreadTest.java
TEST RESULT: Passed. Execution successful
--------------------------------------------------
TEST: testsuite/java_test/thread_test/RT0117-rt-thread-ThreadTest36/ThreadTest.java
TEST RESULT: Passed. Execution successful
--------------------------------------------------
TEST: testsuite/java_test/thread_test/RT0143-rt-thread-Daemon/Daemon.java
TEST RESULT: Passed. Execution successful
--------------------------------------------------
TEST: testsuite/java_test/thread_test/RT0103-rt-thread-ThreadTest8/ThreadTest.java
TEST RESULT: Passed. Execution successful
--------------------------------------------------
TEST: testsuite/java_test/thread_test/RT0072-rt-thread-ThreadStatejoin8/ThreadStateJoin8.java
TEST RESULT: Passed. Execution successful
--------------------------------------------------
TEST: testsuite/java_test/thread_test/RT0078-rt-thread-ThreadStatesleep1/ThreadStateSleep1.java
TEST RESULT: Passed. Execution successful
--------------------------------------------------
TEST: testsuite/java_test/thread_test/RT0133-rt-thread-ThreadTest33/ThreadTest.java
TEST RESULT: Passed. Execution successful
--------------------------------------------------
TEST: testsuite/java_test/thread_test/RT0081-rt-thread-ThreadStatesleep4/ThreadStateSleep4.java
TEST RESULT: Passed. Execution successful
--------------------------------------------------
TEST: testsuite/java_test/thread_test/RT0141-rt-thread-ThreadTest35/ThreadTest.java
TEST RESULT: Passed. Execution successful
--------------------------------------------------
TEST: testsuite/java_test/thread_test/RT0076-rt-thread-ThreadStatenotifyAll1/ThreadStateNotifyAll1.java
TEST RESULT: Passed. Execution successful
--------------------------------------------------
TEST: testsuite/java_test/thread_test/RT0092-rt-thread-ThreadStatewait7/ThreadStateWait7.java
TEST RESULT: Passed. Execution successful
--------------------------------------------------
TEST: testsuite/java_test/thread_test/RT0142-rt-thread-ThreadTest5/ThreadTest.java
TEST RESULT: Passed. Execution successful
--------------------------------------------------
TEST: testsuite/java_test/thread_test/RT0159-rt-thread-ThreadGroupallowThreadSuspension/ThreadGroupAllowThreadSuspensionTest.java
TEST JDK: /home/yansendao/JDK/binary/openjdk/jdk25u

ACTION: build -- Failed. Compilation failed: Compilation failed
REASON: Named class compiled on demand
TIME:   1.254 seconds
messages:
command: build ThreadGroupAllowThreadSuspensionTest
reason: Named class compiled on demand
started: Mon Oct 27 15:02:19.416 UTC 2025
Test directory:
  compile: ThreadGroupAllowThreadSuspensionTest
finished: Mon Oct 27 15:02:20.670 UTC 2025
elapsed time (seconds): 1.254

ACTION: compile -- Failed. Compilation failed: Compilation failed
REASON: .class file out of date or does not exist
TIME:   1.254 seconds
messages:
command: compile /home/yansendao/git/ArkTests/testsuite/java_test/thread_test/RT0159-rt-thread-ThreadGroupallowThreadSuspension/ThreadGroupAllowThreadSuspensionTest.java
reason: .class file out of date or does not exist
started: Mon Oct 27 15:02:19.416 UTC 2025
Mode: othervm
Process id: 658535
finished: Mon Oct 27 15:02:20.670 UTC 2025
elapsed time (seconds): 1.254
configuration:
javac compilation environment
  source path: /home/yansendao/git/ArkTests/testsuite/java_test/thread_test/RT0159-rt-thread-ThreadGroupallowThreadSuspension
  class path:  /home/yansendao/git/ArkTests/testsuite/java_test/thread_test/RT0159-rt-thread-ThreadGroupallowThreadSuspension
               /home/yansendao/git/ArkTests/build/jt-work-singletest/classes/42/testsuite/java_test/thread_test/RT0159-rt-thread-ThreadGroupallowThreadSuspension

rerun:
cd /home/yansendao/git/ArkTests/build/jt-work-singletest/scratch/63 && \
DBUS_SESSION_BUS_ADDRESS=unix:path=/run/user/998/bus \
DISPLAY=localhost:10.0 \
HOME=/home/yansendao \
JTREG_HOME=/home/yansendao/JDK/tools/jtreg/jtreg-8.1 \
LANG=en_US.UTF-8 \
PATH=/bin:/usr/bin:/usr/sbin \
XDG_DATA_DIRS=/usr/local/share:/usr/share:/var/lib/snapd/desktop \
XDG_RUNTIME_DIR=/run/user/998 \
XDG_SESSION_CLASS=user \
XDG_SESSION_ID=3019 \
XDG_SESSION_TYPE=tty \
    /home/yansendao/JDK/binary/openjdk/jdk25u/bin/javac \
        -J-Dtest.vm.opts= \
        -J-Dtest.tool.vm.opts= \
        -J-Dtest.compiler.opts= \
        -J-Dtest.java.opts= \
        -J-Dtest.jdk=/home/yansendao/JDK/binary/openjdk/jdk25u \
        -J-Dcompile.jdk=/home/yansendao/JDK/binary/openjdk/jdk25u \
        -J-Dtest.timeout.factor=1.0 \
        -J-Dtest.root=/home/yansendao/git/ArkTests \
        -J-Dtest.name=testsuite/java_test/thread_test/RT0159-rt-thread-ThreadGroupallowThreadSuspension/ThreadGroupAllowThreadSuspensionTest.java \
        -J-Dtest.verbose=Verbose[p=BRIEF,f=FULL,e=FULL,t=false,m=false] \
        -J-Dtest.file=/home/yansendao/git/ArkTests/testsuite/java_test/thread_test/RT0159-rt-thread-ThreadGroupallowThreadSuspension/ThreadGroupAllowThreadSuspensionTest.java \
        -J-Dtest.main.class=ThreadGroupAllowThreadSuspensionTest \
        -J-Dtest.src=/home/yansendao/git/ArkTests/testsuite/java_test/thread_test/RT0159-rt-thread-ThreadGroupallowThreadSuspension \
        -J-Dtest.src.path=/home/yansendao/git/ArkTests/testsuite/java_test/thread_test/RT0159-rt-thread-ThreadGroupallowThreadSuspension \
        -J-Dtest.classes=/home/yansendao/git/ArkTests/build/jt-work-singletest/classes/42/testsuite/java_test/thread_test/RT0159-rt-thread-ThreadGroupallowThreadSuspension \
        -J-Dtest.class.path=/home/yansendao/git/ArkTests/build/jt-work-singletest/classes/42/testsuite/java_test/thread_test/RT0159-rt-thread-ThreadGroupallowThreadSuspension \
        -d /home/yansendao/git/ArkTests/build/jt-work-singletest/classes/42/testsuite/java_test/thread_test/RT0159-rt-thread-ThreadGroupallowThreadSuspension \
        -sourcepath /home/yansendao/git/ArkTests/testsuite/java_test/thread_test/RT0159-rt-thread-ThreadGroupallowThreadSuspension \
        -classpath /home/yansendao/git/ArkTests/testsuite/java_test/thread_test/RT0159-rt-thread-ThreadGroupallowThreadSuspension:/home/yansendao/git/ArkTests/build/jt-work-singletest/classes/42/testsuite/java_test/thread_test/RT0159-rt-thread-ThreadGroupallowThreadSuspension /home/yansendao/git/ArkTests/testsuite/java_test/thread_test/RT0159-rt-thread-ThreadGroupallowThreadSuspension/ThreadGroupAllowThreadSuspensionTest.java
STDOUT:
STDERR:
/home/yansendao/git/ArkTests/testsuite/java_test/thread_test/RT0159-rt-thread-ThreadGroupallowThreadSuspension/ThreadGroupAllowThreadSuspensionTest.java:21: error: cannot find symbol
        tg.allowThreadSuspension(true);
          ^
  symbol:   method allowThreadSuspension(boolean)
  location: variable tg of type ThreadGroup
/home/yansendao/git/ArkTests/testsuite/java_test/thread_test/RT0159-rt-thread-ThreadGroupallowThreadSuspension/ThreadGroupAllowThreadSuspensionTest.java:31: error: cannot find symbol
        tg.allowThreadSuspension(false);
          ^
  symbol:   method allowThreadSuspension(boolean)
  location: variable tg of type ThreadGroup
2 errors

TEST RESULT: Failed. Compilation failed: Compilation failed
--------------------------------------------------
TEST: testsuite/java_test/thread_test/RT0139-rt-thread-ThreadTest4/ThreadTest.java
TEST RESULT: Passed. Execution successful
--------------------------------------------------
TEST: testsuite/java_test/thread_test/RT0129-rt-thread-ThreadBenchmark1/ThreadBufferChainMain.java
TEST RESULT: Passed. Execution successful
--------------------------------------------------
TEST: testsuite/java_test/thread_test/RT0138-rt-thread-ThreadTest32/ThreadTest.java
TEST RESULT: Passed. Execution successful
--------------------------------------------------
TEST: testsuite/java_test/thread_test/RT0146-rt-thread-ThreadId/ThreadId.java
TEST RESULT: Passed. Execution successful
--------------------------------------------------
TEST: testsuite/java_test/thread_test/RT0122-rt-thread-ThreadTest22/ThreadTest.java
TEST RESULT: Passed. Execution successful
--------------------------------------------------
TEST: testsuite/java_test/thread_test/RT0124-rt-thread-ThreadTest2/ThreadTest.java
TEST RESULT: Passed. Execution successful
--------------------------------------------------
TEST: testsuite/java_test/thread_test/RT0140-rt-thread-MainThreadTest/MainThreadTest.java
TEST RESULT: Passed. Execution successful
--------------------------------------------------
TEST: testsuite/java_test/thread_test/RT0145-rt-thread-MemoryLeak/MemoryLeak.java
TEST RESULT: Passed. Execution successful
--------------------------------------------------
TEST: testsuite/java_test/thread_test/RT0149-rt-thread-ThreadConstructors13/ThreadConstructors13.java
TEST RESULT: Passed. Execution successful
--------------------------------------------------
TEST: testsuite/java_test/thread_test/RT0155-rt-thread-ThreadEHdestroy/ThreadDestroyUnsupportedOperationExceptionTest.java
TEST JDK: /home/yansendao/JDK/binary/openjdk/jdk25u

ACTION: build -- Failed. Compilation failed: Compilation failed
REASON: Named class compiled on demand
TIME:   1.434 seconds
messages:
command: build ThreadDestroyUnsupportedOperationExceptionTest
reason: Named class compiled on demand
started: Mon Oct 27 15:02:19.364 UTC 2025
Test directory:
  compile: ThreadDestroyUnsupportedOperationExceptionTest
finished: Mon Oct 27 15:02:20.798 UTC 2025
elapsed time (seconds): 1.434

ACTION: compile -- Failed. Compilation failed: Compilation failed
REASON: .class file out of date or does not exist
TIME:   1.431 seconds
messages:
command: compile /home/yansendao/git/ArkTests/testsuite/java_test/thread_test/RT0155-rt-thread-ThreadEHdestroy/ThreadDestroyUnsupportedOperationExceptionTest.java
reason: .class file out of date or does not exist
started: Mon Oct 27 15:02:19.367 UTC 2025
Mode: othervm
Process id: 658186
finished: Mon Oct 27 15:02:20.798 UTC 2025
elapsed time (seconds): 1.431
configuration:
javac compilation environment
  source path: /home/yansendao/git/ArkTests/testsuite/java_test/thread_test/RT0155-rt-thread-ThreadEHdestroy
  class path:  /home/yansendao/git/ArkTests/testsuite/java_test/thread_test/RT0155-rt-thread-ThreadEHdestroy
               /home/yansendao/git/ArkTests/build/jt-work-singletest/classes/23/testsuite/java_test/thread_test/RT0155-rt-thread-ThreadEHdestroy

rerun:
cd /home/yansendao/git/ArkTests/build/jt-work-singletest/scratch/39 && \
DBUS_SESSION_BUS_ADDRESS=unix:path=/run/user/998/bus \
DISPLAY=localhost:10.0 \
HOME=/home/yansendao \
JTREG_HOME=/home/yansendao/JDK/tools/jtreg/jtreg-8.1 \
LANG=en_US.UTF-8 \
PATH=/bin:/usr/bin:/usr/sbin \
XDG_DATA_DIRS=/usr/local/share:/usr/share:/var/lib/snapd/desktop \
XDG_RUNTIME_DIR=/run/user/998 \
XDG_SESSION_CLASS=user \
XDG_SESSION_ID=3019 \
XDG_SESSION_TYPE=tty \
    /home/yansendao/JDK/binary/openjdk/jdk25u/bin/javac \
        -J-Dtest.vm.opts= \
        -J-Dtest.tool.vm.opts= \
        -J-Dtest.compiler.opts= \
        -J-Dtest.java.opts= \
        -J-Dtest.jdk=/home/yansendao/JDK/binary/openjdk/jdk25u \
        -J-Dcompile.jdk=/home/yansendao/JDK/binary/openjdk/jdk25u \
        -J-Dtest.timeout.factor=1.0 \
        -J-Dtest.root=/home/yansendao/git/ArkTests \
        -J-Dtest.name=testsuite/java_test/thread_test/RT0155-rt-thread-ThreadEHdestroy/ThreadDestroyUnsupportedOperationExceptionTest.java \
        -J-Dtest.verbose=Verbose[p=BRIEF,f=FULL,e=FULL,t=false,m=false] \
        -J-Dtest.file=/home/yansendao/git/ArkTests/testsuite/java_test/thread_test/RT0155-rt-thread-ThreadEHdestroy/ThreadDestroyUnsupportedOperationExceptionTest.java \
        -J-Dtest.main.class=ThreadDestroyUnsupportedOperationExceptionTest \
        -J-Dtest.src=/home/yansendao/git/ArkTests/testsuite/java_test/thread_test/RT0155-rt-thread-ThreadEHdestroy \
        -J-Dtest.src.path=/home/yansendao/git/ArkTests/testsuite/java_test/thread_test/RT0155-rt-thread-ThreadEHdestroy \
        -J-Dtest.classes=/home/yansendao/git/ArkTests/build/jt-work-singletest/classes/23/testsuite/java_test/thread_test/RT0155-rt-thread-ThreadEHdestroy \
        -J-Dtest.class.path=/home/yansendao/git/ArkTests/build/jt-work-singletest/classes/23/testsuite/java_test/thread_test/RT0155-rt-thread-ThreadEHdestroy \
        -d /home/yansendao/git/ArkTests/build/jt-work-singletest/classes/23/testsuite/java_test/thread_test/RT0155-rt-thread-ThreadEHdestroy \
        -sourcepath /home/yansendao/git/ArkTests/testsuite/java_test/thread_test/RT0155-rt-thread-ThreadEHdestroy \
        -classpath /home/yansendao/git/ArkTests/testsuite/java_test/thread_test/RT0155-rt-thread-ThreadEHdestroy:/home/yansendao/git/ArkTests/build/jt-work-singletest/classes/23/testsuite/java_test/thread_test/RT0155-rt-thread-ThreadEHdestroy /home/yansendao/git/ArkTests/testsuite/java_test/thread_test/RT0155-rt-thread-ThreadEHdestroy/ThreadDestroyUnsupportedOperationExceptionTest.java
STDOUT:
STDERR:
/home/yansendao/git/ArkTests/testsuite/java_test/thread_test/RT0155-rt-thread-ThreadEHdestroy/ThreadDestroyUnsupportedOperationExceptionTest.java:22: error: cannot find symbol
            thread.destroy();
                  ^
  symbol:   method destroy()
  location: variable thread of type ThreadDestroyUnsupportedOperationExceptionTest
1 error

TEST RESULT: Failed. Compilation failed: Compilation failed
--------------------------------------------------
TEST: testsuite/java_test/thread_test/RT0156-rt-thread-Threadenumerate2/Threadenumerate2.java
TEST RESULT: Passed. Execution successful
--------------------------------------------------
TEST: testsuite/java_test/thread_test/RT0151-rt-thread-ThreadConstructors15/ThreadConstructors15.java
TEST RESULT: Passed. Execution successful
--------------------------------------------------
TEST: testsuite/java_test/thread_test/RT0137-rt-thread-ThreadTest12/ThreadTest.java
TEST RESULT: Passed. Execution successful
--------------------------------------------------
TEST: testsuite/java_test/thread_test/RT0162-rt-thread-ThreadLocalEHwithInitial/ThreadLocalEHwithInitial.java
TEST RESULT: Passed. Execution successful
--------------------------------------------------
TEST: testsuite/java_test/thread_test/RT0160-rt-thread-ThreadGroupEHdestroy/ThreadGroupEHdestroy.java
TEST RESULT: Passed. Execution successful
--------------------------------------------------
TEST: testsuite/java_test/thread_test/RT0165-rt-thread-ThreadsetUncaughtExceptionHandler2/ThreadSetUncaughtExceptionHandlerTest.java
TEST RESULT: Passed. Execution successful
--------------------------------------------------
TEST: testsuite/java_test/thread_test/RT0164-rt-thread-ThreadsetDefaultUncaughtExceptionHandler2/ThreadSetDefaultUncaughtExceptionHandlerTest.java
TEST RESULT: Passed. Execution successful
--------------------------------------------------
TEST: testsuite/java_test/thread_test/RT0110-rt-thread-NullStackTrace/NullStackTrace.java
TEST RESULT: Passed. Execution successful
--------------------------------------------------
TEST: testsuite/java_test/thread_test/RT0152-rt-thread-ThreadConstructors16/ThreadConstructors16.java
TEST RESULT: Passed. Execution successful
--------------------------------------------------
TEST: testsuite/java_test/thread_test/RT0150-rt-thread-ThreadConstructors14/ThreadConstructors14.java
TEST RESULT: Passed. Execution successful
--------------------------------------------------
TEST: testsuite/java_test/thread_test/RT0118-rt-thread-ThreadTest19/ThreadTest.java
TEST RESULT: Passed. Execution successful
--------------------------------------------------
TEST: testsuite/java_test/thread_test/RT0153-rt-thread-ThreadConstructors17/ThreadConstructors17.java
TEST RESULT: Passed. Execution successful
--------------------------------------------------
TEST: testsuite/java_test/thread_test/RT0163-rt-thread-ThreadsetContextClassLoader1/ThreadsetContextClassLoader1.java
TEST RESULT: Passed. Execution successful
--------------------------------------------------
TEST: testsuite/java_test/thread_test/RT0157-rt-thread-ThreadgetAllStackTraces/ThreadGetAllStackTracesTest.java
TEST RESULT: Passed. Execution successful
--------------------------------------------------
TEST: testsuite/java_test/thread_test/RT0171-rt-thread-ThreadStatewait11/ThreadStatewait11.java
TEST RESULT: Passed. Execution successful
--------------------------------------------------
TEST: testsuite/java_test/thread_test/RT0168-rt-thread-ThreadStatesleep7/ThreadStatesleep7.java
TEST RESULT: Passed. Execution successful
--------------------------------------------------
TEST: testsuite/java_test/thread_test/RT0161-rt-thread-ThreadholdsLock4/ThreadholdsLock4.java
TEST RESULT: Passed. Execution successful
--------------------------------------------------
TEST: testsuite/java_test/thread_test/RT0158-rt-thread-ThreadgetStackTrace/ThreadgetStackTrace.java
TEST RESULT: Passed. Execution successful
--------------------------------------------------
TEST: testsuite/java_test/thread_test/RT0170-rt-thread-ThreadStatewait10/ThreadStatewait10.java
TEST RESULT: Passed. Execution successful
--------------------------------------------------
TEST: testsuite/java_test/thread_test/RT0169-rt-thread-ThreadStatewait9/ThreadStatewait9.java
TEST RESULT: Passed. Execution successful
--------------------------------------------------
TEST: testsuite/java_test/thread_test/RT0166-rt-thread-ThreadStatejoin16/ThreadStatejoin16.java
TEST RESULT: Passed. Execution successful
--------------------------------------------------
TEST: testsuite/java_test/thread_test/RT0173-rt-thread-ThreadConstructors11/ThreadConstructors11.java
TEST RESULT: Passed. Execution successful
--------------------------------------------------
TEST: testsuite/java_test/thread_test/RT0188-rt-thread-GetStackTraceIterating/GetStackTraceIterating.java
TEST RESULT: Passed. Execution successful
--------------------------------------------------
TEST: testsuite/java_test/thread_test/RT0182-rt-thread-ThreadDMdestory2/ThreadDMdestory2.java
TEST JDK: /home/yansendao/JDK/binary/openjdk/jdk25u

ACTION: build -- Failed. Compilation failed: Compilation failed
REASON: Named class compiled on demand
TIME:   1.534 seconds
messages:
command: build ThreadDMdestory2
reason: Named class compiled on demand
started: Mon Oct 27 15:02:19.823 UTC 2025
Test directory:
  compile: ThreadDMdestory2
finished: Mon Oct 27 15:02:21.357 UTC 2025
elapsed time (seconds): 1.534

ACTION: compile -- Failed. Compilation failed: Compilation failed
REASON: .class file out of date or does not exist
TIME:   1.534 seconds
messages:
command: compile /home/yansendao/git/ArkTests/testsuite/java_test/thread_test/RT0182-rt-thread-ThreadDMdestory2/ThreadDMdestory2.java
reason: .class file out of date or does not exist
started: Mon Oct 27 15:02:19.823 UTC 2025
Mode: othervm
Process id: 662558
finished: Mon Oct 27 15:02:21.357 UTC 2025
elapsed time (seconds): 1.534
configuration:
javac compilation environment
  source path: /home/yansendao/git/ArkTests/testsuite/java_test/thread_test/RT0182-rt-thread-ThreadDMdestory2
  class path:  /home/yansendao/git/ArkTests/testsuite/java_test/thread_test/RT0182-rt-thread-ThreadDMdestory2
               /home/yansendao/git/ArkTests/build/jt-work-singletest/classes/66/testsuite/java_test/thread_test/RT0182-rt-thread-ThreadDMdestory2

rerun:
cd /home/yansendao/git/ArkTests/build/jt-work-singletest/scratch/57 && \
DBUS_SESSION_BUS_ADDRESS=unix:path=/run/user/998/bus \
DISPLAY=localhost:10.0 \
HOME=/home/yansendao \
JTREG_HOME=/home/yansendao/JDK/tools/jtreg/jtreg-8.1 \
LANG=en_US.UTF-8 \
PATH=/bin:/usr/bin:/usr/sbin \
XDG_DATA_DIRS=/usr/local/share:/usr/share:/var/lib/snapd/desktop \
XDG_RUNTIME_DIR=/run/user/998 \
XDG_SESSION_CLASS=user \
XDG_SESSION_ID=3019 \
XDG_SESSION_TYPE=tty \
    /home/yansendao/JDK/binary/openjdk/jdk25u/bin/javac \
        -J-Dtest.vm.opts= \
        -J-Dtest.tool.vm.opts= \
        -J-Dtest.compiler.opts= \
        -J-Dtest.java.opts= \
        -J-Dtest.jdk=/home/yansendao/JDK/binary/openjdk/jdk25u \
        -J-Dcompile.jdk=/home/yansendao/JDK/binary/openjdk/jdk25u \
        -J-Dtest.timeout.factor=1.0 \
        -J-Dtest.root=/home/yansendao/git/ArkTests \
        -J-Dtest.name=testsuite/java_test/thread_test/RT0182-rt-thread-ThreadDMdestory2/ThreadDMdestory2.java \
        -J-Dtest.verbose=Verbose[p=BRIEF,f=FULL,e=FULL,t=false,m=false] \
        -J-Dtest.file=/home/yansendao/git/ArkTests/testsuite/java_test/thread_test/RT0182-rt-thread-ThreadDMdestory2/ThreadDMdestory2.java \
        -J-Dtest.main.class=ThreadDMdestory2 \
        -J-Dtest.src=/home/yansendao/git/ArkTests/testsuite/java_test/thread_test/RT0182-rt-thread-ThreadDMdestory2 \
        -J-Dtest.src.path=/home/yansendao/git/ArkTests/testsuite/java_test/thread_test/RT0182-rt-thread-ThreadDMdestory2 \
        -J-Dtest.classes=/home/yansendao/git/ArkTests/build/jt-work-singletest/classes/66/testsuite/java_test/thread_test/RT0182-rt-thread-ThreadDMdestory2 \
        -J-Dtest.class.path=/home/yansendao/git/ArkTests/build/jt-work-singletest/classes/66/testsuite/java_test/thread_test/RT0182-rt-thread-ThreadDMdestory2 \
        -d /home/yansendao/git/ArkTests/build/jt-work-singletest/classes/66/testsuite/java_test/thread_test/RT0182-rt-thread-ThreadDMdestory2 \
        -sourcepath /home/yansendao/git/ArkTests/testsuite/java_test/thread_test/RT0182-rt-thread-ThreadDMdestory2 \
        -classpath /home/yansendao/git/ArkTests/testsuite/java_test/thread_test/RT0182-rt-thread-ThreadDMdestory2:/home/yansendao/git/ArkTests/build/jt-work-singletest/classes/66/testsuite/java_test/thread_test/RT0182-rt-thread-ThreadDMdestory2 /home/yansendao/git/ArkTests/testsuite/java_test/thread_test/RT0182-rt-thread-ThreadDMdestory2/ThreadDMdestory2.java
STDOUT:
STDERR:
/home/yansendao/git/ArkTests/testsuite/java_test/thread_test/RT0182-rt-thread-ThreadDMdestory2/ThreadDMdestory2.java:25: error: cannot find symbol
            new Thread().destroy();
                        ^
  symbol:   method destroy()
  location: class Thread
/home/yansendao/git/ArkTests/testsuite/java_test/thread_test/RT0182-rt-thread-ThreadDMdestory2/ThreadDMdestory2.java:39: error: cannot find symbol
            thread.destroy();
                  ^
  symbol:   method destroy()
  location: variable thread of type Thread
/home/yansendao/git/ArkTests/testsuite/java_test/thread_test/RT0182-rt-thread-ThreadDMdestory2/ThreadDMdestory2.java:56: error: cannot find symbol
            st.destroy();
              ^
  symbol:   method destroy()
  location: variable st of type SleepingThread
3 errors

TEST RESULT: Failed. Compilation failed: Compilation failed
--------------------------------------------------
TEST: testsuite/java_test/thread_test/RT0174-rt-thread-ThreadConstructors12/ThreadConstructors12.java
TEST RESULT: Passed. Execution successful
--------------------------------------------------
TEST: testsuite/java_test/thread_test/RT0167-rt-thread-ThreadStatejoin17/ThreadStatejoin17.java
TEST RESULT: Passed. Execution successful
--------------------------------------------------
TEST: testsuite/java_test/thread_test/RT0130-rt-thread-ThreadTest20/ThreadTest.java
TEST RESULT: Passed. Execution successful
--------------------------------------------------
TEST: testsuite/java_test/thread_test/RT0183-rt-thread-ThreadGetContextClassLoader/ThreadGetContextClassLoader.java
TEST RESULT: Passed. Execution successful
--------------------------------------------------
TEST: testsuite/java_test/rc_test/RC0453-rc-RP-FinalizerReferenceTest05/FinalizerReferenceTest05.java
TEST RESULT: Passed. Execution successful
--------------------------------------------------
TEST: testsuite/java_test/thread_test/RT0184-rt-thread-DoubleSynchronized/DoubleSynchronized.java
TEST RESULT: Passed. Execution successful
--------------------------------------------------
TEST: testsuite/java_test/unsafe_test/RT0001-rt-unsafe-UnsafegetIntVolatileTest/UnsafegetIntVolatileTest.java
TEST RESULT: Passed. Execution successful
--------------------------------------------------
TEST: testsuite/java_test/thread_test/RT0179-rt-thread-MonitorTestCase6/MonitorTestCase6.java
TEST RESULT: Passed. Execution successful
--------------------------------------------------
TEST: testsuite/java_test/thread_test/RT0172-rt-thread-ThreadStatewait12/ThreadStatewait12.java
TEST RESULT: Passed. Execution successful
--------------------------------------------------
TEST: testsuite/java_test/thread_test/RT0200-rt-thread-TestSynchronized/TestSynchronized.java
TEST RESULT: Passed. Execution successful
--------------------------------------------------
TEST: testsuite/java_test/unsafe_test/RT0004-rt-unsafe-UnsafearrayIndexScaleTest/UnsafearrayIndexScaleTest.java
TEST RESULT: Passed. Execution successful
--------------------------------------------------
TEST: testsuite/java_test/thread_test/RT0147-rt-thread-ThreadTest1/ThreadTest.java
TEST RESULT: Passed. Execution successful
--------------------------------------------------
TEST: testsuite/java_test/unsafe_test/RT0005-rt-unsafe-UnsafecompareAndSwapIntTest/UnsafecompareAndSwapIntTest.java
TEST RESULT: Passed. Execution successful
--------------------------------------------------
TEST: testsuite/java_test/unsafe_test/RT0009-rt-unsafe-UnsafefreeMemoryTest/UnsafefreeMemoryTest.java
TEST RESULT: Passed. Execution successful
--------------------------------------------------
TEST: testsuite/java_test/thread_test/RT0175-rt-thread-MonitorTestCase1/MonitorTestCase1.java
TEST RESULT: Passed. Execution successful
--------------------------------------------------
TEST: testsuite/java_test/thread_test/RT0176-rt-thread-MonitorTestCase2/MonitorTestCase2.java
TEST RESULT: Passed. Execution successful
--------------------------------------------------
TEST: testsuite/java_test/unsafe_test/RT0006-rt-unsafe-UnsafecompareAndSwapLongTest/UnsafecompareAndSwapLongTest.java
TEST RESULT: Passed. Execution successful
--------------------------------------------------
TEST: testsuite/java_test/unsafe_test/RT0011-rt-unsafe-UnsafegetAndAddLongTest/UnsafegetAndAddLongTest.java
TEST RESULT: Passed. Execution successful
--------------------------------------------------
TEST: testsuite/java_test/unsafe_test/RT0012-rt-unsafe-UnsafegetAndSetIntTest/UnsafegetAndSetIntTest.java
TEST RESULT: Passed. Execution successful
--------------------------------------------------
TEST: testsuite/java_test/unsafe_test/RT0010-rt-unsafe-UnsafegetAndAddIntTest/UnsafegetAndAddIntTest.java
TEST RESULT: Passed. Execution successful
--------------------------------------------------
TEST: testsuite/java_test/unsafe_test/RT0008-rt-unsafe-UnsafecopyMemoryTest/UnsafecopyMemoryTest.java
TEST RESULT: Passed. Execution successful
--------------------------------------------------
TEST: testsuite/java_test/thread_test/RT0178-rt-thread-MonitorTestCase5/MonitorTestCase5.java
TEST RESULT: Passed. Execution successful
--------------------------------------------------
TEST: testsuite/java_test/unsafe_test/RT0003-rt-unsafe-UnsafearrayBaseOffsetTest/UnsafearrayBaseOffsetTest.java
TEST RESULT: Passed. Execution successful
--------------------------------------------------
TEST: testsuite/java_test/unsafe_test/RT0013-rt-unsafe-UnsafegetAndSetLongTest/UnsafegetAndSetLongTest.java
TEST RESULT: Passed. Execution successful
--------------------------------------------------
TEST: testsuite/java_test/thread_test/RT0177-rt-thread-MonitorTestCase4/MonitorTestCase4.java
TEST RESULT: Passed. Execution successful
--------------------------------------------------
TEST: testsuite/java_test/unsafe_test/RT0007-rt-unsafe-UnsafecompareAndSwapObjectTest/UnsafecompareAndSwapObjectTest.java
TEST RESULT: Passed. Execution successful
--------------------------------------------------
TEST: testsuite/java_test/unsafe_test/RT0002-rt-unsafe-UnsafeallocateMemoryTest/UnsafeallocateMemoryTest.java
TEST RESULT: Passed. Execution successful
--------------------------------------------------
TEST: testsuite/java_test/thread_test/RT0187-rt-thread-getAllStackTraces-NullStackTrace/NullStackTrace.java
TEST RESULT: Passed. Execution successful
--------------------------------------------------
TEST: testsuite/java_test/thread_test/RT0127-rt-thread-ThreadTest18/ThreadTest.java
TEST RESULT: Passed. Execution successful
--------------------------------------------------
TEST: testsuite/java_test/rc_test/RC0459-rc-GC-TriggerGCTest03/TriggerGCTest03.java
TEST RESULT: Passed. Execution successful
--------------------------------------------------
TEST: testsuite/java_test/thread_test/RT0135-rt-thread-StartOOMTest/StartOOMTest.java
TEST RESULT: Passed. Execution successful
--------------------------------------------------
TEST: testsuite/java_test/unsafe_test/RT0016-rt-unsafe-UnsafegetCharByAddressTest/UnsafegetCharByAddressTest.java
TEST RESULT: Passed. Execution successful
--------------------------------------------------
TEST: testsuite/java_test/thread_test/RT0131-rt-thread-ThreadTest14/ThreadTest.java
TEST RESULT: Passed. Execution successful
--------------------------------------------------
TEST: testsuite/java_test/unsafe_test/RT0018-rt-unsafe-UnsafegetDoubleByAddressTest/UnsafegetDoubleByAddressTest.java
TEST RESULT: Passed. Execution successful
--------------------------------------------------
TEST: testsuite/java_test/rc_test/RC0265-rc-function-ROSAlloc-Alloc_B256x8B/Alloc_B256x8B.java
TEST RESULT: Passed. Execution successful
--------------------------------------------------
TEST: testsuite/java_test/unsafe_test/RT0022-rt-unsafe-UnsafegetIntByAddressTest/UnsafegetIntByAddressTest.java
TEST RESULT: Passed. Execution successful
--------------------------------------------------
TEST: testsuite/java_test/unsafe_test/RT0015-rt-unsafe-UnsafegetBooleanTest/UnsafegetBooleanTest.java
TEST RESULT: Passed. Execution successful
--------------------------------------------------
TEST: testsuite/java_test/unsafe_test/RT0014-rt-unsafe-UnsafegetAndSetObjectTest/UnsafegetAndSetObjectTest.java
TEST RESULT: Passed. Execution successful
--------------------------------------------------
TEST: testsuite/java_test/thread_test/RT0112-rt-thread-TestThreadId/TestThreadId.java
TEST RESULT: Passed. Execution successful
--------------------------------------------------
TEST: testsuite/java_test/unsafe_test/RT0025-rt-unsafe-UnsafegetLongVolatileTest/UnsafegetLongVolatileTest.java
TEST RESULT: Passed. Execution successful
--------------------------------------------------
TEST: testsuite/java_test/unsafe_test/RT0020-rt-unsafe-UnsafegetFloatByAddressTest/UnsafegetFloatByAddressTest.java
TEST RESULT: Passed. Execution successful
--------------------------------------------------
TEST: testsuite/java_test/thread_test/RT0096-rt-thread-ThreadTest23/ThreadTest.java
TEST RESULT: Passed. Execution successful
--------------------------------------------------
TEST: testsuite/java_test/unsafe_test/RT0030-rt-unsafe-UnsafeobjectFieldOffeset/UnsafeobjectFieldOffeset.java
TEST RESULT: Passed. Execution successful
--------------------------------------------------
TEST: testsuite/java_test/unsafe_test/RT0021-rt-unsafe-UnsafegetFloatTest/UnsafegetFloatTest.java
TEST RESULT: Passed. Execution successful
--------------------------------------------------
TEST: testsuite/java_test/unsafe_test/RT0019-rt-unsafe-UnsafegetDoubleTest/UnsafegetDoubleTest.java
TEST RESULT: Passed. Execution successful
--------------------------------------------------
TEST: testsuite/java_test/unsafe_test/RT0028-rt-unsafe-UnsafegetShortByAddressTest/UnsafegetShortByAddressTest.java
TEST RESULT: Passed. Execution successful
--------------------------------------------------
TEST: testsuite/java_test/unsafe_test/RT0023-rt-unsafe-UnsafegetIntTest/UnsafegetIntTest.java
TEST RESULT: Passed. Execution successful
--------------------------------------------------
TEST: testsuite/java_test/unsafe_test/RT0034-rt-unsafe-UnsafeputByteTest/UnsafeputByteTest.java
TEST RESULT: Passed. Execution successful
--------------------------------------------------
TEST: testsuite/java_test/unsafe_test/RT0027-rt-unsafe-UnsafegetObjectVolatileTest/UnsafegetObjectVolatileTest.java
TEST RESULT: Passed. Execution successful
--------------------------------------------------
TEST: testsuite/java_test/unsafe_test/RT0029-rt-unsafe-UnsafegetShortTest/UnsafegetShortTest.java
TEST RESULT: Passed. Execution successful
--------------------------------------------------
TEST: testsuite/java_test/unsafe_test/RT0033-rt-unsafe-UnsafeputByteByAddressTest/UnsafeputByteByAddressTest.java
TEST RESULT: Passed. Execution successful
--------------------------------------------------
TEST: testsuite/java_test/unsafe_test/RT0040-rt-unsafe-UnsafeputLongTest/UnsafeputLongTest.java
TEST RESULT: Passed. Execution successful
--------------------------------------------------
TEST: testsuite/java_test/unsafe_test/RT0017-rt-unsafe-UnsafegetCharTest/UnsafegetCharTest.java
TEST RESULT: Passed. Execution successful
--------------------------------------------------
TEST: testsuite/java_test/unsafe_test/RT0024-rt-unsafe-UnsafegetLongTest/UnsafegetLongTest.java
TEST RESULT: Passed. Execution successful
--------------------------------------------------
TEST: testsuite/java_test/unsafe_test/RT0038-rt-unsafe-UnsafeputIntTest/UnsafeputIntTest.java
TEST RESULT: Passed. Execution successful
--------------------------------------------------
TEST: testsuite/java_test/unsafe_test/RT0026-rt-unsafe-UnsafegetObjectTest/UnsafegetObjectTest.java
TEST RESULT: Passed. Execution successful
--------------------------------------------------
TEST: testsuite/java_test/unsafe_test/RT0032-rt-unsafe-UnsafeputBooleanTest/UnsafeputBooleanTest.java
TEST RESULT: Passed. Execution successful
--------------------------------------------------
TEST: testsuite/java_test/thread_test/RT0180-rt-thread-MonitorTestCase8/MonitorTestCase8.java
TEST RESULT: Passed. Execution successful
--------------------------------------------------
TEST: testsuite/java_test/thread_test/RT0189-rt-thread-GetAllStackTraceIterating/GetAllStackTraceIterating.java
TEST RESULT: Passed. Execution successful
--------------------------------------------------
TEST: testsuite/java_test/unsafe_test/RT0036-rt-unsafe-UnsafeputDoubleTest/UnsafeputDoubleTest.java
TEST RESULT: Passed. Execution successful
--------------------------------------------------
TEST: testsuite/java_test/unsafe_test/RT0042-rt-unsafe-UnsafeputObjectTest/UnsafeputObjectTest.java
TEST RESULT: Passed. Execution successful
--------------------------------------------------
TEST: testsuite/java_test/unsafe_test/RT0035-rt-unsafe-UnsafeputCharTest/UnsafeputCharTest.java
TEST RESULT: Passed. Execution successful
--------------------------------------------------
TEST: testsuite/java_test/unsafe_test/RT0041-rt-unsafe-UnsafeputLongVolatileTest/UnsafeputLongVolatileTest.java
TEST RESULT: Passed. Execution successful
--------------------------------------------------
TEST: testsuite/java_test/unsafe_test/RT0909-rt-unsafe-UnsafegetLongByAddressTest/UnsafegetLongByAddressTest.java
TEST RESULT: Passed. Execution successful
--------------------------------------------------
TEST: testsuite/java_test/unsafe_test/RT0037-rt-unsafe-UnsafeputFloatTest/UnsafeputFloatTest.java
TEST RESULT: Passed. Execution successful
--------------------------------------------------
TEST: testsuite/java_test/unsafe_test/RT0039-rt-unsafe-UnsafeputIntVolatileTest/UnsafeputIntVolatileTest.java
TEST RESULT: Passed. Execution successful
--------------------------------------------------
TEST: testsuite/java_test/unsafe_test/RT0048-rt-unsafe-UnsafesetMemoryTest/UnsafesetMemoryTest.java
TEST RESULT: Passed. Execution successful
--------------------------------------------------
TEST: testsuite/java_test/unsafe_test/RT0043-rt-unsafe-UnsafeputObjectVolatileTest/UnsafeputObjectVolatileTest.java
TEST RESULT: Passed. Execution successful
--------------------------------------------------
TEST: testsuite/java_test/rc_test/RC0344-rc-rp-test_aged_ref/Ref_Processor_Aged_Ref.java
TEST RESULT: Passed. Execution successful
--------------------------------------------------
TEST: testsuite/java_test/unsafe_test/RT0850-rt-unsafe-UnsafegetByteTest/UnsafegetByteTest.java
TEST RESULT: Passed. Execution successful
--------------------------------------------------
TEST: testsuite/java_test/rc_test/RC0347-rc-rp-simulthread/SimulThreadInRef.java
TEST RESULT: Passed. Execution successful
--------------------------------------------------
TEST: testsuite/java_test/unsafe_test/RT0047-rt-unsafe-UnsafeputShortTest/UnsafeputShortTest.java
TEST RESULT: Passed. Execution successful
--------------------------------------------------
TEST: testsuite/java_test/rc_test/RC0449-rc-RP-FinalizerReferenceTest01/FinalizerReferenceTest01.java
TEST RESULT: Passed. Execution successful
--------------------------------------------------
TEST: testsuite/java_test/rc_test/RC0282-rc-function-ROSAlloc-Alloc_Thread2_B256x8B/Alloc_Thread2_B256x8B.java
TEST RESULT: Passed. Execution successful
--------------------------------------------------
TEST: testsuite/java_test/thread_test/RT0144-rt-thread-ThreadTest10/ThreadTest.java
TEST RESULT: Passed. Execution successful
--------------------------------------------------
TEST: testsuite/java_test/thread_test/RT0100-rt-thread-ThreadTest34/ThreadTest.java
TEST RESULT: Passed. Execution successful
--------------------------------------------------
TEST: testsuite/java_test/thread_test/RT0104-rt-thread-ThreadTest38/ThreadTest.java
TEST RESULT: Passed. Execution successful
--------------------------------------------------
TEST: testsuite/java_test/thread_test/RT0106-rt-thread-ThreadTest28/ThreadTest.java
TEST RESULT: Passed. Execution successful
--------------------------------------------------
TEST: testsuite/java_test/thread_test/RT0148-rt-thread-ThreadTest37/ThreadTest.java
TEST RESULT: Passed. Execution successful
--------------------------------------------------
TEST: testsuite/java_test/thread_test/RT0105-rt-thread-ThreadTest30/ThreadTest.java
TEST RESULT: Passed. Execution successful
--------------------------------------------------
TEST: testsuite/java_test/thread_test/RT0136-rt-thread-ThreadTest29/ThreadTest.java
TEST RESULT: Passed. Execution successful
--------------------------------------------------
TEST: testsuite/java_test/unsafe_test/issue-RT0935-rt-unsafe-UnsafeunparkTest/UnsafeunparkTest.java
TEST RESULT: Passed. Execution successful
--------------------------------------------------
TEST: testsuite/java_test/unsafe_test/RT0045-rt-unsafe-UnsafeputOrderedLongTest/UnsafeputOrderedLongTest.java
TEST RESULT: Passed. Execution successful
--------------------------------------------------
TEST: testsuite/java_test/unsafe_test/RT0044-rt-unsafe-UnsafeputOrderedIntTest/UnsafeputOrderedIntTest.java
TEST RESULT: Passed. Execution successful
--------------------------------------------------
TEST: testsuite/java_test/unsafe_test/RT0046-rt-unsafe-UnsafeputOrderedObjectTest/UnsafeputOrderedObjectTest.java
TEST RESULT: Passed. Execution successful
--------------------------------------------------

[1]+  Stopped                 jtreg ${jtregNativeArgs} -e:ASAN_OPTIONS,LSAN_OPTIONS,UBSAN_OPTIONS,LD_LIBRARY_PATH,ASAN_SYMBOLIZER_PATH -J-Djavatest.maxOutputSize=999999999 -w build/jt-work-singletest -nr ${jtregVerboseOptions} $@

real	1m23.106s
user	0m0.000s
sys	0m0.001s
TEST: testsuite/java_test/thread_test/issue-RT0475-rt-Thread-GenerifyStackTraces/GenerifyStackTraces.java
TEST RESULT: Passed. Execution successful
--------------------------------------------------
TEST: testsuite/java_test/rc_test/issue-RC0460-rc-GC-TriggerGCTest04_Phone/TriggerGCTest04.java
TEST RESULT: Passed. Execution successful
--------------------------------------------------
TEST: testsuite/java_test/rc_test/issue-RC0461-rc-GC-TriggerGCTest05_Phone/TriggerGCTest05.java
TEST RESULT: Passed. Execution successful
--------------------------------------------------
TEST: testsuite/java_test/thread_test/issue-RT0463-rt-Thread-ThreadPerf1/ThreadPerf.java
TEST RESULT: Passed. Execution successful
--------------------------------------------------
TEST: testsuite/java_test/thread_test/RT0185-rt-thread-GenerifyStackTraces2/GenerifyStackTraces.java
TEST RESULT: Passed. Execution successful
--------------------------------------------------
TEST: testsuite/java_test/thread_test/issue-RT0467-rt-Thread-JGFForkJoinBench/JGFForkJoinBench.java
TEST RESULT: Passed. Execution successful
--------------------------------------------------
TEST: testsuite/java_test/thread_test/RT0186-rt-thread-GenerifyAllStackTraces/GenerifyAllStackTraces.java
TEST RESULT: Passed. Execution successful
--------------------------------------------------
TEST: testsuite/java_test/string_test/issue-0000-rt-String-StringPoolMultiThread/StringPoolMultiThread.java
TEST RESULT: Passed. Execution successful
--------------------------------------------------
TEST: testsuite/java_test/thread_test/issue-0000-rt-Thread-ThreadOutofmemory/ThreadOutOfMemoryTest.java
TEST RESULT: Passed. Execution successful
--------------------------------------------------
TEST: testsuite/java_test/rc_test/RC0342-rc-rp-weak_ref_boundary/Ref_Processor_Weak_Ref_Boundary.java
TEST RESULT: Passed. Execution successful
--------------------------------------------------
TEST: testsuite/java_test/thread_test/issue-0000-rt-Thread-Threadperformance3/ThreadPerformance3Test.java
TEST RESULT: Passed. Execution successful
--------------------------------------------------
TEST: testsuite/java_test/thread_test/issue-RT0392-rt-Thread-Threadperformance1/ThreadPerformance1Test.java
TEST RESULT: Passed. Execution successful
--------------------------------------------------
TEST: testsuite/java_test/thread_test/issue-0000-rt-Thread-Threadperformance/ThreadPerformanceTest.java
TEST RESULT: Passed. Execution successful
--------------------------------------------------
TEST: test/testsuite/ouroboros/thread_test/issue-0000-rt-Thread-ThreadOutofmemory/ThreadOutOfMemoryTest.java
TEST JDK: /home/yansendao/JDK/binary/openjdk/jdk25u

ACTION: build -- Passed. Build successful
REASON: Named class compiled on demand
TIME:   1.693 seconds
messages:
command: build ThreadOutOfMemoryTest
reason: Named class compiled on demand
started: Mon Oct 27 15:01:33.477 UTC 2025
Test directory:
  compile: ThreadOutOfMemoryTest
finished: Mon Oct 27 15:01:35.170 UTC 2025
elapsed time (seconds): 1.693

ACTION: compile -- Passed. Compilation successful
REASON: .class file out of date or does not exist
TIME:   1.693 seconds
messages:
command: compile /home/yansendao/git/ArkTests/test/testsuite/ouroboros/thread_test/issue-0000-rt-Thread-ThreadOutofmemory/ThreadOutOfMemoryTest.java
reason: .class file out of date or does not exist
started: Mon Oct 27 15:01:33.477 UTC 2025
Mode: othervm
Process id: 475623
finished: Mon Oct 27 15:01:35.170 UTC 2025
elapsed time (seconds): 1.693
configuration:
javac compilation environment
  source path: /home/yansendao/git/ArkTests/test/testsuite/ouroboros/thread_test/issue-0000-rt-Thread-ThreadOutofmemory
  class path:  /home/yansendao/git/ArkTests/test/testsuite/ouroboros/thread_test/issue-0000-rt-Thread-ThreadOutofmemory
               /home/yansendao/git/ArkTests/build/jt-work-singletest/classes/43/test/testsuite/ouroboros/thread_test/issue-0000-rt-Thread-ThreadOutofmemory

rerun:
cd /home/yansendao/git/ArkTests/build/jt-work-singletest/scratch/74 && \
DBUS_SESSION_BUS_ADDRESS=unix:path=/run/user/998/bus \
DISPLAY=localhost:10.0 \
HOME=/home/yansendao \
JTREG_HOME=/home/yansendao/JDK/tools/jtreg/jtreg-8.1 \
LANG=en_US.UTF-8 \
PATH=/bin:/usr/bin:/usr/sbin \
XDG_DATA_DIRS=/usr/local/share:/usr/share:/var/lib/snapd/desktop \
XDG_RUNTIME_DIR=/run/user/998 \
XDG_SESSION_CLASS=user \
XDG_SESSION_ID=3019 \
XDG_SESSION_TYPE=tty \
    /home/yansendao/JDK/binary/openjdk/jdk25u/bin/javac \
        -J-Dtest.vm.opts= \
        -J-Dtest.tool.vm.opts= \
        -J-Dtest.compiler.opts= \
        -J-Dtest.java.opts= \
        -J-Dtest.jdk=/home/yansendao/JDK/binary/openjdk/jdk25u \
        -J-Dcompile.jdk=/home/yansendao/JDK/binary/openjdk/jdk25u \
        -J-Dtest.timeout.factor=1.0 \
        -J-Dtest.root=/home/yansendao/git/ArkTests \
        -J-Dtest.name=test/testsuite/ouroboros/thread_test/issue-0000-rt-Thread-ThreadOutofmemory/ThreadOutOfMemoryTest.java \
        -J-Dtest.verbose=Verbose[p=BRIEF,f=FULL,e=FULL,t=false,m=false] \
        -J-Dtest.file=/home/yansendao/git/ArkTests/test/testsuite/ouroboros/thread_test/issue-0000-rt-Thread-ThreadOutofmemory/ThreadOutOfMemoryTest.java \
        -J-Dtest.main.class=ThreadOutOfMemoryTest \
        -J-Dtest.src=/home/yansendao/git/ArkTests/test/testsuite/ouroboros/thread_test/issue-0000-rt-Thread-ThreadOutofmemory \
        -J-Dtest.src.path=/home/yansendao/git/ArkTests/test/testsuite/ouroboros/thread_test/issue-0000-rt-Thread-ThreadOutofmemory \
        -J-Dtest.classes=/home/yansendao/git/ArkTests/build/jt-work-singletest/classes/43/test/testsuite/ouroboros/thread_test/issue-0000-rt-Thread-ThreadOutofmemory \
        -J-Dtest.class.path=/home/yansendao/git/ArkTests/build/jt-work-singletest/classes/43/test/testsuite/ouroboros/thread_test/issue-0000-rt-Thread-ThreadOutofmemory \
        -d /home/yansendao/git/ArkTests/build/jt-work-singletest/classes/43/test/testsuite/ouroboros/thread_test/issue-0000-rt-Thread-ThreadOutofmemory \
        -sourcepath /home/yansendao/git/ArkTests/test/testsuite/ouroboros/thread_test/issue-0000-rt-Thread-ThreadOutofmemory \
        -classpath /home/yansendao/git/ArkTests/test/testsuite/ouroboros/thread_test/issue-0000-rt-Thread-ThreadOutofmemory:/home/yansendao/git/ArkTests/build/jt-work-singletest/classes/43/test/testsuite/ouroboros/thread_test/issue-0000-rt-Thread-ThreadOutofmemory /home/yansendao/git/ArkTests/test/testsuite/ouroboros/thread_test/issue-0000-rt-Thread-ThreadOutofmemory/ThreadOutOfMemoryTest.java
STDOUT:
STDERR:

ACTION: main -- Failed. Unexpected exit from test [exit code: 0]
REASON: Assumed action based on file name: run main ThreadOutOfMemoryTest 
TIME:   99.001 seconds
messages:
command: main ThreadOutOfMemoryTest
reason: Assumed action based on file name: run main ThreadOutOfMemoryTest 
started: Mon Oct 27 15:01:35.170 UTC 2025
Mode: othervm
Process id: 482471
finished: Mon Oct 27 15:03:14.171 UTC 2025
elapsed time (seconds): 99.001
configuration:
STDOUT:
0
STDERR:
java.lang.OutOfMemoryError: Java heap space
java.lang.OutOfMemoryError: Java heap space
java.lang.OutOfMemoryError: Java heap space
java.lang.OutOfMemoryError: Java heap space
java.lang.OutOfMemoryError: Java heap space
java.lang.OutOfMemoryError: Java heap space
java.lang.OutOfMemoryError: Java heap space
java.lang.OutOfMemoryError: Java heap space
java.lang.OutOfMemoryError: Java heap space
java.lang.OutOfMemoryError: Java heap space
java.lang.OutOfMemoryError: Java heap space
java.lang.OutOfMemoryError: Java heap space
java.lang.OutOfMemoryError: Java heap space
java.lang.OutOfMemoryError: Java heap space
java.lang.OutOfMemoryError: Java heap space
java.lang.OutOfMemoryError: Java heap space
java.lang.OutOfMemoryError: Java heap space
java.lang.OutOfMemoryError: Java heap space
java.lang.OutOfMemoryError: Java heap space
java.lang.OutOfMemoryError: Java heap space
java.lang.OutOfMemoryError: Java heap space
java.lang.OutOfMemoryError: Java heap space
java.lang.OutOfMemoryError: Java heap space
java.lang.OutOfMemoryError: Java heap space
java.lang.OutOfMemoryError: Java heap space
java.lang.OutOfMemoryError: Java heap space
java.lang.OutOfMemoryError: Java heap space
java.lang.OutOfMemoryError: Java heap space
java.lang.OutOfMemoryError: Java heap space
java.lang.OutOfMemoryError: Java heap space
java.lang.OutOfMemoryError: Java heap space
java.lang.OutOfMemoryError: Java heap space
java.lang.OutOfMemoryError: Java heap space
java.lang.OutOfMemoryError: Java heap space
java.lang.OutOfMemoryError: Java heap space
java.lang.OutOfMemoryError: Java heap space
java.lang.OutOfMemoryError: Java heap space
java.lang.OutOfMemoryError: Java heap space
java.lang.OutOfMemoryError: Java heap space
java.lang.OutOfMemoryError: Java heap space
java.lang.OutOfMemoryError: Java heap space
java.lang.OutOfMemoryError: Java heap space
java.lang.OutOfMemoryError: Java heap space
java.lang.OutOfMemoryError: Java heap space
java.lang.OutOfMemoryError: Java heap space
java.lang.OutOfMemoryError: Java heap space
java.lang.OutOfMemoryError: Java heap space
java.lang.OutOfMemoryError: Java heap space
java.lang.OutOfMemoryError: Java heap space
java.lang.OutOfMemoryError: Java heap space
java.lang.OutOfMemoryError: Java heap space
rerun:
cd /home/yansendao/git/ArkTests/build/jt-work-singletest/scratch/74 && \
DBUS_SESSION_BUS_ADDRESS=unix:path=/run/user/998/bus \
DISPLAY=localhost:10.0 \
HOME=/home/yansendao \
JTREG_HOME=/home/yansendao/JDK/tools/jtreg/jtreg-8.1 \
LANG=en_US.UTF-8 \
PATH=/bin:/usr/bin:/usr/sbin \
XDG_DATA_DIRS=/usr/local/share:/usr/share:/var/lib/snapd/desktop \
XDG_RUNTIME_DIR=/run/user/998 \
XDG_SESSION_CLASS=user \
XDG_SESSION_ID=3019 \
XDG_SESSION_TYPE=tty \
CLASSPATH=/home/yansendao/git/ArkTests/build/jt-work-singletest/classes/43/test/testsuite/ouroboros/thread_test/issue-0000-rt-Thread-ThreadOutofmemory:/home/yansendao/git/ArkTests/test/testsuite/ouroboros/thread_test/issue-0000-rt-Thread-ThreadOutofmemory:/home/yansendao/JDK/tools/jtreg/jtreg-8.1/lib/javatest.jar:/home/yansendao/JDK/tools/jtreg/jtreg-8.1/lib/jtreg.jar \
    /home/yansendao/JDK/binary/openjdk/jdk25u/bin/java \
        -Dtest.vm.opts= \
        -Dtest.tool.vm.opts= \
        -Dtest.compiler.opts= \
        -Dtest.java.opts= \
        -Dtest.jdk=/home/yansendao/JDK/binary/openjdk/jdk25u \
        -Dcompile.jdk=/home/yansendao/JDK/binary/openjdk/jdk25u \
        -Dtest.timeout.factor=1.0 \
        -Dtest.root=/home/yansendao/git/ArkTests \
        -Dtest.name=test/testsuite/ouroboros/thread_test/issue-0000-rt-Thread-ThreadOutofmemory/ThreadOutOfMemoryTest.java \
        -Dtest.verbose=Verbose[p=BRIEF,f=FULL,e=FULL,t=false,m=false] \
        -Dtest.file=/home/yansendao/git/ArkTests/test/testsuite/ouroboros/thread_test/issue-0000-rt-Thread-ThreadOutofmemory/ThreadOutOfMemoryTest.java \
        -Dtest.main.class=ThreadOutOfMemoryTest \
        -Dtest.src=/home/yansendao/git/ArkTests/test/testsuite/ouroboros/thread_test/issue-0000-rt-Thread-ThreadOutofmemory \
        -Dtest.src.path=/home/yansendao/git/ArkTests/test/testsuite/ouroboros/thread_test/issue-0000-rt-Thread-ThreadOutofmemory \
        -Dtest.classes=/home/yansendao/git/ArkTests/build/jt-work-singletest/classes/43/test/testsuite/ouroboros/thread_test/issue-0000-rt-Thread-ThreadOutofmemory \
        -Dtest.class.path=/home/yansendao/git/ArkTests/build/jt-work-singletest/classes/43/test/testsuite/ouroboros/thread_test/issue-0000-rt-Thread-ThreadOutofmemory \
        com.sun.javatest.regtest.agent.MainWrapper /home/yansendao/git/ArkTests/build/jt-work-singletest/test/testsuite/ouroboros/thread_test/issue-0000-rt-Thread-ThreadOutofmemory/ThreadOutOfMemoryTest.d/main.0.jta

TEST RESULT: Failed. Unexpected exit from test [exit code: 0]
--------------------------------------------------
Test results: passed: 3,425; failed: 38; error: 6
Results written to /home/yansendao/git/ArkTests/build/jt-work-singletest
Error: Some tests failed or other problems occurred.
